******************************************************************************
             TMS320C2000 Linker PC v15.12.1                    
******************************************************************************
>> Linked Sat Jul 21 23:08:50 2018

OUTPUT FILE NAME:   <SRD_xs.out>
ENTRY POINT SYMBOL: "_c_int00"  address: 0000b339


MEMORY CONFIGURATION

         name            origin    length      used     unused   attr    fill
----------------------  --------  ---------  --------  --------  ----  --------
PAGE 0:
  BEGIN                 00000000   00000002  00000002  00000000  RWIX
  RAMM0                 00000050   000003b0  000001d4  000001dc  RWIX
  RAML0_L5              00008000   00006000  00003968  00002698  RWIX
  FPUTABLES             003fd860   000006a0  00000000  000006a0  RWIX
  IQTABLES              003fdf00   00000b50  00000000  00000b50  RWIX
  IQTABLES2             003fea50   0000008c  00000000  0000008c  RWIX
  IQTABLES3             003feadc   000000aa  00000000  000000aa  RWIX
  BOOTROM               003ff3b0   00000c10  00000000  00000c10  RWIX
  RESET                 003fffc0   00000002  00000000  00000002  RWIX

PAGE 1:
  BOOT_RSVD             00000002   0000004e  00000000  0000004e  RWIX
  RAMM1                 00000400   00000400  00000300  00000100  RWIX
  DEV_EMU               00000880   00000105  00000004  00000101  RWIX
  SYS_PWR_CTL           00000985   00000003  00000003  00000000  RWIX
  FLASH_REGS            00000a80   00000060  00000008  00000058  RWIX
  CSM                   00000ae0   00000020  00000010  00000010  RWIX
  ADC_RESULT            00000b00   00000020  00000010  00000010  RWIX
  CPU_TIMER0            00000c00   00000008  00000008  00000000  RWIX
  CPU_TIMER1            00000c08   00000008  00000008  00000000  RWIX
  CPU_TIMER2            00000c10   00000008  00000008  00000000  RWIX
  PIE_CTRL              00000ce0   00000020  0000001a  00000006  RWIX
  PIE_VECT              00000d00   00000100  00000100  00000000  RWIX
  DMA                   00001000   00000200  000000e0  00000120  RWIX
  CLA1                  00001400   00000080  00000040  00000040  RWIX
  USB0                  00004000   00001000  00000454  00000bac  RWIX
  McBSPA                00005000   00000040  00000024  0000001c  RWIX
  ECANA                 00006000   00000040  00000034  0000000c  RWIX
  ECANA_LAM             00006040   00000040  00000040  00000000  RWIX
  ECANA_MOTS            00006080   00000040  00000040  00000000  RWIX
  ECANA_MOTO            000060c0   00000040  00000040  00000000  RWIX
  ECANA_MBOX            00006100   00000100  00000100  00000000  RWIX
  COMP1                 00006400   00000020  00000014  0000000c  RWIX
  COMP2                 00006420   00000020  00000014  0000000c  RWIX
  COMP3                 00006440   00000020  00000014  0000000c  RWIX
  EPWM1                 00006800   00000040  00000040  00000000  RWIX
  EPWM2                 00006840   00000040  00000040  00000000  RWIX
  EPWM3                 00006880   00000040  00000040  00000000  RWIX
  EPWM4                 000068c0   00000040  00000040  00000000  RWIX
  EPWM5                 00006900   00000040  00000040  00000000  RWIX
  EPWM6                 00006940   00000040  00000040  00000000  RWIX
  EPWM7                 00006980   00000040  00000040  00000000  RWIX
  EPWM8                 000069c0   00000040  00000040  00000000  RWIX
  ECAP1                 00006a00   00000020  00000020  00000000  RWIX
  ECAP2                 00006a20   00000020  00000020  00000000  RWIX
  ECAP3                 00006a40   00000020  00000020  00000000  RWIX
  HRCAP1                00006ac0   00000020  00000020  00000000  RWIX
  HRCAP2                00006ae0   00000020  00000020  00000000  RWIX
  EQEP1                 00006b00   00000040  00000022  0000001e  RWIX
  EQEP2                 00006b40   00000040  00000022  0000001e  RWIX
  HRCAP3                00006c80   00000020  00000020  00000000  RWIX
  HRCAP4                00006ca0   00000020  00000020  00000000  RWIX
  GPIOCTRL              00006f80   00000040  00000040  00000000  RWIX
  GPIODAT               00006fc0   00000020  00000020  00000000  RWIX
  GPIOINT               00006fe0   00000020  00000020  00000000  RWIX
  SYSTEM                00007010   00000030  00000030  00000000  RWIX
  SPIA                  00007040   00000010  00000010  00000000  RWIX
  SCIA                  00007050   00000010  00000010  00000000  RWIX
  NMIINTRUPT            00007060   00000010  00000010  00000000  RWIX
  XINTRUPT              00007070   00000010  00000010  00000000  RWIX
  ADC                   00007100   00000080  00000050  00000030  RWIX
  SPIB                  00007740   00000010  00000010  00000000  RWIX
  SCIB                  00007750   00000010  00000010  00000000  RWIX
  I2CA                  00007900   00000040  00000022  0000001e  RWIX
  RAML6_8               0000e000   00006000  00003f94  0000206c  RWIX
  USB_RAM               00040000   00000800  00000000  00000800  RWIX
  PARTID                003d7e80   00000001  00000001  00000000  RWIX
  CSM_PWL               003f7ff8   00000008  00000008  00000000  RWIX


SECTION ALLOCATION MAP

 output                                  attributes/
section   page    origin      length       input sections
--------  ----  ----------  ----------   ----------------
codestart 
*          0    00000000    00000002     
                  00000000    00000002     F2806x_CodeStartBranch.obj (codestart)

.cinit     0    00000050    000001d0     
                  00000050    0000009c     srd_sensor.obj (.cinit)
                  000000ec    00000082     srd_adapt.obj (.cinit)
                  0000016e    00000031     rts2800_fpu32.lib : lowlev.obj (.cinit)
                  0000019f    0000002a                       : defs.obj (.cinit)
                  000001c9    0000001d     srd_timer.obj (.cinit)
                  000001e6    0000000e     rts2800_fpu32.lib : exit.obj (.cinit)
                  000001f4    0000000c     srd_error.obj (.cinit)
                  00000200    00000008     srd_control.obj (.cinit)
                  00000208    00000005     rts2800_fpu32.lib : _lock.obj (.cinit:__lock)
                  0000020d    00000005                       : _lock.obj (.cinit:__unlock)
                  00000212    00000004                       : errno.obj (.cinit)
                  00000216    00000004                       : fopen.obj (.cinit)
                  0000021a    00000004                       : memory.obj (.cinit)
                  0000021e    00000002     --HOLE-- [fill = 0]

ramfuncs   0    00000220    00000004     
                  00000220    00000004     F2806x_usDelay.obj (ramfuncs)

.text      0    00008000    00003968     
                  00008000    00000bd9     rts2800_fpu32.lib : _printfi.obj (.text)
                  00008bd9    00000653     srd_control.obj (.text)
                  0000922c    0000039b     F2806x_DefaultIsr.obj (.text:retain)
                  000095c7    000002ed     srd_adc.obj (.text)
                  000098b4    00000292     srd_sensor.obj (.text)
                  00009b46    0000027c     rts2800_fpu32.lib : trgdrv.obj (.text)
                  00009dc2    0000023a     F2806x_Adc.obj (.text)
                  00009ffc    00000223     srd_error.obj (.text)
                  0000a21f    0000021b     rts2800_fpu32.lib : lowlev.obj (.text)
                  0000a43a    000001d2                       : memory.obj (.text)
                  0000a60c    0000018c     F2806x_SysCtrl.obj (.text)
                  0000a798    00000107     rts2800_fpu32.lib : ll_div.obj (.text)
                  0000a89f    000000f9                       : fopen.obj (.text)
                  0000a998    000000d8     F2806x_EPwm.obj (.text)
                  0000aa70    000000d5     srd_timer.obj (.text:retain)
                  0000ab45    000000bc     rts2800_fpu32.lib : s_scalbn.obj (.text)
                  0000ac01    000000b4     srd_pwm.obj (.text)
                  0000acb5    000000b0     rts2800_fpu32.lib : fputs.obj (.text)
                  0000ad65    0000009c                       : fd_add.obj (.text)
                  0000ae01    00000001                       : startup.obj (.text)
                  0000ae02    00000094                       : trgmsg.obj (.text)
                  0000ae96    0000008b                       : fd_div.obj (.text)
                  0000af21    00000089                       : setvbuf.obj (.text)
                  0000afaa    00000088                       : fs_div.obj (.text)
                  0000b032    00000083                       : fd_mpy.obj (.text)
                  0000b0b5    0000007c     F2806x_CpuTimers.obj (.text)
                  0000b131    00000074     srd_timer.obj (.text)
                  0000b1a5    00000073     rts2800_fpu32.lib : fflush.obj (.text)
                  0000b218    00000067                       : _io_perm.obj (.text)
                  0000b27f    0000005f                       : fclose.obj (.text)
                  0000b2de    0000005b                       : s_frexp.obj (.text)
                  0000b339    00000056                       : boot.obj (.text)
                  0000b38f    00000053                       : fputc.obj (.text)
                  0000b3e2    00000052                       : _bufread.obj (.text)
                  0000b434    00000050     F2806x_EQep.obj (.text)
                  0000b484    00000050     rts2800_fpu32.lib : fgetc.obj (.text)
                  0000b4d4    00000050     srd_gpio.obj (.text)
                  0000b524    00000046     rts2800_fpu32.lib : cpy_tbl.obj (.text)
                  0000b56a    0000003d                       : fseek.obj (.text)
                  0000b5a7    00000034                       : printf.obj (.text)
                  0000b5db    00000031                       : atoi.obj (.text)
                  0000b60c    00000030     srd_qep.obj (.text)
                  0000b63c    0000002e     rts2800_fpu32.lib : ltoa.obj (.text)
                  0000b66a    0000002a                       : fd_cmp.obj (.text)
                  0000b694    0000002a                       : l_div.obj (.text)
                  0000b6be    00000029                       : exit.obj (.text)
                  0000b6e7    00000028     F2806x_PieCtrl.obj (.text)
                  0000b70f    00000026     F2806x_PieVect.obj (.text)
                  0000b735    00000022     rts2800_fpu32.lib : i_div.obj (.text)
                  0000b757    00000022                       : s_copysign.obj (.text)
                  0000b779    00000021                       : fd_toi.obj (.text)
                  0000b79a    0000001f                       : fd_tol.obj (.text)
                  0000b7b9    0000001e                       : ll_cmp.obj (.text)
                  0000b7d7    0000001e                       : memcpy.obj (.text)
                  0000b7f5    0000001e                       : strncpy.obj (.text)
                  0000b813    0000001d                       : i_tofd.obj (.text)
                  0000b830    0000001c                       : fs_tofd.obj (.text)
                  0000b84c    0000001c                       : l_tofd.obj (.text)
                  0000b868    0000001a                       : cpy_utils.obj (.text)
                  0000b882    00000019                       : args_main.obj (.text)
                  0000b89b    00000018                       : ll_aox.obj (.text)
                  0000b8b3    00000015     F2806x_Gpio.obj (.text)
                  0000b8c8    00000011     main.obj (.text)
                  0000b8d9    00000011     rts2800_fpu32.lib : memchr.obj (.text)
                  0000b8ea    0000000e                       : fd_sub.obj (.text)
                  0000b8f8    0000000d                       : memccpy.obj (.text)
                  0000b905    0000000c                       : memset.obj (.text)
                  0000b911    0000000c                       : strchr.obj (.text)
                  0000b91d    0000000b                       : u_div.obj (.text)
                  0000b928    0000000a                       : strcmp.obj (.text)
                  0000b932    00000009                       : _lock.obj (.text)
                  0000b93b    00000009                       : fd_neg.obj (.text)
                  0000b944    00000008     F2806x_CodeStartBranch.obj (.text)
                  0000b94c    00000008     rts2800_fpu32.lib : strlen.obj (.text)
                  0000b954    00000007     F2806x_DisInt.obj (.text)
                  0000b95b    00000005     rts2800_fpu32.lib : strcpy.obj (.text)
                  0000b960    00000003     F2806x_DBGIER.obj (.text)
                  0000b963    00000003     rts2800_fpu32.lib : remove.obj (.text)
                  0000b966    00000002                       : pre_init.obj (.text)

.pinit     0    00000050    00000000     UNINITIALIZED

.reset     0    003fffc0    00000002     DSECT
                  003fffc0    00000002     rts2800_fpu32.lib : boot.obj (.reset)

.stack     1    00000400    00000300     UNINITIALIZED
                  00000400    00000300     --HOLE--

DevEmuRegsFile 
*          1    00000880    00000004     UNINITIALIZED
                  00000880    00000004     F2806x_GlobalVariableDefs.obj (DevEmuRegsFile)

SysPwrCtrlRegsFile 
*          1    00000985    00000003     UNINITIALIZED
                  00000985    00000003     F2806x_GlobalVariableDefs.obj (SysPwrCtrlRegsFile)

FlashRegsFile 
*          1    00000a80    00000008     UNINITIALIZED
                  00000a80    00000008     F2806x_GlobalVariableDefs.obj (FlashRegsFile)

CsmRegsFile 
*          1    00000ae0    00000010     UNINITIALIZED
                  00000ae0    00000010     F2806x_GlobalVariableDefs.obj (CsmRegsFile)

AdcResultFile 
*          1    00000b00    00000010     UNINITIALIZED
                  00000b00    00000010     F2806x_GlobalVariableDefs.obj (AdcResultFile)

CpuTimer0RegsFile 
*          1    00000c00    00000008     UNINITIALIZED
                  00000c00    00000008     F2806x_GlobalVariableDefs.obj (CpuTimer0RegsFile)

CpuTimer1RegsFile 
*          1    00000c08    00000008     UNINITIALIZED
                  00000c08    00000008     F2806x_GlobalVariableDefs.obj (CpuTimer1RegsFile)

CpuTimer2RegsFile 
*          1    00000c10    00000008     UNINITIALIZED
                  00000c10    00000008     F2806x_GlobalVariableDefs.obj (CpuTimer2RegsFile)

PieCtrlRegsFile 
*          1    00000ce0    0000001a     UNINITIALIZED
                  00000ce0    0000001a     F2806x_GlobalVariableDefs.obj (PieCtrlRegsFile)

PieVectTableFile 
*          1    00000d00    00000100     UNINITIALIZED
                  00000d00    00000100     F2806x_GlobalVariableDefs.obj (PieVectTableFile)

EmuKeyVar 
*          1    00000d00    00000001     UNINITIALIZED
                  00000d00    00000001     F2806x_GlobalVariableDefs.obj (EmuKeyVar)

EmuBModeVar 
*          1    00000d01    00000001     UNINITIALIZED
                  00000d01    00000001     F2806x_GlobalVariableDefs.obj (EmuBModeVar)

FlashCallbackVar 
*          1    00000d02    00000002     UNINITIALIZED
                  00000d02    00000002     F2806x_GlobalVariableDefs.obj (FlashCallbackVar)

FlashScalingVar 
*          1    00000d04    00000002     UNINITIALIZED
                  00000d04    00000002     F2806x_GlobalVariableDefs.obj (FlashScalingVar)

DmaRegsFile 
*          1    00001000    000000e0     UNINITIALIZED
                  00001000    000000e0     F2806x_GlobalVariableDefs.obj (DmaRegsFile)

Cla1RegsFile 
*          1    00001400    00000040     UNINITIALIZED
                  00001400    00000040     F2806x_GlobalVariableDefs.obj (Cla1RegsFile)

Usb0RegsFile 
*          1    00004000    00000454     UNINITIALIZED
                  00004000    00000454     F2806x_GlobalVariableDefs.obj (Usb0RegsFile)

McbspaRegsFile 
*          1    00005000    00000024     UNINITIALIZED
                  00005000    00000024     F2806x_GlobalVariableDefs.obj (McbspaRegsFile)

ECanaRegsFile 
*          1    00006000    00000034     UNINITIALIZED
                  00006000    00000034     F2806x_GlobalVariableDefs.obj (ECanaRegsFile)

ECanaLAMRegsFile 
*          1    00006040    00000040     UNINITIALIZED
                  00006040    00000040     F2806x_GlobalVariableDefs.obj (ECanaLAMRegsFile)

ECanaMOTSRegsFile 
*          1    00006080    00000040     UNINITIALIZED
                  00006080    00000040     F2806x_GlobalVariableDefs.obj (ECanaMOTSRegsFile)

ECanaMOTORegsFile 
*          1    000060c0    00000040     UNINITIALIZED
                  000060c0    00000040     F2806x_GlobalVariableDefs.obj (ECanaMOTORegsFile)

ECanaMboxesFile 
*          1    00006100    00000100     UNINITIALIZED
                  00006100    00000100     F2806x_GlobalVariableDefs.obj (ECanaMboxesFile)

Comp1RegsFile 
*          1    00006400    00000014     UNINITIALIZED
                  00006400    00000014     F2806x_GlobalVariableDefs.obj (Comp1RegsFile)

Comp2RegsFile 
*          1    00006420    00000014     UNINITIALIZED
                  00006420    00000014     F2806x_GlobalVariableDefs.obj (Comp2RegsFile)

Comp3RegsFile 
*          1    00006440    00000014     UNINITIALIZED
                  00006440    00000014     F2806x_GlobalVariableDefs.obj (Comp3RegsFile)

EPwm1RegsFile 
*          1    00006800    00000040     UNINITIALIZED
                  00006800    00000040     F2806x_GlobalVariableDefs.obj (EPwm1RegsFile)

EPwm2RegsFile 
*          1    00006840    00000040     UNINITIALIZED
                  00006840    00000040     F2806x_GlobalVariableDefs.obj (EPwm2RegsFile)

EPwm3RegsFile 
*          1    00006880    00000040     UNINITIALIZED
                  00006880    00000040     F2806x_GlobalVariableDefs.obj (EPwm3RegsFile)

EPwm4RegsFile 
*          1    000068c0    00000040     UNINITIALIZED
                  000068c0    00000040     F2806x_GlobalVariableDefs.obj (EPwm4RegsFile)

EPwm5RegsFile 
*          1    00006900    00000040     UNINITIALIZED
                  00006900    00000040     F2806x_GlobalVariableDefs.obj (EPwm5RegsFile)

EPwm6RegsFile 
*          1    00006940    00000040     UNINITIALIZED
                  00006940    00000040     F2806x_GlobalVariableDefs.obj (EPwm6RegsFile)

EPwm7RegsFile 
*          1    00006980    00000040     UNINITIALIZED
                  00006980    00000040     F2806x_GlobalVariableDefs.obj (EPwm7RegsFile)

EPwm8RegsFile 
*          1    000069c0    00000040     UNINITIALIZED
                  000069c0    00000040     F2806x_GlobalVariableDefs.obj (EPwm8RegsFile)

ECap1RegsFile 
*          1    00006a00    00000020     UNINITIALIZED
                  00006a00    00000020     F2806x_GlobalVariableDefs.obj (ECap1RegsFile)

ECap2RegsFile 
*          1    00006a20    00000020     UNINITIALIZED
                  00006a20    00000020     F2806x_GlobalVariableDefs.obj (ECap2RegsFile)

ECap3RegsFile 
*          1    00006a40    00000020     UNINITIALIZED
                  00006a40    00000020     F2806x_GlobalVariableDefs.obj (ECap3RegsFile)

HRCap1RegsFile 
*          1    00006ac0    00000020     UNINITIALIZED
                  00006ac0    00000020     F2806x_GlobalVariableDefs.obj (HRCap1RegsFile)

HRCap2RegsFile 
*          1    00006ae0    00000020     UNINITIALIZED
                  00006ae0    00000020     F2806x_GlobalVariableDefs.obj (HRCap2RegsFile)

EQep1RegsFile 
*          1    00006b00    00000022     UNINITIALIZED
                  00006b00    00000022     F2806x_GlobalVariableDefs.obj (EQep1RegsFile)

EQep2RegsFile 
*          1    00006b40    00000022     UNINITIALIZED
                  00006b40    00000022     F2806x_GlobalVariableDefs.obj (EQep2RegsFile)

HRCap3RegsFile 
*          1    00006c80    00000020     UNINITIALIZED
                  00006c80    00000020     F2806x_GlobalVariableDefs.obj (HRCap3RegsFile)

HRCap4RegsFile 
*          1    00006ca0    00000020     UNINITIALIZED
                  00006ca0    00000020     F2806x_GlobalVariableDefs.obj (HRCap4RegsFile)

GpioCtrlRegsFile 
*          1    00006f80    00000040     UNINITIALIZED
                  00006f80    00000040     F2806x_GlobalVariableDefs.obj (GpioCtrlRegsFile)

GpioDataRegsFile 
*          1    00006fc0    00000020     UNINITIALIZED
                  00006fc0    00000020     F2806x_GlobalVariableDefs.obj (GpioDataRegsFile)

GpioIntRegsFile 
*          1    00006fe0    00000020     UNINITIALIZED
                  00006fe0    00000020     F2806x_GlobalVariableDefs.obj (GpioIntRegsFile)

SysCtrlRegsFile 
*          1    00007010    00000030     UNINITIALIZED
                  00007010    00000030     F2806x_GlobalVariableDefs.obj (SysCtrlRegsFile)

SpiaRegsFile 
*          1    00007040    00000010     UNINITIALIZED
                  00007040    00000010     F2806x_GlobalVariableDefs.obj (SpiaRegsFile)

SciaRegsFile 
*          1    00007050    00000010     UNINITIALIZED
                  00007050    00000010     F2806x_GlobalVariableDefs.obj (SciaRegsFile)

NmiIntruptRegsFile 
*          1    00007060    00000010     UNINITIALIZED
                  00007060    00000010     F2806x_GlobalVariableDefs.obj (NmiIntruptRegsFile)

XIntruptRegsFile 
*          1    00007070    00000010     UNINITIALIZED
                  00007070    00000010     F2806x_GlobalVariableDefs.obj (XIntruptRegsFile)

AdcRegsFile 
*          1    00007100    00000050     UNINITIALIZED
                  00007100    00000050     F2806x_GlobalVariableDefs.obj (AdcRegsFile)

SpibRegsFile 
*          1    00007740    00000010     UNINITIALIZED
                  00007740    00000010     F2806x_GlobalVariableDefs.obj (SpibRegsFile)

ScibRegsFile 
*          1    00007750    00000010     UNINITIALIZED
                  00007750    00000010     F2806x_GlobalVariableDefs.obj (ScibRegsFile)

I2caRegsFile 
*          1    00007900    00000022     UNINITIALIZED
                  00007900    00000022     F2806x_GlobalVariableDefs.obj (I2caRegsFile)

SampData1 
*          1    0000e000    00001b58     UNINITIALIZED
                  0000e000    00001b58     srd_timer.obj (SampData1)

.esysmem   1    0000fb58    00001000     UNINITIALIZED
                  0000fb58    00000001     rts2800_fpu32.lib : memory.obj (.esysmem)
                  0000fb59    00000fff     --HOLE--

.econst    1    00010b58    00000716     
                  00010b58    000002bf     srd_error.obj (.econst:.string)
                  00010e17    00000001     --HOLE-- [fill = 0]
                  00010e18    000001aa     light_matrix.obj (.econst:.string)
                  00010fc2    00000101     rts2800_fpu32.lib : ctype.obj (.econst:.string:__ctypes_)
                  000110c3    00000001     --HOLE-- [fill = 0]
                  000110c4    00000100     F2806x_PieVect.obj (.econst:_PieVectTableInit)
                  000111c4    00000042     srd_control.obj (.econst:.string)
                  00011206    00000026     rts2800_fpu32.lib : _printfi.obj (.econst:.string)
                  0001122c    0000001c                       : _printfi.obj (.econst)
                  00011248    0000001c                       : s_scalbn.obj (.econst)
                  00011264    00000008                       : s_frexp.obj (.econst)
                  0001126c    00000002                       : fputs.obj (.econst:.string)

SampData2 
*          1    00011280    000003e8     UNINITIALIZED
                  00011280    000003e8     srd_timer.obj (SampData2)

SampData3 
*          1    00011680    000003e8     UNINITIALIZED
                  00011680    000003e8     srd_timer.obj (SampData3)

.ebss      1    00011a68    00000436     UNINITIALIZED
                  00011a68    00000018     F2806x_CpuTimers.obj (.ebss)
                  00011a80    00000160     rts2800_fpu32.lib : defs.obj (.ebss)
                  00011be0    00000008                       : memory.obj (.ebss)
                  00011be8    00000008                       : trgdrv.obj (.ebss)
                  00011bf0    00000006                       : exit.obj (.ebss)
                  00011bf6    00000006     srd_error.obj (.ebss)
                  00011bfc    00000002     rts2800_fpu32.lib : _lock.obj (.ebss:__lock)
                  00011bfe    00000002                       : _lock.obj (.ebss:__unlock)
                  00011c00    00000096     srd_control.obj (.ebss)
                  00011c96    00000006     srd_timer.obj (.ebss)
                  00011c9c    00000001     rts2800_fpu32.lib : errno.obj (.ebss)
                  00011c9d    00000001                       : fopen.obj (.ebss)
                  00011c9e    00000022     --HOLE--
                  00011cc0    0000008c     srd_adapt.obj (.ebss)
                  00011d4c    00000034     --HOLE--
                  00011d80    00000088     rts2800_fpu32.lib : lowlev.obj (.ebss)
                  00011e08    00000038     --HOLE--
                  00011e40    0000005e     srd_sensor.obj (.ebss)

.cio       1    00011ec0    00000120     UNINITIALIZED
                  00011ec0    00000120     rts2800_fpu32.lib : trgmsg.obj (.cio)

PartIdRegsFile 
*          1    003d7e80    00000001     UNINITIALIZED
                  003d7e80    00000001     F2806x_GlobalVariableDefs.obj (PartIdRegsFile)

CsmPwlFile 
*          1    003f7ff8    00000008     UNINITIALIZED
                  003f7ff8    00000008     F2806x_GlobalVariableDefs.obj (CsmPwlFile)

MODULE SUMMARY

       Module                          code    ro data   rw data
       ------                          ----    -------   -------
    .\src\
       F2806x_GlobalVariableDefs.obj   0       0         3550   
       F2806x_DefaultIsr.obj           923     0         0      
       F2806x_Adc.obj                  570     0         0      
       F2806x_SysCtrl.obj              396     0         0      
       F2806x_PieVect.obj              38      0         256    
       F2806x_EPwm.obj                 216     0         0      
       F2806x_CpuTimers.obj            124     0         24     
       F2806x_EQep.obj                 80      0         0      
       F2806x_PieCtrl.obj              40      0         0      
       F2806x_Gpio.obj                 21      0         0      
       F2806x_CodeStartBranch.obj      10      0         0      
       F2806x_DisInt.obj               7       0         0      
       F2806x_usDelay.obj              4       0         0      
       F2806x_DBGIER.obj               3       0         0      
    +--+-------------------------------+-------+---------+---------+
       Total:                          2432    0         3830   
                                                                
    .\user\
       srd_timer.obj                   329     0         9035   
       srd_control.obj                 1619    0         224    
       srd_error.obj                   547     0         721    
       srd_sensor.obj                  658     0         250    
       srd_adc.obj                     749     0         0      
       light_matrix.obj                0       0         426    
       srd_adapt.obj                   0       0         270    
       srd_pwm.obj                     180     0         0      
       srd_gpio.obj                    80      0         0      
       srd_qep.obj                     48      0         0      
       main.obj                        17      0         0      
    +--+-------------------------------+-------+---------+---------+
       Total:                          4227    0         10926  
                                                                
    D:\ti\ccsv6\tools\compiler\ti-cgt-c2000_15.12.1.LTS\lib\rts2800_fpu32.lib
       _printfi.obj                    3033    0         66     
       lowlev.obj                      539     0         185    
       trgdrv.obj                      636     0         8      
       memory.obj                      466     0         12     
       trgmsg.obj                      148     0         288    
       defs.obj                        0       0         394    
       ll_div.obj                      263     0         0      
       ctype.obj                       0       0         257    
       fopen.obj                       249     0         5      
       s_scalbn.obj                    188     0         28     
       fputs.obj                       176     0         2      
       fd_add.obj                      156     0         0      
       fd_div.obj                      139     0         0      
       setvbuf.obj                     137     0         0      
       fs_div.obj                      136     0         0      
       fd_mpy.obj                      131     0         0      
       fflush.obj                      115     0         0      
       _io_perm.obj                    103     0         0      
       s_frexp.obj                     91      0         8      
       fclose.obj                      95      0         0      
       boot.obj                        86      0         0      
       fputc.obj                       83      0         0      
       _bufread.obj                    82      0         0      
       fgetc.obj                       80      0         0      
       cpy_tbl.obj                     70      0         0      
       exit.obj                        41      0         20     
       fseek.obj                       61      0         0      
       printf.obj                      52      0         0      
       atoi.obj                        49      0         0      
       ltoa.obj                        46      0         0      
       fd_cmp.obj                      42      0         0      
       l_div.obj                       42      0         0      
       i_div.obj                       34      0         0      
       s_copysign.obj                  34      0         0      
       fd_toi.obj                      33      0         0      
       fd_tol.obj                      31      0         0      
       ll_cmp.obj                      30      0         0      
       memcpy.obj                      30      0         0      
       strncpy.obj                     30      0         0      
       i_tofd.obj                      29      0         0      
       fs_tofd.obj                     28      0         0      
       l_tofd.obj                      28      0         0      
       cpy_utils.obj                   26      0         0      
       args_main.obj                   25      0         0      
       ll_aox.obj                      24      0         0      
       _lock.obj                       9       0         14     
       memchr.obj                      17      0         0      
       fd_sub.obj                      14      0         0      
       memccpy.obj                     13      0         0      
       memset.obj                      12      0         0      
       strchr.obj                      12      0         0      
       u_div.obj                       11      0         0      
       strcmp.obj                      10      0         0      
       fd_neg.obj                      9       0         0      
       strlen.obj                      8       0         0      
       errno.obj                       0       0         5      
       strcpy.obj                      5       0         0      
       remove.obj                      3       0         0      
       pre_init.obj                    2       0         0      
       startup.obj                     1       0         0      
    +--+-------------------------------+-------+---------+---------+
       Total:                          8043    0         1292   
                                                                
       Heap:                           0       0         4096   
       Stack:                          0       0         768    
    +--+-------------------------------+-------+---------+---------+
       Grand Total:                    14702   0         20912  


GLOBAL DATA SYMBOLS: SORTED BY DATA PAGE

address     data page           name
--------    ----------------    ----
00000400      10 (00000400)     __stack

00000880      22 (00000880)     _DevEmuRegs

00000985      26 (00000980)     _SysPwrCtrlRegs

00000a80      2a (00000a80)     _FlashRegs

00000ae0      2b (00000ac0)     _CsmRegs

00000b00      2c (00000b00)     _AdcResult

00000c00      30 (00000c00)     _CpuTimer0Regs
00000c08      30 (00000c00)     _CpuTimer1Regs
00000c10      30 (00000c00)     _CpuTimer2Regs

00000ce0      33 (00000cc0)     _PieCtrlRegs

00000d00      34 (00000d00)     _EmuKey
00000d00      34 (00000d00)     _PieVectTable
00000d01      34 (00000d00)     _EmuBMode
00000d02      34 (00000d00)     _Flash_CallbackPtr
00000d04      34 (00000d00)     _Flash_CPUScaleFactor

00001000      40 (00001000)     _DmaRegs

00001400      50 (00001400)     _Cla1Regs

00004000     100 (00004000)     _Usb0Regs

00005000     140 (00005000)     _McbspaRegs

00006000     180 (00006000)     _ECanaRegs

00006040     181 (00006040)     _ECanaLAMRegs

00006080     182 (00006080)     _ECanaMOTSRegs

000060c0     183 (000060c0)     _ECanaMOTORegs

00006100     184 (00006100)     _ECanaMboxes

00006400     190 (00006400)     _Comp1Regs
00006420     190 (00006400)     _Comp2Regs

00006440     191 (00006440)     _Comp3Regs

00006800     1a0 (00006800)     _EPwm1Regs

00006840     1a1 (00006840)     _EPwm2Regs

00006880     1a2 (00006880)     _EPwm3Regs

000068c0     1a3 (000068c0)     _EPwm4Regs

00006900     1a4 (00006900)     _EPwm5Regs

00006940     1a5 (00006940)     _EPwm6Regs

00006980     1a6 (00006980)     _EPwm7Regs

000069c0     1a7 (000069c0)     _EPwm8Regs

00006a00     1a8 (00006a00)     _ECap1Regs
00006a20     1a8 (00006a00)     _ECap2Regs

00006a40     1a9 (00006a40)     _ECap3Regs

00006ac0     1ab (00006ac0)     _HRCap1Regs
00006ae0     1ab (00006ac0)     _HRCap2Regs

00006b00     1ac (00006b00)     _EQep1Regs

00006b40     1ad (00006b40)     _EQep2Regs

00006c80     1b2 (00006c80)     _HRCap3Regs
00006ca0     1b2 (00006c80)     _HRCap4Regs

00006f80     1be (00006f80)     _GpioCtrlRegs

00006fc0     1bf (00006fc0)     _GpioDataRegs
00006fe0     1bf (00006fc0)     _GpioIntRegs

00007010     1c0 (00007000)     _SysCtrlRegs

00007040     1c1 (00007040)     _SpiaRegs
00007050     1c1 (00007040)     _SciaRegs
00007060     1c1 (00007040)     _NmiIntruptRegs
00007070     1c1 (00007040)     _XIntruptRegs

00007100     1c4 (00007100)     _AdcRegs

00007740     1dd (00007740)     _SpibRegs
00007750     1dd (00007740)     _ScibRegs

00007900     1e4 (00007900)     _I2caRegs

0000e000     380 (0000e000)     _SampData1

0000fb58     3ed (0000fb40)     __sys_memory

00010fc2     43f (00010fc0)     __ctypes_

000110c4     443 (000110c0)     _PieVectTableInit

00011280     44a (00011280)     _SampData2

00011680     45a (00011680)     _SampData3

00011a68     469 (00011a40)     _CpuTimer1
00011a70     469 (00011a40)     _CpuTimer2
00011a78     469 (00011a40)     _CpuTimer0

00011a80     46a (00011a80)     ___TI_ft_end

00011ac0     46b (00011ac0)     __ftable

00011b40     46d (00011b40)     ___TI_tmpnams

00011bf0     46f (00011bc0)     ___TI_enable_exit_profile_output
00011bf2     46f (00011bc0)     ___TI_cleanup_ptr
00011bf4     46f (00011bc0)     ___TI_dtors_ptr
00011bf6     46f (00011bc0)     _MAX_U
00011bf7     46f (00011bc0)     _MAX_I
00011bf8     46f (00011bc0)     _MAX_SPEED
00011bf9     46f (00011bc0)     _ERROR
00011bfc     46f (00011bc0)     __lock
00011bfe     46f (00011bc0)     __unlock

00011c00     470 (00011c00)     _Enable_AdaptControl
00011c01     470 (00011c00)     _Enable_Identification
00011c02     470 (00011c00)     _LOGIC
00011c06     470 (00011c00)     _alpha
00011c0c     470 (00011c00)     _PWM
00011c16     470 (00011c00)     _SPEED
00011c2a     470 (00011c00)     _TORQUE

00011c40     471 (00011c40)     _TORQUE_AB
00011c56     471 (00011c40)     _TORQUE_CA

00011c80     472 (00011c80)     _TORQUE_BC
00011c9a     472 (00011c80)     _EQEP2_InterruptCount
00011c9c     472 (00011c80)     _errno

00011cf2     473 (00011cc0)     _a1
00011cf4     473 (00011cc0)     _a2
00011cf6     473 (00011cc0)     _f1
00011cf8     473 (00011cc0)     _am2
00011cfa     473 (00011cc0)     _g0
00011cfc     473 (00011cc0)     _g2
00011cfe     473 (00011cc0)     _g1

00011d00     474 (00011d00)     _b1
00011d02     474 (00011d00)     _b0
00011d04     474 (00011d00)     _d1
00011d06     474 (00011d00)     _am1
00011d08     474 (00011d00)     _d2
00011d0a     474 (00011d00)     _u_adapt

00011e40     479 (00011e40)     _SRM_ANGLE
00011e41     479 (00011e40)     _SRM_PHASE
00011e42     479 (00011e40)     _LAST_state
00011e43     479 (00011e40)     _NOW_state
00011e44     479 (00011e40)     _DRV_state
00011e45     479 (00011e40)     _PC_state
00011e46     479 (00011e40)     _PB_state
00011e47     479 (00011e40)     _SRM_SPEED
00011e48     479 (00011e40)     _SRM_Direction
00011e4e     479 (00011e40)     _SRM_FIRST_RUN
00011e4f     479 (00011e40)     _SRM_SPEED_1
00011e52     479 (00011e40)     _DBVD_offset
00011e53     479 (00011e40)     _IV_offset
00011e54     479 (00011e40)     _DBVD_ad
00011e55     479 (00011e40)     _IV_ad
00011e56     479 (00011e40)     _IU_ad
00011e57     479 (00011e40)     _Ref3V_offset
00011e58     479 (00011e40)     _BRV_state
00011e59     479 (00011e40)     _HOT_state
00011e5b     479 (00011e40)     _Ref3V_ad
00011e5c     479 (00011e40)     _IU_offset
00011e5d     479 (00011e40)     _PA_state
00011e5e     479 (00011e40)     _Ref0V_ad
00011e70     479 (00011e40)     _SRM

00011e80     47a (00011e80)     _CURRENT

00011ec0     47b (00011ec0)     __CIOBUF_

003d7e80    f5fa (003d7e80)     _PartIdRegs

003f7ff8    fdff (003f7fc0)     _CsmPwl


GLOBAL SYMBOLS: SORTED ALPHABETICALLY BY Name 

page  address   name                            
----  -------   ----                            
0     00008000  .text                           
0     0000b6be  C$$EXIT                         
0     0000ae55  C$$IO$$                         
0     0000ad65  FD$$ADD                         
0     0000b66a  FD$$CMP                         
0     0000ae96  FD$$DIV                         
0     0000b032  FD$$MPY                         
0     0000b93b  FD$$NEG                         
0     0000b8ea  FD$$SUB                         
0     0000b779  FD$$TOI                         
0     0000b79a  FD$$TOL                         
0     0000afaa  FS$$DIV                         
0     0000b830  FS$$TOFD                        
0     0000b735  I$$DIV                          
0     0000b746  I$$MOD                          
0     0000b813  I$$TOFD                         
0     0000b694  L$$DIV                          
0     0000b6a3  L$$MOD                          
0     0000b84c  L$$TOFD                         
0     0000b89b  LL$$AND                         
0     0000b7b9  LL$$CMP                         
0     0000a798  LL$$DIV                         
0     0000a7d4  LL$$MOD                         
0     0000b8a3  LL$$OR                          
0     0000b8ab  LL$$XOR                         
0     0000b91d  U$$DIV                          
0     0000b922  U$$MOD                          
0     0000b6b1  UL$$DIV                         
0     0000b6b8  UL$$MOD                         
0     0000b7cb  ULL$$CMP                        
0     0000a80e  ULL$$DIV                        
0     0000a83d  ULL$$MOD                        
0     000092ea  _ADCINT1_ISR                    
0     000092f4  _ADCINT2_ISR                    
0     000094fc  _ADCINT3_ISR                    
0     00009506  _ADCINT4_ISR                    
0     00009510  _ADCINT5_ISR                    
0     0000951a  _ADCINT6_ISR                    
0     00009524  _ADCINT7_ISR                    
0     0000952e  _ADCINT8_ISR                    
0     00009312  _ADCINT9_ISR                    
0     00009e36  _AdcChanSelect                  
0     00009eab  _AdcConversion                  
0     00009e0f  _AdcOffsetSelfCal               
1     00007100  _AdcRegs                        
1     00000b00  _AdcResult                      
1     00011e58  _BRV_state                      
0     00009538  _CLA1_INT1_ISR                  
0     00009542  _CLA1_INT2_ISR                  
0     0000954c  _CLA1_INT3_ISR                  
0     00009556  _CLA1_INT4_ISR                  
0     00009560  _CLA1_INT5_ISR                  
0     0000956a  _CLA1_INT6_ISR                  
0     00009574  _CLA1_INT7_ISR                  
0     0000957e  _CLA1_INT8_ISR                  
1     00011e80  _CURRENT                        
1     00001400  _Cla1Regs                       
1     00006400  _Comp1Regs                      
1     00006420  _Comp2Regs                      
1     00006440  _Comp3Regs                      
0     0000b0f6  _ConfigCpuTimer                 
0     00008bd9  _Control_SRD_external_loop      
0     00008c59  _Control_SRD_internal_loop      
1     00011a78  _CpuTimer0                      
1     00000c00  _CpuTimer0Regs                  
1     00011a68  _CpuTimer1                      
1     00000c08  _CpuTimer1Regs                  
1     00011a70  _CpuTimer2                      
1     00000c10  _CpuTimer2Regs                  
1     003f7ff8  _CsmPwl                         
1     00000ae0  _CsmRegs                        
0     0000a711  _CsmUnlock                      
0     00009240  _DATALOG_ISR                    
1     00011e54  _DBVD_ad                        
1     00011e52  _DBVD_offset                    
0     00009470  _DINTCH1_ISR                    
0     0000947a  _DINTCH2_ISR                    
0     00009484  _DINTCH3_ISR                    
0     0000948e  _DINTCH4_ISR                    
0     00009498  _DINTCH5_ISR                    
0     000094a2  _DINTCH6_ISR                    
1     00011e44  _DRV_state                      
0     0000b954  _DSP28x_DisableInt              
0     0000b958  _DSP28x_RestoreInt              
0     00000220  _DSP28x_usDelay                 
1     00000880  _DevEmuRegs                     
0     0000a630  _DisableDog                     
1     00001000  _DmaRegs                        
0     000094e8  _ECAN0INTA_ISR                  
0     000094f2  _ECAN1INTA_ISR                  
0     000093d0  _ECAP1_INT_ISR                  
0     000093da  _ECAP2_INT_ISR                  
0     000093e4  _ECAP3_INT_ISR                  
1     00006040  _ECanaLAMRegs                   
1     000060c0  _ECanaMOTORegs                  
1     00006080  _ECanaMOTSRegs                  
1     00006100  _ECanaMboxes                    
1     00006000  _ECanaRegs                      
1     00006a00  _ECap1Regs                      
1     00006a20  _ECap2Regs                      
1     00006a40  _ECap3Regs                      
0     000095a6  _EMPTY_ISR                      
0     00009254  _EMUINT_ISR                     
0     00009380  _EPWM1_INT_ISR                  
0     00009330  _EPWM1_TZINT_ISR                
0     0000938a  _EPWM2_INT_ISR                  
0     0000933a  _EPWM2_TZINT_ISR                
0     00009394  _EPWM3_INT_ISR                  
0     00009344  _EPWM3_TZINT_ISR                
0     0000939e  _EPWM4_INT_ISR                  
0     0000934e  _EPWM4_TZINT_ISR                
0     000093a8  _EPWM5_INT_ISR                  
0     00009358  _EPWM5_TZINT_ISR                
0     000093b2  _EPWM6_INT_ISR                  
0     00009362  _EPWM6_TZINT_ISR                
0     000093bc  _EPWM7_INT_ISR                  
0     0000936c  _EPWM7_TZINT_ISR                
0     000093c6  _EPWM8_INT_ISR                  
0     00009376  _EPWM8_TZINT_ISR                
1     00006800  _EPwm1Regs                      
1     00006840  _EPwm2Regs                      
1     00006880  _EPwm3Regs                      
1     000068c0  _EPwm4Regs                      
1     00006900  _EPwm5Regs                      
1     00006940  _EPwm6Regs                      
1     00006980  _EPwm7Regs                      
1     000069c0  _EPwm8Regs                      
0     00009402  _EQEP1_INT_ISR                  
0     0000940c  _EQEP2_INT_ISR                  
1     00011c9a  _EQEP2_InterruptCount           
1     00006b00  _EQep1Regs                      
1     00006b40  _EQep2Regs                      
1     00011bf9  _ERROR                          
1     00000d01  _EmuBMode                       
1     00000d00  _EmuKey                         
0     0000b706  _EnableInterrupts               
1     00011c00  _Enable_AdaptControl            
1     00011c01  _Enable_Identification          
0     0000a003  _Error_Checking                 
0     0000a782  _ExtOscSel                      
1     00000a80  _FlashRegs                      
1     00000d04  _Flash_CPUScaleFactor           
1     00000d02  _Flash_CallbackPtr              
0     000096bf  _Get_AD_Offset                  
0     0000992e  _Get_Current                    
0     000099d5  _Get_Hall                       
0     00009a60  _Get_Position                   
0     000098ce  _Get_Sensor                     
0     00009a9f  _Get_Speed                      
0     000098d7  _Get_State                      
1     00006f80  _GpioCtrlRegs                   
1     00006fc0  _GpioDataRegs                   
1     00006fe0  _GpioIntRegs                    
0     00009d8c  _HOSTclock                      
0     00009d63  _HOSTclose                      
0     00009d3b  _HOSTgetenv                     
0     00009cda  _HOSTlseek                      
0     00009c9a  _HOSTopen                       
0     00009c5b  _HOSTread                       
0     00009c1d  _HOSTrename                     
0     00009be7  _HOSTtime                       
0     00009ba2  _HOSTtime64                     
0     00009b7e  _HOSTunlink                     
0     00009b46  _HOSTwrite                      
1     00011e59  _HOT_state                      
0     000093ee  _HRCAP1_INT_ISR                 
0     000093f8  _HRCAP2_INT_ISR                 
0     00009416  _HRCAP3_INT_ISR                 
0     00009420  _HRCAP4_INT_ISR                 
1     00006ac0  _HRCap1Regs                     
1     00006ae0  _HRCap2Regs                     
1     00006c80  _HRCap3Regs                     
1     00006ca0  _HRCap4Regs                     
0     000094ac  _I2CINT1A_ISR                   
0     000094b6  _I2CINT2A_ISR                   
1     00007900  _I2caRegs                       
0     00009114  _IGBT_Control                   
0     00009268  _ILLEGAL_ISR                    
0     0000922c  _INT13_ISR                      
0     00009236  _INT14_ISR                      
1     00011e56  _IU_ad                          
1     00011e5c  _IU_offset                      
1     00011e55  _IV_ad                          
1     00011e53  _IV_offset                      
0     00009dc2  _InitAdc                        
0     00009ded  _InitAdcAio                     
0     0000b0b5  _InitCpuTimers                  
0     0000a998  _InitEPwm                       
0     0000a9aa  _InitEPwm1Gpio                  
0     0000ac28  _InitEPwm1Regs                  
0     0000a9bc  _InitEPwm2Gpio                  
0     0000ac57  _InitEPwm2Regs                  
0     0000a9ce  _InitEPwm3Gpio                  
0     0000ac86  _InitEPwm3Regs                  
0     0000a9e2  _InitEPwm4Gpio                  
0     0000a9f6  _InitEPwm5Gpio                  
0     0000aa08  _InitEPwm6Gpio                  
0     0000aa1a  _InitEPwm7Gpio                  
0     0000aa2c  _InitEPwm8Gpio                  
0     0000a999  _InitEPwmGpio                   
0     0000aa3e  _InitEPwmSyncGpio               
0     0000b434  _InitEQep                       
0     0000b43a  _InitEQep1Gpio                  
0     0000b464  _InitEQep2Gpio                  
0     0000b435  _InitEQepGpio                   
0     0000b8b3  _InitGpio                       
0     0000a6bb  _InitPeripheralClocks           
0     0000b6e7  _InitPieCtrl                    
0     0000b70f  _InitPieVectTable               
0     0000a638  _InitPll                        
0     0000a68d  _InitPll2                       
0     0000a60c  _InitSysCtrl                    
0     0000aa4f  _InitTzGpio                     
0     00008c1e  _Init_SRD                       
0     0000a742  _IntOsc1Sel                     
0     0000a752  _IntOsc2Sel                     
1     00011e42  _LAST_state                     
1     00011c02  _LOGIC                          
0     00008cbd  _LOGIC_Control                  
0     0000959c  _LUF_ISR                        
0     00009592  _LVF_ISR                        
1     00011bf7  _MAX_I                          
1     00011bf8  _MAX_SPEED                      
1     00011bf6  _MAX_U                          
0     0000945c  _MRINTA_ISR                     
0     00009466  _MXINTA_ISR                     
1     00005000  _McbspaRegs                     
0     000096f0  _My_AdcChanSelect               
0     00009765  _My_AdcConversion               
0     000095c7  _My_Init_ADC                    
0     00008c68  _My_Init_Control                
0     0000b131  _My_Init_Cputimer               
0     0000b60c  _My_Init_EQEP                   
0     00009ffc  _My_Init_Error                  
0     0000b4d4  _My_Init_GPIO                   
0     0000ac01  _My_Init_PWM                    
0     000098b4  _My_Init_Sensor                 
0     0000925e  _NMI_ISR                        
1     00011e43  _NOW_state                      
1     00007060  _NmiIntruptRegs                 
1     00011e5d  _PA_state                       
1     00011e46  _PB_state                       
1     00011e45  _PC_state                       
0     000095b3  _PIE_RESERVED                   
1     00011c0c  _PWM                            
1     003d7e80  _PartIdRegs                     
1     00000ce0  _PieCtrlRegs                    
1     00000d00  _PieVectTable                   
1     000110c4  _PieVectTableInit               
0     0000924a  _RTOSINT_ISR                    
1     00011e5e  _Ref0V_ad                       
1     00011e5b  _Ref3V_ad                       
1     00011e57  _Ref3V_offset                   
0     000094c0  _SCIRXINTA_ISR                  
0     000094d4  _SCIRXINTB_ISR                  
0     000094ca  _SCITXINTA_ISR                  
0     000094de  _SCITXINTB_ISR                  
1     00011c16  _SPEED                          
0     00008bde  _SPEED_Control                  
0     00009434  _SPIRXINTA_ISR                  
0     00009448  _SPIRXINTB_ISR                  
0     0000943e  _SPITXINTA_ISR                  
0     00009452  _SPITXINTB_ISR                  
1     00011e70  _SRM                            
1     00011e40  _SRM_ANGLE                      
1     00011e48  _SRM_Direction                  
1     00011e4e  _SRM_FIRST_RUN                  
1     00011e41  _SRM_PHASE                      
1     00011e47  _SRM_SPEED                      
1     00011e4f  _SRM_SPEED_1                    
1     0000e000  _SampData1                      
1     00011280  _SampData2                      
1     00011680  _SampData3                      
0     0000b161  _Sample1                        
0     0000b179  _Sample2                        
0     0000b191  _Sample3                        
0     0000b1a4  _Sample4                        
1     00007050  _SciaRegs                       
1     00007750  _ScibRegs                       
0     0000a626  _ServiceDog                     
0     0000b960  _SetDBGIER                      
1     00007040  _SpiaRegs                       
1     00007740  _SpibRegs                       
1     00007010  _SysCtrlRegs                    
1     00000985  _SysPwrCtrlRegs                 
0     0000931c  _TINT0_ISR                      
1     00011c2a  _TORQUE                         
1     00011c40  _TORQUE_AB                      
1     00011c80  _TORQUE_BC                      
1     00011c56  _TORQUE_CA                      
0     00008d78  _TORQUE_Calculate               
0     00008eb5  _TORQUE_Control                 
0     00008e06  _TORQUE_Distribution            
0     0000942a  _USB0_INT_ISR                   
0     000092cc  _USER10_ISR                     
0     000092d6  _USER11_ISR                     
0     000092e0  _USER12_ISR                     
0     00009272  _USER1_ISR                      
0     0000927c  _USER2_ISR                      
0     00009286  _USER3_ISR                      
0     00009290  _USER4_ISR                      
0     0000929a  _USER5_ISR                      
0     000092a4  _USER6_ISR                      
0     000092ae  _USER7_ISR                      
0     000092b8  _USER8_ISR                      
0     000092c2  _USER9_ISR                      
1     00004000  _Usb0Regs                       
0     00009326  _WAKEINT_ISR                    
0     000092fe  _XINT1_ISR                      
0     00009308  _XINT2_ISR                      
0     00009588  _XINT3_ISR                      
1     00007070  _XIntruptRegs                   
0     0000a766  _XtalOscSel                     
1     00011ec0  __CIOBUF_                       
1     00000700  __STACK_END                     
abs   00000300  __STACK_SIZE                    
abs   00001000  __SYSMEM_SIZE                   
0     0000b3e2  ___TI_buff_read                 
0     0000a917  ___TI_cleanup                   
1     00011bf2  ___TI_cleanup_ptr               
0     0000b27f  ___TI_closefile                 
0     0000b1a5  ___TI_doflush                   
1     00011bf4  ___TI_dtors_ptr                 
1     00011bf0  ___TI_enable_exit_profile_output
1     00011a80  ___TI_ft_end                    
abs   ffffffff  ___TI_pprof_out_hndl            
0     00008ab4  ___TI_printfi                   
abs   ffffffff  ___TI_prof_data_size            
abs   ffffffff  ___TI_prof_data_start           
0     0000b253  ___TI_rd_ok                     
0     0000ae5a  ___TI_readmsg                   
1     00011b40  ___TI_tmpnams                   
0     0000ae02  ___TI_writemsg                  
0     0000b218  ___TI_wrt_ok                    
abs   ffffffff  ___binit__                      
abs   ffffffff  ___c_args__                     
0     00000050  ___cinit__                      
0     0000b968  ___etext__                      
abs   ffffffff  ___pinit__                      
0     00008000  ___text__                       
0     0000b882  __args_main                     
1     00010fc2  __ctypes_                       
1     00011ac0  __ftable                        
1     00011bfc  __lock                          
0     0000b93a  __nop                           
0     0000b936  __register_lock                 
0     0000b932  __register_unlock               
1     00000400  __stack                         
1     0000fb58  __sys_memory                    
0     0000ae01  __system_post_cinit             
0     0000b966  __system_pre_init               
1     00011bfe  __unlock                        
1     00011cf2  _a1                             
1     00011cf4  _a2                             
0     0000b6be  _abort                          
0     0000a3bc  _add_device                     
1     00011c06  _alpha                          
1     00011d06  _am1                            
1     00011cf8  _am2                            
0     0000b5db  _atoi                           
1     00011d02  _b0                             
1     00011d00  _b1                             
0     0000b339  _c_int00                        
0     0000a5f5  _calloc                         
0     0000a5f3  _chkheap                        
0     0000a389  _close                          
0     0000b524  _copy_in                        
0     0000b757  _copysignl                      
0     0000aa70  _cpu_timer0_isr                 
0     0000aab3  _cpu_timer1_isr                 
1     00011d04  _d1                             
1     00011d08  _d2                             
0     0000b868  _ddcopy                         
0     0000b868  _dpcopy                         
0     0000ab04  _eqep2_isr                      
1     00011c9c  _errno                          
0     0000b6c0  _exit                           
1     00011cf6  _f1                             
0     0000b2c3  _fclose                         
0     0000b1d4  _fflush                         
0     0000b484  _fgetc                          
0     0000a952  _fopen                          
0     0000b38f  _fputc                          
0     0000acb5  _fputs                          
0     0000a43a  _free                           
0     0000a5d5  _free_memory                    
0     0000a934  _freopen                        
0     0000b2de  _frexpl                         
0     0000b56a  _fseek                          
1     00011cfa  _g0                             
1     00011cfe  _g1                             
1     00011cfc  _g2                             
0     0000b484  _getc                           
0     0000b4cf  _getchar                        
0     0000ab45  _ldexpl                         
0     0000a371  _lseek                          
0     0000b63c  _ltoa                           
0     0000b8c8  _main                           
0     0000a4a3  _malloc                         
0     0000a5b3  _max_free                       
0     0000b8f8  _memccpy                        
0     0000b8d9  _memchr                         
0     0000b7d7  _memcpy                         
0     0000b905  _memset                         
0     0000a47e  _minit                          
0     0000a300  _open                           
0     0000b868  _pdcopy                         
0     0000b868  _ppcopy                         
0     0000b5ad  _printf                         
0     0000b38f  _putc                           
0     0000b3dd  _putchar                        
0     0000ad52  _puts                           
0     0000a2e7  _read                           
0     0000a501  _realloc                        
0     0000b963  _remove                         
0     0000a2cd  _remove_device                  
0     0000a29f  _rename                         
0     000095bd  _rsvd_ISR                       
0     0000ab45  _scalbnl                        
0     0000af21  _setvbuf                        
0     0000b911  _strchr                         
0     0000b928  _strcmp                         
0     0000b95b  _strcpy                         
0     0000b94c  _strlen                         
0     0000b7f5  _strncpy                        
1     00011d0a  _u_adapt                        
0     0000a286  _unlink                         
0     0000a21f  _write                          
abs   ffffffff  binit                           
0     00000050  cinit                           
0     00000000  code_start                      
0     0000b968  etext                           
abs   ffffffff  pinit                           


GLOBAL SYMBOLS: SORTED BY Symbol Address 

page  address   name                            
----  -------   ----                            
0     00000000  code_start                      
0     00000050  ___cinit__                      
0     00000050  cinit                           
0     00000220  _DSP28x_usDelay                 
0     00008000  .text                           
0     00008000  ___text__                       
0     00008ab4  ___TI_printfi                   
0     00008bd9  _Control_SRD_external_loop      
0     00008bde  _SPEED_Control                  
0     00008c1e  _Init_SRD                       
0     00008c59  _Control_SRD_internal_loop      
0     00008c68  _My_Init_Control                
0     00008cbd  _LOGIC_Control                  
0     00008d78  _TORQUE_Calculate               
0     00008e06  _TORQUE_Distribution            
0     00008eb5  _TORQUE_Control                 
0     00009114  _IGBT_Control                   
0     0000922c  _INT13_ISR                      
0     00009236  _INT14_ISR                      
0     00009240  _DATALOG_ISR                    
0     0000924a  _RTOSINT_ISR                    
0     00009254  _EMUINT_ISR                     
0     0000925e  _NMI_ISR                        
0     00009268  _ILLEGAL_ISR                    
0     00009272  _USER1_ISR                      
0     0000927c  _USER2_ISR                      
0     00009286  _USER3_ISR                      
0     00009290  _USER4_ISR                      
0     0000929a  _USER5_ISR                      
0     000092a4  _USER6_ISR                      
0     000092ae  _USER7_ISR                      
0     000092b8  _USER8_ISR                      
0     000092c2  _USER9_ISR                      
0     000092cc  _USER10_ISR                     
0     000092d6  _USER11_ISR                     
0     000092e0  _USER12_ISR                     
0     000092ea  _ADCINT1_ISR                    
0     000092f4  _ADCINT2_ISR                    
0     000092fe  _XINT1_ISR                      
0     00009308  _XINT2_ISR                      
0     00009312  _ADCINT9_ISR                    
0     0000931c  _TINT0_ISR                      
0     00009326  _WAKEINT_ISR                    
0     00009330  _EPWM1_TZINT_ISR                
0     0000933a  _EPWM2_TZINT_ISR                
0     00009344  _EPWM3_TZINT_ISR                
0     0000934e  _EPWM4_TZINT_ISR                
0     00009358  _EPWM5_TZINT_ISR                
0     00009362  _EPWM6_TZINT_ISR                
0     0000936c  _EPWM7_TZINT_ISR                
0     00009376  _EPWM8_TZINT_ISR                
0     00009380  _EPWM1_INT_ISR                  
0     0000938a  _EPWM2_INT_ISR                  
0     00009394  _EPWM3_INT_ISR                  
0     0000939e  _EPWM4_INT_ISR                  
0     000093a8  _EPWM5_INT_ISR                  
0     000093b2  _EPWM6_INT_ISR                  
0     000093bc  _EPWM7_INT_ISR                  
0     000093c6  _EPWM8_INT_ISR                  
0     000093d0  _ECAP1_INT_ISR                  
0     000093da  _ECAP2_INT_ISR                  
0     000093e4  _ECAP3_INT_ISR                  
0     000093ee  _HRCAP1_INT_ISR                 
0     000093f8  _HRCAP2_INT_ISR                 
0     00009402  _EQEP1_INT_ISR                  
0     0000940c  _EQEP2_INT_ISR                  
0     00009416  _HRCAP3_INT_ISR                 
0     00009420  _HRCAP4_INT_ISR                 
0     0000942a  _USB0_INT_ISR                   
0     00009434  _SPIRXINTA_ISR                  
0     0000943e  _SPITXINTA_ISR                  
0     00009448  _SPIRXINTB_ISR                  
0     00009452  _SPITXINTB_ISR                  
0     0000945c  _MRINTA_ISR                     
0     00009466  _MXINTA_ISR                     
0     00009470  _DINTCH1_ISR                    
0     0000947a  _DINTCH2_ISR                    
0     00009484  _DINTCH3_ISR                    
0     0000948e  _DINTCH4_ISR                    
0     00009498  _DINTCH5_ISR                    
0     000094a2  _DINTCH6_ISR                    
0     000094ac  _I2CINT1A_ISR                   
0     000094b6  _I2CINT2A_ISR                   
0     000094c0  _SCIRXINTA_ISR                  
0     000094ca  _SCITXINTA_ISR                  
0     000094d4  _SCIRXINTB_ISR                  
0     000094de  _SCITXINTB_ISR                  
0     000094e8  _ECAN0INTA_ISR                  
0     000094f2  _ECAN1INTA_ISR                  
0     000094fc  _ADCINT3_ISR                    
0     00009506  _ADCINT4_ISR                    
0     00009510  _ADCINT5_ISR                    
0     0000951a  _ADCINT6_ISR                    
0     00009524  _ADCINT7_ISR                    
0     0000952e  _ADCINT8_ISR                    
0     00009538  _CLA1_INT1_ISR                  
0     00009542  _CLA1_INT2_ISR                  
0     0000954c  _CLA1_INT3_ISR                  
0     00009556  _CLA1_INT4_ISR                  
0     00009560  _CLA1_INT5_ISR                  
0     0000956a  _CLA1_INT6_ISR                  
0     00009574  _CLA1_INT7_ISR                  
0     0000957e  _CLA1_INT8_ISR                  
0     00009588  _XINT3_ISR                      
0     00009592  _LVF_ISR                        
0     0000959c  _LUF_ISR                        
0     000095a6  _EMPTY_ISR                      
0     000095b3  _PIE_RESERVED                   
0     000095bd  _rsvd_ISR                       
0     000095c7  _My_Init_ADC                    
0     000096bf  _Get_AD_Offset                  
0     000096f0  _My_AdcChanSelect               
0     00009765  _My_AdcConversion               
0     000098b4  _My_Init_Sensor                 
0     000098ce  _Get_Sensor                     
0     000098d7  _Get_State                      
0     0000992e  _Get_Current                    
0     000099d5  _Get_Hall                       
0     00009a60  _Get_Position                   
0     00009a9f  _Get_Speed                      
0     00009b46  _HOSTwrite                      
0     00009b7e  _HOSTunlink                     
0     00009ba2  _HOSTtime64                     
0     00009be7  _HOSTtime                       
0     00009c1d  _HOSTrename                     
0     00009c5b  _HOSTread                       
0     00009c9a  _HOSTopen                       
0     00009cda  _HOSTlseek                      
0     00009d3b  _HOSTgetenv                     
0     00009d63  _HOSTclose                      
0     00009d8c  _HOSTclock                      
0     00009dc2  _InitAdc                        
0     00009ded  _InitAdcAio                     
0     00009e0f  _AdcOffsetSelfCal               
0     00009e36  _AdcChanSelect                  
0     00009eab  _AdcConversion                  
0     00009ffc  _My_Init_Error                  
0     0000a003  _Error_Checking                 
0     0000a21f  _write                          
0     0000a286  _unlink                         
0     0000a29f  _rename                         
0     0000a2cd  _remove_device                  
0     0000a2e7  _read                           
0     0000a300  _open                           
0     0000a371  _lseek                          
0     0000a389  _close                          
0     0000a3bc  _add_device                     
0     0000a43a  _free                           
0     0000a47e  _minit                          
0     0000a4a3  _malloc                         
0     0000a501  _realloc                        
0     0000a5b3  _max_free                       
0     0000a5d5  _free_memory                    
0     0000a5f3  _chkheap                        
0     0000a5f5  _calloc                         
0     0000a60c  _InitSysCtrl                    
0     0000a626  _ServiceDog                     
0     0000a630  _DisableDog                     
0     0000a638  _InitPll                        
0     0000a68d  _InitPll2                       
0     0000a6bb  _InitPeripheralClocks           
0     0000a711  _CsmUnlock                      
0     0000a742  _IntOsc1Sel                     
0     0000a752  _IntOsc2Sel                     
0     0000a766  _XtalOscSel                     
0     0000a782  _ExtOscSel                      
0     0000a798  LL$$DIV                         
0     0000a7d4  LL$$MOD                         
0     0000a80e  ULL$$DIV                        
0     0000a83d  ULL$$MOD                        
0     0000a917  ___TI_cleanup                   
0     0000a934  _freopen                        
0     0000a952  _fopen                          
0     0000a998  _InitEPwm                       
0     0000a999  _InitEPwmGpio                   
0     0000a9aa  _InitEPwm1Gpio                  
0     0000a9bc  _InitEPwm2Gpio                  
0     0000a9ce  _InitEPwm3Gpio                  
0     0000a9e2  _InitEPwm4Gpio                  
0     0000a9f6  _InitEPwm5Gpio                  
0     0000aa08  _InitEPwm6Gpio                  
0     0000aa1a  _InitEPwm7Gpio                  
0     0000aa2c  _InitEPwm8Gpio                  
0     0000aa3e  _InitEPwmSyncGpio               
0     0000aa4f  _InitTzGpio                     
0     0000aa70  _cpu_timer0_isr                 
0     0000aab3  _cpu_timer1_isr                 
0     0000ab04  _eqep2_isr                      
0     0000ab45  _ldexpl                         
0     0000ab45  _scalbnl                        
0     0000ac01  _My_Init_PWM                    
0     0000ac28  _InitEPwm1Regs                  
0     0000ac57  _InitEPwm2Regs                  
0     0000ac86  _InitEPwm3Regs                  
0     0000acb5  _fputs                          
0     0000ad52  _puts                           
0     0000ad65  FD$$ADD                         
0     0000ae01  __system_post_cinit             
0     0000ae02  ___TI_writemsg                  
0     0000ae55  C$$IO$$                         
0     0000ae5a  ___TI_readmsg                   
0     0000ae96  FD$$DIV                         
0     0000af21  _setvbuf                        
0     0000afaa  FS$$DIV                         
0     0000b032  FD$$MPY                         
0     0000b0b5  _InitCpuTimers                  
0     0000b0f6  _ConfigCpuTimer                 
0     0000b131  _My_Init_Cputimer               
0     0000b161  _Sample1                        
0     0000b179  _Sample2                        
0     0000b191  _Sample3                        
0     0000b1a4  _Sample4                        
0     0000b1a5  ___TI_doflush                   
0     0000b1d4  _fflush                         
0     0000b218  ___TI_wrt_ok                    
0     0000b253  ___TI_rd_ok                     
0     0000b27f  ___TI_closefile                 
0     0000b2c3  _fclose                         
0     0000b2de  _frexpl                         
0     0000b339  _c_int00                        
0     0000b38f  _fputc                          
0     0000b38f  _putc                           
0     0000b3dd  _putchar                        
0     0000b3e2  ___TI_buff_read                 
0     0000b434  _InitEQep                       
0     0000b435  _InitEQepGpio                   
0     0000b43a  _InitEQep1Gpio                  
0     0000b464  _InitEQep2Gpio                  
0     0000b484  _fgetc                          
0     0000b484  _getc                           
0     0000b4cf  _getchar                        
0     0000b4d4  _My_Init_GPIO                   
0     0000b524  _copy_in                        
0     0000b56a  _fseek                          
0     0000b5ad  _printf                         
0     0000b5db  _atoi                           
0     0000b60c  _My_Init_EQEP                   
0     0000b63c  _ltoa                           
0     0000b66a  FD$$CMP                         
0     0000b694  L$$DIV                          
0     0000b6a3  L$$MOD                          
0     0000b6b1  UL$$DIV                         
0     0000b6b8  UL$$MOD                         
0     0000b6be  C$$EXIT                         
0     0000b6be  _abort                          
0     0000b6c0  _exit                           
0     0000b6e7  _InitPieCtrl                    
0     0000b706  _EnableInterrupts               
0     0000b70f  _InitPieVectTable               
0     0000b735  I$$DIV                          
0     0000b746  I$$MOD                          
0     0000b757  _copysignl                      
0     0000b779  FD$$TOI                         
0     0000b79a  FD$$TOL                         
0     0000b7b9  LL$$CMP                         
0     0000b7cb  ULL$$CMP                        
0     0000b7d7  _memcpy                         
0     0000b7f5  _strncpy                        
0     0000b813  I$$TOFD                         
0     0000b830  FS$$TOFD                        
0     0000b84c  L$$TOFD                         
0     0000b868  _ddcopy                         
0     0000b868  _dpcopy                         
0     0000b868  _pdcopy                         
0     0000b868  _ppcopy                         
0     0000b882  __args_main                     
0     0000b89b  LL$$AND                         
0     0000b8a3  LL$$OR                          
0     0000b8ab  LL$$XOR                         
0     0000b8b3  _InitGpio                       
0     0000b8c8  _main                           
0     0000b8d9  _memchr                         
0     0000b8ea  FD$$SUB                         
0     0000b8f8  _memccpy                        
0     0000b905  _memset                         
0     0000b911  _strchr                         
0     0000b91d  U$$DIV                          
0     0000b922  U$$MOD                          
0     0000b928  _strcmp                         
0     0000b932  __register_unlock               
0     0000b936  __register_lock                 
0     0000b93a  __nop                           
0     0000b93b  FD$$NEG                         
0     0000b94c  _strlen                         
0     0000b954  _DSP28x_DisableInt              
0     0000b958  _DSP28x_RestoreInt              
0     0000b95b  _strcpy                         
0     0000b960  _SetDBGIER                      
0     0000b963  _remove                         
0     0000b966  __system_pre_init               
0     0000b968  ___etext__                      
0     0000b968  etext                           
1     00000400  __stack                         
1     00000700  __STACK_END                     
1     00000880  _DevEmuRegs                     
1     00000985  _SysPwrCtrlRegs                 
1     00000a80  _FlashRegs                      
1     00000ae0  _CsmRegs                        
1     00000b00  _AdcResult                      
1     00000c00  _CpuTimer0Regs                  
1     00000c08  _CpuTimer1Regs                  
1     00000c10  _CpuTimer2Regs                  
1     00000ce0  _PieCtrlRegs                    
1     00000d00  _EmuKey                         
1     00000d00  _PieVectTable                   
1     00000d01  _EmuBMode                       
1     00000d02  _Flash_CallbackPtr              
1     00000d04  _Flash_CPUScaleFactor           
1     00001000  _DmaRegs                        
1     00001400  _Cla1Regs                       
1     00004000  _Usb0Regs                       
1     00005000  _McbspaRegs                     
1     00006000  _ECanaRegs                      
1     00006040  _ECanaLAMRegs                   
1     00006080  _ECanaMOTSRegs                  
1     000060c0  _ECanaMOTORegs                  
1     00006100  _ECanaMboxes                    
1     00006400  _Comp1Regs                      
1     00006420  _Comp2Regs                      
1     00006440  _Comp3Regs                      
1     00006800  _EPwm1Regs                      
1     00006840  _EPwm2Regs                      
1     00006880  _EPwm3Regs                      
1     000068c0  _EPwm4Regs                      
1     00006900  _EPwm5Regs                      
1     00006940  _EPwm6Regs                      
1     00006980  _EPwm7Regs                      
1     000069c0  _EPwm8Regs                      
1     00006a00  _ECap1Regs                      
1     00006a20  _ECap2Regs                      
1     00006a40  _ECap3Regs                      
1     00006ac0  _HRCap1Regs                     
1     00006ae0  _HRCap2Regs                     
1     00006b00  _EQep1Regs                      
1     00006b40  _EQep2Regs                      
1     00006c80  _HRCap3Regs                     
1     00006ca0  _HRCap4Regs                     
1     00006f80  _GpioCtrlRegs                   
1     00006fc0  _GpioDataRegs                   
1     00006fe0  _GpioIntRegs                    
1     00007010  _SysCtrlRegs                    
1     00007040  _SpiaRegs                       
1     00007050  _SciaRegs                       
1     00007060  _NmiIntruptRegs                 
1     00007070  _XIntruptRegs                   
1     00007100  _AdcRegs                        
1     00007740  _SpibRegs                       
1     00007750  _ScibRegs                       
1     00007900  _I2caRegs                       
1     0000e000  _SampData1                      
1     0000fb58  __sys_memory                    
1     00010fc2  __ctypes_                       
1     000110c4  _PieVectTableInit               
1     00011280  _SampData2                      
1     00011680  _SampData3                      
1     00011a68  _CpuTimer1                      
1     00011a70  _CpuTimer2                      
1     00011a78  _CpuTimer0                      
1     00011a80  ___TI_ft_end                    
1     00011ac0  __ftable                        
1     00011b40  ___TI_tmpnams                   
1     00011bf0  ___TI_enable_exit_profile_output
1     00011bf2  ___TI_cleanup_ptr               
1     00011bf4  ___TI_dtors_ptr                 
1     00011bf6  _MAX_U                          
1     00011bf7  _MAX_I                          
1     00011bf8  _MAX_SPEED                      
1     00011bf9  _ERROR                          
1     00011bfc  __lock                          
1     00011bfe  __unlock                        
1     00011c00  _Enable_AdaptControl            
1     00011c01  _Enable_Identification          
1     00011c02  _LOGIC                          
1     00011c06  _alpha                          
1     00011c0c  _PWM                            
1     00011c16  _SPEED                          
1     00011c2a  _TORQUE                         
1     00011c40  _TORQUE_AB                      
1     00011c56  _TORQUE_CA                      
1     00011c80  _TORQUE_BC                      
1     00011c9a  _EQEP2_InterruptCount           
1     00011c9c  _errno                          
1     00011cf2  _a1                             
1     00011cf4  _a2                             
1     00011cf6  _f1                             
1     00011cf8  _am2                            
1     00011cfa  _g0                             
1     00011cfc  _g2                             
1     00011cfe  _g1                             
1     00011d00  _b1                             
1     00011d02  _b0                             
1     00011d04  _d1                             
1     00011d06  _am1                            
1     00011d08  _d2                             
1     00011d0a  _u_adapt                        
1     00011e40  _SRM_ANGLE                      
1     00011e41  _SRM_PHASE                      
1     00011e42  _LAST_state                     
1     00011e43  _NOW_state                      
1     00011e44  _DRV_state                      
1     00011e45  _PC_state                       
1     00011e46  _PB_state                       
1     00011e47  _SRM_SPEED                      
1     00011e48  _SRM_Direction                  
1     00011e4e  _SRM_FIRST_RUN                  
1     00011e4f  _SRM_SPEED_1                    
1     00011e52  _DBVD_offset                    
1     00011e53  _IV_offset                      
1     00011e54  _DBVD_ad                        
1     00011e55  _IV_ad                          
1     00011e56  _IU_ad                          
1     00011e57  _Ref3V_offset                   
1     00011e58  _BRV_state                      
1     00011e59  _HOT_state                      
1     00011e5b  _Ref3V_ad                       
1     00011e5c  _IU_offset                      
1     00011e5d  _PA_state                       
1     00011e5e  _Ref0V_ad                       
1     00011e70  _SRM                            
1     00011e80  _CURRENT                        
1     00011ec0  __CIOBUF_                       
1     003d7e80  _PartIdRegs                     
1     003f7ff8  _CsmPwl                         
abs   00000300  __STACK_SIZE                    
abs   00001000  __SYSMEM_SIZE                   
abs   ffffffff  ___TI_pprof_out_hndl            
abs   ffffffff  ___TI_prof_data_size            
abs   ffffffff  ___TI_prof_data_start           
abs   ffffffff  ___binit__                      
abs   ffffffff  ___c_args__                     
abs   ffffffff  ___pinit__                      
abs   ffffffff  binit                           
abs   ffffffff  pinit                           

[433 symbols]
