******************************************************************************
             TMS320C2000 Linker PC v15.12.1                    
******************************************************************************
>> Linked Tue Jun 26 13:23:16 2018

OUTPUT FILE NAME:   <SRD_xs.out>
ENTRY POINT SYMBOL: "_c_int00"  address: 0000b4da


MEMORY CONFIGURATION

         name            origin    length      used     unused   attr    fill
----------------------  --------  ---------  --------  --------  ----  --------
PAGE 0:
  BEGIN                 00000000   00000002  00000002  00000000  RWIX
  RAMM0                 00000050   000003b0  0000028c  00000124  RWIX
  RAML0_L5              00008000   00006000  00003b22  000024de  RWIX
  FPUTABLES             003fd860   000006a0  00000000  000006a0  RWIX
  IQTABLES              003fdf00   00000b50  00000000  00000b50  RWIX
  IQTABLES2             003fea50   0000008c  00000000  0000008c  RWIX
  IQTABLES3             003feadc   000000aa  00000000  000000aa  RWIX
  BOOTROM               003ff3b0   00000c10  00000000  00000c10  RWIX
  RESET                 003fffc0   00000002  00000000  00000002  RWIX

PAGE 1:
  BOOT_RSVD             00000002   0000004e  00000000  0000004e  RWIX
  RAMM1                 00000400   00000400  00000300  00000100  RWIX
  DEV_EMU               00000880   00000105  00000004  00000101  RWIX
  SYS_PWR_CTL           00000985   00000003  00000003  00000000  RWIX
  FLASH_REGS            00000a80   00000060  00000008  00000058  RWIX
  CSM                   00000ae0   00000020  00000010  00000010  RWIX
  ADC_RESULT            00000b00   00000020  00000010  00000010  RWIX
  CPU_TIMER0            00000c00   00000008  00000008  00000000  RWIX
  CPU_TIMER1            00000c08   00000008  00000008  00000000  RWIX
  CPU_TIMER2            00000c10   00000008  00000008  00000000  RWIX
  PIE_CTRL              00000ce0   00000020  0000001a  00000006  RWIX
  PIE_VECT              00000d00   00000100  00000100  00000000  RWIX
  DMA                   00001000   00000200  000000e0  00000120  RWIX
  CLA1                  00001400   00000080  00000040  00000040  RWIX
  USB0                  00004000   00001000  00000454  00000bac  RWIX
  McBSPA                00005000   00000040  00000024  0000001c  RWIX
  ECANA                 00006000   00000040  00000034  0000000c  RWIX
  ECANA_LAM             00006040   00000040  00000040  00000000  RWIX
  ECANA_MOTS            00006080   00000040  00000040  00000000  RWIX
  ECANA_MOTO            000060c0   00000040  00000040  00000000  RWIX
  ECANA_MBOX            00006100   00000100  00000100  00000000  RWIX
  COMP1                 00006400   00000020  00000014  0000000c  RWIX
  COMP2                 00006420   00000020  00000014  0000000c  RWIX
  COMP3                 00006440   00000020  00000014  0000000c  RWIX
  EPWM1                 00006800   00000040  00000040  00000000  RWIX
  EPWM2                 00006840   00000040  00000040  00000000  RWIX
  EPWM3                 00006880   00000040  00000040  00000000  RWIX
  EPWM4                 000068c0   00000040  00000040  00000000  RWIX
  EPWM5                 00006900   00000040  00000040  00000000  RWIX
  EPWM6                 00006940   00000040  00000040  00000000  RWIX
  EPWM7                 00006980   00000040  00000040  00000000  RWIX
  EPWM8                 000069c0   00000040  00000040  00000000  RWIX
  ECAP1                 00006a00   00000020  00000020  00000000  RWIX
  ECAP2                 00006a20   00000020  00000020  00000000  RWIX
  ECAP3                 00006a40   00000020  00000020  00000000  RWIX
  HRCAP1                00006ac0   00000020  00000020  00000000  RWIX
  HRCAP2                00006ae0   00000020  00000020  00000000  RWIX
  EQEP1                 00006b00   00000040  00000022  0000001e  RWIX
  EQEP2                 00006b40   00000040  00000022  0000001e  RWIX
  HRCAP3                00006c80   00000020  00000020  00000000  RWIX
  HRCAP4                00006ca0   00000020  00000020  00000000  RWIX
  GPIOCTRL              00006f80   00000040  00000040  00000000  RWIX
  GPIODAT               00006fc0   00000020  00000020  00000000  RWIX
  GPIOINT               00006fe0   00000020  00000020  00000000  RWIX
  SYSTEM                00007010   00000030  00000030  00000000  RWIX
  SPIA                  00007040   00000010  00000010  00000000  RWIX
  SCIA                  00007050   00000010  00000010  00000000  RWIX
  NMIINTRUPT            00007060   00000010  00000010  00000000  RWIX
  XINTRUPT              00007070   00000010  00000010  00000000  RWIX
  ADC                   00007100   00000080  00000050  00000030  RWIX
  SPIB                  00007740   00000010  00000010  00000000  RWIX
  SCIB                  00007750   00000010  00000010  00000000  RWIX
  I2CA                  00007900   00000040  00000022  0000001e  RWIX
  RAML6_8               0000e000   00006000  000055de  00000a22  RWIX
  USB_RAM               00040000   00000800  00000000  00000800  RWIX
  PARTID                003d7e80   00000001  00000001  00000000  RWIX
  CSM_PWL               003f7ff8   00000008  00000008  00000000  RWIX


SECTION ALLOCATION MAP

 output                                  attributes/
section   page    origin      length       input sections
--------  ----  ----------  ----------   ----------------
codestart 
*          0    00000000    00000002     
                  00000000    00000002     F2806x_CodeStartBranch.obj (codestart)

.cinit     0    00000050    00000288     
                  00000050    0000016b     srd_control.obj (.cinit)
                  000001bb    00000074     SRM_Sensor.obj (.cinit)
                  0000022f    00000031     rts2800_fpu32.lib : lowlev.obj (.cinit)
                  00000260    0000002a                       : defs.obj (.cinit)
                  0000028a    00000018     srd_timer.obj (.cinit)
                  000002a2    0000000e     rts2800_fpu32.lib : exit.obj (.cinit)
                  000002b0    0000000c     srd_error.obj (.cinit)
                  000002bc    00000005     rts2800_fpu32.lib : _lock.obj (.cinit:__lock)
                  000002c1    00000005                       : _lock.obj (.cinit:__unlock)
                  000002c6    00000004                       : errno.obj (.cinit)
                  000002ca    00000004                       : fopen.obj (.cinit)
                  000002ce    00000004                       : memory.obj (.cinit)
                  000002d2    00000004     srd_qep.obj (.cinit)
                  000002d6    00000002     --HOLE-- [fill = 0]

ramfuncs   0    000002d8    00000004     
                  000002d8    00000004     F2806x_usDelay.obj (ramfuncs)

.text      0    00008000    00003b22     
                  00008000    00000bd9     rts2800_fpu32.lib : _printfi.obj (.text)
                  00008bd9    000008d2     srd_control.obj (.text)
                  000094ab    0000039b     F2806x_DefaultIsr.obj (.text:retain)
                  00009846    000002ed     srd_adc.obj (.text)
                  00009b33    0000029f     SRM_Sensor.obj (.text)
                  00009dd2    0000027c     rts2800_fpu32.lib : trgdrv.obj (.text)
                  0000a04e    0000023a     F2806x_Adc.obj (.text)
                  0000a288    00000222     srd_error.obj (.text)
                  0000a4aa    0000021b     rts2800_fpu32.lib : lowlev.obj (.text)
                  0000a6c5    000001d2                       : memory.obj (.text)
                  0000a897    0000018c     F2806x_SysCtrl.obj (.text)
                  0000aa23    00000107     rts2800_fpu32.lib : ll_div.obj (.text)
                  0000ab2a    000000f9                       : fopen.obj (.text)
                  0000ac23    000000d8     F2806x_EPwm.obj (.text)
                  0000acfb    000000bc     rts2800_fpu32.lib : s_scalbn.obj (.text)
                  0000adb7    000000b4     srd_pwm.obj (.text)
                  0000ae6b    000000b0     rts2800_fpu32.lib : fputs.obj (.text)
                  0000af1b    0000009c                       : fd_add.obj (.text)
                  0000afb7    00000001                       : startup.obj (.text)
                  0000afb8    00000094                       : trgmsg.obj (.text)
                  0000b04c    0000008e     srd_timer.obj (.text)
                  0000b0da    0000008b     rts2800_fpu32.lib : fd_div.obj (.text)
                  0000b165    00000089                       : setvbuf.obj (.text)
                  0000b1ee    00000083                       : fd_mpy.obj (.text)
                  0000b271    0000007c     F2806x_CpuTimers.obj (.text)
                  0000b2ed    00000073     rts2800_fpu32.lib : fflush.obj (.text)
                  0000b360    00000067                       : _io_perm.obj (.text)
                  0000b3c7    0000005f                       : fclose.obj (.text)
                  0000b426    0000005b                       : s_frexp.obj (.text)
                  0000b481    00000059     srd_timer.obj (.text:retain)
                  0000b4da    00000056     rts2800_fpu32.lib : boot.obj (.text)
                  0000b530    00000053                       : fputc.obj (.text)
                  0000b583    00000052                       : _bufread.obj (.text)
                  0000b5d5    00000050     F2806x_EQep.obj (.text)
                  0000b625    00000050     rts2800_fpu32.lib : fgetc.obj (.text)
                  0000b675    00000050     srd_gpio.obj (.text)
                  0000b6c5    00000046     rts2800_fpu32.lib : cpy_tbl.obj (.text)
                  0000b70b    0000003d                       : fseek.obj (.text)
                  0000b748    00000039     srd_qep.obj (.text:retain)
                  0000b781    00000034     rts2800_fpu32.lib : printf.obj (.text)
                  0000b7b5    00000032     srd_qep.obj (.text)
                  0000b7e7    00000031     rts2800_fpu32.lib : atoi.obj (.text)
                  0000b818    0000002e                       : ltoa.obj (.text)
                  0000b846    0000002a                       : fd_cmp.obj (.text)
                  0000b870    0000002a                       : l_div.obj (.text)
                  0000b89a    00000029                       : exit.obj (.text)
                  0000b8c3    00000028     F2806x_PieCtrl.obj (.text)
                  0000b8eb    00000026     F2806x_PieVect.obj (.text)
                  0000b911    00000022     rts2800_fpu32.lib : s_copysign.obj (.text)
                  0000b933    00000021                       : fd_toi.obj (.text)
                  0000b954    0000001f                       : fd_tol.obj (.text)
                  0000b973    0000001e                       : ll_cmp.obj (.text)
                  0000b991    0000001e                       : memcpy.obj (.text)
                  0000b9af    0000001e                       : strncpy.obj (.text)
                  0000b9cd    0000001d                       : i_tofd.obj (.text)
                  0000b9ea    0000001c                       : fs_tofd.obj (.text)
                  0000ba06    0000001c                       : l_tofd.obj (.text)
                  0000ba22    0000001a                       : cpy_utils.obj (.text)
                  0000ba3c    00000019                       : args_main.obj (.text)
                  0000ba55    00000018                       : ll_aox.obj (.text)
                  0000ba6d    00000015     F2806x_Gpio.obj (.text)
                  0000ba82    00000011     main.obj (.text)
                  0000ba93    00000011     rts2800_fpu32.lib : memchr.obj (.text)
                  0000baa4    0000000e                       : fd_sub.obj (.text)
                  0000bab2    0000000d                       : memccpy.obj (.text)
                  0000babf    0000000c                       : memset.obj (.text)
                  0000bacb    0000000c                       : strchr.obj (.text)
                  0000bad7    0000000b                       : u_div.obj (.text)
                  0000bae2    0000000a                       : strcmp.obj (.text)
                  0000baec    00000009                       : _lock.obj (.text)
                  0000baf5    00000009                       : fd_neg.obj (.text)
                  0000bafe    00000008     F2806x_CodeStartBranch.obj (.text)
                  0000bb06    00000008     rts2800_fpu32.lib : strlen.obj (.text)
                  0000bb0e    00000007     F2806x_DisInt.obj (.text)
                  0000bb15    00000005     rts2800_fpu32.lib : strcpy.obj (.text)
                  0000bb1a    00000003     F2806x_DBGIER.obj (.text)
                  0000bb1d    00000003     rts2800_fpu32.lib : remove.obj (.text)
                  0000bb20    00000002                       : pre_init.obj (.text)

.pinit     0    00000050    00000000     UNINITIALIZED

.reset     0    003fffc0    00000002     DSECT
                  003fffc0    00000002     rts2800_fpu32.lib : boot.obj (.reset)

.stack     1    00000400    00000300     UNINITIALIZED
                  00000400    00000300     --HOLE--

DevEmuRegsFile 
*          1    00000880    00000004     UNINITIALIZED
                  00000880    00000004     F2806x_GlobalVariableDefs.obj (DevEmuRegsFile)

SysPwrCtrlRegsFile 
*          1    00000985    00000003     UNINITIALIZED
                  00000985    00000003     F2806x_GlobalVariableDefs.obj (SysPwrCtrlRegsFile)

FlashRegsFile 
*          1    00000a80    00000008     UNINITIALIZED
                  00000a80    00000008     F2806x_GlobalVariableDefs.obj (FlashRegsFile)

CsmRegsFile 
*          1    00000ae0    00000010     UNINITIALIZED
                  00000ae0    00000010     F2806x_GlobalVariableDefs.obj (CsmRegsFile)

AdcResultFile 
*          1    00000b00    00000010     UNINITIALIZED
                  00000b00    00000010     F2806x_GlobalVariableDefs.obj (AdcResultFile)

CpuTimer0RegsFile 
*          1    00000c00    00000008     UNINITIALIZED
                  00000c00    00000008     F2806x_GlobalVariableDefs.obj (CpuTimer0RegsFile)

CpuTimer1RegsFile 
*          1    00000c08    00000008     UNINITIALIZED
                  00000c08    00000008     F2806x_GlobalVariableDefs.obj (CpuTimer1RegsFile)

CpuTimer2RegsFile 
*          1    00000c10    00000008     UNINITIALIZED
                  00000c10    00000008     F2806x_GlobalVariableDefs.obj (CpuTimer2RegsFile)

PieCtrlRegsFile 
*          1    00000ce0    0000001a     UNINITIALIZED
                  00000ce0    0000001a     F2806x_GlobalVariableDefs.obj (PieCtrlRegsFile)

PieVectTableFile 
*          1    00000d00    00000100     UNINITIALIZED
                  00000d00    00000100     F2806x_GlobalVariableDefs.obj (PieVectTableFile)

EmuKeyVar 
*          1    00000d00    00000001     UNINITIALIZED
                  00000d00    00000001     F2806x_GlobalVariableDefs.obj (EmuKeyVar)

EmuBModeVar 
*          1    00000d01    00000001     UNINITIALIZED
                  00000d01    00000001     F2806x_GlobalVariableDefs.obj (EmuBModeVar)

FlashCallbackVar 
*          1    00000d02    00000002     UNINITIALIZED
                  00000d02    00000002     F2806x_GlobalVariableDefs.obj (FlashCallbackVar)

FlashScalingVar 
*          1    00000d04    00000002     UNINITIALIZED
                  00000d04    00000002     F2806x_GlobalVariableDefs.obj (FlashScalingVar)

DmaRegsFile 
*          1    00001000    000000e0     UNINITIALIZED
                  00001000    000000e0     F2806x_GlobalVariableDefs.obj (DmaRegsFile)

Cla1RegsFile 
*          1    00001400    00000040     UNINITIALIZED
                  00001400    00000040     F2806x_GlobalVariableDefs.obj (Cla1RegsFile)

Usb0RegsFile 
*          1    00004000    00000454     UNINITIALIZED
                  00004000    00000454     F2806x_GlobalVariableDefs.obj (Usb0RegsFile)

McbspaRegsFile 
*          1    00005000    00000024     UNINITIALIZED
                  00005000    00000024     F2806x_GlobalVariableDefs.obj (McbspaRegsFile)

ECanaRegsFile 
*          1    00006000    00000034     UNINITIALIZED
                  00006000    00000034     F2806x_GlobalVariableDefs.obj (ECanaRegsFile)

ECanaLAMRegsFile 
*          1    00006040    00000040     UNINITIALIZED
                  00006040    00000040     F2806x_GlobalVariableDefs.obj (ECanaLAMRegsFile)

ECanaMOTSRegsFile 
*          1    00006080    00000040     UNINITIALIZED
                  00006080    00000040     F2806x_GlobalVariableDefs.obj (ECanaMOTSRegsFile)

ECanaMOTORegsFile 
*          1    000060c0    00000040     UNINITIALIZED
                  000060c0    00000040     F2806x_GlobalVariableDefs.obj (ECanaMOTORegsFile)

ECanaMboxesFile 
*          1    00006100    00000100     UNINITIALIZED
                  00006100    00000100     F2806x_GlobalVariableDefs.obj (ECanaMboxesFile)

Comp1RegsFile 
*          1    00006400    00000014     UNINITIALIZED
                  00006400    00000014     F2806x_GlobalVariableDefs.obj (Comp1RegsFile)

Comp2RegsFile 
*          1    00006420    00000014     UNINITIALIZED
                  00006420    00000014     F2806x_GlobalVariableDefs.obj (Comp2RegsFile)

Comp3RegsFile 
*          1    00006440    00000014     UNINITIALIZED
                  00006440    00000014     F2806x_GlobalVariableDefs.obj (Comp3RegsFile)

EPwm1RegsFile 
*          1    00006800    00000040     UNINITIALIZED
                  00006800    00000040     F2806x_GlobalVariableDefs.obj (EPwm1RegsFile)

EPwm2RegsFile 
*          1    00006840    00000040     UNINITIALIZED
                  00006840    00000040     F2806x_GlobalVariableDefs.obj (EPwm2RegsFile)

EPwm3RegsFile 
*          1    00006880    00000040     UNINITIALIZED
                  00006880    00000040     F2806x_GlobalVariableDefs.obj (EPwm3RegsFile)

EPwm4RegsFile 
*          1    000068c0    00000040     UNINITIALIZED
                  000068c0    00000040     F2806x_GlobalVariableDefs.obj (EPwm4RegsFile)

EPwm5RegsFile 
*          1    00006900    00000040     UNINITIALIZED
                  00006900    00000040     F2806x_GlobalVariableDefs.obj (EPwm5RegsFile)

EPwm6RegsFile 
*          1    00006940    00000040     UNINITIALIZED
                  00006940    00000040     F2806x_GlobalVariableDefs.obj (EPwm6RegsFile)

EPwm7RegsFile 
*          1    00006980    00000040     UNINITIALIZED
                  00006980    00000040     F2806x_GlobalVariableDefs.obj (EPwm7RegsFile)

EPwm8RegsFile 
*          1    000069c0    00000040     UNINITIALIZED
                  000069c0    00000040     F2806x_GlobalVariableDefs.obj (EPwm8RegsFile)

ECap1RegsFile 
*          1    00006a00    00000020     UNINITIALIZED
                  00006a00    00000020     F2806x_GlobalVariableDefs.obj (ECap1RegsFile)

ECap2RegsFile 
*          1    00006a20    00000020     UNINITIALIZED
                  00006a20    00000020     F2806x_GlobalVariableDefs.obj (ECap2RegsFile)

ECap3RegsFile 
*          1    00006a40    00000020     UNINITIALIZED
                  00006a40    00000020     F2806x_GlobalVariableDefs.obj (ECap3RegsFile)

HRCap1RegsFile 
*          1    00006ac0    00000020     UNINITIALIZED
                  00006ac0    00000020     F2806x_GlobalVariableDefs.obj (HRCap1RegsFile)

HRCap2RegsFile 
*          1    00006ae0    00000020     UNINITIALIZED
                  00006ae0    00000020     F2806x_GlobalVariableDefs.obj (HRCap2RegsFile)

EQep1RegsFile 
*          1    00006b00    00000022     UNINITIALIZED
                  00006b00    00000022     F2806x_GlobalVariableDefs.obj (EQep1RegsFile)

EQep2RegsFile 
*          1    00006b40    00000022     UNINITIALIZED
                  00006b40    00000022     F2806x_GlobalVariableDefs.obj (EQep2RegsFile)

HRCap3RegsFile 
*          1    00006c80    00000020     UNINITIALIZED
                  00006c80    00000020     F2806x_GlobalVariableDefs.obj (HRCap3RegsFile)

HRCap4RegsFile 
*          1    00006ca0    00000020     UNINITIALIZED
                  00006ca0    00000020     F2806x_GlobalVariableDefs.obj (HRCap4RegsFile)

GpioCtrlRegsFile 
*          1    00006f80    00000040     UNINITIALIZED
                  00006f80    00000040     F2806x_GlobalVariableDefs.obj (GpioCtrlRegsFile)

GpioDataRegsFile 
*          1    00006fc0    00000020     UNINITIALIZED
                  00006fc0    00000020     F2806x_GlobalVariableDefs.obj (GpioDataRegsFile)

GpioIntRegsFile 
*          1    00006fe0    00000020     UNINITIALIZED
                  00006fe0    00000020     F2806x_GlobalVariableDefs.obj (GpioIntRegsFile)

SysCtrlRegsFile 
*          1    00007010    00000030     UNINITIALIZED
                  00007010    00000030     F2806x_GlobalVariableDefs.obj (SysCtrlRegsFile)

SpiaRegsFile 
*          1    00007040    00000010     UNINITIALIZED
                  00007040    00000010     F2806x_GlobalVariableDefs.obj (SpiaRegsFile)

SciaRegsFile 
*          1    00007050    00000010     UNINITIALIZED
                  00007050    00000010     F2806x_GlobalVariableDefs.obj (SciaRegsFile)

NmiIntruptRegsFile 
*          1    00007060    00000010     UNINITIALIZED
                  00007060    00000010     F2806x_GlobalVariableDefs.obj (NmiIntruptRegsFile)

XIntruptRegsFile 
*          1    00007070    00000010     UNINITIALIZED
                  00007070    00000010     F2806x_GlobalVariableDefs.obj (XIntruptRegsFile)

AdcRegsFile 
*          1    00007100    00000050     UNINITIALIZED
                  00007100    00000050     F2806x_GlobalVariableDefs.obj (AdcRegsFile)

SpibRegsFile 
*          1    00007740    00000010     UNINITIALIZED
                  00007740    00000010     F2806x_GlobalVariableDefs.obj (SpibRegsFile)

ScibRegsFile 
*          1    00007750    00000010     UNINITIALIZED
                  00007750    00000010     F2806x_GlobalVariableDefs.obj (ScibRegsFile)

I2caRegsFile 
*          1    00007900    00000022     UNINITIALIZED
                  00007900    00000022     F2806x_GlobalVariableDefs.obj (I2caRegsFile)

SampData1 
*          1    0000e000    00001770     UNINITIALIZED
                  0000e000    00001770     srd_timer.obj (SampData1)

SampData2 
*          1    0000f780    00001770     UNINITIALIZED
                  0000f780    00001770     srd_timer.obj (SampData2)

SampData3 
*          1    00010f00    00001770     UNINITIALIZED
                  00010f00    00001770     srd_timer.obj (SampData3)

.econst    1    00012670    0000056a     
                  00012670    000002bf     srd_error.obj (.econst:.string)
                  0001292f    00000101     rts2800_fpu32.lib : ctype.obj (.econst:.string:__ctypes_)
                  00012a30    00000100     F2806x_PieVect.obj (.econst:_PieVectTableInit)
                  00012b30    00000042     srd_control.obj (.econst:.string)
                  00012b72    00000026     rts2800_fpu32.lib : _printfi.obj (.econst:.string)
                  00012b98    0000001c                       : _printfi.obj (.econst)
                  00012bb4    0000001c                       : s_scalbn.obj (.econst)
                  00012bd0    00000008                       : s_frexp.obj (.econst)
                  00012bd8    00000002                       : fputs.obj (.econst:.string)

.ebss      1    00012bda    00000504     UNINITIALIZED
                  00012bda    00000018     F2806x_CpuTimers.obj (.ebss)
                  00012bf2    00000008     rts2800_fpu32.lib : memory.obj (.ebss)
                  00012bfa    00000006                       : exit.obj (.ebss)
                  00012c00    00000228     srd_control.obj (.ebss)
                  00012e28    00000008     rts2800_fpu32.lib : trgdrv.obj (.ebss)
                  00012e30    00000006     srd_error.obj (.ebss)
                  00012e36    00000003     srd_timer.obj (.ebss)
                  00012e39    00000001     rts2800_fpu32.lib : errno.obj (.ebss)
                  00012e3a    00000002                       : _lock.obj (.ebss:__lock)
                  00012e3c    00000002                       : _lock.obj (.ebss:__unlock)
                  00012e3e    00000001                       : fopen.obj (.ebss)
                  00012e3f    00000001     srd_qep.obj (.ebss)
                  00012e40    00000160     rts2800_fpu32.lib : defs.obj (.ebss)
                  00012fa0    00000020     --HOLE--
                  00012fc0    00000088                       : lowlev.obj (.ebss)
                  00013048    00000038     --HOLE--
                  00013080    0000005e     SRM_Sensor.obj (.ebss)

.esysmem   1    000130de    00000400     UNINITIALIZED
                  000130de    00000001     rts2800_fpu32.lib : memory.obj (.esysmem)
                  000130df    000003ff     --HOLE--

.cio       1    00013500    00000120     UNINITIALIZED
                  00013500    00000120     rts2800_fpu32.lib : trgmsg.obj (.cio)

PartIdRegsFile 
*          1    003d7e80    00000001     UNINITIALIZED
                  003d7e80    00000001     F2806x_GlobalVariableDefs.obj (PartIdRegsFile)

CsmPwlFile 
*          1    003f7ff8    00000008     UNINITIALIZED
                  003f7ff8    00000008     F2806x_GlobalVariableDefs.obj (CsmPwlFile)

MODULE SUMMARY

       Module                          code    ro data   rw data
       ------                          ----    -------   -------
    .\src\
       F2806x_GlobalVariableDefs.obj   0       0         3550   
       F2806x_DefaultIsr.obj           923     0         0      
       F2806x_Adc.obj                  570     0         0      
       F2806x_SysCtrl.obj              396     0         0      
       F2806x_PieVect.obj              38      0         256    
       F2806x_EPwm.obj                 216     0         0      
       F2806x_CpuTimers.obj            124     0         24     
       F2806x_EQep.obj                 80      0         0      
       F2806x_PieCtrl.obj              40      0         0      
       F2806x_Gpio.obj                 21      0         0      
       F2806x_CodeStartBranch.obj      10      0         0      
       F2806x_DisInt.obj               7       0         0      
       F2806x_usDelay.obj              4       0         0      
       F2806x_DBGIER.obj               3       0         0      
    +--+-------------------------------+-------+---------+---------+
       Total:                          2432    0         3830   
                                                                
    .\user\
       srd_timer.obj                   231     0         18027  
       srd_control.obj                 2258    0         981    
       srd_error.obj                   546     0         721    
       SRM_Sensor.obj                  671     0         210    
       srd_adc.obj                     749     0         0      
       srd_pwm.obj                     180     0         0      
       srd_qep.obj                     107     0         5      
       srd_gpio.obj                    80      0         0      
       main.obj                        17      0         0      
    +--+-------------------------------+-------+---------+---------+
       Total:                          4839    0         19944  
                                                                
    D:\ti\ccsv6\tools\compiler\ti-cgt-c2000_15.12.1.LTS\lib\rts2800_fpu32.lib
       _printfi.obj                    3033    0         66     
       lowlev.obj                      539     0         185    
       trgdrv.obj                      636     0         8      
       memory.obj                      466     0         12     
       trgmsg.obj                      148     0         288    
       defs.obj                        0       0         394    
       ll_div.obj                      263     0         0      
       ctype.obj                       0       0         257    
       fopen.obj                       249     0         5      
       s_scalbn.obj                    188     0         28     
       fputs.obj                       176     0         2      
       fd_add.obj                      156     0         0      
       fd_div.obj                      139     0         0      
       setvbuf.obj                     137     0         0      
       fd_mpy.obj                      131     0         0      
       fflush.obj                      115     0         0      
       _io_perm.obj                    103     0         0      
       s_frexp.obj                     91      0         8      
       fclose.obj                      95      0         0      
       boot.obj                        86      0         0      
       fputc.obj                       83      0         0      
       _bufread.obj                    82      0         0      
       fgetc.obj                       80      0         0      
       cpy_tbl.obj                     70      0         0      
       exit.obj                        41      0         20     
       fseek.obj                       61      0         0      
       printf.obj                      52      0         0      
       atoi.obj                        49      0         0      
       ltoa.obj                        46      0         0      
       fd_cmp.obj                      42      0         0      
       l_div.obj                       42      0         0      
       s_copysign.obj                  34      0         0      
       fd_toi.obj                      33      0         0      
       fd_tol.obj                      31      0         0      
       ll_cmp.obj                      30      0         0      
       memcpy.obj                      30      0         0      
       strncpy.obj                     30      0         0      
       i_tofd.obj                      29      0         0      
       fs_tofd.obj                     28      0         0      
       l_tofd.obj                      28      0         0      
       cpy_utils.obj                   26      0         0      
       args_main.obj                   25      0         0      
       ll_aox.obj                      24      0         0      
       _lock.obj                       9       0         14     
       memchr.obj                      17      0         0      
       fd_sub.obj                      14      0         0      
       memccpy.obj                     13      0         0      
       memset.obj                      12      0         0      
       strchr.obj                      12      0         0      
       u_div.obj                       11      0         0      
       strcmp.obj                      10      0         0      
       fd_neg.obj                      9       0         0      
       strlen.obj                      8       0         0      
       errno.obj                       0       0         5      
       strcpy.obj                      5       0         0      
       remove.obj                      3       0         0      
       pre_init.obj                    2       0         0      
       startup.obj                     1       0         0      
    +--+-------------------------------+-------+---------+---------+
       Total:                          7873    0         1292   
                                                                
       Heap:                           0       0         1024   
       Stack:                          0       0         768    
    +--+-------------------------------+-------+---------+---------+
       Grand Total:                    15144   0         26858  


GLOBAL DATA SYMBOLS: SORTED BY DATA PAGE

address     data page           name
--------    ----------------    ----
00000400      10 (00000400)     __stack

00000880      22 (00000880)     _DevEmuRegs

00000985      26 (00000980)     _SysPwrCtrlRegs

00000a80      2a (00000a80)     _FlashRegs

00000ae0      2b (00000ac0)     _CsmRegs

00000b00      2c (00000b00)     _AdcResult

00000c00      30 (00000c00)     _CpuTimer0Regs
00000c08      30 (00000c00)     _CpuTimer1Regs
00000c10      30 (00000c00)     _CpuTimer2Regs

00000ce0      33 (00000cc0)     _PieCtrlRegs

00000d00      34 (00000d00)     _EmuKey
00000d00      34 (00000d00)     _PieVectTable
00000d01      34 (00000d00)     _EmuBMode
00000d02      34 (00000d00)     _Flash_CallbackPtr
00000d04      34 (00000d00)     _Flash_CPUScaleFactor

00001000      40 (00001000)     _DmaRegs

00001400      50 (00001400)     _Cla1Regs

00004000     100 (00004000)     _Usb0Regs

00005000     140 (00005000)     _McbspaRegs

00006000     180 (00006000)     _ECanaRegs

00006040     181 (00006040)     _ECanaLAMRegs

00006080     182 (00006080)     _ECanaMOTSRegs

000060c0     183 (000060c0)     _ECanaMOTORegs

00006100     184 (00006100)     _ECanaMboxes

00006400     190 (00006400)     _Comp1Regs
00006420     190 (00006400)     _Comp2Regs

00006440     191 (00006440)     _Comp3Regs

00006800     1a0 (00006800)     _EPwm1Regs

00006840     1a1 (00006840)     _EPwm2Regs

00006880     1a2 (00006880)     _EPwm3Regs

000068c0     1a3 (000068c0)     _EPwm4Regs

00006900     1a4 (00006900)     _EPwm5Regs

00006940     1a5 (00006940)     _EPwm6Regs

00006980     1a6 (00006980)     _EPwm7Regs

000069c0     1a7 (000069c0)     _EPwm8Regs

00006a00     1a8 (00006a00)     _ECap1Regs
00006a20     1a8 (00006a00)     _ECap2Regs

00006a40     1a9 (00006a40)     _ECap3Regs

00006ac0     1ab (00006ac0)     _HRCap1Regs
00006ae0     1ab (00006ac0)     _HRCap2Regs

00006b00     1ac (00006b00)     _EQep1Regs

00006b40     1ad (00006b40)     _EQep2Regs

00006c80     1b2 (00006c80)     _HRCap3Regs
00006ca0     1b2 (00006c80)     _HRCap4Regs

00006f80     1be (00006f80)     _GpioCtrlRegs

00006fc0     1bf (00006fc0)     _GpioDataRegs
00006fe0     1bf (00006fc0)     _GpioIntRegs

00007010     1c0 (00007000)     _SysCtrlRegs

00007040     1c1 (00007040)     _SpiaRegs
00007050     1c1 (00007040)     _SciaRegs
00007060     1c1 (00007040)     _NmiIntruptRegs
00007070     1c1 (00007040)     _XIntruptRegs

00007100     1c4 (00007100)     _AdcRegs

00007740     1dd (00007740)     _SpibRegs
00007750     1dd (00007740)     _ScibRegs

00007900     1e4 (00007900)     _I2caRegs

0000e000     380 (0000e000)     _SampData1

0000f780     3de (0000f780)     _SampData2

00010f00     43c (00010f00)     _SampData3

0001292f     4a4 (00012900)     __ctypes_

00012a30     4a8 (00012a00)     _PieVectTableInit

00012bda     4af (00012bc0)     _CpuTimer1
00012be2     4af (00012bc0)     _CpuTimer2
00012bea     4af (00012bc0)     _CpuTimer0
00012bfa     4af (00012bc0)     ___TI_enable_exit_profile_output
00012bfc     4af (00012bc0)     ___TI_cleanup_ptr
00012bfe     4af (00012bc0)     ___TI_dtors_ptr

00012c00     4b0 (00012c00)     _LOGIC
00012c04     4b0 (00012c00)     _alpha
00012c0a     4b0 (00012c00)     _PWM
00012c14     4b0 (00012c00)     _SPEED
00012c24     4b0 (00012c00)     _TORQUE

00012c40     4b1 (00012c40)     _TORQUE_AB
00012c56     4b1 (00012c40)     _TORQUE_BC

00012c80     4b2 (00012c80)     _TORQUE_CA

00012cc0     4b3 (00012cc0)     _TORQUE_Model

00012e30     4b8 (00012e00)     _MAX_U
00012e31     4b8 (00012e00)     _MAX_I
00012e32     4b8 (00012e00)     _MAX_SPEED
00012e33     4b8 (00012e00)     _ERROR
00012e39     4b8 (00012e00)     _errno
00012e3a     4b8 (00012e00)     __lock
00012e3c     4b8 (00012e00)     __unlock

00012e40     4b9 (00012e40)     ___TI_ft_end

00012e80     4ba (00012e80)     __ftable

00012f00     4bc (00012f00)     ___TI_tmpnams

00013080     4c2 (00013080)     _SRM_PHASE
00013081     4c2 (00013080)     _SRM_SPEED_1
00013082     4c2 (00013080)     _NOW_state
00013083     4c2 (00013080)     _SRM_ANGLE
00013084     4c2 (00013080)     _LAST_state
00013085     4c2 (00013080)     _PB_state
00013086     4c2 (00013080)     _PA_state
00013087     4c2 (00013080)     _SRM_Direction
00013088     4c2 (00013080)     _PC_state
0001308e     4c2 (00013080)     _DRV_state
0001308f     4c2 (00013080)     _SRM_SPEED
00013091     4c2 (00013080)     _SRM_FIRST_RUN
00013092     4c2 (00013080)     _DBVD_offset
00013093     4c2 (00013080)     _Ref3V_offset
00013094     4c2 (00013080)     _IV_offset
00013095     4c2 (00013080)     _IV_ad
00013096     4c2 (00013080)     _IU_offset
00013097     4c2 (00013080)     _IU_ad
00013098     4c2 (00013080)     _BRV_state
0001309a     4c2 (00013080)     _HOT_state
0001309b     4c2 (00013080)     _Ref3V_ad
0001309c     4c2 (00013080)     _Ref0V_ad
0001309d     4c2 (00013080)     _DBVD_ad
0001309e     4c2 (00013080)     _SRM

000130c0     4c3 (000130c0)     _CURRENT
000130de     4c3 (000130c0)     __sys_memory

00013500     4d4 (00013500)     __CIOBUF_

003d7e80    f5fa (003d7e80)     _PartIdRegs

003f7ff8    fdff (003f7fc0)     _CsmPwl


GLOBAL SYMBOLS: SORTED ALPHABETICALLY BY Name 

page  address   name                            
----  -------   ----                            
0     00008000  .text                           
0     0000b89a  C$$EXIT                         
0     0000b00b  C$$IO$$                         
0     0000af1b  FD$$ADD                         
0     0000b846  FD$$CMP                         
0     0000b0da  FD$$DIV                         
0     0000b1ee  FD$$MPY                         
0     0000baf5  FD$$NEG                         
0     0000baa4  FD$$SUB                         
0     0000b933  FD$$TOI                         
0     0000b954  FD$$TOL                         
0     0000b9ea  FS$$TOFD                        
0     0000b9cd  I$$TOFD                         
0     0000b870  L$$DIV                          
0     0000b87f  L$$MOD                          
0     0000ba06  L$$TOFD                         
0     0000ba55  LL$$AND                         
0     0000b973  LL$$CMP                         
0     0000aa23  LL$$DIV                         
0     0000aa5f  LL$$MOD                         
0     0000ba5d  LL$$OR                          
0     0000ba65  LL$$XOR                         
0     0000bad7  U$$DIV                          
0     0000badc  U$$MOD                          
0     0000b88d  UL$$DIV                         
0     0000b894  UL$$MOD                         
0     0000b985  ULL$$CMP                        
0     0000aa99  ULL$$DIV                        
0     0000aac8  ULL$$MOD                        
0     00009569  _ADCINT1_ISR                    
0     00009573  _ADCINT2_ISR                    
0     0000977b  _ADCINT3_ISR                    
0     00009785  _ADCINT4_ISR                    
0     0000978f  _ADCINT5_ISR                    
0     00009799  _ADCINT6_ISR                    
0     000097a3  _ADCINT7_ISR                    
0     000097ad  _ADCINT8_ISR                    
0     00009591  _ADCINT9_ISR                    
0     0000a0c2  _AdcChanSelect                  
0     0000a137  _AdcConversion                  
0     0000a09b  _AdcOffsetSelfCal               
1     00007100  _AdcRegs                        
1     00000b00  _AdcResult                      
1     00013098  _BRV_state                      
0     000097b7  _CLA1_INT1_ISR                  
0     000097c1  _CLA1_INT2_ISR                  
0     000097cb  _CLA1_INT3_ISR                  
0     000097d5  _CLA1_INT4_ISR                  
0     000097df  _CLA1_INT5_ISR                  
0     000097e9  _CLA1_INT6_ISR                  
0     000097f3  _CLA1_INT7_ISR                  
0     000097fd  _CLA1_INT8_ISR                  
1     000130c0  _CURRENT                        
1     00001400  _Cla1Regs                       
1     00006400  _Comp1Regs                      
1     00006420  _Comp2Regs                      
1     00006440  _Comp3Regs                      
0     0000b2b2  _ConfigCpuTimer                 
0     00008c28  _Control_SRD_external_loop      
0     00008c14  _Control_SRD_internal_loop      
1     00012bea  _CpuTimer0                      
1     00000c00  _CpuTimer0Regs                  
1     00012bda  _CpuTimer1                      
1     00000c08  _CpuTimer1Regs                  
1     00012be2  _CpuTimer2                      
1     00000c10  _CpuTimer2Regs                  
1     003f7ff8  _CsmPwl                         
1     00000ae0  _CsmRegs                        
0     0000a99c  _CsmUnlock                      
0     000094bf  _DATALOG_ISR                    
1     0001309d  _DBVD_ad                        
1     00013092  _DBVD_offset                    
0     000096ef  _DINTCH1_ISR                    
0     000096f9  _DINTCH2_ISR                    
0     00009703  _DINTCH3_ISR                    
0     0000970d  _DINTCH4_ISR                    
0     00009717  _DINTCH5_ISR                    
0     00009721  _DINTCH6_ISR                    
1     0001308e  _DRV_state                      
0     0000bb0e  _DSP28x_DisableInt              
0     0000bb12  _DSP28x_RestoreInt              
0     000002d8  _DSP28x_usDelay                 
1     00000880  _DevEmuRegs                     
0     0000a8bb  _DisableDog                     
1     00001000  _DmaRegs                        
0     00009767  _ECAN0INTA_ISR                  
0     00009771  _ECAN1INTA_ISR                  
0     0000964f  _ECAP1_INT_ISR                  
0     00009659  _ECAP2_INT_ISR                  
0     00009663  _ECAP3_INT_ISR                  
1     00006040  _ECanaLAMRegs                   
1     000060c0  _ECanaMOTORegs                  
1     00006080  _ECanaMOTSRegs                  
1     00006100  _ECanaMboxes                    
1     00006000  _ECanaRegs                      
1     00006a00  _ECap1Regs                      
1     00006a20  _ECap2Regs                      
1     00006a40  _ECap3Regs                      
0     00009825  _EMPTY_ISR                      
0     000094d3  _EMUINT_ISR                     
0     000095ff  _EPWM1_INT_ISR                  
0     000095af  _EPWM1_TZINT_ISR                
0     00009609  _EPWM2_INT_ISR                  
0     000095b9  _EPWM2_TZINT_ISR                
0     00009613  _EPWM3_INT_ISR                  
0     000095c3  _EPWM3_TZINT_ISR                
0     0000961d  _EPWM4_INT_ISR                  
0     000095cd  _EPWM4_TZINT_ISR                
0     00009627  _EPWM5_INT_ISR                  
0     000095d7  _EPWM5_TZINT_ISR                
0     00009631  _EPWM6_INT_ISR                  
0     000095e1  _EPWM6_TZINT_ISR                
0     0000963b  _EPWM7_INT_ISR                  
0     000095eb  _EPWM7_TZINT_ISR                
0     00009645  _EPWM8_INT_ISR                  
0     000095f5  _EPWM8_TZINT_ISR                
1     00006800  _EPwm1Regs                      
1     00006840  _EPwm2Regs                      
1     00006880  _EPwm3Regs                      
1     000068c0  _EPwm4Regs                      
1     00006900  _EPwm5Regs                      
1     00006940  _EPwm6Regs                      
1     00006980  _EPwm7Regs                      
1     000069c0  _EPwm8Regs                      
0     00009681  _EQEP1_INT_ISR                  
0     0000968b  _EQEP2_INT_ISR                  
1     00006b00  _EQep1Regs                      
1     00006b40  _EQep2Regs                      
1     00012e33  _ERROR                          
1     00000d01  _EmuBMode                       
1     00000d00  _EmuKey                         
0     0000b8e2  _EnableInterrupts               
0     0000a28f  _Error_Checking                 
0     0000aa0d  _ExtOscSel                      
1     00000a80  _FlashRegs                      
1     00000d04  _Flash_CPUScaleFactor           
1     00000d02  _Flash_CallbackPtr              
0     0000993e  _Get_AD_Offset                  
0     00009bad  _Get_Current                    
0     00009c54  _Get_Hall                       
0     00009d62  _Get_Position                   
0     00009b4d  _Get_Sensor                     
0     00009da1  _Get_Speed                      
0     00009b56  _Get_State                      
1     00006f80  _GpioCtrlRegs                   
1     00006fc0  _GpioDataRegs                   
1     00006fe0  _GpioIntRegs                    
0     0000a018  _HOSTclock                      
0     00009fef  _HOSTclose                      
0     00009fc7  _HOSTgetenv                     
0     00009f66  _HOSTlseek                      
0     00009f26  _HOSTopen                       
0     00009ee7  _HOSTread                       
0     00009ea9  _HOSTrename                     
0     00009e73  _HOSTtime                       
0     00009e2e  _HOSTtime64                     
0     00009e0a  _HOSTunlink                     
0     00009dd2  _HOSTwrite                      
1     0001309a  _HOT_state                      
0     0000966d  _HRCAP1_INT_ISR                 
0     00009677  _HRCAP2_INT_ISR                 
0     00009695  _HRCAP3_INT_ISR                 
0     0000969f  _HRCAP4_INT_ISR                 
1     00006ac0  _HRCap1Regs                     
1     00006ae0  _HRCap2Regs                     
1     00006c80  _HRCap3Regs                     
1     00006ca0  _HRCap4Regs                     
0     0000972b  _I2CINT1A_ISR                   
0     00009735  _I2CINT2A_ISR                   
1     00007900  _I2caRegs                       
0     00009375  _IGBT_Control                   
0     000094e7  _ILLEGAL_ISR                    
0     000094ab  _INT13_ISR                      
0     000094b5  _INT14_ISR                      
1     00013097  _IU_ad                          
1     00013096  _IU_offset                      
1     00013095  _IV_ad                          
1     00013094  _IV_offset                      
0     0000a04e  _InitAdc                        
0     0000a079  _InitAdcAio                     
0     0000b271  _InitCpuTimers                  
0     0000ac23  _InitEPwm                       
0     0000ac35  _InitEPwm1Gpio                  
0     0000adde  _InitEPwm1Regs                  
0     0000ac47  _InitEPwm2Gpio                  
0     0000ae0d  _InitEPwm2Regs                  
0     0000ac59  _InitEPwm3Gpio                  
0     0000ae3c  _InitEPwm3Regs                  
0     0000ac6d  _InitEPwm4Gpio                  
0     0000ac81  _InitEPwm5Gpio                  
0     0000ac93  _InitEPwm6Gpio                  
0     0000aca5  _InitEPwm7Gpio                  
0     0000acb7  _InitEPwm8Gpio                  
0     0000ac24  _InitEPwmGpio                   
0     0000acc9  _InitEPwmSyncGpio               
0     0000b5d5  _InitEQep                       
0     0000b5db  _InitEQep1Gpio                  
0     0000b605  _InitEQep2Gpio                  
0     0000b5d6  _InitEQepGpio                   
0     0000ba6d  _InitGpio                       
0     0000a946  _InitPeripheralClocks           
0     0000b8c3  _InitPieCtrl                    
0     0000b8eb  _InitPieVectTable               
0     0000a8c3  _InitPll                        
0     0000a918  _InitPll2                       
0     0000a897  _InitSysCtrl                    
0     0000acda  _InitTzGpio                     
0     00008bd9  _Init_SRD                       
0     0000a9cd  _IntOsc1Sel                     
0     0000a9dd  _IntOsc2Sel                     
1     00013084  _LAST_state                     
1     00012c00  _LOGIC                          
0     00008c6d  _LOGIC_Control                  
0     0000981b  _LUF_ISR                        
0     00009811  _LVF_ISR                        
1     00012e31  _MAX_I                          
1     00012e32  _MAX_SPEED                      
1     00012e30  _MAX_U                          
0     000096db  _MRINTA_ISR                     
0     000096e5  _MXINTA_ISR                     
1     00005000  _McbspaRegs                     
0     0000996f  _My_AdcChanSelect               
0     000099e4  _My_AdcConversion               
0     00009846  _My_Init_ADC                    
0     00008c2d  _My_Init_Control                
0     0000b04c  _My_Init_Cputimer               
0     0000b7b5  _My_Init_EQEP                   
0     0000a288  _My_Init_Error                  
0     0000b675  _My_Init_GPIO                   
0     0000adb7  _My_Init_PWM                    
0     00009b33  _My_Init_Sensor                 
0     000094dd  _NMI_ISR                        
1     00013082  _NOW_state                      
1     00007060  _NmiIntruptRegs                 
1     00013086  _PA_state                       
1     00013085  _PB_state                       
1     00013088  _PC_state                       
0     00009832  _PIE_RESERVED                   
1     00012c0a  _PWM                            
1     003d7e80  _PartIdRegs                     
1     00000ce0  _PieCtrlRegs                    
1     00000d00  _PieVectTable                   
1     00012a30  _PieVectTableInit               
0     000094c9  _RTOSINT_ISR                    
1     0001309c  _Ref0V_ad                       
1     0001309b  _Ref3V_ad                       
1     00013093  _Ref3V_offset                   
0     0000973f  _SCIRXINTA_ISR                  
0     00009753  _SCIRXINTB_ISR                  
0     00009749  _SCITXINTA_ISR                  
0     0000975d  _SCITXINTB_ISR                  
1     00012c14  _SPEED                          
0     00009487  _SPEED_Control                  
0     000096b3  _SPIRXINTA_ISR                  
0     000096c7  _SPIRXINTB_ISR                  
0     000096bd  _SPITXINTA_ISR                  
0     000096d1  _SPITXINTB_ISR                  
1     0001309e  _SRM                            
1     00013083  _SRM_ANGLE                      
1     00013087  _SRM_Direction                  
1     00013091  _SRM_FIRST_RUN                  
1     00013080  _SRM_PHASE                      
1     0001308f  _SRM_SPEED                      
1     00013081  _SRM_SPEED_1                    
1     0000e000  _SampData1                      
1     0000f780  _SampData2                      
1     00010f00  _SampData3                      
0     0000b07c  _Sample1                        
0     0000b08f  _Sample2                        
0     0000b0a2  _Sample3                        
1     00007050  _SciaRegs                       
1     00007750  _ScibRegs                       
0     0000a8b1  _ServiceDog                     
0     0000bb1a  _SetDBGIER                      
1     00007040  _SpiaRegs                       
1     00007740  _SpibRegs                       
1     00007010  _SysCtrlRegs                    
1     00000985  _SysPwrCtrlRegs                 
0     0000959b  _TINT0_ISR                      
1     00012c24  _TORQUE                         
1     00012c40  _TORQUE_AB                      
1     00012c56  _TORQUE_BC                      
1     00012c80  _TORQUE_CA                      
0     00008d28  _TORQUE_Calculate               
0     00009119  _TORQUE_Control                 
0     0000906f  _TORQUE_Distribution            
1     00012cc0  _TORQUE_Model                   
0     0000b0b5  _Test_SRD                       
0     000096a9  _USB0_INT_ISR                   
0     0000954b  _USER10_ISR                     
0     00009555  _USER11_ISR                     
0     0000955f  _USER12_ISR                     
0     000094f1  _USER1_ISR                      
0     000094fb  _USER2_ISR                      
0     00009505  _USER3_ISR                      
0     0000950f  _USER4_ISR                      
0     00009519  _USER5_ISR                      
0     00009523  _USER6_ISR                      
0     0000952d  _USER7_ISR                      
0     00009537  _USER8_ISR                      
0     00009541  _USER9_ISR                      
1     00004000  _Usb0Regs                       
0     000095a5  _WAKEINT_ISR                    
0     0000957d  _XINT1_ISR                      
0     00009587  _XINT2_ISR                      
0     00009807  _XINT3_ISR                      
1     00007070  _XIntruptRegs                   
0     0000a9f1  _XtalOscSel                     
1     00013500  __CIOBUF_                       
1     00000700  __STACK_END                     
abs   00000300  __STACK_SIZE                    
abs   00000400  __SYSMEM_SIZE                   
0     0000b583  ___TI_buff_read                 
0     0000aba2  ___TI_cleanup                   
1     00012bfc  ___TI_cleanup_ptr               
0     0000b3c7  ___TI_closefile                 
0     0000b2ed  ___TI_doflush                   
1     00012bfe  ___TI_dtors_ptr                 
1     00012bfa  ___TI_enable_exit_profile_output
1     00012e40  ___TI_ft_end                    
abs   ffffffff  ___TI_pprof_out_hndl            
0     00008ab4  ___TI_printfi                   
abs   ffffffff  ___TI_prof_data_size            
abs   ffffffff  ___TI_prof_data_start           
0     0000b39b  ___TI_rd_ok                     
0     0000b010  ___TI_readmsg                   
1     00012f00  ___TI_tmpnams                   
0     0000afb8  ___TI_writemsg                  
0     0000b360  ___TI_wrt_ok                    
abs   ffffffff  ___binit__                      
abs   ffffffff  ___c_args__                     
0     00000050  ___cinit__                      
0     0000bb22  ___etext__                      
abs   ffffffff  ___pinit__                      
0     00008000  ___text__                       
0     0000ba3c  __args_main                     
1     0001292f  __ctypes_                       
1     00012e80  __ftable                        
1     00012e3a  __lock                          
0     0000baf4  __nop                           
0     0000baf0  __register_lock                 
0     0000baec  __register_unlock               
1     00000400  __stack                         
1     000130de  __sys_memory                    
0     0000afb7  __system_post_cinit             
0     0000bb20  __system_pre_init               
1     00012e3c  __unlock                        
0     0000b89a  _abort                          
0     0000a647  _add_device                     
1     00012c04  _alpha                          
0     0000b7e7  _atoi                           
0     0000b4da  _c_int00                        
0     0000a880  _calloc                         
0     0000a87e  _chkheap                        
0     0000a614  _close                          
0     0000b6c5  _copy_in                        
0     0000b911  _copysignl                      
0     0000b481  _cpu_timer0_isr                 
0     0000b4c8  _cpu_timer1_isr                 
0     0000ba22  _ddcopy                         
0     0000ba22  _dpcopy                         
0     0000b748  _eqep2_isr                      
1     00012e39  _errno                          
0     0000b89c  _exit                           
0     0000b40b  _fclose                         
0     0000b31c  _fflush                         
0     0000b625  _fgetc                          
0     0000abdd  _fopen                          
0     0000b530  _fputc                          
0     0000ae6b  _fputs                          
0     0000a6c5  _free                           
0     0000a860  _free_memory                    
0     0000abbf  _freopen                        
0     0000b426  _frexpl                         
0     0000b70b  _fseek                          
0     0000b625  _getc                           
0     0000b670  _getchar                        
0     0000acfb  _ldexpl                         
0     0000a5fc  _lseek                          
0     0000b818  _ltoa                           
0     0000ba82  _main                           
0     0000a72e  _malloc                         
0     0000a83e  _max_free                       
0     0000bab2  _memccpy                        
0     0000ba93  _memchr                         
0     0000b991  _memcpy                         
0     0000babf  _memset                         
0     0000a709  _minit                          
0     0000a58b  _open                           
0     0000ba22  _pdcopy                         
0     0000ba22  _ppcopy                         
0     0000b787  _printf                         
0     0000b530  _putc                           
0     0000b57e  _putchar                        
0     0000af08  _puts                           
0     0000a572  _read                           
0     0000a78c  _realloc                        
0     0000bb1d  _remove                         
0     0000a558  _remove_device                  
0     0000a52a  _rename                         
0     0000983c  _rsvd_ISR                       
0     0000acfb  _scalbnl                        
0     0000b165  _setvbuf                        
0     0000bacb  _strchr                         
0     0000bae2  _strcmp                         
0     0000bb15  _strcpy                         
0     0000bb06  _strlen                         
0     0000b9af  _strncpy                        
0     0000a511  _unlink                         
0     0000a4aa  _write                          
abs   ffffffff  binit                           
0     00000050  cinit                           
0     00000000  code_start                      
0     0000bb22  etext                           
abs   ffffffff  pinit                           


GLOBAL SYMBOLS: SORTED BY Symbol Address 

page  address   name                            
----  -------   ----                            
0     00000000  code_start                      
0     00000050  ___cinit__                      
0     00000050  cinit                           
0     000002d8  _DSP28x_usDelay                 
0     00008000  .text                           
0     00008000  ___text__                       
0     00008ab4  ___TI_printfi                   
0     00008bd9  _Init_SRD                       
0     00008c14  _Control_SRD_internal_loop      
0     00008c28  _Control_SRD_external_loop      
0     00008c2d  _My_Init_Control                
0     00008c6d  _LOGIC_Control                  
0     00008d28  _TORQUE_Calculate               
0     0000906f  _TORQUE_Distribution            
0     00009119  _TORQUE_Control                 
0     00009375  _IGBT_Control                   
0     00009487  _SPEED_Control                  
0     000094ab  _INT13_ISR                      
0     000094b5  _INT14_ISR                      
0     000094bf  _DATALOG_ISR                    
0     000094c9  _RTOSINT_ISR                    
0     000094d3  _EMUINT_ISR                     
0     000094dd  _NMI_ISR                        
0     000094e7  _ILLEGAL_ISR                    
0     000094f1  _USER1_ISR                      
0     000094fb  _USER2_ISR                      
0     00009505  _USER3_ISR                      
0     0000950f  _USER4_ISR                      
0     00009519  _USER5_ISR                      
0     00009523  _USER6_ISR                      
0     0000952d  _USER7_ISR                      
0     00009537  _USER8_ISR                      
0     00009541  _USER9_ISR                      
0     0000954b  _USER10_ISR                     
0     00009555  _USER11_ISR                     
0     0000955f  _USER12_ISR                     
0     00009569  _ADCINT1_ISR                    
0     00009573  _ADCINT2_ISR                    
0     0000957d  _XINT1_ISR                      
0     00009587  _XINT2_ISR                      
0     00009591  _ADCINT9_ISR                    
0     0000959b  _TINT0_ISR                      
0     000095a5  _WAKEINT_ISR                    
0     000095af  _EPWM1_TZINT_ISR                
0     000095b9  _EPWM2_TZINT_ISR                
0     000095c3  _EPWM3_TZINT_ISR                
0     000095cd  _EPWM4_TZINT_ISR                
0     000095d7  _EPWM5_TZINT_ISR                
0     000095e1  _EPWM6_TZINT_ISR                
0     000095eb  _EPWM7_TZINT_ISR                
0     000095f5  _EPWM8_TZINT_ISR                
0     000095ff  _EPWM1_INT_ISR                  
0     00009609  _EPWM2_INT_ISR                  
0     00009613  _EPWM3_INT_ISR                  
0     0000961d  _EPWM4_INT_ISR                  
0     00009627  _EPWM5_INT_ISR                  
0     00009631  _EPWM6_INT_ISR                  
0     0000963b  _EPWM7_INT_ISR                  
0     00009645  _EPWM8_INT_ISR                  
0     0000964f  _ECAP1_INT_ISR                  
0     00009659  _ECAP2_INT_ISR                  
0     00009663  _ECAP3_INT_ISR                  
0     0000966d  _HRCAP1_INT_ISR                 
0     00009677  _HRCAP2_INT_ISR                 
0     00009681  _EQEP1_INT_ISR                  
0     0000968b  _EQEP2_INT_ISR                  
0     00009695  _HRCAP3_INT_ISR                 
0     0000969f  _HRCAP4_INT_ISR                 
0     000096a9  _USB0_INT_ISR                   
0     000096b3  _SPIRXINTA_ISR                  
0     000096bd  _SPITXINTA_ISR                  
0     000096c7  _SPIRXINTB_ISR                  
0     000096d1  _SPITXINTB_ISR                  
0     000096db  _MRINTA_ISR                     
0     000096e5  _MXINTA_ISR                     
0     000096ef  _DINTCH1_ISR                    
0     000096f9  _DINTCH2_ISR                    
0     00009703  _DINTCH3_ISR                    
0     0000970d  _DINTCH4_ISR                    
0     00009717  _DINTCH5_ISR                    
0     00009721  _DINTCH6_ISR                    
0     0000972b  _I2CINT1A_ISR                   
0     00009735  _I2CINT2A_ISR                   
0     0000973f  _SCIRXINTA_ISR                  
0     00009749  _SCITXINTA_ISR                  
0     00009753  _SCIRXINTB_ISR                  
0     0000975d  _SCITXINTB_ISR                  
0     00009767  _ECAN0INTA_ISR                  
0     00009771  _ECAN1INTA_ISR                  
0     0000977b  _ADCINT3_ISR                    
0     00009785  _ADCINT4_ISR                    
0     0000978f  _ADCINT5_ISR                    
0     00009799  _ADCINT6_ISR                    
0     000097a3  _ADCINT7_ISR                    
0     000097ad  _ADCINT8_ISR                    
0     000097b7  _CLA1_INT1_ISR                  
0     000097c1  _CLA1_INT2_ISR                  
0     000097cb  _CLA1_INT3_ISR                  
0     000097d5  _CLA1_INT4_ISR                  
0     000097df  _CLA1_INT5_ISR                  
0     000097e9  _CLA1_INT6_ISR                  
0     000097f3  _CLA1_INT7_ISR                  
0     000097fd  _CLA1_INT8_ISR                  
0     00009807  _XINT3_ISR                      
0     00009811  _LVF_ISR                        
0     0000981b  _LUF_ISR                        
0     00009825  _EMPTY_ISR                      
0     00009832  _PIE_RESERVED                   
0     0000983c  _rsvd_ISR                       
0     00009846  _My_Init_ADC                    
0     0000993e  _Get_AD_Offset                  
0     0000996f  _My_AdcChanSelect               
0     000099e4  _My_AdcConversion               
0     00009b33  _My_Init_Sensor                 
0     00009b4d  _Get_Sensor                     
0     00009b56  _Get_State                      
0     00009bad  _Get_Current                    
0     00009c54  _Get_Hall                       
0     00009d62  _Get_Position                   
0     00009da1  _Get_Speed                      
0     00009dd2  _HOSTwrite                      
0     00009e0a  _HOSTunlink                     
0     00009e2e  _HOSTtime64                     
0     00009e73  _HOSTtime                       
0     00009ea9  _HOSTrename                     
0     00009ee7  _HOSTread                       
0     00009f26  _HOSTopen                       
0     00009f66  _HOSTlseek                      
0     00009fc7  _HOSTgetenv                     
0     00009fef  _HOSTclose                      
0     0000a018  _HOSTclock                      
0     0000a04e  _InitAdc                        
0     0000a079  _InitAdcAio                     
0     0000a09b  _AdcOffsetSelfCal               
0     0000a0c2  _AdcChanSelect                  
0     0000a137  _AdcConversion                  
0     0000a288  _My_Init_Error                  
0     0000a28f  _Error_Checking                 
0     0000a4aa  _write                          
0     0000a511  _unlink                         
0     0000a52a  _rename                         
0     0000a558  _remove_device                  
0     0000a572  _read                           
0     0000a58b  _open                           
0     0000a5fc  _lseek                          
0     0000a614  _close                          
0     0000a647  _add_device                     
0     0000a6c5  _free                           
0     0000a709  _minit                          
0     0000a72e  _malloc                         
0     0000a78c  _realloc                        
0     0000a83e  _max_free                       
0     0000a860  _free_memory                    
0     0000a87e  _chkheap                        
0     0000a880  _calloc                         
0     0000a897  _InitSysCtrl                    
0     0000a8b1  _ServiceDog                     
0     0000a8bb  _DisableDog                     
0     0000a8c3  _InitPll                        
0     0000a918  _InitPll2                       
0     0000a946  _InitPeripheralClocks           
0     0000a99c  _CsmUnlock                      
0     0000a9cd  _IntOsc1Sel                     
0     0000a9dd  _IntOsc2Sel                     
0     0000a9f1  _XtalOscSel                     
0     0000aa0d  _ExtOscSel                      
0     0000aa23  LL$$DIV                         
0     0000aa5f  LL$$MOD                         
0     0000aa99  ULL$$DIV                        
0     0000aac8  ULL$$MOD                        
0     0000aba2  ___TI_cleanup                   
0     0000abbf  _freopen                        
0     0000abdd  _fopen                          
0     0000ac23  _InitEPwm                       
0     0000ac24  _InitEPwmGpio                   
0     0000ac35  _InitEPwm1Gpio                  
0     0000ac47  _InitEPwm2Gpio                  
0     0000ac59  _InitEPwm3Gpio                  
0     0000ac6d  _InitEPwm4Gpio                  
0     0000ac81  _InitEPwm5Gpio                  
0     0000ac93  _InitEPwm6Gpio                  
0     0000aca5  _InitEPwm7Gpio                  
0     0000acb7  _InitEPwm8Gpio                  
0     0000acc9  _InitEPwmSyncGpio               
0     0000acda  _InitTzGpio                     
0     0000acfb  _ldexpl                         
0     0000acfb  _scalbnl                        
0     0000adb7  _My_Init_PWM                    
0     0000adde  _InitEPwm1Regs                  
0     0000ae0d  _InitEPwm2Regs                  
0     0000ae3c  _InitEPwm3Regs                  
0     0000ae6b  _fputs                          
0     0000af08  _puts                           
0     0000af1b  FD$$ADD                         
0     0000afb7  __system_post_cinit             
0     0000afb8  ___TI_writemsg                  
0     0000b00b  C$$IO$$                         
0     0000b010  ___TI_readmsg                   
0     0000b04c  _My_Init_Cputimer               
0     0000b07c  _Sample1                        
0     0000b08f  _Sample2                        
0     0000b0a2  _Sample3                        
0     0000b0b5  _Test_SRD                       
0     0000b0da  FD$$DIV                         
0     0000b165  _setvbuf                        
0     0000b1ee  FD$$MPY                         
0     0000b271  _InitCpuTimers                  
0     0000b2b2  _ConfigCpuTimer                 
0     0000b2ed  ___TI_doflush                   
0     0000b31c  _fflush                         
0     0000b360  ___TI_wrt_ok                    
0     0000b39b  ___TI_rd_ok                     
0     0000b3c7  ___TI_closefile                 
0     0000b40b  _fclose                         
0     0000b426  _frexpl                         
0     0000b481  _cpu_timer0_isr                 
0     0000b4c8  _cpu_timer1_isr                 
0     0000b4da  _c_int00                        
0     0000b530  _fputc                          
0     0000b530  _putc                           
0     0000b57e  _putchar                        
0     0000b583  ___TI_buff_read                 
0     0000b5d5  _InitEQep                       
0     0000b5d6  _InitEQepGpio                   
0     0000b5db  _InitEQep1Gpio                  
0     0000b605  _InitEQep2Gpio                  
0     0000b625  _fgetc                          
0     0000b625  _getc                           
0     0000b670  _getchar                        
0     0000b675  _My_Init_GPIO                   
0     0000b6c5  _copy_in                        
0     0000b70b  _fseek                          
0     0000b748  _eqep2_isr                      
0     0000b787  _printf                         
0     0000b7b5  _My_Init_EQEP                   
0     0000b7e7  _atoi                           
0     0000b818  _ltoa                           
0     0000b846  FD$$CMP                         
0     0000b870  L$$DIV                          
0     0000b87f  L$$MOD                          
0     0000b88d  UL$$DIV                         
0     0000b894  UL$$MOD                         
0     0000b89a  C$$EXIT                         
0     0000b89a  _abort                          
0     0000b89c  _exit                           
0     0000b8c3  _InitPieCtrl                    
0     0000b8e2  _EnableInterrupts               
0     0000b8eb  _InitPieVectTable               
0     0000b911  _copysignl                      
0     0000b933  FD$$TOI                         
0     0000b954  FD$$TOL                         
0     0000b973  LL$$CMP                         
0     0000b985  ULL$$CMP                        
0     0000b991  _memcpy                         
0     0000b9af  _strncpy                        
0     0000b9cd  I$$TOFD                         
0     0000b9ea  FS$$TOFD                        
0     0000ba06  L$$TOFD                         
0     0000ba22  _ddcopy                         
0     0000ba22  _dpcopy                         
0     0000ba22  _pdcopy                         
0     0000ba22  _ppcopy                         
0     0000ba3c  __args_main                     
0     0000ba55  LL$$AND                         
0     0000ba5d  LL$$OR                          
0     0000ba65  LL$$XOR                         
0     0000ba6d  _InitGpio                       
0     0000ba82  _main                           
0     0000ba93  _memchr                         
0     0000baa4  FD$$SUB                         
0     0000bab2  _memccpy                        
0     0000babf  _memset                         
0     0000bacb  _strchr                         
0     0000bad7  U$$DIV                          
0     0000badc  U$$MOD                          
0     0000bae2  _strcmp                         
0     0000baec  __register_unlock               
0     0000baf0  __register_lock                 
0     0000baf4  __nop                           
0     0000baf5  FD$$NEG                         
0     0000bb06  _strlen                         
0     0000bb0e  _DSP28x_DisableInt              
0     0000bb12  _DSP28x_RestoreInt              
0     0000bb15  _strcpy                         
0     0000bb1a  _SetDBGIER                      
0     0000bb1d  _remove                         
0     0000bb20  __system_pre_init               
0     0000bb22  ___etext__                      
0     0000bb22  etext                           
1     00000400  __stack                         
1     00000700  __STACK_END                     
1     00000880  _DevEmuRegs                     
1     00000985  _SysPwrCtrlRegs                 
1     00000a80  _FlashRegs                      
1     00000ae0  _CsmRegs                        
1     00000b00  _AdcResult                      
1     00000c00  _CpuTimer0Regs                  
1     00000c08  _CpuTimer1Regs                  
1     00000c10  _CpuTimer2Regs                  
1     00000ce0  _PieCtrlRegs                    
1     00000d00  _EmuKey                         
1     00000d00  _PieVectTable                   
1     00000d01  _EmuBMode                       
1     00000d02  _Flash_CallbackPtr              
1     00000d04  _Flash_CPUScaleFactor           
1     00001000  _DmaRegs                        
1     00001400  _Cla1Regs                       
1     00004000  _Usb0Regs                       
1     00005000  _McbspaRegs                     
1     00006000  _ECanaRegs                      
1     00006040  _ECanaLAMRegs                   
1     00006080  _ECanaMOTSRegs                  
1     000060c0  _ECanaMOTORegs                  
1     00006100  _ECanaMboxes                    
1     00006400  _Comp1Regs                      
1     00006420  _Comp2Regs                      
1     00006440  _Comp3Regs                      
1     00006800  _EPwm1Regs                      
1     00006840  _EPwm2Regs                      
1     00006880  _EPwm3Regs                      
1     000068c0  _EPwm4Regs                      
1     00006900  _EPwm5Regs                      
1     00006940  _EPwm6Regs                      
1     00006980  _EPwm7Regs                      
1     000069c0  _EPwm8Regs                      
1     00006a00  _ECap1Regs                      
1     00006a20  _ECap2Regs                      
1     00006a40  _ECap3Regs                      
1     00006ac0  _HRCap1Regs                     
1     00006ae0  _HRCap2Regs                     
1     00006b00  _EQep1Regs                      
1     00006b40  _EQep2Regs                      
1     00006c80  _HRCap3Regs                     
1     00006ca0  _HRCap4Regs                     
1     00006f80  _GpioCtrlRegs                   
1     00006fc0  _GpioDataRegs                   
1     00006fe0  _GpioIntRegs                    
1     00007010  _SysCtrlRegs                    
1     00007040  _SpiaRegs                       
1     00007050  _SciaRegs                       
1     00007060  _NmiIntruptRegs                 
1     00007070  _XIntruptRegs                   
1     00007100  _AdcRegs                        
1     00007740  _SpibRegs                       
1     00007750  _ScibRegs                       
1     00007900  _I2caRegs                       
1     0000e000  _SampData1                      
1     0000f780  _SampData2                      
1     00010f00  _SampData3                      
1     0001292f  __ctypes_                       
1     00012a30  _PieVectTableInit               
1     00012bda  _CpuTimer1                      
1     00012be2  _CpuTimer2                      
1     00012bea  _CpuTimer0                      
1     00012bfa  ___TI_enable_exit_profile_output
1     00012bfc  ___TI_cleanup_ptr               
1     00012bfe  ___TI_dtors_ptr                 
1     00012c00  _LOGIC                          
1     00012c04  _alpha                          
1     00012c0a  _PWM                            
1     00012c14  _SPEED                          
1     00012c24  _TORQUE                         
1     00012c40  _TORQUE_AB                      
1     00012c56  _TORQUE_BC                      
1     00012c80  _TORQUE_CA                      
1     00012cc0  _TORQUE_Model                   
1     00012e30  _MAX_U                          
1     00012e31  _MAX_I                          
1     00012e32  _MAX_SPEED                      
1     00012e33  _ERROR                          
1     00012e39  _errno                          
1     00012e3a  __lock                          
1     00012e3c  __unlock                        
1     00012e40  ___TI_ft_end                    
1     00012e80  __ftable                        
1     00012f00  ___TI_tmpnams                   
1     00013080  _SRM_PHASE                      
1     00013081  _SRM_SPEED_1                    
1     00013082  _NOW_state                      
1     00013083  _SRM_ANGLE                      
1     00013084  _LAST_state                     
1     00013085  _PB_state                       
1     00013086  _PA_state                       
1     00013087  _SRM_Direction                  
1     00013088  _PC_state                       
1     0001308e  _DRV_state                      
1     0001308f  _SRM_SPEED                      
1     00013091  _SRM_FIRST_RUN                  
1     00013092  _DBVD_offset                    
1     00013093  _Ref3V_offset                   
1     00013094  _IV_offset                      
1     00013095  _IV_ad                          
1     00013096  _IU_offset                      
1     00013097  _IU_ad                          
1     00013098  _BRV_state                      
1     0001309a  _HOT_state                      
1     0001309b  _Ref3V_ad                       
1     0001309c  _Ref0V_ad                       
1     0001309d  _DBVD_ad                        
1     0001309e  _SRM                            
1     000130c0  _CURRENT                        
1     000130de  __sys_memory                    
1     00013500  __CIOBUF_                       
1     003d7e80  _PartIdRegs                     
1     003f7ff8  _CsmPwl                         
abs   00000300  __STACK_SIZE                    
abs   00000400  __SYSMEM_SIZE                   
abs   ffffffff  ___TI_pprof_out_hndl            
abs   ffffffff  ___TI_prof_data_size            
abs   ffffffff  ___TI_prof_data_start           
abs   ffffffff  ___binit__                      
abs   ffffffff  ___c_args__                     
abs   ffffffff  ___pinit__                      
abs   ffffffff  binit                           
abs   ffffffff  pinit                           

[415 symbols]
