******************************************************************************
             TMS320C2000 Linker PC v15.12.1                    
******************************************************************************
>> Linked Tue Jul 17 17:18:09 2018

OUTPUT FILE NAME:   <SRD_xs.out>
ENTRY POINT SYMBOL: "_c_int00"  address: 0000b7b9


MEMORY CONFIGURATION

         name            origin    length      used     unused   attr    fill
----------------------  --------  ---------  --------  --------  ----  --------
PAGE 0:
  BEGIN                 00000000   00000002  00000002  00000000  RWIX
  RAMM0                 00000050   000003b0  00000351  0000005f  RWIX
  RAML0_L5              00008000   00006000  00003de8  00002218  RWIX
  FPUTABLES             003fd860   000006a0  00000000  000006a0  RWIX
  IQTABLES              003fdf00   00000b50  00000000  00000b50  RWIX
  IQTABLES2             003fea50   0000008c  00000000  0000008c  RWIX
  IQTABLES3             003feadc   000000aa  00000000  000000aa  RWIX
  BOOTROM               003ff3b0   00000c10  00000000  00000c10  RWIX
  RESET                 003fffc0   00000002  00000000  00000002  RWIX

PAGE 1:
  BOOT_RSVD             00000002   0000004e  00000000  0000004e  RWIX
  RAMM1                 00000400   00000400  00000300  00000100  RWIX
  DEV_EMU               00000880   00000105  00000004  00000101  RWIX
  SYS_PWR_CTL           00000985   00000003  00000003  00000000  RWIX
  FLASH_REGS            00000a80   00000060  00000008  00000058  RWIX
  CSM                   00000ae0   00000020  00000010  00000010  RWIX
  ADC_RESULT            00000b00   00000020  00000010  00000010  RWIX
  CPU_TIMER0            00000c00   00000008  00000008  00000000  RWIX
  CPU_TIMER1            00000c08   00000008  00000008  00000000  RWIX
  CPU_TIMER2            00000c10   00000008  00000008  00000000  RWIX
  PIE_CTRL              00000ce0   00000020  0000001a  00000006  RWIX
  PIE_VECT              00000d00   00000100  00000100  00000000  RWIX
  DMA                   00001000   00000200  000000e0  00000120  RWIX
  CLA1                  00001400   00000080  00000040  00000040  RWIX
  USB0                  00004000   00001000  00000454  00000bac  RWIX
  McBSPA                00005000   00000040  00000024  0000001c  RWIX
  ECANA                 00006000   00000040  00000034  0000000c  RWIX
  ECANA_LAM             00006040   00000040  00000040  00000000  RWIX
  ECANA_MOTS            00006080   00000040  00000040  00000000  RWIX
  ECANA_MOTO            000060c0   00000040  00000040  00000000  RWIX
  ECANA_MBOX            00006100   00000100  00000100  00000000  RWIX
  COMP1                 00006400   00000020  00000014  0000000c  RWIX
  COMP2                 00006420   00000020  00000014  0000000c  RWIX
  COMP3                 00006440   00000020  00000014  0000000c  RWIX
  EPWM1                 00006800   00000040  00000040  00000000  RWIX
  EPWM2                 00006840   00000040  00000040  00000000  RWIX
  EPWM3                 00006880   00000040  00000040  00000000  RWIX
  EPWM4                 000068c0   00000040  00000040  00000000  RWIX
  EPWM5                 00006900   00000040  00000040  00000000  RWIX
  EPWM6                 00006940   00000040  00000040  00000000  RWIX
  EPWM7                 00006980   00000040  00000040  00000000  RWIX
  EPWM8                 000069c0   00000040  00000040  00000000  RWIX
  ECAP1                 00006a00   00000020  00000020  00000000  RWIX
  ECAP2                 00006a20   00000020  00000020  00000000  RWIX
  ECAP3                 00006a40   00000020  00000020  00000000  RWIX
  HRCAP1                00006ac0   00000020  00000020  00000000  RWIX
  HRCAP2                00006ae0   00000020  00000020  00000000  RWIX
  EQEP1                 00006b00   00000040  00000022  0000001e  RWIX
  EQEP2                 00006b40   00000040  00000022  0000001e  RWIX
  HRCAP3                00006c80   00000020  00000020  00000000  RWIX
  HRCAP4                00006ca0   00000020  00000020  00000000  RWIX
  GPIOCTRL              00006f80   00000040  00000040  00000000  RWIX
  GPIODAT               00006fc0   00000020  00000020  00000000  RWIX
  GPIOINT               00006fe0   00000020  00000020  00000000  RWIX
  SYSTEM                00007010   00000030  00000030  00000000  RWIX
  SPIA                  00007040   00000010  00000010  00000000  RWIX
  SCIA                  00007050   00000010  00000010  00000000  RWIX
  NMIINTRUPT            00007060   00000010  00000010  00000000  RWIX
  XINTRUPT              00007070   00000010  00000010  00000000  RWIX
  ADC                   00007100   00000080  00000050  00000030  RWIX
  SPIB                  00007740   00000010  00000010  00000000  RWIX
  SCIB                  00007750   00000010  00000010  00000000  RWIX
  I2CA                  00007900   00000040  00000022  0000001e  RWIX
  RAML6_8               0000e000   00006000  00004ce6  0000131a  RWIX
  USB_RAM               00040000   00000800  00000000  00000800  RWIX
  PARTID                003d7e80   00000001  00000001  00000000  RWIX
  CSM_PWL               003f7ff8   00000008  00000008  00000000  RWIX


SECTION ALLOCATION MAP

 output                                  attributes/
section   page    origin      length       input sections
--------  ----  ----------  ----------   ----------------
codestart 
*          0    00000000    00000002     
                  00000000    00000002     F2806x_CodeStartBranch.obj (codestart)

.cinit     0    00000050    0000034d     
                  00000050    0000017d     srd_control.obj (.cinit)
                  000001cd    0000009c     srd_sensor.obj (.cinit)
                  00000269    00000082     srd_adapt.obj (.cinit)
                  000002eb    00000031     rts2800_fpu32.lib : lowlev.obj (.cinit)
                  0000031c    0000002a                       : defs.obj (.cinit)
                  00000346    00000025     srd_timer.obj (.cinit)
                  0000036b    0000000e     rts2800_fpu32.lib : exit.obj (.cinit)
                  00000379    0000000c     srd_error.obj (.cinit)
                  00000385    00000005     rts2800_fpu32.lib : _lock.obj (.cinit:__lock)
                  0000038a    00000005                       : _lock.obj (.cinit:__unlock)
                  0000038f    00000004                       : errno.obj (.cinit)
                  00000393    00000004                       : fopen.obj (.cinit)
                  00000397    00000004                       : memory.obj (.cinit)
                  0000039b    00000002     --HOLE-- [fill = 0]

ramfuncs   0    0000039d    00000004     
                  0000039d    00000004     F2806x_usDelay.obj (ramfuncs)

.text      0    00008000    00003de8     
                  00008000    00000bd9     rts2800_fpu32.lib : _printfi.obj (.text)
                  00008bd9    00000aad     srd_control.obj (.text)
                  00009686    0000039b     F2806x_DefaultIsr.obj (.text:retain)
                  00009a21    000002ed     srd_adc.obj (.text)
                  00009d0e    00000292     srd_sensor.obj (.text)
                  00009fa0    0000027c     rts2800_fpu32.lib : trgdrv.obj (.text)
                  0000a21c    0000023a     F2806x_Adc.obj (.text)
                  0000a456    00000222     srd_error.obj (.text)
                  0000a678    0000021b     rts2800_fpu32.lib : lowlev.obj (.text)
                  0000a893    000001d2                       : memory.obj (.text)
                  0000aa65    0000018c     F2806x_SysCtrl.obj (.text)
                  0000abf1    00000107     rts2800_fpu32.lib : ll_div.obj (.text)
                  0000acf8    000000f9                       : fopen.obj (.text)
                  0000adf1    000000d8     F2806x_EPwm.obj (.text)
                  0000aec9    000000bc     rts2800_fpu32.lib : s_scalbn.obj (.text)
                  0000af85    000000bb     srd_timer.obj (.text:retain)
                  0000b040    000000b5     srd_timer.obj (.text)
                  0000b0f5    000000b4     srd_pwm.obj (.text)
                  0000b1a9    000000b0     rts2800_fpu32.lib : fputs.obj (.text)
                  0000b259    0000009c                       : fd_add.obj (.text)
                  0000b2f5    00000001                       : startup.obj (.text)
                  0000b2f6    00000094                       : trgmsg.obj (.text)
                  0000b38a    0000008b                       : fd_div.obj (.text)
                  0000b415    00000089                       : setvbuf.obj (.text)
                  0000b49e    00000088                       : fs_div.obj (.text)
                  0000b526    00000083                       : fd_mpy.obj (.text)
                  0000b5a9    0000007c     F2806x_CpuTimers.obj (.text)
                  0000b625    00000073     rts2800_fpu32.lib : fflush.obj (.text)
                  0000b698    00000067                       : _io_perm.obj (.text)
                  0000b6ff    0000005f                       : fclose.obj (.text)
                  0000b75e    0000005b                       : s_frexp.obj (.text)
                  0000b7b9    00000056                       : boot.obj (.text)
                  0000b80f    00000053                       : fputc.obj (.text)
                  0000b862    00000052                       : _bufread.obj (.text)
                  0000b8b4    00000050     F2806x_EQep.obj (.text)
                  0000b904    00000050     rts2800_fpu32.lib : fgetc.obj (.text)
                  0000b954    00000050     srd_gpio.obj (.text)
                  0000b9a4    00000046     rts2800_fpu32.lib : cpy_tbl.obj (.text)
                  0000b9ea    0000003d                       : fseek.obj (.text)
                  0000ba27    00000034                       : printf.obj (.text)
                  0000ba5b    00000031                       : atoi.obj (.text)
                  0000ba8c    00000030     srd_qep.obj (.text)
                  0000babc    0000002e     rts2800_fpu32.lib : ltoa.obj (.text)
                  0000baea    0000002a                       : fd_cmp.obj (.text)
                  0000bb14    0000002a                       : l_div.obj (.text)
                  0000bb3e    00000029                       : exit.obj (.text)
                  0000bb67    00000028     F2806x_PieCtrl.obj (.text)
                  0000bb8f    00000026     F2806x_PieVect.obj (.text)
                  0000bbb5    00000022     rts2800_fpu32.lib : i_div.obj (.text)
                  0000bbd7    00000022                       : s_copysign.obj (.text)
                  0000bbf9    00000021                       : fd_toi.obj (.text)
                  0000bc1a    0000001f                       : fd_tol.obj (.text)
                  0000bc39    0000001e                       : ll_cmp.obj (.text)
                  0000bc57    0000001e                       : memcpy.obj (.text)
                  0000bc75    0000001e                       : strncpy.obj (.text)
                  0000bc93    0000001d                       : i_tofd.obj (.text)
                  0000bcb0    0000001c                       : fs_tofd.obj (.text)
                  0000bccc    0000001c                       : l_tofd.obj (.text)
                  0000bce8    0000001a                       : cpy_utils.obj (.text)
                  0000bd02    00000019                       : args_main.obj (.text)
                  0000bd1b    00000018                       : ll_aox.obj (.text)
                  0000bd33    00000015     F2806x_Gpio.obj (.text)
                  0000bd48    00000011     main.obj (.text)
                  0000bd59    00000011     rts2800_fpu32.lib : memchr.obj (.text)
                  0000bd6a    0000000e                       : fd_sub.obj (.text)
                  0000bd78    0000000d                       : memccpy.obj (.text)
                  0000bd85    0000000c                       : memset.obj (.text)
                  0000bd91    0000000c                       : strchr.obj (.text)
                  0000bd9d    0000000b                       : u_div.obj (.text)
                  0000bda8    0000000a                       : strcmp.obj (.text)
                  0000bdb2    00000009                       : _lock.obj (.text)
                  0000bdbb    00000009                       : fd_neg.obj (.text)
                  0000bdc4    00000008     F2806x_CodeStartBranch.obj (.text)
                  0000bdcc    00000008     rts2800_fpu32.lib : strlen.obj (.text)
                  0000bdd4    00000007     F2806x_DisInt.obj (.text)
                  0000bddb    00000005     rts2800_fpu32.lib : strcpy.obj (.text)
                  0000bde0    00000003     F2806x_DBGIER.obj (.text)
                  0000bde3    00000003     rts2800_fpu32.lib : remove.obj (.text)
                  0000bde6    00000002                       : pre_init.obj (.text)

.pinit     0    00000050    00000000     UNINITIALIZED

.reset     0    003fffc0    00000002     DSECT
                  003fffc0    00000002     rts2800_fpu32.lib : boot.obj (.reset)

.stack     1    00000400    00000300     UNINITIALIZED
                  00000400    00000300     --HOLE--

DevEmuRegsFile 
*          1    00000880    00000004     UNINITIALIZED
                  00000880    00000004     F2806x_GlobalVariableDefs.obj (DevEmuRegsFile)

SysPwrCtrlRegsFile 
*          1    00000985    00000003     UNINITIALIZED
                  00000985    00000003     F2806x_GlobalVariableDefs.obj (SysPwrCtrlRegsFile)

FlashRegsFile 
*          1    00000a80    00000008     UNINITIALIZED
                  00000a80    00000008     F2806x_GlobalVariableDefs.obj (FlashRegsFile)

CsmRegsFile 
*          1    00000ae0    00000010     UNINITIALIZED
                  00000ae0    00000010     F2806x_GlobalVariableDefs.obj (CsmRegsFile)

AdcResultFile 
*          1    00000b00    00000010     UNINITIALIZED
                  00000b00    00000010     F2806x_GlobalVariableDefs.obj (AdcResultFile)

CpuTimer0RegsFile 
*          1    00000c00    00000008     UNINITIALIZED
                  00000c00    00000008     F2806x_GlobalVariableDefs.obj (CpuTimer0RegsFile)

CpuTimer1RegsFile 
*          1    00000c08    00000008     UNINITIALIZED
                  00000c08    00000008     F2806x_GlobalVariableDefs.obj (CpuTimer1RegsFile)

CpuTimer2RegsFile 
*          1    00000c10    00000008     UNINITIALIZED
                  00000c10    00000008     F2806x_GlobalVariableDefs.obj (CpuTimer2RegsFile)

PieCtrlRegsFile 
*          1    00000ce0    0000001a     UNINITIALIZED
                  00000ce0    0000001a     F2806x_GlobalVariableDefs.obj (PieCtrlRegsFile)

PieVectTableFile 
*          1    00000d00    00000100     UNINITIALIZED
                  00000d00    00000100     F2806x_GlobalVariableDefs.obj (PieVectTableFile)

EmuKeyVar 
*          1    00000d00    00000001     UNINITIALIZED
                  00000d00    00000001     F2806x_GlobalVariableDefs.obj (EmuKeyVar)

EmuBModeVar 
*          1    00000d01    00000001     UNINITIALIZED
                  00000d01    00000001     F2806x_GlobalVariableDefs.obj (EmuBModeVar)

FlashCallbackVar 
*          1    00000d02    00000002     UNINITIALIZED
                  00000d02    00000002     F2806x_GlobalVariableDefs.obj (FlashCallbackVar)

FlashScalingVar 
*          1    00000d04    00000002     UNINITIALIZED
                  00000d04    00000002     F2806x_GlobalVariableDefs.obj (FlashScalingVar)

DmaRegsFile 
*          1    00001000    000000e0     UNINITIALIZED
                  00001000    000000e0     F2806x_GlobalVariableDefs.obj (DmaRegsFile)

Cla1RegsFile 
*          1    00001400    00000040     UNINITIALIZED
                  00001400    00000040     F2806x_GlobalVariableDefs.obj (Cla1RegsFile)

Usb0RegsFile 
*          1    00004000    00000454     UNINITIALIZED
                  00004000    00000454     F2806x_GlobalVariableDefs.obj (Usb0RegsFile)

McbspaRegsFile 
*          1    00005000    00000024     UNINITIALIZED
                  00005000    00000024     F2806x_GlobalVariableDefs.obj (McbspaRegsFile)

ECanaRegsFile 
*          1    00006000    00000034     UNINITIALIZED
                  00006000    00000034     F2806x_GlobalVariableDefs.obj (ECanaRegsFile)

ECanaLAMRegsFile 
*          1    00006040    00000040     UNINITIALIZED
                  00006040    00000040     F2806x_GlobalVariableDefs.obj (ECanaLAMRegsFile)

ECanaMOTSRegsFile 
*          1    00006080    00000040     UNINITIALIZED
                  00006080    00000040     F2806x_GlobalVariableDefs.obj (ECanaMOTSRegsFile)

ECanaMOTORegsFile 
*          1    000060c0    00000040     UNINITIALIZED
                  000060c0    00000040     F2806x_GlobalVariableDefs.obj (ECanaMOTORegsFile)

ECanaMboxesFile 
*          1    00006100    00000100     UNINITIALIZED
                  00006100    00000100     F2806x_GlobalVariableDefs.obj (ECanaMboxesFile)

Comp1RegsFile 
*          1    00006400    00000014     UNINITIALIZED
                  00006400    00000014     F2806x_GlobalVariableDefs.obj (Comp1RegsFile)

Comp2RegsFile 
*          1    00006420    00000014     UNINITIALIZED
                  00006420    00000014     F2806x_GlobalVariableDefs.obj (Comp2RegsFile)

Comp3RegsFile 
*          1    00006440    00000014     UNINITIALIZED
                  00006440    00000014     F2806x_GlobalVariableDefs.obj (Comp3RegsFile)

EPwm1RegsFile 
*          1    00006800    00000040     UNINITIALIZED
                  00006800    00000040     F2806x_GlobalVariableDefs.obj (EPwm1RegsFile)

EPwm2RegsFile 
*          1    00006840    00000040     UNINITIALIZED
                  00006840    00000040     F2806x_GlobalVariableDefs.obj (EPwm2RegsFile)

EPwm3RegsFile 
*          1    00006880    00000040     UNINITIALIZED
                  00006880    00000040     F2806x_GlobalVariableDefs.obj (EPwm3RegsFile)

EPwm4RegsFile 
*          1    000068c0    00000040     UNINITIALIZED
                  000068c0    00000040     F2806x_GlobalVariableDefs.obj (EPwm4RegsFile)

EPwm5RegsFile 
*          1    00006900    00000040     UNINITIALIZED
                  00006900    00000040     F2806x_GlobalVariableDefs.obj (EPwm5RegsFile)

EPwm6RegsFile 
*          1    00006940    00000040     UNINITIALIZED
                  00006940    00000040     F2806x_GlobalVariableDefs.obj (EPwm6RegsFile)

EPwm7RegsFile 
*          1    00006980    00000040     UNINITIALIZED
                  00006980    00000040     F2806x_GlobalVariableDefs.obj (EPwm7RegsFile)

EPwm8RegsFile 
*          1    000069c0    00000040     UNINITIALIZED
                  000069c0    00000040     F2806x_GlobalVariableDefs.obj (EPwm8RegsFile)

ECap1RegsFile 
*          1    00006a00    00000020     UNINITIALIZED
                  00006a00    00000020     F2806x_GlobalVariableDefs.obj (ECap1RegsFile)

ECap2RegsFile 
*          1    00006a20    00000020     UNINITIALIZED
                  00006a20    00000020     F2806x_GlobalVariableDefs.obj (ECap2RegsFile)

ECap3RegsFile 
*          1    00006a40    00000020     UNINITIALIZED
                  00006a40    00000020     F2806x_GlobalVariableDefs.obj (ECap3RegsFile)

HRCap1RegsFile 
*          1    00006ac0    00000020     UNINITIALIZED
                  00006ac0    00000020     F2806x_GlobalVariableDefs.obj (HRCap1RegsFile)

HRCap2RegsFile 
*          1    00006ae0    00000020     UNINITIALIZED
                  00006ae0    00000020     F2806x_GlobalVariableDefs.obj (HRCap2RegsFile)

EQep1RegsFile 
*          1    00006b00    00000022     UNINITIALIZED
                  00006b00    00000022     F2806x_GlobalVariableDefs.obj (EQep1RegsFile)

EQep2RegsFile 
*          1    00006b40    00000022     UNINITIALIZED
                  00006b40    00000022     F2806x_GlobalVariableDefs.obj (EQep2RegsFile)

HRCap3RegsFile 
*          1    00006c80    00000020     UNINITIALIZED
                  00006c80    00000020     F2806x_GlobalVariableDefs.obj (HRCap3RegsFile)

HRCap4RegsFile 
*          1    00006ca0    00000020     UNINITIALIZED
                  00006ca0    00000020     F2806x_GlobalVariableDefs.obj (HRCap4RegsFile)

GpioCtrlRegsFile 
*          1    00006f80    00000040     UNINITIALIZED
                  00006f80    00000040     F2806x_GlobalVariableDefs.obj (GpioCtrlRegsFile)

GpioDataRegsFile 
*          1    00006fc0    00000020     UNINITIALIZED
                  00006fc0    00000020     F2806x_GlobalVariableDefs.obj (GpioDataRegsFile)

GpioIntRegsFile 
*          1    00006fe0    00000020     UNINITIALIZED
                  00006fe0    00000020     F2806x_GlobalVariableDefs.obj (GpioIntRegsFile)

SysCtrlRegsFile 
*          1    00007010    00000030     UNINITIALIZED
                  00007010    00000030     F2806x_GlobalVariableDefs.obj (SysCtrlRegsFile)

SpiaRegsFile 
*          1    00007040    00000010     UNINITIALIZED
                  00007040    00000010     F2806x_GlobalVariableDefs.obj (SpiaRegsFile)

SciaRegsFile 
*          1    00007050    00000010     UNINITIALIZED
                  00007050    00000010     F2806x_GlobalVariableDefs.obj (SciaRegsFile)

NmiIntruptRegsFile 
*          1    00007060    00000010     UNINITIALIZED
                  00007060    00000010     F2806x_GlobalVariableDefs.obj (NmiIntruptRegsFile)

XIntruptRegsFile 
*          1    00007070    00000010     UNINITIALIZED
                  00007070    00000010     F2806x_GlobalVariableDefs.obj (XIntruptRegsFile)

AdcRegsFile 
*          1    00007100    00000050     UNINITIALIZED
                  00007100    00000050     F2806x_GlobalVariableDefs.obj (AdcRegsFile)

SpibRegsFile 
*          1    00007740    00000010     UNINITIALIZED
                  00007740    00000010     F2806x_GlobalVariableDefs.obj (SpibRegsFile)

ScibRegsFile 
*          1    00007750    00000010     UNINITIALIZED
                  00007750    00000010     F2806x_GlobalVariableDefs.obj (ScibRegsFile)

I2caRegsFile 
*          1    00007900    00000022     UNINITIALIZED
                  00007900    00000022     F2806x_GlobalVariableDefs.obj (I2caRegsFile)

.esysmem   1    0000e000    00001000     UNINITIALIZED
                  0000e000    00000001     rts2800_fpu32.lib : memory.obj (.esysmem)
                  0000e001    00000fff     --HOLE--

SampData1 
*          1    0000f000    00000bb8     UNINITIALIZED
                  0000f000    00000bb8     srd_timer.obj (SampData1)

SampData2 
*          1    0000fbc0    00000bb8     UNINITIALIZED
                  0000fbc0    00000bb8     srd_timer.obj (SampData2)

SampData3 
*          1    00010780    00000bb8     UNINITIALIZED
                  00010780    00000bb8     srd_timer.obj (SampData3)

SampData4 
*          1    00011340    00000bb8     UNINITIALIZED
                  00011340    00000bb8     srd_timer.obj (SampData4)

.econst    1    00011ef8    00000716     
                  00011ef8    000002bf     srd_error.obj (.econst:.string)
                  000121b7    00000001     --HOLE-- [fill = 0]
                  000121b8    000001aa     light_matrix.obj (.econst:.string)
                  00012362    00000101     rts2800_fpu32.lib : ctype.obj (.econst:.string:__ctypes_)
                  00012463    00000001     --HOLE-- [fill = 0]
                  00012464    00000100     F2806x_PieVect.obj (.econst:_PieVectTableInit)
                  00012564    00000042     srd_control.obj (.econst:.string)
                  000125a6    00000026     rts2800_fpu32.lib : _printfi.obj (.econst:.string)
                  000125cc    0000001c                       : _printfi.obj (.econst)
                  000125e8    0000001c                       : s_scalbn.obj (.econst)
                  00012604    00000008                       : s_frexp.obj (.econst)
                  0001260c    00000002                       : fputs.obj (.econst:.string)

.ebss      1    0001260e    000005d0     UNINITIALIZED
                  0001260e    00000018     F2806x_CpuTimers.obj (.ebss)
                  00012626    00000008     rts2800_fpu32.lib : memory.obj (.ebss)
                  0001262e    00000008                       : trgdrv.obj (.ebss)
                  00012636    00000006                       : exit.obj (.ebss)
                  0001263c    00000002                       : _lock.obj (.ebss:__lock)
                  0001263e    00000002                       : _lock.obj (.ebss:__unlock)
                  00012640    00000228     srd_control.obj (.ebss)
                  00012868    00000006     srd_error.obj (.ebss)
                  0001286e    00000006     srd_timer.obj (.ebss)
                  00012874    00000001     rts2800_fpu32.lib : errno.obj (.ebss)
                  00012875    00000001                       : fopen.obj (.ebss)
                  00012876    0000000a     --HOLE--
                  00012880    00000160                       : defs.obj (.ebss)
                  000129e0    00000020     --HOLE--
                  00012a00    0000008c     srd_adapt.obj (.ebss)
                  00012a8c    00000034     --HOLE--
                  00012ac0    00000088     rts2800_fpu32.lib : lowlev.obj (.ebss)
                  00012b48    00000038     --HOLE--
                  00012b80    0000005e     srd_sensor.obj (.ebss)

.cio       1    00012c00    00000120     UNINITIALIZED
                  00012c00    00000120     rts2800_fpu32.lib : trgmsg.obj (.cio)

PartIdRegsFile 
*          1    003d7e80    00000001     UNINITIALIZED
                  003d7e80    00000001     F2806x_GlobalVariableDefs.obj (PartIdRegsFile)

CsmPwlFile 
*          1    003f7ff8    00000008     UNINITIALIZED
                  003f7ff8    00000008     F2806x_GlobalVariableDefs.obj (CsmPwlFile)

MODULE SUMMARY

       Module                          code    ro data   rw data
       ------                          ----    -------   -------
    .\src\
       F2806x_GlobalVariableDefs.obj   0       0         3550   
       F2806x_DefaultIsr.obj           923     0         0      
       F2806x_Adc.obj                  570     0         0      
       F2806x_SysCtrl.obj              396     0         0      
       F2806x_PieVect.obj              38      0         256    
       F2806x_EPwm.obj                 216     0         0      
       F2806x_CpuTimers.obj            124     0         24     
       F2806x_EQep.obj                 80      0         0      
       F2806x_PieCtrl.obj              40      0         0      
       F2806x_Gpio.obj                 21      0         0      
       F2806x_CodeStartBranch.obj      10      0         0      
       F2806x_DisInt.obj               7       0         0      
       F2806x_usDelay.obj              4       0         0      
       F2806x_DBGIER.obj               3       0         0      
    +--+-------------------------------+-------+---------+---------+
       Total:                          2432    0         3830   
                                                                
    .\user\
       srd_timer.obj                   368     0         12043  
       srd_control.obj                 2733    0         999    
       srd_error.obj                   546     0         721    
       srd_sensor.obj                  658     0         250    
       srd_adc.obj                     749     0         0      
       light_matrix.obj                0       0         426    
       srd_adapt.obj                   0       0         270    
       srd_pwm.obj                     180     0         0      
       srd_gpio.obj                    80      0         0      
       srd_qep.obj                     48      0         0      
       main.obj                        17      0         0      
    +--+-------------------------------+-------+---------+---------+
       Total:                          5379    0         14709  
                                                                
    D:\ti\ccsv6\tools\compiler\ti-cgt-c2000_15.12.1.LTS\lib\rts2800_fpu32.lib
       _printfi.obj                    3033    0         66     
       lowlev.obj                      539     0         185    
       trgdrv.obj                      636     0         8      
       memory.obj                      466     0         12     
       trgmsg.obj                      148     0         288    
       defs.obj                        0       0         394    
       ll_div.obj                      263     0         0      
       ctype.obj                       0       0         257    
       fopen.obj                       249     0         5      
       s_scalbn.obj                    188     0         28     
       fputs.obj                       176     0         2      
       fd_add.obj                      156     0         0      
       fd_div.obj                      139     0         0      
       setvbuf.obj                     137     0         0      
       fs_div.obj                      136     0         0      
       fd_mpy.obj                      131     0         0      
       fflush.obj                      115     0         0      
       _io_perm.obj                    103     0         0      
       s_frexp.obj                     91      0         8      
       fclose.obj                      95      0         0      
       boot.obj                        86      0         0      
       fputc.obj                       83      0         0      
       _bufread.obj                    82      0         0      
       fgetc.obj                       80      0         0      
       cpy_tbl.obj                     70      0         0      
       exit.obj                        41      0         20     
       fseek.obj                       61      0         0      
       printf.obj                      52      0         0      
       atoi.obj                        49      0         0      
       ltoa.obj                        46      0         0      
       fd_cmp.obj                      42      0         0      
       l_div.obj                       42      0         0      
       i_div.obj                       34      0         0      
       s_copysign.obj                  34      0         0      
       fd_toi.obj                      33      0         0      
       fd_tol.obj                      31      0         0      
       ll_cmp.obj                      30      0         0      
       memcpy.obj                      30      0         0      
       strncpy.obj                     30      0         0      
       i_tofd.obj                      29      0         0      
       fs_tofd.obj                     28      0         0      
       l_tofd.obj                      28      0         0      
       cpy_utils.obj                   26      0         0      
       args_main.obj                   25      0         0      
       ll_aox.obj                      24      0         0      
       _lock.obj                       9       0         14     
       memchr.obj                      17      0         0      
       fd_sub.obj                      14      0         0      
       memccpy.obj                     13      0         0      
       memset.obj                      12      0         0      
       strchr.obj                      12      0         0      
       u_div.obj                       11      0         0      
       strcmp.obj                      10      0         0      
       fd_neg.obj                      9       0         0      
       strlen.obj                      8       0         0      
       errno.obj                       0       0         5      
       strcpy.obj                      5       0         0      
       remove.obj                      3       0         0      
       pre_init.obj                    2       0         0      
       startup.obj                     1       0         0      
    +--+-------------------------------+-------+---------+---------+
       Total:                          8043    0         1292   
                                                                
       Heap:                           0       0         4096   
       Stack:                          0       0         768    
    +--+-------------------------------+-------+---------+---------+
       Grand Total:                    15854   0         24695  


GLOBAL DATA SYMBOLS: SORTED BY DATA PAGE

address     data page           name
--------    ----------------    ----
00000400      10 (00000400)     __stack

00000880      22 (00000880)     _DevEmuRegs

00000985      26 (00000980)     _SysPwrCtrlRegs

00000a80      2a (00000a80)     _FlashRegs

00000ae0      2b (00000ac0)     _CsmRegs

00000b00      2c (00000b00)     _AdcResult

00000c00      30 (00000c00)     _CpuTimer0Regs
00000c08      30 (00000c00)     _CpuTimer1Regs
00000c10      30 (00000c00)     _CpuTimer2Regs

00000ce0      33 (00000cc0)     _PieCtrlRegs

00000d00      34 (00000d00)     _EmuKey
00000d00      34 (00000d00)     _PieVectTable
00000d01      34 (00000d00)     _EmuBMode
00000d02      34 (00000d00)     _Flash_CallbackPtr
00000d04      34 (00000d00)     _Flash_CPUScaleFactor

00001000      40 (00001000)     _DmaRegs

00001400      50 (00001400)     _Cla1Regs

00004000     100 (00004000)     _Usb0Regs

00005000     140 (00005000)     _McbspaRegs

00006000     180 (00006000)     _ECanaRegs

00006040     181 (00006040)     _ECanaLAMRegs

00006080     182 (00006080)     _ECanaMOTSRegs

000060c0     183 (000060c0)     _ECanaMOTORegs

00006100     184 (00006100)     _ECanaMboxes

00006400     190 (00006400)     _Comp1Regs
00006420     190 (00006400)     _Comp2Regs

00006440     191 (00006440)     _Comp3Regs

00006800     1a0 (00006800)     _EPwm1Regs

00006840     1a1 (00006840)     _EPwm2Regs

00006880     1a2 (00006880)     _EPwm3Regs

000068c0     1a3 (000068c0)     _EPwm4Regs

00006900     1a4 (00006900)     _EPwm5Regs

00006940     1a5 (00006940)     _EPwm6Regs

00006980     1a6 (00006980)     _EPwm7Regs

000069c0     1a7 (000069c0)     _EPwm8Regs

00006a00     1a8 (00006a00)     _ECap1Regs
00006a20     1a8 (00006a00)     _ECap2Regs

00006a40     1a9 (00006a40)     _ECap3Regs

00006ac0     1ab (00006ac0)     _HRCap1Regs
00006ae0     1ab (00006ac0)     _HRCap2Regs

00006b00     1ac (00006b00)     _EQep1Regs

00006b40     1ad (00006b40)     _EQep2Regs

00006c80     1b2 (00006c80)     _HRCap3Regs
00006ca0     1b2 (00006c80)     _HRCap4Regs

00006f80     1be (00006f80)     _GpioCtrlRegs

00006fc0     1bf (00006fc0)     _GpioDataRegs
00006fe0     1bf (00006fc0)     _GpioIntRegs

00007010     1c0 (00007000)     _SysCtrlRegs

00007040     1c1 (00007040)     _SpiaRegs
00007050     1c1 (00007040)     _SciaRegs
00007060     1c1 (00007040)     _NmiIntruptRegs
00007070     1c1 (00007040)     _XIntruptRegs

00007100     1c4 (00007100)     _AdcRegs

00007740     1dd (00007740)     _SpibRegs
00007750     1dd (00007740)     _ScibRegs

00007900     1e4 (00007900)     _I2caRegs

0000e000     380 (0000e000)     __sys_memory

0000f000     3c0 (0000f000)     _SampData1

0000fbc0     3ef (0000fbc0)     _SampData2

00010780     41e (00010780)     _SampData3

00011340     44d (00011340)     _SampData4

00012362     48d (00012340)     __ctypes_

00012464     491 (00012440)     _PieVectTableInit

0001260e     498 (00012600)     _CpuTimer1
00012616     498 (00012600)     _CpuTimer2
0001261e     498 (00012600)     _CpuTimer0
00012636     498 (00012600)     ___TI_enable_exit_profile_output
00012638     498 (00012600)     ___TI_cleanup_ptr
0001263a     498 (00012600)     ___TI_dtors_ptr
0001263c     498 (00012600)     __lock
0001263e     498 (00012600)     __unlock

00012640     499 (00012640)     _Enable_AdaptControl
00012641     499 (00012640)     _Enable_Identification
00012646     499 (00012640)     _LOGIC
0001264a     499 (00012640)     _alpha
00012650     499 (00012640)     _PWM
0001265a     499 (00012640)     _SPEED

00012680     49a (00012680)     _TORQUE_BC
00012696     49a (00012680)     _TORQUE_CA

000126c0     49b (000126c0)     _TORQUE
000126d6     49b (000126c0)     _TORQUE_AB

00012700     49c (00012700)     _TORQUE_Model

00012868     4a1 (00012840)     _MAX_U
00012869     4a1 (00012840)     _MAX_I
0001286a     4a1 (00012840)     _MAX_SPEED
0001286b     4a1 (00012840)     _ERROR
00012872     4a1 (00012840)     _EQEP2_InterruptCount
00012874     4a1 (00012840)     _errno

00012880     4a2 (00012880)     ___TI_ft_end

000128c0     4a3 (000128c0)     __ftable

00012940     4a5 (00012940)     ___TI_tmpnams

00012a32     4a8 (00012a00)     _a1
00012a34     4a8 (00012a00)     _a2
00012a36     4a8 (00012a00)     _f1
00012a38     4a8 (00012a00)     _am2
00012a3a     4a8 (00012a00)     _g0
00012a3c     4a8 (00012a00)     _g2
00012a3e     4a8 (00012a00)     _g1

00012a40     4a9 (00012a40)     _b1
00012a42     4a9 (00012a40)     _b0
00012a44     4a9 (00012a40)     _d1
00012a46     4a9 (00012a40)     _am1
00012a48     4a9 (00012a40)     _d2
00012a4a     4a9 (00012a40)     _u_adapt

00012b80     4ae (00012b80)     _SRM_ANGLE
00012b81     4ae (00012b80)     _SRM_PHASE
00012b82     4ae (00012b80)     _LAST_state
00012b83     4ae (00012b80)     _NOW_state
00012b84     4ae (00012b80)     _DRV_state
00012b85     4ae (00012b80)     _PC_state
00012b86     4ae (00012b80)     _PB_state
00012b87     4ae (00012b80)     _SRM_SPEED
00012b88     4ae (00012b80)     _SRM_Direction
00012b8e     4ae (00012b80)     _SRM_FIRST_RUN
00012b8f     4ae (00012b80)     _SRM_SPEED_1
00012b92     4ae (00012b80)     _DBVD_offset
00012b93     4ae (00012b80)     _IV_offset
00012b94     4ae (00012b80)     _DBVD_ad
00012b95     4ae (00012b80)     _IV_ad
00012b96     4ae (00012b80)     _IU_ad
00012b97     4ae (00012b80)     _Ref3V_offset
00012b98     4ae (00012b80)     _BRV_state
00012b99     4ae (00012b80)     _HOT_state
00012b9b     4ae (00012b80)     _Ref3V_ad
00012b9c     4ae (00012b80)     _IU_offset
00012b9d     4ae (00012b80)     _PA_state
00012b9e     4ae (00012b80)     _Ref0V_ad
00012bb0     4ae (00012b80)     _SRM

00012bc0     4af (00012bc0)     _CURRENT

00012c00     4b0 (00012c00)     __CIOBUF_

003d7e80    f5fa (003d7e80)     _PartIdRegs

003f7ff8    fdff (003f7fc0)     _CsmPwl


GLOBAL SYMBOLS: SORTED ALPHABETICALLY BY Name 

page  address   name                            
----  -------   ----                            
0     00008000  .text                           
0     0000bb3e  C$$EXIT                         
0     0000b349  C$$IO$$                         
0     0000b259  FD$$ADD                         
0     0000baea  FD$$CMP                         
0     0000b38a  FD$$DIV                         
0     0000b526  FD$$MPY                         
0     0000bdbb  FD$$NEG                         
0     0000bd6a  FD$$SUB                         
0     0000bbf9  FD$$TOI                         
0     0000bc1a  FD$$TOL                         
0     0000b49e  FS$$DIV                         
0     0000bcb0  FS$$TOFD                        
0     0000bbb5  I$$DIV                          
0     0000bbc6  I$$MOD                          
0     0000bc93  I$$TOFD                         
0     0000bb14  L$$DIV                          
0     0000bb23  L$$MOD                          
0     0000bccc  L$$TOFD                         
0     0000bd1b  LL$$AND                         
0     0000bc39  LL$$CMP                         
0     0000abf1  LL$$DIV                         
0     0000ac2d  LL$$MOD                         
0     0000bd23  LL$$OR                          
0     0000bd2b  LL$$XOR                         
0     0000bd9d  U$$DIV                          
0     0000bda2  U$$MOD                          
0     0000bb31  UL$$DIV                         
0     0000bb38  UL$$MOD                         
0     0000bc4b  ULL$$CMP                        
0     0000ac67  ULL$$DIV                        
0     0000ac96  ULL$$MOD                        
0     00009744  _ADCINT1_ISR                    
0     0000974e  _ADCINT2_ISR                    
0     00009956  _ADCINT3_ISR                    
0     00009960  _ADCINT4_ISR                    
0     0000996a  _ADCINT5_ISR                    
0     00009974  _ADCINT6_ISR                    
0     0000997e  _ADCINT7_ISR                    
0     00009988  _ADCINT8_ISR                    
0     0000976c  _ADCINT9_ISR                    
0     0000a290  _AdcChanSelect                  
0     0000a305  _AdcConversion                  
0     0000a269  _AdcOffsetSelfCal               
1     00007100  _AdcRegs                        
1     00000b00  _AdcResult                      
1     00012b98  _BRV_state                      
0     00009992  _CLA1_INT1_ISR                  
0     0000999c  _CLA1_INT2_ISR                  
0     000099a6  _CLA1_INT3_ISR                  
0     000099b0  _CLA1_INT4_ISR                  
0     000099ba  _CLA1_INT5_ISR                  
0     000099c4  _CLA1_INT6_ISR                  
0     000099ce  _CLA1_INT7_ISR                  
0     000099d8  _CLA1_INT8_ISR                  
1     00012bc0  _CURRENT                        
1     00001400  _Cla1Regs                       
1     00006400  _Comp1Regs                      
1     00006420  _Comp2Regs                      
1     00006440  _Comp3Regs                      
0     0000b5ea  _ConfigCpuTimer                 
0     00008bd9  _Control_SRD_external_loop      
0     00008c5a  _Control_SRD_internal_loop      
1     0001261e  _CpuTimer0                      
1     00000c00  _CpuTimer0Regs                  
1     0001260e  _CpuTimer1                      
1     00000c08  _CpuTimer1Regs                  
1     00012616  _CpuTimer2                      
1     00000c10  _CpuTimer2Regs                  
1     003f7ff8  _CsmPwl                         
1     00000ae0  _CsmRegs                        
0     0000ab6a  _CsmUnlock                      
0     0000969a  _DATALOG_ISR                    
1     00012b94  _DBVD_ad                        
1     00012b92  _DBVD_offset                    
0     000098ca  _DINTCH1_ISR                    
0     000098d4  _DINTCH2_ISR                    
0     000098de  _DINTCH3_ISR                    
0     000098e8  _DINTCH4_ISR                    
0     000098f2  _DINTCH5_ISR                    
0     000098fc  _DINTCH6_ISR                    
1     00012b84  _DRV_state                      
0     0000bdd4  _DSP28x_DisableInt              
0     0000bdd8  _DSP28x_RestoreInt              
0     0000039d  _DSP28x_usDelay                 
1     00000880  _DevEmuRegs                     
0     0000aa89  _DisableDog                     
1     00001000  _DmaRegs                        
0     00009942  _ECAN0INTA_ISR                  
0     0000994c  _ECAN1INTA_ISR                  
0     0000982a  _ECAP1_INT_ISR                  
0     00009834  _ECAP2_INT_ISR                  
0     0000983e  _ECAP3_INT_ISR                  
1     00006040  _ECanaLAMRegs                   
1     000060c0  _ECanaMOTORegs                  
1     00006080  _ECanaMOTSRegs                  
1     00006100  _ECanaMboxes                    
1     00006000  _ECanaRegs                      
1     00006a00  _ECap1Regs                      
1     00006a20  _ECap2Regs                      
1     00006a40  _ECap3Regs                      
0     00009a00  _EMPTY_ISR                      
0     000096ae  _EMUINT_ISR                     
0     000097da  _EPWM1_INT_ISR                  
0     0000978a  _EPWM1_TZINT_ISR                
0     000097e4  _EPWM2_INT_ISR                  
0     00009794  _EPWM2_TZINT_ISR                
0     000097ee  _EPWM3_INT_ISR                  
0     0000979e  _EPWM3_TZINT_ISR                
0     000097f8  _EPWM4_INT_ISR                  
0     000097a8  _EPWM4_TZINT_ISR                
0     00009802  _EPWM5_INT_ISR                  
0     000097b2  _EPWM5_TZINT_ISR                
0     0000980c  _EPWM6_INT_ISR                  
0     000097bc  _EPWM6_TZINT_ISR                
0     00009816  _EPWM7_INT_ISR                  
0     000097c6  _EPWM7_TZINT_ISR                
0     00009820  _EPWM8_INT_ISR                  
0     000097d0  _EPWM8_TZINT_ISR                
1     00006800  _EPwm1Regs                      
1     00006840  _EPwm2Regs                      
1     00006880  _EPwm3Regs                      
1     000068c0  _EPwm4Regs                      
1     00006900  _EPwm5Regs                      
1     00006940  _EPwm6Regs                      
1     00006980  _EPwm7Regs                      
1     000069c0  _EPwm8Regs                      
0     0000985c  _EQEP1_INT_ISR                  
0     00009866  _EQEP2_INT_ISR                  
1     00012872  _EQEP2_InterruptCount           
1     00006b00  _EQep1Regs                      
1     00006b40  _EQep2Regs                      
1     0001286b  _ERROR                          
1     00000d01  _EmuBMode                       
1     00000d00  _EmuKey                         
0     0000bb86  _EnableInterrupts               
1     00012640  _Enable_AdaptControl            
1     00012641  _Enable_Identification          
0     0000a45d  _Error_Checking                 
0     0000abdb  _ExtOscSel                      
1     00000a80  _FlashRegs                      
1     00000d04  _Flash_CPUScaleFactor           
1     00000d02  _Flash_CallbackPtr              
0     00009b19  _Get_AD_Offset                  
0     00009d88  _Get_Current                    
0     00009e2f  _Get_Hall                       
0     00009eba  _Get_Position                   
0     00009d28  _Get_Sensor                     
0     00009ef9  _Get_Speed                      
0     00009d31  _Get_State                      
1     00006f80  _GpioCtrlRegs                   
1     00006fc0  _GpioDataRegs                   
1     00006fe0  _GpioIntRegs                    
0     0000a1e6  _HOSTclock                      
0     0000a1bd  _HOSTclose                      
0     0000a195  _HOSTgetenv                     
0     0000a134  _HOSTlseek                      
0     0000a0f4  _HOSTopen                       
0     0000a0b5  _HOSTread                       
0     0000a077  _HOSTrename                     
0     0000a041  _HOSTtime                       
0     00009ffc  _HOSTtime64                     
0     00009fd8  _HOSTunlink                     
0     00009fa0  _HOSTwrite                      
1     00012b99  _HOT_state                      
0     00009848  _HRCAP1_INT_ISR                 
0     00009852  _HRCAP2_INT_ISR                 
0     00009870  _HRCAP3_INT_ISR                 
0     0000987a  _HRCAP4_INT_ISR                 
1     00006ac0  _HRCap1Regs                     
1     00006ae0  _HRCap2Regs                     
1     00006c80  _HRCap3Regs                     
1     00006ca0  _HRCap4Regs                     
0     00009906  _I2CINT1A_ISR                   
0     00009910  _I2CINT2A_ISR                   
1     00007900  _I2caRegs                       
0     00009574  _IGBT_Control                   
0     000096c2  _ILLEGAL_ISR                    
0     00009686  _INT13_ISR                      
0     00009690  _INT14_ISR                      
1     00012b96  _IU_ad                          
1     00012b9c  _IU_offset                      
1     00012b95  _IV_ad                          
1     00012b93  _IV_offset                      
0     0000a21c  _InitAdc                        
0     0000a247  _InitAdcAio                     
0     0000b5a9  _InitCpuTimers                  
0     0000adf1  _InitEPwm                       
0     0000ae03  _InitEPwm1Gpio                  
0     0000b11c  _InitEPwm1Regs                  
0     0000ae15  _InitEPwm2Gpio                  
0     0000b14b  _InitEPwm2Regs                  
0     0000ae27  _InitEPwm3Gpio                  
0     0000b17a  _InitEPwm3Regs                  
0     0000ae3b  _InitEPwm4Gpio                  
0     0000ae4f  _InitEPwm5Gpio                  
0     0000ae61  _InitEPwm6Gpio                  
0     0000ae73  _InitEPwm7Gpio                  
0     0000ae85  _InitEPwm8Gpio                  
0     0000adf2  _InitEPwmGpio                   
0     0000ae97  _InitEPwmSyncGpio               
0     0000b8b4  _InitEQep                       
0     0000b8ba  _InitEQep1Gpio                  
0     0000b8e4  _InitEQep2Gpio                  
0     0000b8b5  _InitEQepGpio                   
0     0000bd33  _InitGpio                       
0     0000ab14  _InitPeripheralClocks           
0     0000bb67  _InitPieCtrl                    
0     0000bb8f  _InitPieVectTable               
0     0000aa91  _InitPll                        
0     0000aae6  _InitPll2                       
0     0000aa65  _InitSysCtrl                    
0     0000aea8  _InitTzGpio                     
0     00008c1f  _Init_SRD                       
0     0000ab9b  _IntOsc1Sel                     
0     0000abab  _IntOsc2Sel                     
1     00012b82  _LAST_state                     
1     00012646  _LOGIC                          
0     00008cb5  _LOGIC_Control                  
0     000099f6  _LUF_ISR                        
0     000099ec  _LVF_ISR                        
1     00012869  _MAX_I                          
1     0001286a  _MAX_SPEED                      
1     00012868  _MAX_U                          
0     000098b6  _MRINTA_ISR                     
0     000098c0  _MXINTA_ISR                     
1     00005000  _McbspaRegs                     
0     00009b4a  _My_AdcChanSelect               
0     00009bbf  _My_AdcConversion               
0     00009a21  _My_Init_ADC                    
0     00008c69  _My_Init_Control                
0     0000b040  _My_Init_Cputimer               
0     0000ba8c  _My_Init_EQEP                   
0     0000a456  _My_Init_Error                  
0     0000b954  _My_Init_GPIO                   
0     0000b0f5  _My_Init_PWM                    
0     00009d0e  _My_Init_Sensor                 
0     000096b8  _NMI_ISR                        
1     00012b83  _NOW_state                      
1     00007060  _NmiIntruptRegs                 
1     00012b9d  _PA_state                       
1     00012b86  _PB_state                       
1     00012b85  _PC_state                       
0     00009a0d  _PIE_RESERVED                   
1     00012650  _PWM                            
1     003d7e80  _PartIdRegs                     
1     00000ce0  _PieCtrlRegs                    
1     00000d00  _PieVectTable                   
1     00012464  _PieVectTableInit               
0     000096a4  _RTOSINT_ISR                    
1     00012b9e  _Ref0V_ad                       
1     00012b9b  _Ref3V_ad                       
1     00012b97  _Ref3V_offset                   
0     0000991a  _SCIRXINTA_ISR                  
0     0000992e  _SCIRXINTB_ISR                  
0     00009924  _SCITXINTA_ISR                  
0     00009938  _SCITXINTB_ISR                  
1     0001265a  _SPEED                          
0     00008bde  _SPEED_Control                  
0     0000988e  _SPIRXINTA_ISR                  
0     000098a2  _SPIRXINTB_ISR                  
0     00009898  _SPITXINTA_ISR                  
0     000098ac  _SPITXINTB_ISR                  
1     00012bb0  _SRM                            
1     00012b80  _SRM_ANGLE                      
1     00012b88  _SRM_Direction                  
1     00012b8e  _SRM_FIRST_RUN                  
1     00012b81  _SRM_PHASE                      
1     00012b87  _SRM_SPEED                      
1     00012b8f  _SRM_SPEED_1                    
1     0000f000  _SampData1                      
1     0000fbc0  _SampData2                      
1     00010780  _SampData3                      
1     00011340  _SampData4                      
0     0000b070  _Sample1                        
0     0000b088  _Sample2                        
0     0000b0a0  _Sample3                        
0     0000b0b8  _Sample4                        
1     00007050  _SciaRegs                       
1     00007750  _ScibRegs                       
0     0000aa7f  _ServiceDog                     
0     0000bde0  _SetDBGIER                      
1     00007040  _SpiaRegs                       
1     00007740  _SpibRegs                       
1     00007010  _SysCtrlRegs                    
1     00000985  _SysPwrCtrlRegs                 
0     00009776  _TINT0_ISR                      
1     000126c0  _TORQUE                         
1     000126d6  _TORQUE_AB                      
1     00012680  _TORQUE_BC                      
1     00012696  _TORQUE_CA                      
0     00008d70  _TORQUE_Calculate               
0     0000931c  _TORQUE_Control                 
0     00009274  _TORQUE_Distribution            
1     00012700  _TORQUE_Model                   
0     0000b0d0  _Test_SRD                       
0     00009884  _USB0_INT_ISR                   
0     00009726  _USER10_ISR                     
0     00009730  _USER11_ISR                     
0     0000973a  _USER12_ISR                     
0     000096cc  _USER1_ISR                      
0     000096d6  _USER2_ISR                      
0     000096e0  _USER3_ISR                      
0     000096ea  _USER4_ISR                      
0     000096f4  _USER5_ISR                      
0     000096fe  _USER6_ISR                      
0     00009708  _USER7_ISR                      
0     00009712  _USER8_ISR                      
0     0000971c  _USER9_ISR                      
1     00004000  _Usb0Regs                       
0     00009780  _WAKEINT_ISR                    
0     00009758  _XINT1_ISR                      
0     00009762  _XINT2_ISR                      
0     000099e2  _XINT3_ISR                      
1     00007070  _XIntruptRegs                   
0     0000abbf  _XtalOscSel                     
1     00012c00  __CIOBUF_                       
1     00000700  __STACK_END                     
abs   00000300  __STACK_SIZE                    
abs   00001000  __SYSMEM_SIZE                   
0     0000b862  ___TI_buff_read                 
0     0000ad70  ___TI_cleanup                   
1     00012638  ___TI_cleanup_ptr               
0     0000b6ff  ___TI_closefile                 
0     0000b625  ___TI_doflush                   
1     0001263a  ___TI_dtors_ptr                 
1     00012636  ___TI_enable_exit_profile_output
1     00012880  ___TI_ft_end                    
abs   ffffffff  ___TI_pprof_out_hndl            
0     00008ab4  ___TI_printfi                   
abs   ffffffff  ___TI_prof_data_size            
abs   ffffffff  ___TI_prof_data_start           
0     0000b6d3  ___TI_rd_ok                     
0     0000b34e  ___TI_readmsg                   
1     00012940  ___TI_tmpnams                   
0     0000b2f6  ___TI_writemsg                  
0     0000b698  ___TI_wrt_ok                    
abs   ffffffff  ___binit__                      
abs   ffffffff  ___c_args__                     
0     00000050  ___cinit__                      
0     0000bde8  ___etext__                      
abs   ffffffff  ___pinit__                      
0     00008000  ___text__                       
0     0000bd02  __args_main                     
1     00012362  __ctypes_                       
1     000128c0  __ftable                        
1     0001263c  __lock                          
0     0000bdba  __nop                           
0     0000bdb6  __register_lock                 
0     0000bdb2  __register_unlock               
1     00000400  __stack                         
1     0000e000  __sys_memory                    
0     0000b2f5  __system_post_cinit             
0     0000bde6  __system_pre_init               
1     0001263e  __unlock                        
1     00012a32  _a1                             
1     00012a34  _a2                             
0     0000bb3e  _abort                          
0     0000a815  _add_device                     
1     0001264a  _alpha                          
1     00012a46  _am1                            
1     00012a38  _am2                            
0     0000ba5b  _atoi                           
1     00012a42  _b0                             
1     00012a40  _b1                             
0     0000b7b9  _c_int00                        
0     0000aa4e  _calloc                         
0     0000aa4c  _chkheap                        
0     0000a7e2  _close                          
0     0000b9a4  _copy_in                        
0     0000bbd7  _copysignl                      
0     0000af85  _cpu_timer0_isr                 
0     0000afce  _cpu_timer1_isr                 
1     00012a44  _d1                             
1     00012a48  _d2                             
0     0000bce8  _ddcopy                         
0     0000bce8  _dpcopy                         
0     0000afff  _eqep2_isr                      
1     00012874  _errno                          
0     0000bb40  _exit                           
1     00012a36  _f1                             
0     0000b743  _fclose                         
0     0000b654  _fflush                         
0     0000b904  _fgetc                          
0     0000adab  _fopen                          
0     0000b80f  _fputc                          
0     0000b1a9  _fputs                          
0     0000a893  _free                           
0     0000aa2e  _free_memory                    
0     0000ad8d  _freopen                        
0     0000b75e  _frexpl                         
0     0000b9ea  _fseek                          
1     00012a3a  _g0                             
1     00012a3e  _g1                             
1     00012a3c  _g2                             
0     0000b904  _getc                           
0     0000b94f  _getchar                        
0     0000aec9  _ldexpl                         
0     0000a7ca  _lseek                          
0     0000babc  _ltoa                           
0     0000bd48  _main                           
0     0000a8fc  _malloc                         
0     0000aa0c  _max_free                       
0     0000bd78  _memccpy                        
0     0000bd59  _memchr                         
0     0000bc57  _memcpy                         
0     0000bd85  _memset                         
0     0000a8d7  _minit                          
0     0000a759  _open                           
0     0000bce8  _pdcopy                         
0     0000bce8  _ppcopy                         
0     0000ba2d  _printf                         
0     0000b80f  _putc                           
0     0000b85d  _putchar                        
0     0000b246  _puts                           
0     0000a740  _read                           
0     0000a95a  _realloc                        
0     0000bde3  _remove                         
0     0000a726  _remove_device                  
0     0000a6f8  _rename                         
0     00009a17  _rsvd_ISR                       
0     0000aec9  _scalbnl                        
0     0000b415  _setvbuf                        
0     0000bd91  _strchr                         
0     0000bda8  _strcmp                         
0     0000bddb  _strcpy                         
0     0000bdcc  _strlen                         
0     0000bc75  _strncpy                        
1     00012a4a  _u_adapt                        
0     0000a6df  _unlink                         
0     0000a678  _write                          
abs   ffffffff  binit                           
0     00000050  cinit                           
0     00000000  code_start                      
0     0000bde8  etext                           
abs   ffffffff  pinit                           


GLOBAL SYMBOLS: SORTED BY Symbol Address 

page  address   name                            
----  -------   ----                            
0     00000000  code_start                      
0     00000050  ___cinit__                      
0     00000050  cinit                           
0     0000039d  _DSP28x_usDelay                 
0     00008000  .text                           
0     00008000  ___text__                       
0     00008ab4  ___TI_printfi                   
0     00008bd9  _Control_SRD_external_loop      
0     00008bde  _SPEED_Control                  
0     00008c1f  _Init_SRD                       
0     00008c5a  _Control_SRD_internal_loop      
0     00008c69  _My_Init_Control                
0     00008cb5  _LOGIC_Control                  
0     00008d70  _TORQUE_Calculate               
0     00009274  _TORQUE_Distribution            
0     0000931c  _TORQUE_Control                 
0     00009574  _IGBT_Control                   
0     00009686  _INT13_ISR                      
0     00009690  _INT14_ISR                      
0     0000969a  _DATALOG_ISR                    
0     000096a4  _RTOSINT_ISR                    
0     000096ae  _EMUINT_ISR                     
0     000096b8  _NMI_ISR                        
0     000096c2  _ILLEGAL_ISR                    
0     000096cc  _USER1_ISR                      
0     000096d6  _USER2_ISR                      
0     000096e0  _USER3_ISR                      
0     000096ea  _USER4_ISR                      
0     000096f4  _USER5_ISR                      
0     000096fe  _USER6_ISR                      
0     00009708  _USER7_ISR                      
0     00009712  _USER8_ISR                      
0     0000971c  _USER9_ISR                      
0     00009726  _USER10_ISR                     
0     00009730  _USER11_ISR                     
0     0000973a  _USER12_ISR                     
0     00009744  _ADCINT1_ISR                    
0     0000974e  _ADCINT2_ISR                    
0     00009758  _XINT1_ISR                      
0     00009762  _XINT2_ISR                      
0     0000976c  _ADCINT9_ISR                    
0     00009776  _TINT0_ISR                      
0     00009780  _WAKEINT_ISR                    
0     0000978a  _EPWM1_TZINT_ISR                
0     00009794  _EPWM2_TZINT_ISR                
0     0000979e  _EPWM3_TZINT_ISR                
0     000097a8  _EPWM4_TZINT_ISR                
0     000097b2  _EPWM5_TZINT_ISR                
0     000097bc  _EPWM6_TZINT_ISR                
0     000097c6  _EPWM7_TZINT_ISR                
0     000097d0  _EPWM8_TZINT_ISR                
0     000097da  _EPWM1_INT_ISR                  
0     000097e4  _EPWM2_INT_ISR                  
0     000097ee  _EPWM3_INT_ISR                  
0     000097f8  _EPWM4_INT_ISR                  
0     00009802  _EPWM5_INT_ISR                  
0     0000980c  _EPWM6_INT_ISR                  
0     00009816  _EPWM7_INT_ISR                  
0     00009820  _EPWM8_INT_ISR                  
0     0000982a  _ECAP1_INT_ISR                  
0     00009834  _ECAP2_INT_ISR                  
0     0000983e  _ECAP3_INT_ISR                  
0     00009848  _HRCAP1_INT_ISR                 
0     00009852  _HRCAP2_INT_ISR                 
0     0000985c  _EQEP1_INT_ISR                  
0     00009866  _EQEP2_INT_ISR                  
0     00009870  _HRCAP3_INT_ISR                 
0     0000987a  _HRCAP4_INT_ISR                 
0     00009884  _USB0_INT_ISR                   
0     0000988e  _SPIRXINTA_ISR                  
0     00009898  _SPITXINTA_ISR                  
0     000098a2  _SPIRXINTB_ISR                  
0     000098ac  _SPITXINTB_ISR                  
0     000098b6  _MRINTA_ISR                     
0     000098c0  _MXINTA_ISR                     
0     000098ca  _DINTCH1_ISR                    
0     000098d4  _DINTCH2_ISR                    
0     000098de  _DINTCH3_ISR                    
0     000098e8  _DINTCH4_ISR                    
0     000098f2  _DINTCH5_ISR                    
0     000098fc  _DINTCH6_ISR                    
0     00009906  _I2CINT1A_ISR                   
0     00009910  _I2CINT2A_ISR                   
0     0000991a  _SCIRXINTA_ISR                  
0     00009924  _SCITXINTA_ISR                  
0     0000992e  _SCIRXINTB_ISR                  
0     00009938  _SCITXINTB_ISR                  
0     00009942  _ECAN0INTA_ISR                  
0     0000994c  _ECAN1INTA_ISR                  
0     00009956  _ADCINT3_ISR                    
0     00009960  _ADCINT4_ISR                    
0     0000996a  _ADCINT5_ISR                    
0     00009974  _ADCINT6_ISR                    
0     0000997e  _ADCINT7_ISR                    
0     00009988  _ADCINT8_ISR                    
0     00009992  _CLA1_INT1_ISR                  
0     0000999c  _CLA1_INT2_ISR                  
0     000099a6  _CLA1_INT3_ISR                  
0     000099b0  _CLA1_INT4_ISR                  
0     000099ba  _CLA1_INT5_ISR                  
0     000099c4  _CLA1_INT6_ISR                  
0     000099ce  _CLA1_INT7_ISR                  
0     000099d8  _CLA1_INT8_ISR                  
0     000099e2  _XINT3_ISR                      
0     000099ec  _LVF_ISR                        
0     000099f6  _LUF_ISR                        
0     00009a00  _EMPTY_ISR                      
0     00009a0d  _PIE_RESERVED                   
0     00009a17  _rsvd_ISR                       
0     00009a21  _My_Init_ADC                    
0     00009b19  _Get_AD_Offset                  
0     00009b4a  _My_AdcChanSelect               
0     00009bbf  _My_AdcConversion               
0     00009d0e  _My_Init_Sensor                 
0     00009d28  _Get_Sensor                     
0     00009d31  _Get_State                      
0     00009d88  _Get_Current                    
0     00009e2f  _Get_Hall                       
0     00009eba  _Get_Position                   
0     00009ef9  _Get_Speed                      
0     00009fa0  _HOSTwrite                      
0     00009fd8  _HOSTunlink                     
0     00009ffc  _HOSTtime64                     
0     0000a041  _HOSTtime                       
0     0000a077  _HOSTrename                     
0     0000a0b5  _HOSTread                       
0     0000a0f4  _HOSTopen                       
0     0000a134  _HOSTlseek                      
0     0000a195  _HOSTgetenv                     
0     0000a1bd  _HOSTclose                      
0     0000a1e6  _HOSTclock                      
0     0000a21c  _InitAdc                        
0     0000a247  _InitAdcAio                     
0     0000a269  _AdcOffsetSelfCal               
0     0000a290  _AdcChanSelect                  
0     0000a305  _AdcConversion                  
0     0000a456  _My_Init_Error                  
0     0000a45d  _Error_Checking                 
0     0000a678  _write                          
0     0000a6df  _unlink                         
0     0000a6f8  _rename                         
0     0000a726  _remove_device                  
0     0000a740  _read                           
0     0000a759  _open                           
0     0000a7ca  _lseek                          
0     0000a7e2  _close                          
0     0000a815  _add_device                     
0     0000a893  _free                           
0     0000a8d7  _minit                          
0     0000a8fc  _malloc                         
0     0000a95a  _realloc                        
0     0000aa0c  _max_free                       
0     0000aa2e  _free_memory                    
0     0000aa4c  _chkheap                        
0     0000aa4e  _calloc                         
0     0000aa65  _InitSysCtrl                    
0     0000aa7f  _ServiceDog                     
0     0000aa89  _DisableDog                     
0     0000aa91  _InitPll                        
0     0000aae6  _InitPll2                       
0     0000ab14  _InitPeripheralClocks           
0     0000ab6a  _CsmUnlock                      
0     0000ab9b  _IntOsc1Sel                     
0     0000abab  _IntOsc2Sel                     
0     0000abbf  _XtalOscSel                     
0     0000abdb  _ExtOscSel                      
0     0000abf1  LL$$DIV                         
0     0000ac2d  LL$$MOD                         
0     0000ac67  ULL$$DIV                        
0     0000ac96  ULL$$MOD                        
0     0000ad70  ___TI_cleanup                   
0     0000ad8d  _freopen                        
0     0000adab  _fopen                          
0     0000adf1  _InitEPwm                       
0     0000adf2  _InitEPwmGpio                   
0     0000ae03  _InitEPwm1Gpio                  
0     0000ae15  _InitEPwm2Gpio                  
0     0000ae27  _InitEPwm3Gpio                  
0     0000ae3b  _InitEPwm4Gpio                  
0     0000ae4f  _InitEPwm5Gpio                  
0     0000ae61  _InitEPwm6Gpio                  
0     0000ae73  _InitEPwm7Gpio                  
0     0000ae85  _InitEPwm8Gpio                  
0     0000ae97  _InitEPwmSyncGpio               
0     0000aea8  _InitTzGpio                     
0     0000aec9  _ldexpl                         
0     0000aec9  _scalbnl                        
0     0000af85  _cpu_timer0_isr                 
0     0000afce  _cpu_timer1_isr                 
0     0000afff  _eqep2_isr                      
0     0000b040  _My_Init_Cputimer               
0     0000b070  _Sample1                        
0     0000b088  _Sample2                        
0     0000b0a0  _Sample3                        
0     0000b0b8  _Sample4                        
0     0000b0d0  _Test_SRD                       
0     0000b0f5  _My_Init_PWM                    
0     0000b11c  _InitEPwm1Regs                  
0     0000b14b  _InitEPwm2Regs                  
0     0000b17a  _InitEPwm3Regs                  
0     0000b1a9  _fputs                          
0     0000b246  _puts                           
0     0000b259  FD$$ADD                         
0     0000b2f5  __system_post_cinit             
0     0000b2f6  ___TI_writemsg                  
0     0000b349  C$$IO$$                         
0     0000b34e  ___TI_readmsg                   
0     0000b38a  FD$$DIV                         
0     0000b415  _setvbuf                        
0     0000b49e  FS$$DIV                         
0     0000b526  FD$$MPY                         
0     0000b5a9  _InitCpuTimers                  
0     0000b5ea  _ConfigCpuTimer                 
0     0000b625  ___TI_doflush                   
0     0000b654  _fflush                         
0     0000b698  ___TI_wrt_ok                    
0     0000b6d3  ___TI_rd_ok                     
0     0000b6ff  ___TI_closefile                 
0     0000b743  _fclose                         
0     0000b75e  _frexpl                         
0     0000b7b9  _c_int00                        
0     0000b80f  _fputc                          
0     0000b80f  _putc                           
0     0000b85d  _putchar                        
0     0000b862  ___TI_buff_read                 
0     0000b8b4  _InitEQep                       
0     0000b8b5  _InitEQepGpio                   
0     0000b8ba  _InitEQep1Gpio                  
0     0000b8e4  _InitEQep2Gpio                  
0     0000b904  _fgetc                          
0     0000b904  _getc                           
0     0000b94f  _getchar                        
0     0000b954  _My_Init_GPIO                   
0     0000b9a4  _copy_in                        
0     0000b9ea  _fseek                          
0     0000ba2d  _printf                         
0     0000ba5b  _atoi                           
0     0000ba8c  _My_Init_EQEP                   
0     0000babc  _ltoa                           
0     0000baea  FD$$CMP                         
0     0000bb14  L$$DIV                          
0     0000bb23  L$$MOD                          
0     0000bb31  UL$$DIV                         
0     0000bb38  UL$$MOD                         
0     0000bb3e  C$$EXIT                         
0     0000bb3e  _abort                          
0     0000bb40  _exit                           
0     0000bb67  _InitPieCtrl                    
0     0000bb86  _EnableInterrupts               
0     0000bb8f  _InitPieVectTable               
0     0000bbb5  I$$DIV                          
0     0000bbc6  I$$MOD                          
0     0000bbd7  _copysignl                      
0     0000bbf9  FD$$TOI                         
0     0000bc1a  FD$$TOL                         
0     0000bc39  LL$$CMP                         
0     0000bc4b  ULL$$CMP                        
0     0000bc57  _memcpy                         
0     0000bc75  _strncpy                        
0     0000bc93  I$$TOFD                         
0     0000bcb0  FS$$TOFD                        
0     0000bccc  L$$TOFD                         
0     0000bce8  _ddcopy                         
0     0000bce8  _dpcopy                         
0     0000bce8  _pdcopy                         
0     0000bce8  _ppcopy                         
0     0000bd02  __args_main                     
0     0000bd1b  LL$$AND                         
0     0000bd23  LL$$OR                          
0     0000bd2b  LL$$XOR                         
0     0000bd33  _InitGpio                       
0     0000bd48  _main                           
0     0000bd59  _memchr                         
0     0000bd6a  FD$$SUB                         
0     0000bd78  _memccpy                        
0     0000bd85  _memset                         
0     0000bd91  _strchr                         
0     0000bd9d  U$$DIV                          
0     0000bda2  U$$MOD                          
0     0000bda8  _strcmp                         
0     0000bdb2  __register_unlock               
0     0000bdb6  __register_lock                 
0     0000bdba  __nop                           
0     0000bdbb  FD$$NEG                         
0     0000bdcc  _strlen                         
0     0000bdd4  _DSP28x_DisableInt              
0     0000bdd8  _DSP28x_RestoreInt              
0     0000bddb  _strcpy                         
0     0000bde0  _SetDBGIER                      
0     0000bde3  _remove                         
0     0000bde6  __system_pre_init               
0     0000bde8  ___etext__                      
0     0000bde8  etext                           
1     00000400  __stack                         
1     00000700  __STACK_END                     
1     00000880  _DevEmuRegs                     
1     00000985  _SysPwrCtrlRegs                 
1     00000a80  _FlashRegs                      
1     00000ae0  _CsmRegs                        
1     00000b00  _AdcResult                      
1     00000c00  _CpuTimer0Regs                  
1     00000c08  _CpuTimer1Regs                  
1     00000c10  _CpuTimer2Regs                  
1     00000ce0  _PieCtrlRegs                    
1     00000d00  _EmuKey                         
1     00000d00  _PieVectTable                   
1     00000d01  _EmuBMode                       
1     00000d02  _Flash_CallbackPtr              
1     00000d04  _Flash_CPUScaleFactor           
1     00001000  _DmaRegs                        
1     00001400  _Cla1Regs                       
1     00004000  _Usb0Regs                       
1     00005000  _McbspaRegs                     
1     00006000  _ECanaRegs                      
1     00006040  _ECanaLAMRegs                   
1     00006080  _ECanaMOTSRegs                  
1     000060c0  _ECanaMOTORegs                  
1     00006100  _ECanaMboxes                    
1     00006400  _Comp1Regs                      
1     00006420  _Comp2Regs                      
1     00006440  _Comp3Regs                      
1     00006800  _EPwm1Regs                      
1     00006840  _EPwm2Regs                      
1     00006880  _EPwm3Regs                      
1     000068c0  _EPwm4Regs                      
1     00006900  _EPwm5Regs                      
1     00006940  _EPwm6Regs                      
1     00006980  _EPwm7Regs                      
1     000069c0  _EPwm8Regs                      
1     00006a00  _ECap1Regs                      
1     00006a20  _ECap2Regs                      
1     00006a40  _ECap3Regs                      
1     00006ac0  _HRCap1Regs                     
1     00006ae0  _HRCap2Regs                     
1     00006b00  _EQep1Regs                      
1     00006b40  _EQep2Regs                      
1     00006c80  _HRCap3Regs                     
1     00006ca0  _HRCap4Regs                     
1     00006f80  _GpioCtrlRegs                   
1     00006fc0  _GpioDataRegs                   
1     00006fe0  _GpioIntRegs                    
1     00007010  _SysCtrlRegs                    
1     00007040  _SpiaRegs                       
1     00007050  _SciaRegs                       
1     00007060  _NmiIntruptRegs                 
1     00007070  _XIntruptRegs                   
1     00007100  _AdcRegs                        
1     00007740  _SpibRegs                       
1     00007750  _ScibRegs                       
1     00007900  _I2caRegs                       
1     0000e000  __sys_memory                    
1     0000f000  _SampData1                      
1     0000fbc0  _SampData2                      
1     00010780  _SampData3                      
1     00011340  _SampData4                      
1     00012362  __ctypes_                       
1     00012464  _PieVectTableInit               
1     0001260e  _CpuTimer1                      
1     00012616  _CpuTimer2                      
1     0001261e  _CpuTimer0                      
1     00012636  ___TI_enable_exit_profile_output
1     00012638  ___TI_cleanup_ptr               
1     0001263a  ___TI_dtors_ptr                 
1     0001263c  __lock                          
1     0001263e  __unlock                        
1     00012640  _Enable_AdaptControl            
1     00012641  _Enable_Identification          
1     00012646  _LOGIC                          
1     0001264a  _alpha                          
1     00012650  _PWM                            
1     0001265a  _SPEED                          
1     00012680  _TORQUE_BC                      
1     00012696  _TORQUE_CA                      
1     000126c0  _TORQUE                         
1     000126d6  _TORQUE_AB                      
1     00012700  _TORQUE_Model                   
1     00012868  _MAX_U                          
1     00012869  _MAX_I                          
1     0001286a  _MAX_SPEED                      
1     0001286b  _ERROR                          
1     00012872  _EQEP2_InterruptCount           
1     00012874  _errno                          
1     00012880  ___TI_ft_end                    
1     000128c0  __ftable                        
1     00012940  ___TI_tmpnams                   
1     00012a32  _a1                             
1     00012a34  _a2                             
1     00012a36  _f1                             
1     00012a38  _am2                            
1     00012a3a  _g0                             
1     00012a3c  _g2                             
1     00012a3e  _g1                             
1     00012a40  _b1                             
1     00012a42  _b0                             
1     00012a44  _d1                             
1     00012a46  _am1                            
1     00012a48  _d2                             
1     00012a4a  _u_adapt                        
1     00012b80  _SRM_ANGLE                      
1     00012b81  _SRM_PHASE                      
1     00012b82  _LAST_state                     
1     00012b83  _NOW_state                      
1     00012b84  _DRV_state                      
1     00012b85  _PC_state                       
1     00012b86  _PB_state                       
1     00012b87  _SRM_SPEED                      
1     00012b88  _SRM_Direction                  
1     00012b8e  _SRM_FIRST_RUN                  
1     00012b8f  _SRM_SPEED_1                    
1     00012b92  _DBVD_offset                    
1     00012b93  _IV_offset                      
1     00012b94  _DBVD_ad                        
1     00012b95  _IV_ad                          
1     00012b96  _IU_ad                          
1     00012b97  _Ref3V_offset                   
1     00012b98  _BRV_state                      
1     00012b99  _HOT_state                      
1     00012b9b  _Ref3V_ad                       
1     00012b9c  _IU_offset                      
1     00012b9d  _PA_state                       
1     00012b9e  _Ref0V_ad                       
1     00012bb0  _SRM                            
1     00012bc0  _CURRENT                        
1     00012c00  __CIOBUF_                       
1     003d7e80  _PartIdRegs                     
1     003f7ff8  _CsmPwl                         
abs   00000300  __STACK_SIZE                    
abs   00001000  __SYSMEM_SIZE                   
abs   ffffffff  ___TI_pprof_out_hndl            
abs   ffffffff  ___TI_prof_data_size            
abs   ffffffff  ___TI_prof_data_start           
abs   ffffffff  ___binit__                      
abs   ffffffff  ___c_args__                     
abs   ffffffff  ___pinit__                      
abs   ffffffff  binit                           
abs   ffffffff  pinit                           

[436 symbols]
