******************************************************************************
             TMS320C2000 Linker PC v15.12.1                    
******************************************************************************
>> Linked Wed Jun 27 07:08:50 2018

OUTPUT FILE NAME:   <SRD_xs.out>
ENTRY POINT SYMBOL: "_c_int00"  address: 0000c060


MEMORY CONFIGURATION

         name            origin    length      used     unused   attr    fill
----------------------  --------  ---------  --------  --------  ----  --------
PAGE 0:
  BEGIN                 00000000   00000002  00000002  00000000  RWIX
  RAMM0                 00000050   000003b0  00000361  0000004f  RWIX
  RAML0_L5              00008000   00006000  0000468f  00001971  RWIX
  FPUTABLES             003fd860   000006a0  00000000  000006a0  RWIX
  IQTABLES              003fdf00   00000b50  00000000  00000b50  RWIX
  IQTABLES2             003fea50   0000008c  00000000  0000008c  RWIX
  IQTABLES3             003feadc   000000aa  00000000  000000aa  RWIX
  BOOTROM               003ff3b0   00000c10  00000000  00000c10  RWIX
  RESET                 003fffc0   00000002  00000000  00000002  RWIX

PAGE 1:
  BOOT_RSVD             00000002   0000004e  00000000  0000004e  RWIX
  RAMM1                 00000400   00000400  00000300  00000100  RWIX
  DEV_EMU               00000880   00000105  00000004  00000101  RWIX
  SYS_PWR_CTL           00000985   00000003  00000003  00000000  RWIX
  FLASH_REGS            00000a80   00000060  00000008  00000058  RWIX
  CSM                   00000ae0   00000020  00000010  00000010  RWIX
  ADC_RESULT            00000b00   00000020  00000010  00000010  RWIX
  CPU_TIMER0            00000c00   00000008  00000008  00000000  RWIX
  CPU_TIMER1            00000c08   00000008  00000008  00000000  RWIX
  CPU_TIMER2            00000c10   00000008  00000008  00000000  RWIX
  PIE_CTRL              00000ce0   00000020  0000001a  00000006  RWIX
  PIE_VECT              00000d00   00000100  00000100  00000000  RWIX
  DMA                   00001000   00000200  000000e0  00000120  RWIX
  CLA1                  00001400   00000080  00000040  00000040  RWIX
  USB0                  00004000   00001000  00000454  00000bac  RWIX
  McBSPA                00005000   00000040  00000024  0000001c  RWIX
  ECANA                 00006000   00000040  00000034  0000000c  RWIX
  ECANA_LAM             00006040   00000040  00000040  00000000  RWIX
  ECANA_MOTS            00006080   00000040  00000040  00000000  RWIX
  ECANA_MOTO            000060c0   00000040  00000040  00000000  RWIX
  ECANA_MBOX            00006100   00000100  00000100  00000000  RWIX
  COMP1                 00006400   00000020  00000014  0000000c  RWIX
  COMP2                 00006420   00000020  00000014  0000000c  RWIX
  COMP3                 00006440   00000020  00000014  0000000c  RWIX
  EPWM1                 00006800   00000040  00000040  00000000  RWIX
  EPWM2                 00006840   00000040  00000040  00000000  RWIX
  EPWM3                 00006880   00000040  00000040  00000000  RWIX
  EPWM4                 000068c0   00000040  00000040  00000000  RWIX
  EPWM5                 00006900   00000040  00000040  00000000  RWIX
  EPWM6                 00006940   00000040  00000040  00000000  RWIX
  EPWM7                 00006980   00000040  00000040  00000000  RWIX
  EPWM8                 000069c0   00000040  00000040  00000000  RWIX
  ECAP1                 00006a00   00000020  00000020  00000000  RWIX
  ECAP2                 00006a20   00000020  00000020  00000000  RWIX
  ECAP3                 00006a40   00000020  00000020  00000000  RWIX
  HRCAP1                00006ac0   00000020  00000020  00000000  RWIX
  HRCAP2                00006ae0   00000020  00000020  00000000  RWIX
  EQEP1                 00006b00   00000040  00000022  0000001e  RWIX
  EQEP2                 00006b40   00000040  00000022  0000001e  RWIX
  HRCAP3                00006c80   00000020  00000020  00000000  RWIX
  HRCAP4                00006ca0   00000020  00000020  00000000  RWIX
  GPIOCTRL              00006f80   00000040  00000040  00000000  RWIX
  GPIODAT               00006fc0   00000020  00000020  00000000  RWIX
  GPIOINT               00006fe0   00000020  00000020  00000000  RWIX
  SYSTEM                00007010   00000030  00000030  00000000  RWIX
  SPIA                  00007040   00000010  00000010  00000000  RWIX
  SCIA                  00007050   00000010  00000010  00000000  RWIX
  NMIINTRUPT            00007060   00000010  00000010  00000000  RWIX
  XINTRUPT              00007070   00000010  00000010  00000000  RWIX
  ADC                   00007100   00000080  00000050  00000030  RWIX
  SPIB                  00007740   00000010  00000010  00000000  RWIX
  SCIB                  00007750   00000010  00000010  00000000  RWIX
  I2CA                  00007900   00000040  00000022  0000001e  RWIX
  RAML6_8               0000e000   00006000  000030ee  00002f12  RWIX
  USB_RAM               00040000   00000800  00000000  00000800  RWIX
  PARTID                003d7e80   00000001  00000001  00000000  RWIX
  CSM_PWL               003f7ff8   00000008  00000008  00000000  RWIX


SECTION ALLOCATION MAP

 output                                  attributes/
section   page    origin      length       input sections
--------  ----  ----------  ----------   ----------------
codestart 
*          0    00000000    00000002     
                  00000000    00000002     F2806x_CodeStartBranch.obj (codestart)

.cinit     0    00000050    0000035d     
                  00000050    0000020c     srd_control.obj (.cinit)
                  0000025c    0000009c     SRM_Sensor.obj (.cinit)
                  000002f8    00000031     rts2800_fpu32.lib : lowlev.obj (.cinit)
                  00000329    0000002a                       : defs.obj (.cinit)
                  00000353    00000028     srd_timer.obj (.cinit)
                  0000037b    0000000e     rts2800_fpu32.lib : exit.obj (.cinit)
                  00000389    0000000c     srd_error.obj (.cinit)
                  00000395    00000005     rts2800_fpu32.lib : _lock.obj (.cinit:__lock)
                  0000039a    00000005                       : _lock.obj (.cinit:__unlock)
                  0000039f    00000004                       : errno.obj (.cinit)
                  000003a3    00000004                       : fopen.obj (.cinit)
                  000003a7    00000004                       : memory.obj (.cinit)
                  000003ab    00000002     --HOLE-- [fill = 0]

ramfuncs   0    000003ad    00000004     
                  000003ad    00000004     F2806x_usDelay.obj (ramfuncs)

.text      0    00008000    0000468f     
                  00008000    00000dcc     srd_control.obj (.text)
                  00008dcc    00000bd9     rts2800_fpu32.lib : _printfi.obj (.text)
                  000099a5    0000054d     light_matrix.obj (.text)
                  00009ef2    0000039b     F2806x_DefaultIsr.obj (.text:retain)
                  0000a28d    00000315     SRM_Sensor.obj (.text)
                  0000a5a2    000002ed     srd_adc.obj (.text)
                  0000a88f    0000027c     rts2800_fpu32.lib : trgdrv.obj (.text)
                  0000ab0b    0000023a     F2806x_Adc.obj (.text)
                  0000ad45    00000222     srd_error.obj (.text)
                  0000af67    0000021b     rts2800_fpu32.lib : lowlev.obj (.text)
                  0000b182    000001d2                       : memory.obj (.text)
                  0000b354    0000018c     F2806x_SysCtrl.obj (.text)
                  0000b4e0    00000107     rts2800_fpu32.lib : ll_div.obj (.text)
                  0000b5e7    000000f9                       : fopen.obj (.text)
                  0000b6e0    000000d8     F2806x_EPwm.obj (.text)
                  0000b7b8    000000bc     rts2800_fpu32.lib : s_scalbn.obj (.text)
                  0000b874    000000b4     srd_pwm.obj (.text)
                  0000b928    000000b0     rts2800_fpu32.lib : fputs.obj (.text)
                  0000b9d8    0000009c                       : fd_add.obj (.text)
                  0000ba74    0000009b     srd_timer.obj (.text:retain)
                  0000bb0f    00000001     rts2800_fpu32.lib : startup.obj (.text)
                  0000bb10    00000094                       : trgmsg.obj (.text)
                  0000bba4    0000008d     srd_timer.obj (.text)
                  0000bc31    0000008b     rts2800_fpu32.lib : fd_div.obj (.text)
                  0000bcbc    00000089                       : setvbuf.obj (.text)
                  0000bd45    00000088                       : fs_div.obj (.text)
                  0000bdcd    00000083                       : fd_mpy.obj (.text)
                  0000be50    0000007c     F2806x_CpuTimers.obj (.text)
                  0000becc    00000073     rts2800_fpu32.lib : fflush.obj (.text)
                  0000bf3f    00000067                       : _io_perm.obj (.text)
                  0000bfa6    0000005f                       : fclose.obj (.text)
                  0000c005    0000005b                       : s_frexp.obj (.text)
                  0000c060    00000056                       : boot.obj (.text)
                  0000c0b6    00000053                       : fputc.obj (.text)
                  0000c109    00000052                       : _bufread.obj (.text)
                  0000c15b    00000050     F2806x_EQep.obj (.text)
                  0000c1ab    00000050     rts2800_fpu32.lib : fgetc.obj (.text)
                  0000c1fb    00000050     srd_gpio.obj (.text)
                  0000c24b    00000046     rts2800_fpu32.lib : cpy_tbl.obj (.text)
                  0000c291    0000003d                       : fseek.obj (.text)
                  0000c2ce    00000034                       : printf.obj (.text)
                  0000c302    00000031                       : atoi.obj (.text)
                  0000c333    00000030     srd_qep.obj (.text)
                  0000c363    0000002e     rts2800_fpu32.lib : ltoa.obj (.text)
                  0000c391    0000002a                       : fd_cmp.obj (.text)
                  0000c3bb    0000002a                       : l_div.obj (.text)
                  0000c3e5    00000029                       : exit.obj (.text)
                  0000c40e    00000028     F2806x_PieCtrl.obj (.text)
                  0000c436    00000026     F2806x_PieVect.obj (.text)
                  0000c45c    00000022     rts2800_fpu32.lib : i_div.obj (.text)
                  0000c47e    00000022                       : s_copysign.obj (.text)
                  0000c4a0    00000021                       : fd_toi.obj (.text)
                  0000c4c1    0000001f                       : fd_tol.obj (.text)
                  0000c4e0    0000001e                       : ll_cmp.obj (.text)
                  0000c4fe    0000001e                       : memcpy.obj (.text)
                  0000c51c    0000001e                       : strncpy.obj (.text)
                  0000c53a    0000001d                       : i_tofd.obj (.text)
                  0000c557    0000001c                       : fs_tofd.obj (.text)
                  0000c573    0000001c                       : l_tofd.obj (.text)
                  0000c58f    0000001a                       : cpy_utils.obj (.text)
                  0000c5a9    00000019                       : args_main.obj (.text)
                  0000c5c2    00000018                       : ll_aox.obj (.text)
                  0000c5da    00000015     F2806x_Gpio.obj (.text)
                  0000c5ef    00000011     main.obj (.text)
                  0000c600    00000011     rts2800_fpu32.lib : memchr.obj (.text)
                  0000c611    0000000e                       : fd_sub.obj (.text)
                  0000c61f    0000000d                       : memccpy.obj (.text)
                  0000c62c    0000000c                       : memset.obj (.text)
                  0000c638    0000000c                       : strchr.obj (.text)
                  0000c644    0000000b                       : u_div.obj (.text)
                  0000c64f    0000000a                       : strcmp.obj (.text)
                  0000c659    00000009                       : _lock.obj (.text)
                  0000c662    00000009                       : fd_neg.obj (.text)
                  0000c66b    00000008     F2806x_CodeStartBranch.obj (.text)
                  0000c673    00000008     rts2800_fpu32.lib : strlen.obj (.text)
                  0000c67b    00000007     F2806x_DisInt.obj (.text)
                  0000c682    00000005     rts2800_fpu32.lib : strcpy.obj (.text)
                  0000c687    00000003     F2806x_DBGIER.obj (.text)
                  0000c68a    00000003     rts2800_fpu32.lib : remove.obj (.text)
                  0000c68d    00000002                       : pre_init.obj (.text)

.pinit     0    00000050    00000000     UNINITIALIZED

.reset     0    003fffc0    00000002     DSECT
                  003fffc0    00000002     rts2800_fpu32.lib : boot.obj (.reset)

.stack     1    00000400    00000300     UNINITIALIZED
                  00000400    00000300     --HOLE--

DevEmuRegsFile 
*          1    00000880    00000004     UNINITIALIZED
                  00000880    00000004     F2806x_GlobalVariableDefs.obj (DevEmuRegsFile)

SysPwrCtrlRegsFile 
*          1    00000985    00000003     UNINITIALIZED
                  00000985    00000003     F2806x_GlobalVariableDefs.obj (SysPwrCtrlRegsFile)

FlashRegsFile 
*          1    00000a80    00000008     UNINITIALIZED
                  00000a80    00000008     F2806x_GlobalVariableDefs.obj (FlashRegsFile)

CsmRegsFile 
*          1    00000ae0    00000010     UNINITIALIZED
                  00000ae0    00000010     F2806x_GlobalVariableDefs.obj (CsmRegsFile)

AdcResultFile 
*          1    00000b00    00000010     UNINITIALIZED
                  00000b00    00000010     F2806x_GlobalVariableDefs.obj (AdcResultFile)

CpuTimer0RegsFile 
*          1    00000c00    00000008     UNINITIALIZED
                  00000c00    00000008     F2806x_GlobalVariableDefs.obj (CpuTimer0RegsFile)

CpuTimer1RegsFile 
*          1    00000c08    00000008     UNINITIALIZED
                  00000c08    00000008     F2806x_GlobalVariableDefs.obj (CpuTimer1RegsFile)

CpuTimer2RegsFile 
*          1    00000c10    00000008     UNINITIALIZED
                  00000c10    00000008     F2806x_GlobalVariableDefs.obj (CpuTimer2RegsFile)

PieCtrlRegsFile 
*          1    00000ce0    0000001a     UNINITIALIZED
                  00000ce0    0000001a     F2806x_GlobalVariableDefs.obj (PieCtrlRegsFile)

PieVectTableFile 
*          1    00000d00    00000100     UNINITIALIZED
                  00000d00    00000100     F2806x_GlobalVariableDefs.obj (PieVectTableFile)

EmuKeyVar 
*          1    00000d00    00000001     UNINITIALIZED
                  00000d00    00000001     F2806x_GlobalVariableDefs.obj (EmuKeyVar)

EmuBModeVar 
*          1    00000d01    00000001     UNINITIALIZED
                  00000d01    00000001     F2806x_GlobalVariableDefs.obj (EmuBModeVar)

FlashCallbackVar 
*          1    00000d02    00000002     UNINITIALIZED
                  00000d02    00000002     F2806x_GlobalVariableDefs.obj (FlashCallbackVar)

FlashScalingVar 
*          1    00000d04    00000002     UNINITIALIZED
                  00000d04    00000002     F2806x_GlobalVariableDefs.obj (FlashScalingVar)

DmaRegsFile 
*          1    00001000    000000e0     UNINITIALIZED
                  00001000    000000e0     F2806x_GlobalVariableDefs.obj (DmaRegsFile)

Cla1RegsFile 
*          1    00001400    00000040     UNINITIALIZED
                  00001400    00000040     F2806x_GlobalVariableDefs.obj (Cla1RegsFile)

Usb0RegsFile 
*          1    00004000    00000454     UNINITIALIZED
                  00004000    00000454     F2806x_GlobalVariableDefs.obj (Usb0RegsFile)

McbspaRegsFile 
*          1    00005000    00000024     UNINITIALIZED
                  00005000    00000024     F2806x_GlobalVariableDefs.obj (McbspaRegsFile)

ECanaRegsFile 
*          1    00006000    00000034     UNINITIALIZED
                  00006000    00000034     F2806x_GlobalVariableDefs.obj (ECanaRegsFile)

ECanaLAMRegsFile 
*          1    00006040    00000040     UNINITIALIZED
                  00006040    00000040     F2806x_GlobalVariableDefs.obj (ECanaLAMRegsFile)

ECanaMOTSRegsFile 
*          1    00006080    00000040     UNINITIALIZED
                  00006080    00000040     F2806x_GlobalVariableDefs.obj (ECanaMOTSRegsFile)

ECanaMOTORegsFile 
*          1    000060c0    00000040     UNINITIALIZED
                  000060c0    00000040     F2806x_GlobalVariableDefs.obj (ECanaMOTORegsFile)

ECanaMboxesFile 
*          1    00006100    00000100     UNINITIALIZED
                  00006100    00000100     F2806x_GlobalVariableDefs.obj (ECanaMboxesFile)

Comp1RegsFile 
*          1    00006400    00000014     UNINITIALIZED
                  00006400    00000014     F2806x_GlobalVariableDefs.obj (Comp1RegsFile)

Comp2RegsFile 
*          1    00006420    00000014     UNINITIALIZED
                  00006420    00000014     F2806x_GlobalVariableDefs.obj (Comp2RegsFile)

Comp3RegsFile 
*          1    00006440    00000014     UNINITIALIZED
                  00006440    00000014     F2806x_GlobalVariableDefs.obj (Comp3RegsFile)

EPwm1RegsFile 
*          1    00006800    00000040     UNINITIALIZED
                  00006800    00000040     F2806x_GlobalVariableDefs.obj (EPwm1RegsFile)

EPwm2RegsFile 
*          1    00006840    00000040     UNINITIALIZED
                  00006840    00000040     F2806x_GlobalVariableDefs.obj (EPwm2RegsFile)

EPwm3RegsFile 
*          1    00006880    00000040     UNINITIALIZED
                  00006880    00000040     F2806x_GlobalVariableDefs.obj (EPwm3RegsFile)

EPwm4RegsFile 
*          1    000068c0    00000040     UNINITIALIZED
                  000068c0    00000040     F2806x_GlobalVariableDefs.obj (EPwm4RegsFile)

EPwm5RegsFile 
*          1    00006900    00000040     UNINITIALIZED
                  00006900    00000040     F2806x_GlobalVariableDefs.obj (EPwm5RegsFile)

EPwm6RegsFile 
*          1    00006940    00000040     UNINITIALIZED
                  00006940    00000040     F2806x_GlobalVariableDefs.obj (EPwm6RegsFile)

EPwm7RegsFile 
*          1    00006980    00000040     UNINITIALIZED
                  00006980    00000040     F2806x_GlobalVariableDefs.obj (EPwm7RegsFile)

EPwm8RegsFile 
*          1    000069c0    00000040     UNINITIALIZED
                  000069c0    00000040     F2806x_GlobalVariableDefs.obj (EPwm8RegsFile)

ECap1RegsFile 
*          1    00006a00    00000020     UNINITIALIZED
                  00006a00    00000020     F2806x_GlobalVariableDefs.obj (ECap1RegsFile)

ECap2RegsFile 
*          1    00006a20    00000020     UNINITIALIZED
                  00006a20    00000020     F2806x_GlobalVariableDefs.obj (ECap2RegsFile)

ECap3RegsFile 
*          1    00006a40    00000020     UNINITIALIZED
                  00006a40    00000020     F2806x_GlobalVariableDefs.obj (ECap3RegsFile)

HRCap1RegsFile 
*          1    00006ac0    00000020     UNINITIALIZED
                  00006ac0    00000020     F2806x_GlobalVariableDefs.obj (HRCap1RegsFile)

HRCap2RegsFile 
*          1    00006ae0    00000020     UNINITIALIZED
                  00006ae0    00000020     F2806x_GlobalVariableDefs.obj (HRCap2RegsFile)

EQep1RegsFile 
*          1    00006b00    00000022     UNINITIALIZED
                  00006b00    00000022     F2806x_GlobalVariableDefs.obj (EQep1RegsFile)

EQep2RegsFile 
*          1    00006b40    00000022     UNINITIALIZED
                  00006b40    00000022     F2806x_GlobalVariableDefs.obj (EQep2RegsFile)

HRCap3RegsFile 
*          1    00006c80    00000020     UNINITIALIZED
                  00006c80    00000020     F2806x_GlobalVariableDefs.obj (HRCap3RegsFile)

HRCap4RegsFile 
*          1    00006ca0    00000020     UNINITIALIZED
                  00006ca0    00000020     F2806x_GlobalVariableDefs.obj (HRCap4RegsFile)

GpioCtrlRegsFile 
*          1    00006f80    00000040     UNINITIALIZED
                  00006f80    00000040     F2806x_GlobalVariableDefs.obj (GpioCtrlRegsFile)

GpioDataRegsFile 
*          1    00006fc0    00000020     UNINITIALIZED
                  00006fc0    00000020     F2806x_GlobalVariableDefs.obj (GpioDataRegsFile)

GpioIntRegsFile 
*          1    00006fe0    00000020     UNINITIALIZED
                  00006fe0    00000020     F2806x_GlobalVariableDefs.obj (GpioIntRegsFile)

SysCtrlRegsFile 
*          1    00007010    00000030     UNINITIALIZED
                  00007010    00000030     F2806x_GlobalVariableDefs.obj (SysCtrlRegsFile)

SpiaRegsFile 
*          1    00007040    00000010     UNINITIALIZED
                  00007040    00000010     F2806x_GlobalVariableDefs.obj (SpiaRegsFile)

SciaRegsFile 
*          1    00007050    00000010     UNINITIALIZED
                  00007050    00000010     F2806x_GlobalVariableDefs.obj (SciaRegsFile)

NmiIntruptRegsFile 
*          1    00007060    00000010     UNINITIALIZED
                  00007060    00000010     F2806x_GlobalVariableDefs.obj (NmiIntruptRegsFile)

XIntruptRegsFile 
*          1    00007070    00000010     UNINITIALIZED
                  00007070    00000010     F2806x_GlobalVariableDefs.obj (XIntruptRegsFile)

AdcRegsFile 
*          1    00007100    00000050     UNINITIALIZED
                  00007100    00000050     F2806x_GlobalVariableDefs.obj (AdcRegsFile)

SpibRegsFile 
*          1    00007740    00000010     UNINITIALIZED
                  00007740    00000010     F2806x_GlobalVariableDefs.obj (SpibRegsFile)

ScibRegsFile 
*          1    00007750    00000010     UNINITIALIZED
                  00007750    00000010     F2806x_GlobalVariableDefs.obj (ScibRegsFile)

I2caRegsFile 
*          1    00007900    00000022     UNINITIALIZED
                  00007900    00000022     F2806x_GlobalVariableDefs.obj (I2caRegsFile)

SampData1 
*          1    0000e000    000007d0     UNINITIALIZED
                  0000e000    000007d0     srd_timer.obj (SampData1)

SampData2 
*          1    0000e800    000007d0     UNINITIALIZED
                  0000e800    000007d0     srd_timer.obj (SampData2)

SampData3 
*          1    0000f000    000007d0     UNINITIALIZED
                  0000f000    000007d0     srd_timer.obj (SampData3)

SampData4 
*          1    0000f800    000007d0     UNINITIALIZED
                  0000f800    000007d0     srd_timer.obj (SampData4)

.econst    1    0000ffd0    00000716     
                  0000ffd0    000002bf     srd_error.obj (.econst:.string)
                  0001028f    00000001     --HOLE-- [fill = 0]
                  00010290    000001aa     light_matrix.obj (.econst:.string)
                  0001043a    00000101     rts2800_fpu32.lib : ctype.obj (.econst:.string:__ctypes_)
                  0001053b    00000001     --HOLE-- [fill = 0]
                  0001053c    00000100     F2806x_PieVect.obj (.econst:_PieVectTableInit)
                  0001063c    00000042     srd_control.obj (.econst:.string)
                  0001067e    00000026     rts2800_fpu32.lib : _printfi.obj (.econst:.string)
                  000106a4    0000001c                       : _printfi.obj (.econst)
                  000106c0    0000001c                       : s_scalbn.obj (.econst)
                  000106dc    00000008                       : s_frexp.obj (.econst)
                  000106e4    00000002                       : fputs.obj (.econst:.string)

.ebss      1    000106e6    00000578     UNINITIALIZED
                  000106e6    00000018     F2806x_CpuTimers.obj (.ebss)
                  000106fe    00000002     rts2800_fpu32.lib : _lock.obj (.ebss:__lock)
                  00010700    000002a8     srd_control.obj (.ebss)
                  000109a8    00000008     rts2800_fpu32.lib : memory.obj (.ebss)
                  000109b0    00000008                       : trgdrv.obj (.ebss)
                  000109b8    00000006                       : exit.obj (.ebss)
                  000109be    00000002                       : _lock.obj (.ebss:__unlock)
                  000109c0    00000160                       : defs.obj (.ebss)
                  00010b20    00000006     srd_error.obj (.ebss)
                  00010b26    00000005     srd_timer.obj (.ebss)
                  00010b2b    00000001     rts2800_fpu32.lib : errno.obj (.ebss)
                  00010b2c    00000001                       : fopen.obj (.ebss)
                  00010b2d    00000013     --HOLE--
                  00010b40    00000088                       : lowlev.obj (.ebss)
                  00010bc8    00000038     --HOLE--
                  00010c00    0000005e     SRM_Sensor.obj (.ebss)

.esysmem   1    00010c5e    00000400     UNINITIALIZED
                  00010c5e    00000001     rts2800_fpu32.lib : memory.obj (.esysmem)
                  00010c5f    000003ff     --HOLE--

.cio       1    00011080    00000120     UNINITIALIZED
                  00011080    00000120     rts2800_fpu32.lib : trgmsg.obj (.cio)

PartIdRegsFile 
*          1    003d7e80    00000001     UNINITIALIZED
                  003d7e80    00000001     F2806x_GlobalVariableDefs.obj (PartIdRegsFile)

CsmPwlFile 
*          1    003f7ff8    00000008     UNINITIALIZED
                  003f7ff8    00000008     F2806x_GlobalVariableDefs.obj (CsmPwlFile)

MODULE SUMMARY

       Module                          code    ro data   rw data
       ------                          ----    -------   -------
    .\src\
       F2806x_GlobalVariableDefs.obj   0       0         3550   
       F2806x_DefaultIsr.obj           923     0         0      
       F2806x_Adc.obj                  570     0         0      
       F2806x_SysCtrl.obj              396     0         0      
       F2806x_PieVect.obj              38      0         256    
       F2806x_EPwm.obj                 216     0         0      
       F2806x_CpuTimers.obj            124     0         24     
       F2806x_EQep.obj                 80      0         0      
       F2806x_PieCtrl.obj              40      0         0      
       F2806x_Gpio.obj                 21      0         0      
       F2806x_CodeStartBranch.obj      10      0         0      
       F2806x_DisInt.obj               7       0         0      
       F2806x_usDelay.obj              4       0         0      
       F2806x_DBGIER.obj               3       0         0      
    +--+-------------------------------+-------+---------+---------+
       Total:                          2432    0         3830   
                                                                
    .\user\
       srd_timer.obj                   296     0         8045   
       srd_control.obj                 3532    0         1270   
       light_matrix.obj                1357    0         426    
       srd_error.obj                   546     0         721    
       SRM_Sensor.obj                  789     0         250    
       srd_adc.obj                     749     0         0      
       srd_pwm.obj                     180     0         0      
       srd_gpio.obj                    80      0         0      
       srd_qep.obj                     48      0         0      
       main.obj                        17      0         0      
    +--+-------------------------------+-------+---------+---------+
       Total:                          7594    0         10712  
                                                                
    D:\ti\ccsv6\tools\compiler\ti-cgt-c2000_15.12.1.LTS\lib\rts2800_fpu32.lib
       _printfi.obj                    3033    0         66     
       lowlev.obj                      539     0         185    
       trgdrv.obj                      636     0         8      
       memory.obj                      466     0         12     
       trgmsg.obj                      148     0         288    
       defs.obj                        0       0         394    
       ll_div.obj                      263     0         0      
       ctype.obj                       0       0         257    
       fopen.obj                       249     0         5      
       s_scalbn.obj                    188     0         28     
       fputs.obj                       176     0         2      
       fd_add.obj                      156     0         0      
       fd_div.obj                      139     0         0      
       setvbuf.obj                     137     0         0      
       fs_div.obj                      136     0         0      
       fd_mpy.obj                      131     0         0      
       fflush.obj                      115     0         0      
       _io_perm.obj                    103     0         0      
       s_frexp.obj                     91      0         8      
       fclose.obj                      95      0         0      
       boot.obj                        86      0         0      
       fputc.obj                       83      0         0      
       _bufread.obj                    82      0         0      
       fgetc.obj                       80      0         0      
       cpy_tbl.obj                     70      0         0      
       exit.obj                        41      0         20     
       fseek.obj                       61      0         0      
       printf.obj                      52      0         0      
       atoi.obj                        49      0         0      
       ltoa.obj                        46      0         0      
       fd_cmp.obj                      42      0         0      
       l_div.obj                       42      0         0      
       i_div.obj                       34      0         0      
       s_copysign.obj                  34      0         0      
       fd_toi.obj                      33      0         0      
       fd_tol.obj                      31      0         0      
       ll_cmp.obj                      30      0         0      
       memcpy.obj                      30      0         0      
       strncpy.obj                     30      0         0      
       i_tofd.obj                      29      0         0      
       fs_tofd.obj                     28      0         0      
       l_tofd.obj                      28      0         0      
       cpy_utils.obj                   26      0         0      
       args_main.obj                   25      0         0      
       ll_aox.obj                      24      0         0      
       _lock.obj                       9       0         14     
       memchr.obj                      17      0         0      
       fd_sub.obj                      14      0         0      
       memccpy.obj                     13      0         0      
       memset.obj                      12      0         0      
       strchr.obj                      12      0         0      
       u_div.obj                       11      0         0      
       strcmp.obj                      10      0         0      
       fd_neg.obj                      9       0         0      
       strlen.obj                      8       0         0      
       errno.obj                       0       0         5      
       strcpy.obj                      5       0         0      
       remove.obj                      3       0         0      
       pre_init.obj                    2       0         0      
       startup.obj                     1       0         0      
    +--+-------------------------------+-------+---------+---------+
       Total:                          8043    0         1292   
                                                                
       Heap:                           0       0         1024   
       Stack:                          0       0         768    
    +--+-------------------------------+-------+---------+---------+
       Grand Total:                    18069   0         17626  


GLOBAL DATA SYMBOLS: SORTED BY DATA PAGE

address     data page           name
--------    ----------------    ----
00000400      10 (00000400)     __stack

00000880      22 (00000880)     _DevEmuRegs

00000985      26 (00000980)     _SysPwrCtrlRegs

00000a80      2a (00000a80)     _FlashRegs

00000ae0      2b (00000ac0)     _CsmRegs

00000b00      2c (00000b00)     _AdcResult

00000c00      30 (00000c00)     _CpuTimer0Regs
00000c08      30 (00000c00)     _CpuTimer1Regs
00000c10      30 (00000c00)     _CpuTimer2Regs

00000ce0      33 (00000cc0)     _PieCtrlRegs

00000d00      34 (00000d00)     _EmuKey
00000d00      34 (00000d00)     _PieVectTable
00000d01      34 (00000d00)     _EmuBMode
00000d02      34 (00000d00)     _Flash_CallbackPtr
00000d04      34 (00000d00)     _Flash_CPUScaleFactor

00001000      40 (00001000)     _DmaRegs

00001400      50 (00001400)     _Cla1Regs

00004000     100 (00004000)     _Usb0Regs

00005000     140 (00005000)     _McbspaRegs

00006000     180 (00006000)     _ECanaRegs

00006040     181 (00006040)     _ECanaLAMRegs

00006080     182 (00006080)     _ECanaMOTSRegs

000060c0     183 (000060c0)     _ECanaMOTORegs

00006100     184 (00006100)     _ECanaMboxes

00006400     190 (00006400)     _Comp1Regs
00006420     190 (00006400)     _Comp2Regs

00006440     191 (00006440)     _Comp3Regs

00006800     1a0 (00006800)     _EPwm1Regs

00006840     1a1 (00006840)     _EPwm2Regs

00006880     1a2 (00006880)     _EPwm3Regs

000068c0     1a3 (000068c0)     _EPwm4Regs

00006900     1a4 (00006900)     _EPwm5Regs

00006940     1a5 (00006940)     _EPwm6Regs

00006980     1a6 (00006980)     _EPwm7Regs

000069c0     1a7 (000069c0)     _EPwm8Regs

00006a00     1a8 (00006a00)     _ECap1Regs
00006a20     1a8 (00006a00)     _ECap2Regs

00006a40     1a9 (00006a40)     _ECap3Regs

00006ac0     1ab (00006ac0)     _HRCap1Regs
00006ae0     1ab (00006ac0)     _HRCap2Regs

00006b00     1ac (00006b00)     _EQep1Regs

00006b40     1ad (00006b40)     _EQep2Regs

00006c80     1b2 (00006c80)     _HRCap3Regs
00006ca0     1b2 (00006c80)     _HRCap4Regs

00006f80     1be (00006f80)     _GpioCtrlRegs

00006fc0     1bf (00006fc0)     _GpioDataRegs
00006fe0     1bf (00006fc0)     _GpioIntRegs

00007010     1c0 (00007000)     _SysCtrlRegs

00007040     1c1 (00007040)     _SpiaRegs
00007050     1c1 (00007040)     _SciaRegs
00007060     1c1 (00007040)     _NmiIntruptRegs
00007070     1c1 (00007040)     _XIntruptRegs

00007100     1c4 (00007100)     _AdcRegs

00007740     1dd (00007740)     _SpibRegs
00007750     1dd (00007740)     _ScibRegs

00007900     1e4 (00007900)     _I2caRegs

0000e000     380 (0000e000)     _SampData1

0000e800     3a0 (0000e800)     _SampData2

0000f000     3c0 (0000f000)     _SampData3

0000f800     3e0 (0000f800)     _SampData4

0001043a     410 (00010400)     __ctypes_

0001053c     414 (00010500)     _PieVectTableInit

000106e6     41b (000106c0)     _CpuTimer1
000106ee     41b (000106c0)     _CpuTimer2
000106f6     41b (000106c0)     _CpuTimer0
000106fe     41b (000106c0)     __lock

00010700     41c (00010700)     _g1
00010702     41c (00010700)     _g2
00010706     41c (00010700)     _g0
0001072a     41c (00010700)     _a1
0001072c     41c (00010700)     _b0
0001072e     41c (00010700)     _a2
00010730     41c (00010700)     _b1
00010732     41c (00010700)     _am2
00010734     41c (00010700)     _f1
00010736     41c (00010700)     _am1

00010744     41d (00010740)     _LOGIC
00010764     41d (00010740)     _alpha

00010780     41e (00010780)     _PWM
0001078a     41e (00010780)     _SPEED
0001079e     41e (00010780)     _TORQUE_BC

000107c0     41f (000107c0)     _TORQUE_AB
000107d6     41f (000107c0)     _TORQUE

00010800     420 (00010800)     _TORQUE_CA

00010840     421 (00010840)     _TORQUE_Model

000109b8     426 (00010980)     ___TI_enable_exit_profile_output
000109ba     426 (00010980)     ___TI_cleanup_ptr
000109bc     426 (00010980)     ___TI_dtors_ptr
000109be     426 (00010980)     __unlock

000109c0     427 (000109c0)     ___TI_ft_end

00010a00     428 (00010a00)     __ftable

00010a80     42a (00010a80)     ___TI_tmpnams

00010b20     42c (00010b00)     _MAX_U
00010b21     42c (00010b00)     _MAX_I
00010b22     42c (00010b00)     _MAX_SPEED
00010b23     42c (00010b00)     _ERROR
00010b2b     42c (00010b00)     _errno

00010c00     430 (00010c00)     _SRM_ANGLE
00010c01     430 (00010c00)     _SRM_PHASE
00010c02     430 (00010c00)     _LAST_state
00010c03     430 (00010c00)     _NOW_state
00010c04     430 (00010c00)     _DRV_state
00010c05     430 (00010c00)     _PC_state
00010c06     430 (00010c00)     _PB_state
00010c07     430 (00010c00)     _SRM_SPEED
00010c08     430 (00010c00)     _SRM_Direction
00010c0e     430 (00010c00)     _SRM_FIRST_RUN
00010c0f     430 (00010c00)     _SRM_SPEED_1
00010c13     430 (00010c00)     _DBVD_offset
00010c14     430 (00010c00)     _Ref3V_offset
00010c15     430 (00010c00)     _IV_offset
00010c16     430 (00010c00)     _IV_ad
00010c17     430 (00010c00)     _IU_offset
00010c18     430 (00010c00)     _IU_ad
00010c19     430 (00010c00)     _BRV_state
00010c1a     430 (00010c00)     _PA_state
00010c1b     430 (00010c00)     _HOT_state
00010c1c     430 (00010c00)     _Ref3V_ad
00010c1d     430 (00010c00)     _Ref0V_ad
00010c1e     430 (00010c00)     _DBVD_ad
00010c30     430 (00010c00)     _SRM

00010c40     431 (00010c40)     _CURRENT
00010c5e     431 (00010c40)     __sys_memory

00011080     442 (00011080)     __CIOBUF_

003d7e80    f5fa (003d7e80)     _PartIdRegs

003f7ff8    fdff (003f7fc0)     _CsmPwl


GLOBAL SYMBOLS: SORTED ALPHABETICALLY BY Name 

page  address   name                            
----  -------   ----                            
0     00008000  .text                           
0     0000c3e5  C$$EXIT                         
0     0000bb63  C$$IO$$                         
0     0000b9d8  FD$$ADD                         
0     0000c391  FD$$CMP                         
0     0000bc31  FD$$DIV                         
0     0000bdcd  FD$$MPY                         
0     0000c662  FD$$NEG                         
0     0000c611  FD$$SUB                         
0     0000c4a0  FD$$TOI                         
0     0000c4c1  FD$$TOL                         
0     0000bd45  FS$$DIV                         
0     0000c557  FS$$TOFD                        
0     0000c45c  I$$DIV                          
0     0000c46d  I$$MOD                          
0     0000c53a  I$$TOFD                         
0     0000c3bb  L$$DIV                          
0     0000c3ca  L$$MOD                          
0     0000c573  L$$TOFD                         
0     0000c5c2  LL$$AND                         
0     0000c4e0  LL$$CMP                         
0     0000b4e0  LL$$DIV                         
0     0000b51c  LL$$MOD                         
0     0000c5ca  LL$$OR                          
0     0000c5d2  LL$$XOR                         
0     0000c644  U$$DIV                          
0     0000c649  U$$MOD                          
0     0000c3d8  UL$$DIV                         
0     0000c3df  UL$$MOD                         
0     0000c4f2  ULL$$CMP                        
0     0000b556  ULL$$DIV                        
0     0000b585  ULL$$MOD                        
0     00009fb0  _ADCINT1_ISR                    
0     00009fba  _ADCINT2_ISR                    
0     0000a1c2  _ADCINT3_ISR                    
0     0000a1cc  _ADCINT4_ISR                    
0     0000a1d6  _ADCINT5_ISR                    
0     0000a1e0  _ADCINT6_ISR                    
0     0000a1ea  _ADCINT7_ISR                    
0     0000a1f4  _ADCINT8_ISR                    
0     00009fd8  _ADCINT9_ISR                    
0     00008053  _Adapt_Control                  
0     0000ab7f  _AdcChanSelect                  
0     0000abf4  _AdcConversion                  
0     0000ab58  _AdcOffsetSelfCal               
1     00007100  _AdcRegs                        
1     00000b00  _AdcResult                      
1     00010c19  _BRV_state                      
0     0000a1fe  _CLA1_INT1_ISR                  
0     0000a208  _CLA1_INT2_ISR                  
0     0000a212  _CLA1_INT3_ISR                  
0     0000a21c  _CLA1_INT4_ISR                  
0     0000a226  _CLA1_INT5_ISR                  
0     0000a230  _CLA1_INT6_ISR                  
0     0000a23a  _CLA1_INT7_ISR                  
0     0000a244  _CLA1_INT8_ISR                  
1     00010c40  _CURRENT                        
1     00001400  _Cla1Regs                       
1     00006400  _Comp1Regs                      
1     00006420  _Comp2Regs                      
1     00006440  _Comp3Regs                      
0     0000be91  _ConfigCpuTimer                 
0     00008000  _Control_SRD_external_loop      
0     00008349  _Control_SRD_internal_loop      
1     000106f6  _CpuTimer0                      
1     00000c00  _CpuTimer0Regs                  
1     000106e6  _CpuTimer1                      
1     00000c08  _CpuTimer1Regs                  
1     000106ee  _CpuTimer2                      
1     00000c10  _CpuTimer2Regs                  
1     003f7ff8  _CsmPwl                         
1     00000ae0  _CsmRegs                        
0     0000b459  _CsmUnlock                      
0     00009f06  _DATALOG_ISR                    
1     00010c1e  _DBVD_ad                        
1     00010c13  _DBVD_offset                    
0     0000a136  _DINTCH1_ISR                    
0     0000a140  _DINTCH2_ISR                    
0     0000a14a  _DINTCH3_ISR                    
0     0000a154  _DINTCH4_ISR                    
0     0000a15e  _DINTCH5_ISR                    
0     0000a168  _DINTCH6_ISR                    
1     00010c04  _DRV_state                      
0     0000c67b  _DSP28x_DisableInt              
0     0000c67f  _DSP28x_RestoreInt              
0     000003ad  _DSP28x_usDelay                 
1     00000880  _DevEmuRegs                     
0     0000b378  _DisableDog                     
1     00001000  _DmaRegs                        
0     0000a1ae  _ECAN0INTA_ISR                  
0     0000a1b8  _ECAN1INTA_ISR                  
0     0000a096  _ECAP1_INT_ISR                  
0     0000a0a0  _ECAP2_INT_ISR                  
0     0000a0aa  _ECAP3_INT_ISR                  
1     00006040  _ECanaLAMRegs                   
1     000060c0  _ECanaMOTORegs                  
1     00006080  _ECanaMOTSRegs                  
1     00006100  _ECanaMboxes                    
1     00006000  _ECanaRegs                      
1     00006a00  _ECap1Regs                      
1     00006a20  _ECap2Regs                      
1     00006a40  _ECap3Regs                      
0     0000a26c  _EMPTY_ISR                      
0     00009f1a  _EMUINT_ISR                     
0     0000a046  _EPWM1_INT_ISR                  
0     00009ff6  _EPWM1_TZINT_ISR                
0     0000a050  _EPWM2_INT_ISR                  
0     0000a000  _EPWM2_TZINT_ISR                
0     0000a05a  _EPWM3_INT_ISR                  
0     0000a00a  _EPWM3_TZINT_ISR                
0     0000a064  _EPWM4_INT_ISR                  
0     0000a014  _EPWM4_TZINT_ISR                
0     0000a06e  _EPWM5_INT_ISR                  
0     0000a01e  _EPWM5_TZINT_ISR                
0     0000a078  _EPWM6_INT_ISR                  
0     0000a028  _EPWM6_TZINT_ISR                
0     0000a082  _EPWM7_INT_ISR                  
0     0000a032  _EPWM7_TZINT_ISR                
0     0000a08c  _EPWM8_INT_ISR                  
0     0000a03c  _EPWM8_TZINT_ISR                
1     00006800  _EPwm1Regs                      
1     00006840  _EPwm2Regs                      
1     00006880  _EPwm3Regs                      
1     000068c0  _EPwm4Regs                      
1     00006900  _EPwm5Regs                      
1     00006940  _EPwm6Regs                      
1     00006980  _EPwm7Regs                      
1     000069c0  _EPwm8Regs                      
0     0000a0c8  _EQEP1_INT_ISR                  
0     0000a0d2  _EQEP2_INT_ISR                  
1     00006b00  _EQep1Regs                      
1     00006b40  _EQep2Regs                      
1     00010b23  _ERROR                          
1     00000d01  _EmuBMode                       
1     00000d00  _EmuKey                         
0     0000c42d  _EnableInterrupts               
0     0000ad4c  _Error_Checking                 
0     0000b4ca  _ExtOscSel                      
1     00000a80  _FlashRegs                      
1     00000d04  _Flash_CPUScaleFactor           
1     00000d02  _Flash_CallbackPtr              
0     0000a69a  _Get_AD_Offset                  
0     0000a307  _Get_Current                    
0     0000a3ae  _Get_Hall                       
0     0000a4bc  _Get_Position                   
0     0000a2a7  _Get_Sensor                     
0     0000a4fb  _Get_Speed                      
0     0000a2b0  _Get_State                      
1     00006f80  _GpioCtrlRegs                   
1     00006fc0  _GpioDataRegs                   
1     00006fe0  _GpioIntRegs                    
0     0000aad5  _HOSTclock                      
0     0000aaac  _HOSTclose                      
0     0000aa84  _HOSTgetenv                     
0     0000aa23  _HOSTlseek                      
0     0000a9e3  _HOSTopen                       
0     0000a9a4  _HOSTread                       
0     0000a966  _HOSTrename                     
0     0000a930  _HOSTtime                       
0     0000a8eb  _HOSTtime64                     
0     0000a8c7  _HOSTunlink                     
0     0000a88f  _HOSTwrite                      
1     00010c1b  _HOT_state                      
0     0000a0b4  _HRCAP1_INT_ISR                 
0     0000a0be  _HRCAP2_INT_ISR                 
0     0000a0dc  _HRCAP3_INT_ISR                 
0     0000a0e6  _HRCAP4_INT_ISR                 
1     00006ac0  _HRCap1Regs                     
1     00006ae0  _HRCap2Regs                     
1     00006c80  _HRCap3Regs                     
1     00006ca0  _HRCap4Regs                     
0     0000a172  _I2CINT1A_ISR                   
0     0000a17c  _I2CINT2A_ISR                   
1     00007900  _I2caRegs                       
0     00008c61  _IGBT_Control                   
0     00009f2e  _ILLEGAL_ISR                    
0     00009ef2  _INT13_ISR                      
0     00009efc  _INT14_ISR                      
1     00010c18  _IU_ad                          
1     00010c17  _IU_offset                      
1     00010c16  _IV_ad                          
1     00010c15  _IV_offset                      
0     0000ab0b  _InitAdc                        
0     0000ab36  _InitAdcAio                     
0     0000be50  _InitCpuTimers                  
0     0000b6e0  _InitEPwm                       
0     0000b6f2  _InitEPwm1Gpio                  
0     0000b89b  _InitEPwm1Regs                  
0     0000b704  _InitEPwm2Gpio                  
0     0000b8ca  _InitEPwm2Regs                  
0     0000b716  _InitEPwm3Gpio                  
0     0000b8f9  _InitEPwm3Regs                  
0     0000b72a  _InitEPwm4Gpio                  
0     0000b73e  _InitEPwm5Gpio                  
0     0000b750  _InitEPwm6Gpio                  
0     0000b762  _InitEPwm7Gpio                  
0     0000b774  _InitEPwm8Gpio                  
0     0000b6e1  _InitEPwmGpio                   
0     0000b786  _InitEPwmSyncGpio               
0     0000c15b  _InitEQep                       
0     0000c161  _InitEQep1Gpio                  
0     0000c18b  _InitEQep2Gpio                  
0     0000c15c  _InitEQepGpio                   
0     0000c5da  _InitGpio                       
0     0000b403  _InitPeripheralClocks           
0     0000c40e  _InitPieCtrl                    
0     0000c436  _InitPieVectTable               
0     0000b380  _InitPll                        
0     0000b3d5  _InitPll2                       
0     0000b354  _InitSysCtrl                    
0     0000b797  _InitTzGpio                     
0     0000830e  _Init_SRD                       
0     0000b48a  _IntOsc1Sel                     
0     0000b49a  _IntOsc2Sel                     
1     00010c02  _LAST_state                     
1     00010744  _LOGIC                          
0     000083a8  _LOGIC_Control                  
0     0000a262  _LUF_ISR                        
0     0000a258  _LVF_ISR                        
1     00010b21  _MAX_I                          
1     00010b22  _MAX_SPEED                      
1     00010b20  _MAX_U                          
0     0000a122  _MRINTA_ISR                     
0     0000a12c  _MXINTA_ISR                     
0     00009c13  _MatAdd                         
0     00009db2  _MatAdj                         
0     00009aa8  _MatAmplify                     
0     00009eb6  _MatCopy                        
0     00009b0f  _MatCreate                      
0     00009b63  _MatDelete                      
0     00009d6c  _MatDet                         
0     00009ad8  _MatDiv                         
0     00009ba0  _MatDump                        
0     00009bf3  _MatEye                         
0     00009e38  _MatInv                         
0     00009ccb  _MatMul                         
0     00009b7a  _MatSetVal                      
0     00009c6f  _MatSub                         
0     00009d30  _MatTrans                       
0     00009bd5  _MatZeros                       
1     00005000  _McbspaRegs                     
0     0000a6cb  _My_AdcChanSelect               
0     0000a740  _My_AdcConversion               
0     0000a5a2  _My_Init_ADC                    
0     00008358  _My_Init_Control                
0     0000bba4  _My_Init_Cputimer               
0     0000c333  _My_Init_EQEP                   
0     0000ad45  _My_Init_Error                  
0     0000c1fb  _My_Init_GPIO                   
0     0000b874  _My_Init_PWM                    
0     0000a28d  _My_Init_Sensor                 
0     00009f24  _NMI_ISR                        
1     00010c03  _NOW_state                      
1     00007060  _NmiIntruptRegs                 
1     00010c1a  _PA_state                       
1     00010c06  _PB_state                       
1     00010c05  _PC_state                       
0     0000a279  _PIE_RESERVED                   
1     00010780  _PWM                            
1     003d7e80  _PartIdRegs                     
1     00000ce0  _PieCtrlRegs                    
1     00000d00  _PieVectTable                   
1     0001053c  _PieVectTableInit               
0     00009f10  _RTOSINT_ISR                    
1     00010c1d  _Ref0V_ad                       
1     00010c1c  _Ref3V_ad                       
1     00010c14  _Ref3V_offset                   
0     0000a186  _SCIRXINTA_ISR                  
0     0000a19a  _SCIRXINTB_ISR                  
0     0000a190  _SCITXINTA_ISR                  
0     0000a1a4  _SCITXINTB_ISR                  
1     0001078a  _SPEED                          
0     0000800d  _SPEED_Control                  
0     0000a0fa  _SPIRXINTA_ISR                  
0     0000a10e  _SPIRXINTB_ISR                  
0     0000a104  _SPITXINTA_ISR                  
0     0000a118  _SPITXINTB_ISR                  
1     00010c30  _SRM                            
1     00010c00  _SRM_ANGLE                      
1     00010c08  _SRM_Direction                  
1     00010c0e  _SRM_FIRST_RUN                  
1     00010c01  _SRM_PHASE                      
1     00010c07  _SRM_SPEED                      
1     00010c0f  _SRM_SPEED_1                    
1     0000e000  _SampData1                      
1     0000e800  _SampData2                      
1     0000f000  _SampData3                      
1     0000f800  _SampData4                      
0     0000bbd4  _Sample1                        
0     0000bbe6  _Sample2                        
0     0000bbfe  _Sample3                        
0     0000bc05  _Sample4                        
1     00007050  _SciaRegs                       
1     00007750  _ScibRegs                       
0     0000b36e  _ServiceDog                     
0     0000c687  _SetDBGIER                      
1     00007040  _SpiaRegs                       
1     00007740  _SpibRegs                       
1     00007010  _SysCtrlRegs                    
1     00000985  _SysPwrCtrlRegs                 
0     00008193  _System_Identification          
0     00009fe2  _TINT0_ISR                      
1     000107d6  _TORQUE                         
1     000107c0  _TORQUE_AB                      
1     0001079e  _TORQUE_BC                      
1     00010800  _TORQUE_CA                      
0     00008463  _TORQUE_Calculate               
0     00008a17  _TORQUE_Control                 
0     00008969  _TORQUE_Distribution            
1     00010840  _TORQUE_Model                   
0     0000bc0c  _Test_SRD                       
0     0000a0f0  _USB0_INT_ISR                   
0     00009f92  _USER10_ISR                     
0     00009f9c  _USER11_ISR                     
0     00009fa6  _USER12_ISR                     
0     00009f38  _USER1_ISR                      
0     00009f42  _USER2_ISR                      
0     00009f4c  _USER3_ISR                      
0     00009f56  _USER4_ISR                      
0     00009f60  _USER5_ISR                      
0     00009f6a  _USER6_ISR                      
0     00009f74  _USER7_ISR                      
0     00009f7e  _USER8_ISR                      
0     00009f88  _USER9_ISR                      
1     00004000  _Usb0Regs                       
0     00009fec  _WAKEINT_ISR                    
0     00009fc4  _XINT1_ISR                      
0     00009fce  _XINT2_ISR                      
0     0000a24e  _XINT3_ISR                      
1     00007070  _XIntruptRegs                   
0     0000b4ae  _XtalOscSel                     
1     00011080  __CIOBUF_                       
1     00000700  __STACK_END                     
abs   00000300  __STACK_SIZE                    
abs   00000400  __SYSMEM_SIZE                   
0     0000c109  ___TI_buff_read                 
0     0000b65f  ___TI_cleanup                   
1     000109ba  ___TI_cleanup_ptr               
0     0000bfa6  ___TI_closefile                 
0     0000becc  ___TI_doflush                   
1     000109bc  ___TI_dtors_ptr                 
1     000109b8  ___TI_enable_exit_profile_output
1     000109c0  ___TI_ft_end                    
abs   ffffffff  ___TI_pprof_out_hndl            
0     00009880  ___TI_printfi                   
abs   ffffffff  ___TI_prof_data_size            
abs   ffffffff  ___TI_prof_data_start           
0     0000bf7a  ___TI_rd_ok                     
0     0000bb68  ___TI_readmsg                   
1     00010a80  ___TI_tmpnams                   
0     0000bb10  ___TI_writemsg                  
0     0000bf3f  ___TI_wrt_ok                    
abs   ffffffff  ___binit__                      
abs   ffffffff  ___c_args__                     
0     00000050  ___cinit__                      
0     0000c68f  ___etext__                      
abs   ffffffff  ___pinit__                      
0     00008000  ___text__                       
0     0000c5a9  __args_main                     
1     0001043a  __ctypes_                       
1     00010a00  __ftable                        
1     000106fe  __lock                          
0     0000c661  __nop                           
0     0000c65d  __register_lock                 
0     0000c659  __register_unlock               
1     00000400  __stack                         
1     00010c5e  __sys_memory                    
0     0000bb0f  __system_post_cinit             
0     0000c68d  __system_pre_init               
1     000109be  __unlock                        
1     0001072a  _a1                             
1     0001072e  _a2                             
0     0000c3e5  _abort                          
0     0000b104  _add_device                     
1     00010764  _alpha                          
1     00010736  _am1                            
1     00010732  _am2                            
0     0000c302  _atoi                           
1     0001072c  _b0                             
1     00010730  _b1                             
0     0000c060  _c_int00                        
0     0000b33d  _calloc                         
0     0000b33b  _chkheap                        
0     0000b0d1  _close                          
0     0000c24b  _copy_in                        
0     0000c47e  _copysignl                      
0     0000ba74  _cpu_timer0_isr                 
0     0000bab5  _cpu_timer1_isr                 
0     0000c58f  _ddcopy                         
0     0000c58f  _dpcopy                         
0     0000baca  _eqep2_isr                      
1     00010b2b  _errno                          
0     0000c3e7  _exit                           
1     00010734  _f1                             
0     0000bfea  _fclose                         
0     0000befb  _fflush                         
0     0000c1ab  _fgetc                          
0     0000b69a  _fopen                          
0     0000c0b6  _fputc                          
0     0000b928  _fputs                          
0     0000b182  _free                           
0     0000b31d  _free_memory                    
0     0000b67c  _freopen                        
0     0000c005  _frexpl                         
0     0000c291  _fseek                          
1     00010706  _g0                             
1     00010700  _g1                             
1     00010702  _g2                             
0     0000c1ab  _getc                           
0     0000c1f6  _getchar                        
0     0000b7b8  _ldexpl                         
0     0000b0b9  _lseek                          
0     0000c363  _ltoa                           
0     0000c5ef  _main                           
0     0000b1eb  _malloc                         
0     0000b2fb  _max_free                       
0     0000c61f  _memccpy                        
0     0000c600  _memchr                         
0     0000c4fe  _memcpy                         
0     0000c62c  _memset                         
0     0000b1c6  _minit                          
0     0000b048  _open                           
0     0000c58f  _pdcopy                         
0     000099b3  _perm                           
0     0000c58f  _ppcopy                         
0     0000c2d4  _printf                         
0     0000c0b6  _putc                           
0     0000c104  _putchar                        
0     0000b9c5  _puts                           
0     0000b02f  _read                           
0     0000b249  _realloc                        
0     0000c68a  _remove                         
0     0000b015  _remove_device                  
0     0000afe7  _rename                         
0     0000a283  _rsvd_ISR                       
0     0000b7b8  _scalbnl                        
0     0000bcbc  _setvbuf                        
0     0000c638  _strchr                         
0     0000c64f  _strcmp                         
0     0000c682  _strcpy                         
0     0000c673  _strlen                         
0     0000c51c  _strncpy                        
0     000099a5  _swap                           
0     0000afce  _unlink                         
0     0000af67  _write                          
abs   ffffffff  binit                           
0     00000050  cinit                           
0     00000000  code_start                      
0     0000c68f  etext                           
abs   ffffffff  pinit                           


GLOBAL SYMBOLS: SORTED BY Symbol Address 

page  address   name                            
----  -------   ----                            
0     00000000  code_start                      
0     00000050  ___cinit__                      
0     00000050  cinit                           
0     000003ad  _DSP28x_usDelay                 
0     00008000  .text                           
0     00008000  _Control_SRD_external_loop      
0     00008000  ___text__                       
0     0000800d  _SPEED_Control                  
0     00008053  _Adapt_Control                  
0     00008193  _System_Identification          
0     0000830e  _Init_SRD                       
0     00008349  _Control_SRD_internal_loop      
0     00008358  _My_Init_Control                
0     000083a8  _LOGIC_Control                  
0     00008463  _TORQUE_Calculate               
0     00008969  _TORQUE_Distribution            
0     00008a17  _TORQUE_Control                 
0     00008c61  _IGBT_Control                   
0     00009880  ___TI_printfi                   
0     000099a5  _swap                           
0     000099b3  _perm                           
0     00009aa8  _MatAmplify                     
0     00009ad8  _MatDiv                         
0     00009b0f  _MatCreate                      
0     00009b63  _MatDelete                      
0     00009b7a  _MatSetVal                      
0     00009ba0  _MatDump                        
0     00009bd5  _MatZeros                       
0     00009bf3  _MatEye                         
0     00009c13  _MatAdd                         
0     00009c6f  _MatSub                         
0     00009ccb  _MatMul                         
0     00009d30  _MatTrans                       
0     00009d6c  _MatDet                         
0     00009db2  _MatAdj                         
0     00009e38  _MatInv                         
0     00009eb6  _MatCopy                        
0     00009ef2  _INT13_ISR                      
0     00009efc  _INT14_ISR                      
0     00009f06  _DATALOG_ISR                    
0     00009f10  _RTOSINT_ISR                    
0     00009f1a  _EMUINT_ISR                     
0     00009f24  _NMI_ISR                        
0     00009f2e  _ILLEGAL_ISR                    
0     00009f38  _USER1_ISR                      
0     00009f42  _USER2_ISR                      
0     00009f4c  _USER3_ISR                      
0     00009f56  _USER4_ISR                      
0     00009f60  _USER5_ISR                      
0     00009f6a  _USER6_ISR                      
0     00009f74  _USER7_ISR                      
0     00009f7e  _USER8_ISR                      
0     00009f88  _USER9_ISR                      
0     00009f92  _USER10_ISR                     
0     00009f9c  _USER11_ISR                     
0     00009fa6  _USER12_ISR                     
0     00009fb0  _ADCINT1_ISR                    
0     00009fba  _ADCINT2_ISR                    
0     00009fc4  _XINT1_ISR                      
0     00009fce  _XINT2_ISR                      
0     00009fd8  _ADCINT9_ISR                    
0     00009fe2  _TINT0_ISR                      
0     00009fec  _WAKEINT_ISR                    
0     00009ff6  _EPWM1_TZINT_ISR                
0     0000a000  _EPWM2_TZINT_ISR                
0     0000a00a  _EPWM3_TZINT_ISR                
0     0000a014  _EPWM4_TZINT_ISR                
0     0000a01e  _EPWM5_TZINT_ISR                
0     0000a028  _EPWM6_TZINT_ISR                
0     0000a032  _EPWM7_TZINT_ISR                
0     0000a03c  _EPWM8_TZINT_ISR                
0     0000a046  _EPWM1_INT_ISR                  
0     0000a050  _EPWM2_INT_ISR                  
0     0000a05a  _EPWM3_INT_ISR                  
0     0000a064  _EPWM4_INT_ISR                  
0     0000a06e  _EPWM5_INT_ISR                  
0     0000a078  _EPWM6_INT_ISR                  
0     0000a082  _EPWM7_INT_ISR                  
0     0000a08c  _EPWM8_INT_ISR                  
0     0000a096  _ECAP1_INT_ISR                  
0     0000a0a0  _ECAP2_INT_ISR                  
0     0000a0aa  _ECAP3_INT_ISR                  
0     0000a0b4  _HRCAP1_INT_ISR                 
0     0000a0be  _HRCAP2_INT_ISR                 
0     0000a0c8  _EQEP1_INT_ISR                  
0     0000a0d2  _EQEP2_INT_ISR                  
0     0000a0dc  _HRCAP3_INT_ISR                 
0     0000a0e6  _HRCAP4_INT_ISR                 
0     0000a0f0  _USB0_INT_ISR                   
0     0000a0fa  _SPIRXINTA_ISR                  
0     0000a104  _SPITXINTA_ISR                  
0     0000a10e  _SPIRXINTB_ISR                  
0     0000a118  _SPITXINTB_ISR                  
0     0000a122  _MRINTA_ISR                     
0     0000a12c  _MXINTA_ISR                     
0     0000a136  _DINTCH1_ISR                    
0     0000a140  _DINTCH2_ISR                    
0     0000a14a  _DINTCH3_ISR                    
0     0000a154  _DINTCH4_ISR                    
0     0000a15e  _DINTCH5_ISR                    
0     0000a168  _DINTCH6_ISR                    
0     0000a172  _I2CINT1A_ISR                   
0     0000a17c  _I2CINT2A_ISR                   
0     0000a186  _SCIRXINTA_ISR                  
0     0000a190  _SCITXINTA_ISR                  
0     0000a19a  _SCIRXINTB_ISR                  
0     0000a1a4  _SCITXINTB_ISR                  
0     0000a1ae  _ECAN0INTA_ISR                  
0     0000a1b8  _ECAN1INTA_ISR                  
0     0000a1c2  _ADCINT3_ISR                    
0     0000a1cc  _ADCINT4_ISR                    
0     0000a1d6  _ADCINT5_ISR                    
0     0000a1e0  _ADCINT6_ISR                    
0     0000a1ea  _ADCINT7_ISR                    
0     0000a1f4  _ADCINT8_ISR                    
0     0000a1fe  _CLA1_INT1_ISR                  
0     0000a208  _CLA1_INT2_ISR                  
0     0000a212  _CLA1_INT3_ISR                  
0     0000a21c  _CLA1_INT4_ISR                  
0     0000a226  _CLA1_INT5_ISR                  
0     0000a230  _CLA1_INT6_ISR                  
0     0000a23a  _CLA1_INT7_ISR                  
0     0000a244  _CLA1_INT8_ISR                  
0     0000a24e  _XINT3_ISR                      
0     0000a258  _LVF_ISR                        
0     0000a262  _LUF_ISR                        
0     0000a26c  _EMPTY_ISR                      
0     0000a279  _PIE_RESERVED                   
0     0000a283  _rsvd_ISR                       
0     0000a28d  _My_Init_Sensor                 
0     0000a2a7  _Get_Sensor                     
0     0000a2b0  _Get_State                      
0     0000a307  _Get_Current                    
0     0000a3ae  _Get_Hall                       
0     0000a4bc  _Get_Position                   
0     0000a4fb  _Get_Speed                      
0     0000a5a2  _My_Init_ADC                    
0     0000a69a  _Get_AD_Offset                  
0     0000a6cb  _My_AdcChanSelect               
0     0000a740  _My_AdcConversion               
0     0000a88f  _HOSTwrite                      
0     0000a8c7  _HOSTunlink                     
0     0000a8eb  _HOSTtime64                     
0     0000a930  _HOSTtime                       
0     0000a966  _HOSTrename                     
0     0000a9a4  _HOSTread                       
0     0000a9e3  _HOSTopen                       
0     0000aa23  _HOSTlseek                      
0     0000aa84  _HOSTgetenv                     
0     0000aaac  _HOSTclose                      
0     0000aad5  _HOSTclock                      
0     0000ab0b  _InitAdc                        
0     0000ab36  _InitAdcAio                     
0     0000ab58  _AdcOffsetSelfCal               
0     0000ab7f  _AdcChanSelect                  
0     0000abf4  _AdcConversion                  
0     0000ad45  _My_Init_Error                  
0     0000ad4c  _Error_Checking                 
0     0000af67  _write                          
0     0000afce  _unlink                         
0     0000afe7  _rename                         
0     0000b015  _remove_device                  
0     0000b02f  _read                           
0     0000b048  _open                           
0     0000b0b9  _lseek                          
0     0000b0d1  _close                          
0     0000b104  _add_device                     
0     0000b182  _free                           
0     0000b1c6  _minit                          
0     0000b1eb  _malloc                         
0     0000b249  _realloc                        
0     0000b2fb  _max_free                       
0     0000b31d  _free_memory                    
0     0000b33b  _chkheap                        
0     0000b33d  _calloc                         
0     0000b354  _InitSysCtrl                    
0     0000b36e  _ServiceDog                     
0     0000b378  _DisableDog                     
0     0000b380  _InitPll                        
0     0000b3d5  _InitPll2                       
0     0000b403  _InitPeripheralClocks           
0     0000b459  _CsmUnlock                      
0     0000b48a  _IntOsc1Sel                     
0     0000b49a  _IntOsc2Sel                     
0     0000b4ae  _XtalOscSel                     
0     0000b4ca  _ExtOscSel                      
0     0000b4e0  LL$$DIV                         
0     0000b51c  LL$$MOD                         
0     0000b556  ULL$$DIV                        
0     0000b585  ULL$$MOD                        
0     0000b65f  ___TI_cleanup                   
0     0000b67c  _freopen                        
0     0000b69a  _fopen                          
0     0000b6e0  _InitEPwm                       
0     0000b6e1  _InitEPwmGpio                   
0     0000b6f2  _InitEPwm1Gpio                  
0     0000b704  _InitEPwm2Gpio                  
0     0000b716  _InitEPwm3Gpio                  
0     0000b72a  _InitEPwm4Gpio                  
0     0000b73e  _InitEPwm5Gpio                  
0     0000b750  _InitEPwm6Gpio                  
0     0000b762  _InitEPwm7Gpio                  
0     0000b774  _InitEPwm8Gpio                  
0     0000b786  _InitEPwmSyncGpio               
0     0000b797  _InitTzGpio                     
0     0000b7b8  _ldexpl                         
0     0000b7b8  _scalbnl                        
0     0000b874  _My_Init_PWM                    
0     0000b89b  _InitEPwm1Regs                  
0     0000b8ca  _InitEPwm2Regs                  
0     0000b8f9  _InitEPwm3Regs                  
0     0000b928  _fputs                          
0     0000b9c5  _puts                           
0     0000b9d8  FD$$ADD                         
0     0000ba74  _cpu_timer0_isr                 
0     0000bab5  _cpu_timer1_isr                 
0     0000baca  _eqep2_isr                      
0     0000bb0f  __system_post_cinit             
0     0000bb10  ___TI_writemsg                  
0     0000bb63  C$$IO$$                         
0     0000bb68  ___TI_readmsg                   
0     0000bba4  _My_Init_Cputimer               
0     0000bbd4  _Sample1                        
0     0000bbe6  _Sample2                        
0     0000bbfe  _Sample3                        
0     0000bc05  _Sample4                        
0     0000bc0c  _Test_SRD                       
0     0000bc31  FD$$DIV                         
0     0000bcbc  _setvbuf                        
0     0000bd45  FS$$DIV                         
0     0000bdcd  FD$$MPY                         
0     0000be50  _InitCpuTimers                  
0     0000be91  _ConfigCpuTimer                 
0     0000becc  ___TI_doflush                   
0     0000befb  _fflush                         
0     0000bf3f  ___TI_wrt_ok                    
0     0000bf7a  ___TI_rd_ok                     
0     0000bfa6  ___TI_closefile                 
0     0000bfea  _fclose                         
0     0000c005  _frexpl                         
0     0000c060  _c_int00                        
0     0000c0b6  _fputc                          
0     0000c0b6  _putc                           
0     0000c104  _putchar                        
0     0000c109  ___TI_buff_read                 
0     0000c15b  _InitEQep                       
0     0000c15c  _InitEQepGpio                   
0     0000c161  _InitEQep1Gpio                  
0     0000c18b  _InitEQep2Gpio                  
0     0000c1ab  _fgetc                          
0     0000c1ab  _getc                           
0     0000c1f6  _getchar                        
0     0000c1fb  _My_Init_GPIO                   
0     0000c24b  _copy_in                        
0     0000c291  _fseek                          
0     0000c2d4  _printf                         
0     0000c302  _atoi                           
0     0000c333  _My_Init_EQEP                   
0     0000c363  _ltoa                           
0     0000c391  FD$$CMP                         
0     0000c3bb  L$$DIV                          
0     0000c3ca  L$$MOD                          
0     0000c3d8  UL$$DIV                         
0     0000c3df  UL$$MOD                         
0     0000c3e5  C$$EXIT                         
0     0000c3e5  _abort                          
0     0000c3e7  _exit                           
0     0000c40e  _InitPieCtrl                    
0     0000c42d  _EnableInterrupts               
0     0000c436  _InitPieVectTable               
0     0000c45c  I$$DIV                          
0     0000c46d  I$$MOD                          
0     0000c47e  _copysignl                      
0     0000c4a0  FD$$TOI                         
0     0000c4c1  FD$$TOL                         
0     0000c4e0  LL$$CMP                         
0     0000c4f2  ULL$$CMP                        
0     0000c4fe  _memcpy                         
0     0000c51c  _strncpy                        
0     0000c53a  I$$TOFD                         
0     0000c557  FS$$TOFD                        
0     0000c573  L$$TOFD                         
0     0000c58f  _ddcopy                         
0     0000c58f  _dpcopy                         
0     0000c58f  _pdcopy                         
0     0000c58f  _ppcopy                         
0     0000c5a9  __args_main                     
0     0000c5c2  LL$$AND                         
0     0000c5ca  LL$$OR                          
0     0000c5d2  LL$$XOR                         
0     0000c5da  _InitGpio                       
0     0000c5ef  _main                           
0     0000c600  _memchr                         
0     0000c611  FD$$SUB                         
0     0000c61f  _memccpy                        
0     0000c62c  _memset                         
0     0000c638  _strchr                         
0     0000c644  U$$DIV                          
0     0000c649  U$$MOD                          
0     0000c64f  _strcmp                         
0     0000c659  __register_unlock               
0     0000c65d  __register_lock                 
0     0000c661  __nop                           
0     0000c662  FD$$NEG                         
0     0000c673  _strlen                         
0     0000c67b  _DSP28x_DisableInt              
0     0000c67f  _DSP28x_RestoreInt              
0     0000c682  _strcpy                         
0     0000c687  _SetDBGIER                      
0     0000c68a  _remove                         
0     0000c68d  __system_pre_init               
0     0000c68f  ___etext__                      
0     0000c68f  etext                           
1     00000400  __stack                         
1     00000700  __STACK_END                     
1     00000880  _DevEmuRegs                     
1     00000985  _SysPwrCtrlRegs                 
1     00000a80  _FlashRegs                      
1     00000ae0  _CsmRegs                        
1     00000b00  _AdcResult                      
1     00000c00  _CpuTimer0Regs                  
1     00000c08  _CpuTimer1Regs                  
1     00000c10  _CpuTimer2Regs                  
1     00000ce0  _PieCtrlRegs                    
1     00000d00  _EmuKey                         
1     00000d00  _PieVectTable                   
1     00000d01  _EmuBMode                       
1     00000d02  _Flash_CallbackPtr              
1     00000d04  _Flash_CPUScaleFactor           
1     00001000  _DmaRegs                        
1     00001400  _Cla1Regs                       
1     00004000  _Usb0Regs                       
1     00005000  _McbspaRegs                     
1     00006000  _ECanaRegs                      
1     00006040  _ECanaLAMRegs                   
1     00006080  _ECanaMOTSRegs                  
1     000060c0  _ECanaMOTORegs                  
1     00006100  _ECanaMboxes                    
1     00006400  _Comp1Regs                      
1     00006420  _Comp2Regs                      
1     00006440  _Comp3Regs                      
1     00006800  _EPwm1Regs                      
1     00006840  _EPwm2Regs                      
1     00006880  _EPwm3Regs                      
1     000068c0  _EPwm4Regs                      
1     00006900  _EPwm5Regs                      
1     00006940  _EPwm6Regs                      
1     00006980  _EPwm7Regs                      
1     000069c0  _EPwm8Regs                      
1     00006a00  _ECap1Regs                      
1     00006a20  _ECap2Regs                      
1     00006a40  _ECap3Regs                      
1     00006ac0  _HRCap1Regs                     
1     00006ae0  _HRCap2Regs                     
1     00006b00  _EQep1Regs                      
1     00006b40  _EQep2Regs                      
1     00006c80  _HRCap3Regs                     
1     00006ca0  _HRCap4Regs                     
1     00006f80  _GpioCtrlRegs                   
1     00006fc0  _GpioDataRegs                   
1     00006fe0  _GpioIntRegs                    
1     00007010  _SysCtrlRegs                    
1     00007040  _SpiaRegs                       
1     00007050  _SciaRegs                       
1     00007060  _NmiIntruptRegs                 
1     00007070  _XIntruptRegs                   
1     00007100  _AdcRegs                        
1     00007740  _SpibRegs                       
1     00007750  _ScibRegs                       
1     00007900  _I2caRegs                       
1     0000e000  _SampData1                      
1     0000e800  _SampData2                      
1     0000f000  _SampData3                      
1     0000f800  _SampData4                      
1     0001043a  __ctypes_                       
1     0001053c  _PieVectTableInit               
1     000106e6  _CpuTimer1                      
1     000106ee  _CpuTimer2                      
1     000106f6  _CpuTimer0                      
1     000106fe  __lock                          
1     00010700  _g1                             
1     00010702  _g2                             
1     00010706  _g0                             
1     0001072a  _a1                             
1     0001072c  _b0                             
1     0001072e  _a2                             
1     00010730  _b1                             
1     00010732  _am2                            
1     00010734  _f1                             
1     00010736  _am1                            
1     00010744  _LOGIC                          
1     00010764  _alpha                          
1     00010780  _PWM                            
1     0001078a  _SPEED                          
1     0001079e  _TORQUE_BC                      
1     000107c0  _TORQUE_AB                      
1     000107d6  _TORQUE                         
1     00010800  _TORQUE_CA                      
1     00010840  _TORQUE_Model                   
1     000109b8  ___TI_enable_exit_profile_output
1     000109ba  ___TI_cleanup_ptr               
1     000109bc  ___TI_dtors_ptr                 
1     000109be  __unlock                        
1     000109c0  ___TI_ft_end                    
1     00010a00  __ftable                        
1     00010a80  ___TI_tmpnams                   
1     00010b20  _MAX_U                          
1     00010b21  _MAX_I                          
1     00010b22  _MAX_SPEED                      
1     00010b23  _ERROR                          
1     00010b2b  _errno                          
1     00010c00  _SRM_ANGLE                      
1     00010c01  _SRM_PHASE                      
1     00010c02  _LAST_state                     
1     00010c03  _NOW_state                      
1     00010c04  _DRV_state                      
1     00010c05  _PC_state                       
1     00010c06  _PB_state                       
1     00010c07  _SRM_SPEED                      
1     00010c08  _SRM_Direction                  
1     00010c0e  _SRM_FIRST_RUN                  
1     00010c0f  _SRM_SPEED_1                    
1     00010c13  _DBVD_offset                    
1     00010c14  _Ref3V_offset                   
1     00010c15  _IV_offset                      
1     00010c16  _IV_ad                          
1     00010c17  _IU_offset                      
1     00010c18  _IU_ad                          
1     00010c19  _BRV_state                      
1     00010c1a  _PA_state                       
1     00010c1b  _HOT_state                      
1     00010c1c  _Ref3V_ad                       
1     00010c1d  _Ref0V_ad                       
1     00010c1e  _DBVD_ad                        
1     00010c30  _SRM                            
1     00010c40  _CURRENT                        
1     00010c5e  __sys_memory                    
1     00011080  __CIOBUF_                       
1     003d7e80  _PartIdRegs                     
1     003f7ff8  _CsmPwl                         
abs   00000300  __STACK_SIZE                    
abs   00000400  __SYSMEM_SIZE                   
abs   ffffffff  ___TI_pprof_out_hndl            
abs   ffffffff  ___TI_prof_data_size            
abs   ffffffff  ___TI_prof_data_start           
abs   ffffffff  ___binit__                      
abs   ffffffff  ___c_args__                     
abs   ffffffff  ___pinit__                      
abs   ffffffff  binit                           
abs   ffffffff  pinit                           

[450 symbols]
