******************************************************************************
             TMS320C2000 Linker PC v15.12.1                    
******************************************************************************
>> Linked Sat Mar 24 16:22:12 2018

OUTPUT FILE NAME:   <SRD_xs.out>
ENTRY POINT SYMBOL: "_c_int00"  address: 0000aab4


MEMORY CONFIGURATION

         name            origin    length      used     unused   attr    fill
----------------------  --------  ---------  --------  --------  ----  --------
PAGE 0:
  BEGIN                 00000000   00000002  00000002  00000000  RWIX
  RAMM0                 00000050   000003b0  00000131  0000027f  RWIX
  RAML0_L4              00008000   00004000  00002f96  0000106a  RWIX
  FPUTABLES             003fd860   000006a0  00000000  000006a0  RWIX
  IQTABLES              003fdf00   00000b50  00000000  00000b50  RWIX
  IQTABLES2             003fea50   0000008c  00000000  0000008c  RWIX
  IQTABLES3             003feadc   000000aa  00000000  000000aa  RWIX
  BOOTROM               003ff3b0   00000c10  00000000  00000c10  RWIX
  RESET                 003fffc0   00000002  00000000  00000002  RWIX

PAGE 1:
  BOOT_RSVD             00000002   0000004e  00000000  0000004e  RWIX
  RAMM1                 00000400   00000400  00000300  00000100  RWIX
  DEV_EMU               00000880   00000105  00000004  00000101  RWIX
  SYS_PWR_CTL           00000985   00000003  00000003  00000000  RWIX
  FLASH_REGS            00000a80   00000060  00000008  00000058  RWIX
  CSM                   00000ae0   00000020  00000010  00000010  RWIX
  ADC_RESULT            00000b00   00000020  00000010  00000010  RWIX
  CPU_TIMER0            00000c00   00000008  00000008  00000000  RWIX
  CPU_TIMER1            00000c08   00000008  00000008  00000000  RWIX
  CPU_TIMER2            00000c10   00000008  00000008  00000000  RWIX
  PIE_CTRL              00000ce0   00000020  0000001a  00000006  RWIX
  PIE_VECT              00000d00   00000100  00000100  00000000  RWIX
  DMA                   00001000   00000200  000000e0  00000120  RWIX
  CLA1                  00001400   00000080  00000040  00000040  RWIX
  USB0                  00004000   00001000  00000454  00000bac  RWIX
  McBSPA                00005000   00000040  00000024  0000001c  RWIX
  ECANA                 00006000   00000040  00000034  0000000c  RWIX
  ECANA_LAM             00006040   00000040  00000040  00000000  RWIX
  ECANA_MOTS            00006080   00000040  00000040  00000000  RWIX
  ECANA_MOTO            000060c0   00000040  00000040  00000000  RWIX
  ECANA_MBOX            00006100   00000100  00000100  00000000  RWIX
  COMP1                 00006400   00000020  00000014  0000000c  RWIX
  COMP2                 00006420   00000020  00000014  0000000c  RWIX
  COMP3                 00006440   00000020  00000014  0000000c  RWIX
  EPWM1                 00006800   00000040  00000040  00000000  RWIX
  EPWM2                 00006840   00000040  00000040  00000000  RWIX
  EPWM3                 00006880   00000040  00000040  00000000  RWIX
  EPWM4                 000068c0   00000040  00000040  00000000  RWIX
  EPWM5                 00006900   00000040  00000040  00000000  RWIX
  EPWM6                 00006940   00000040  00000040  00000000  RWIX
  EPWM7                 00006980   00000040  00000040  00000000  RWIX
  EPWM8                 000069c0   00000040  00000040  00000000  RWIX
  ECAP1                 00006a00   00000020  00000020  00000000  RWIX
  ECAP2                 00006a20   00000020  00000020  00000000  RWIX
  ECAP3                 00006a40   00000020  00000020  00000000  RWIX
  HRCAP1                00006ac0   00000020  00000020  00000000  RWIX
  HRCAP2                00006ae0   00000020  00000020  00000000  RWIX
  EQEP1                 00006b00   00000040  00000022  0000001e  RWIX
  EQEP2                 00006b40   00000040  00000022  0000001e  RWIX
  HRCAP3                00006c80   00000020  00000020  00000000  RWIX
  HRCAP4                00006ca0   00000020  00000020  00000000  RWIX
  GPIOCTRL              00006f80   00000040  00000040  00000000  RWIX
  GPIODAT               00006fc0   00000020  00000020  00000000  RWIX
  GPIOINT               00006fe0   00000020  00000020  00000000  RWIX
  SYSTEM                00007010   00000030  00000030  00000000  RWIX
  SPIA                  00007040   00000010  00000010  00000000  RWIX
  SCIA                  00007050   00000010  00000010  00000000  RWIX
  NMIINTRUPT            00007060   00000010  00000010  00000000  RWIX
  XINTRUPT              00007070   00000010  00000010  00000000  RWIX
  ADC                   00007100   00000080  00000050  00000030  RWIX
  SPIB                  00007740   00000010  00000010  00000000  RWIX
  SCIB                  00007750   00000010  00000010  00000000  RWIX
  I2CA                  00007900   00000040  00000022  0000001e  RWIX
  RAML5                 0000c000   00002000  00000e05  000011fb  RWIX
  RAML6                 0000e000   00002000  00000000  00002000  RWIX
  RAML7                 00010000   00002000  00000000  00002000  RWIX
  RAML8                 00012000   00002000  00000000  00002000  RWIX
  USB_RAM               00040000   00000800  00000000  00000800  RWIX
  PARTID                003d7e80   00000001  00000001  00000000  RWIX
  CSM_PWL               003f7ff8   00000008  00000008  00000000  RWIX


SECTION ALLOCATION MAP

 output                                  attributes/
section   page    origin      length       input sections
--------  ----  ----------  ----------   ----------------
codestart 
*          0    00000000    00000002     
                  00000000    00000002     F2806x_CodeStartBranch.obj (codestart)

.cinit     0    00000050    0000012d     
                  00000050    00000064     srd_sensor.obj (.cinit)
                  000000b4    0000003c     srd_control.obj (.cinit)
                  000000f0    00000031     rts2800_fpu32.lib : lowlev.obj (.cinit)
                  00000121    0000002a                       : defs.obj (.cinit)
                  0000014b    0000000e                       : exit.obj (.cinit)
                  00000159    00000008     srd_timer.obj (.cinit)
                  00000161    00000005     rts2800_fpu32.lib : _lock.obj (.cinit:__lock)
                  00000166    00000005                       : _lock.obj (.cinit:__unlock)
                  0000016b    00000004                       : errno.obj (.cinit)
                  0000016f    00000004                       : fopen.obj (.cinit)
                  00000173    00000004                       : memory.obj (.cinit)
                  00000177    00000004     srd_error.obj (.cinit)
                  0000017b    00000002     --HOLE-- [fill = 0]

ramfuncs   0    0000017d    00000004     
                  0000017d    00000004     F2806x_usDelay.obj (ramfuncs)

.text      0    00008000    00002f96     
                  00008000    00000bd9     rts2800_fpu32.lib : _printfi.obj (.text)
                  00008bd9    0000039b     F2806x_DefaultIsr.obj (.text:retain)
                  00008f74    000002ed     srd_adc.obj (.text)
                  00009261    0000027c     rts2800_fpu32.lib : trgdrv.obj (.text)
                  000094dd    00000257     srd_control.obj (.text)
                  00009734    0000023a     F2806x_Adc.obj (.text)
                  0000996e    0000021b     rts2800_fpu32.lib : lowlev.obj (.text)
                  00009b89    000001d2                       : memory.obj (.text)
                  00009d5b    0000018c     F2806x_SysCtrl.obj (.text)
                  00009ee7    00000179     srd_sensor.obj (.text)
                  0000a060    00000111     srd_error.obj (.text)
                  0000a171    00000107     rts2800_fpu32.lib : ll_div.obj (.text)
                  0000a278    000000f9                       : fopen.obj (.text)
                  0000a371    000000bc                       : s_scalbn.obj (.text)
                  0000a42d    000000b0                       : fputs.obj (.text)
                  0000a4dd    0000009c                       : fd_add.obj (.text)
                  0000a579    00000001                       : startup.obj (.text)
                  0000a57a    00000094                       : trgmsg.obj (.text)
                  0000a60e    00000091     srd_timer.obj (.text:retain)
                  0000a69f    0000008b     rts2800_fpu32.lib : fd_div.obj (.text)
                  0000a72a    00000089                       : setvbuf.obj (.text)
                  0000a7b3    00000083                       : fd_mpy.obj (.text)
                  0000a836    00000076     F2806x_CpuTimers.obj (.text)
                  0000a8ac    00000074     srd_gpio.obj (.text)
                  0000a920    00000073     rts2800_fpu32.lib : fflush.obj (.text)
                  0000a993    00000067                       : _io_perm.obj (.text)
                  0000a9fa    0000005f                       : fclose.obj (.text)
                  0000aa59    0000005b                       : s_frexp.obj (.text)
                  0000aab4    00000056                       : boot.obj (.text)
                  0000ab0a    00000053                       : fputc.obj (.text)
                  0000ab5d    00000046                       : cpy_tbl.obj (.text)
                  0000aba3    0000003d                       : fseek.obj (.text)
                  0000abe0    00000034                       : printf.obj (.text)
                  0000ac14    00000031                       : atoi.obj (.text)
                  0000ac45    00000030     srd_timer.obj (.text)
                  0000ac75    0000002e     rts2800_fpu32.lib : ltoa.obj (.text)
                  0000aca3    0000002a                       : fd_cmp.obj (.text)
                  0000accd    0000002a                       : l_div.obj (.text)
                  0000acf7    00000029                       : exit.obj (.text)
                  0000ad20    00000028     F2806x_PieCtrl.obj (.text)
                  0000ad48    00000026     F2806x_PieVect.obj (.text)
                  0000ad6e    00000022     rts2800_fpu32.lib : i_div.obj (.text)
                  0000ad90    00000022                       : s_copysign.obj (.text)
                  0000adb2    00000021                       : fd_toi.obj (.text)
                  0000add3    0000001f                       : fd_tol.obj (.text)
                  0000adf2    0000001e                       : ll_cmp.obj (.text)
                  0000ae10    0000001e                       : memcpy.obj (.text)
                  0000ae2e    0000001e                       : strncpy.obj (.text)
                  0000ae4c    0000001d                       : i_tofd.obj (.text)
                  0000ae69    0000001c                       : fs_tofd.obj (.text)
                  0000ae85    0000001c                       : l_tofd.obj (.text)
                  0000aea1    0000001a                       : cpy_utils.obj (.text)
                  0000aebb    00000019                       : args_main.obj (.text)
                  0000aed4    00000018                       : ll_aox.obj (.text)
                  0000aeec    00000015     F2806x_Gpio.obj (.text)
                  0000af01    00000011     main.obj (.text)
                  0000af12    00000011     rts2800_fpu32.lib : memchr.obj (.text)
                  0000af23    0000000e                       : fd_sub.obj (.text)
                  0000af31    0000000d                       : memccpy.obj (.text)
                  0000af3e    0000000c                       : memset.obj (.text)
                  0000af4a    0000000c                       : strchr.obj (.text)
                  0000af56    0000000a                       : strcmp.obj (.text)
                  0000af60    00000009                       : _lock.obj (.text)
                  0000af69    00000009                       : fd_neg.obj (.text)
                  0000af72    00000008     F2806x_CodeStartBranch.obj (.text)
                  0000af7a    00000008     rts2800_fpu32.lib : strlen.obj (.text)
                  0000af82    00000007     F2806x_DisInt.obj (.text)
                  0000af89    00000005     rts2800_fpu32.lib : strcpy.obj (.text)
                  0000af8e    00000003     F2806x_DBGIER.obj (.text)
                  0000af91    00000003     rts2800_fpu32.lib : remove.obj (.text)
                  0000af94    00000002                       : pre_init.obj (.text)

.pinit     0    00000050    00000000     UNINITIALIZED

.reset     0    003fffc0    00000002     DSECT
                  003fffc0    00000002     rts2800_fpu32.lib : boot.obj (.reset)

.stack     1    00000400    00000300     UNINITIALIZED
                  00000400    00000300     --HOLE--

DevEmuRegsFile 
*          1    00000880    00000004     UNINITIALIZED
                  00000880    00000004     F2806x_GlobalVariableDefs.obj (DevEmuRegsFile)

SysPwrCtrlRegsFile 
*          1    00000985    00000003     UNINITIALIZED
                  00000985    00000003     F2806x_GlobalVariableDefs.obj (SysPwrCtrlRegsFile)

FlashRegsFile 
*          1    00000a80    00000008     UNINITIALIZED
                  00000a80    00000008     F2806x_GlobalVariableDefs.obj (FlashRegsFile)

CsmRegsFile 
*          1    00000ae0    00000010     UNINITIALIZED
                  00000ae0    00000010     F2806x_GlobalVariableDefs.obj (CsmRegsFile)

AdcResultFile 
*          1    00000b00    00000010     UNINITIALIZED
                  00000b00    00000010     F2806x_GlobalVariableDefs.obj (AdcResultFile)

CpuTimer0RegsFile 
*          1    00000c00    00000008     UNINITIALIZED
                  00000c00    00000008     F2806x_GlobalVariableDefs.obj (CpuTimer0RegsFile)

CpuTimer1RegsFile 
*          1    00000c08    00000008     UNINITIALIZED
                  00000c08    00000008     F2806x_GlobalVariableDefs.obj (CpuTimer1RegsFile)

CpuTimer2RegsFile 
*          1    00000c10    00000008     UNINITIALIZED
                  00000c10    00000008     F2806x_GlobalVariableDefs.obj (CpuTimer2RegsFile)

PieCtrlRegsFile 
*          1    00000ce0    0000001a     UNINITIALIZED
                  00000ce0    0000001a     F2806x_GlobalVariableDefs.obj (PieCtrlRegsFile)

PieVectTableFile 
*          1    00000d00    00000100     UNINITIALIZED
                  00000d00    00000100     F2806x_GlobalVariableDefs.obj (PieVectTableFile)

EmuKeyVar 
*          1    00000d00    00000001     UNINITIALIZED
                  00000d00    00000001     F2806x_GlobalVariableDefs.obj (EmuKeyVar)

EmuBModeVar 
*          1    00000d01    00000001     UNINITIALIZED
                  00000d01    00000001     F2806x_GlobalVariableDefs.obj (EmuBModeVar)

FlashCallbackVar 
*          1    00000d02    00000002     UNINITIALIZED
                  00000d02    00000002     F2806x_GlobalVariableDefs.obj (FlashCallbackVar)

FlashScalingVar 
*          1    00000d04    00000002     UNINITIALIZED
                  00000d04    00000002     F2806x_GlobalVariableDefs.obj (FlashScalingVar)

DmaRegsFile 
*          1    00001000    000000e0     UNINITIALIZED
                  00001000    000000e0     F2806x_GlobalVariableDefs.obj (DmaRegsFile)

Cla1RegsFile 
*          1    00001400    00000040     UNINITIALIZED
                  00001400    00000040     F2806x_GlobalVariableDefs.obj (Cla1RegsFile)

Usb0RegsFile 
*          1    00004000    00000454     UNINITIALIZED
                  00004000    00000454     F2806x_GlobalVariableDefs.obj (Usb0RegsFile)

McbspaRegsFile 
*          1    00005000    00000024     UNINITIALIZED
                  00005000    00000024     F2806x_GlobalVariableDefs.obj (McbspaRegsFile)

ECanaRegsFile 
*          1    00006000    00000034     UNINITIALIZED
                  00006000    00000034     F2806x_GlobalVariableDefs.obj (ECanaRegsFile)

ECanaLAMRegsFile 
*          1    00006040    00000040     UNINITIALIZED
                  00006040    00000040     F2806x_GlobalVariableDefs.obj (ECanaLAMRegsFile)

ECanaMOTSRegsFile 
*          1    00006080    00000040     UNINITIALIZED
                  00006080    00000040     F2806x_GlobalVariableDefs.obj (ECanaMOTSRegsFile)

ECanaMOTORegsFile 
*          1    000060c0    00000040     UNINITIALIZED
                  000060c0    00000040     F2806x_GlobalVariableDefs.obj (ECanaMOTORegsFile)

ECanaMboxesFile 
*          1    00006100    00000100     UNINITIALIZED
                  00006100    00000100     F2806x_GlobalVariableDefs.obj (ECanaMboxesFile)

Comp1RegsFile 
*          1    00006400    00000014     UNINITIALIZED
                  00006400    00000014     F2806x_GlobalVariableDefs.obj (Comp1RegsFile)

Comp2RegsFile 
*          1    00006420    00000014     UNINITIALIZED
                  00006420    00000014     F2806x_GlobalVariableDefs.obj (Comp2RegsFile)

Comp3RegsFile 
*          1    00006440    00000014     UNINITIALIZED
                  00006440    00000014     F2806x_GlobalVariableDefs.obj (Comp3RegsFile)

EPwm1RegsFile 
*          1    00006800    00000040     UNINITIALIZED
                  00006800    00000040     F2806x_GlobalVariableDefs.obj (EPwm1RegsFile)

EPwm2RegsFile 
*          1    00006840    00000040     UNINITIALIZED
                  00006840    00000040     F2806x_GlobalVariableDefs.obj (EPwm2RegsFile)

EPwm3RegsFile 
*          1    00006880    00000040     UNINITIALIZED
                  00006880    00000040     F2806x_GlobalVariableDefs.obj (EPwm3RegsFile)

EPwm4RegsFile 
*          1    000068c0    00000040     UNINITIALIZED
                  000068c0    00000040     F2806x_GlobalVariableDefs.obj (EPwm4RegsFile)

EPwm5RegsFile 
*          1    00006900    00000040     UNINITIALIZED
                  00006900    00000040     F2806x_GlobalVariableDefs.obj (EPwm5RegsFile)

EPwm6RegsFile 
*          1    00006940    00000040     UNINITIALIZED
                  00006940    00000040     F2806x_GlobalVariableDefs.obj (EPwm6RegsFile)

EPwm7RegsFile 
*          1    00006980    00000040     UNINITIALIZED
                  00006980    00000040     F2806x_GlobalVariableDefs.obj (EPwm7RegsFile)

EPwm8RegsFile 
*          1    000069c0    00000040     UNINITIALIZED
                  000069c0    00000040     F2806x_GlobalVariableDefs.obj (EPwm8RegsFile)

ECap1RegsFile 
*          1    00006a00    00000020     UNINITIALIZED
                  00006a00    00000020     F2806x_GlobalVariableDefs.obj (ECap1RegsFile)

ECap2RegsFile 
*          1    00006a20    00000020     UNINITIALIZED
                  00006a20    00000020     F2806x_GlobalVariableDefs.obj (ECap2RegsFile)

ECap3RegsFile 
*          1    00006a40    00000020     UNINITIALIZED
                  00006a40    00000020     F2806x_GlobalVariableDefs.obj (ECap3RegsFile)

HRCap1RegsFile 
*          1    00006ac0    00000020     UNINITIALIZED
                  00006ac0    00000020     F2806x_GlobalVariableDefs.obj (HRCap1RegsFile)

HRCap2RegsFile 
*          1    00006ae0    00000020     UNINITIALIZED
                  00006ae0    00000020     F2806x_GlobalVariableDefs.obj (HRCap2RegsFile)

EQep1RegsFile 
*          1    00006b00    00000022     UNINITIALIZED
                  00006b00    00000022     F2806x_GlobalVariableDefs.obj (EQep1RegsFile)

EQep2RegsFile 
*          1    00006b40    00000022     UNINITIALIZED
                  00006b40    00000022     F2806x_GlobalVariableDefs.obj (EQep2RegsFile)

HRCap3RegsFile 
*          1    00006c80    00000020     UNINITIALIZED
                  00006c80    00000020     F2806x_GlobalVariableDefs.obj (HRCap3RegsFile)

HRCap4RegsFile 
*          1    00006ca0    00000020     UNINITIALIZED
                  00006ca0    00000020     F2806x_GlobalVariableDefs.obj (HRCap4RegsFile)

GpioCtrlRegsFile 
*          1    00006f80    00000040     UNINITIALIZED
                  00006f80    00000040     F2806x_GlobalVariableDefs.obj (GpioCtrlRegsFile)

GpioDataRegsFile 
*          1    00006fc0    00000020     UNINITIALIZED
                  00006fc0    00000020     F2806x_GlobalVariableDefs.obj (GpioDataRegsFile)

GpioIntRegsFile 
*          1    00006fe0    00000020     UNINITIALIZED
                  00006fe0    00000020     F2806x_GlobalVariableDefs.obj (GpioIntRegsFile)

SysCtrlRegsFile 
*          1    00007010    00000030     UNINITIALIZED
                  00007010    00000030     F2806x_GlobalVariableDefs.obj (SysCtrlRegsFile)

SpiaRegsFile 
*          1    00007040    00000010     UNINITIALIZED
                  00007040    00000010     F2806x_GlobalVariableDefs.obj (SpiaRegsFile)

SciaRegsFile 
*          1    00007050    00000010     UNINITIALIZED
                  00007050    00000010     F2806x_GlobalVariableDefs.obj (SciaRegsFile)

NmiIntruptRegsFile 
*          1    00007060    00000010     UNINITIALIZED
                  00007060    00000010     F2806x_GlobalVariableDefs.obj (NmiIntruptRegsFile)

XIntruptRegsFile 
*          1    00007070    00000010     UNINITIALIZED
                  00007070    00000010     F2806x_GlobalVariableDefs.obj (XIntruptRegsFile)

AdcRegsFile 
*          1    00007100    00000050     UNINITIALIZED
                  00007100    00000050     F2806x_GlobalVariableDefs.obj (AdcRegsFile)

SpibRegsFile 
*          1    00007740    00000010     UNINITIALIZED
                  00007740    00000010     F2806x_GlobalVariableDefs.obj (SpibRegsFile)

ScibRegsFile 
*          1    00007750    00000010     UNINITIALIZED
                  00007750    00000010     F2806x_GlobalVariableDefs.obj (ScibRegsFile)

I2caRegsFile 
*          1    00007900    00000022     UNINITIALIZED
                  00007900    00000022     F2806x_GlobalVariableDefs.obj (I2caRegsFile)

.ebss      1    0000c000    0000066d     UNINITIALIZED
                  0000c000    00000428     srd_timer.obj (.ebss)
                  0000c428    00000018     F2806x_CpuTimers.obj (.ebss)
                  0000c440    00000160     rts2800_fpu32.lib : defs.obj (.ebss)
                  0000c5a0    00000019     srd_sensor.obj (.ebss)
                  0000c5b9    00000001     rts2800_fpu32.lib : errno.obj (.ebss)
                  0000c5ba    00000006                       : exit.obj (.ebss)
                  0000c5c0    00000088                       : lowlev.obj (.ebss)
                  0000c648    0000000f     srd_control.obj (.ebss)
                  0000c657    00000001     rts2800_fpu32.lib : fopen.obj (.ebss)
                  0000c658    00000008                       : memory.obj (.ebss)
                  0000c660    00000008                       : trgdrv.obj (.ebss)
                  0000c668    00000002                       : _lock.obj (.ebss:__lock)
                  0000c66a    00000002                       : _lock.obj (.ebss:__unlock)
                  0000c66c    00000001     srd_error.obj (.ebss)

.esysmem   1    0000c66e    00000400     UNINITIALIZED
                  0000c66e    00000001     rts2800_fpu32.lib : memory.obj (.esysmem)
                  0000c66f    000003ff     --HOLE--

.econst    1    0000ca6e    00000278     
                  0000ca6e    00000101     rts2800_fpu32.lib : ctype.obj (.econst:.string:__ctypes_)
                  0000cb6f    00000001     --HOLE-- [fill = 0]
                  0000cb70    00000100     F2806x_PieVect.obj (.econst:_PieVectTableInit)
                  0000cc70    00000026     rts2800_fpu32.lib : _printfi.obj (.econst:.string)
                  0000cc96    0000001c                       : _printfi.obj (.econst)
                  0000ccb2    0000001c                       : s_scalbn.obj (.econst)
                  0000ccce    0000000d     srd_error.obj (.econst:.string)
                  0000ccdb    00000001     --HOLE-- [fill = 0]
                  0000ccdc    00000008     rts2800_fpu32.lib : s_frexp.obj (.econst)
                  0000cce4    00000002                       : fputs.obj (.econst:.string)

.cio       1    0000cd00    00000120     UNINITIALIZED
                  0000cd00    00000120     rts2800_fpu32.lib : trgmsg.obj (.cio)

PartIdRegsFile 
*          1    003d7e80    00000001     UNINITIALIZED
                  003d7e80    00000001     F2806x_GlobalVariableDefs.obj (PartIdRegsFile)

CsmPwlFile 
*          1    003f7ff8    00000008     UNINITIALIZED
                  003f7ff8    00000008     F2806x_GlobalVariableDefs.obj (CsmPwlFile)

MODULE SUMMARY

       Module                          code    ro data   rw data
       ------                          ----    -------   -------
    .\src\
       F2806x_GlobalVariableDefs.obj   0       0         3550   
       F2806x_DefaultIsr.obj           923     0         0      
       F2806x_Adc.obj                  570     0         0      
       F2806x_SysCtrl.obj              396     0         0      
       F2806x_PieVect.obj              38      0         256    
       F2806x_CpuTimers.obj            118     0         24     
       F2806x_PieCtrl.obj              40      0         0      
       F2806x_Gpio.obj                 21      0         0      
       F2806x_CodeStartBranch.obj      10      0         0      
       F2806x_DisInt.obj               7       0         0      
       F2806x_usDelay.obj              4       0         0      
       F2806x_DBGIER.obj               3       0         0      
    +--+-------------------------------+-------+---------+---------+
       Total:                          2130    0         3830   
                                                                
    .\user\
       srd_timer.obj                   193     0         1072   
       srd_adc.obj                     749     0         0      
       srd_control.obj                 599     0         75     
       srd_sensor.obj                  377     0         125    
       srd_error.obj                   273     0         18     
       srd_gpio.obj                    116     0         0      
       main.obj                        17      0         0      
    +--+-------------------------------+-------+---------+---------+
       Total:                          2324    0         1290   
                                                                
    D:\ti\ccsv6\tools\compiler\ti-cgt-c2000_15.12.1.LTS\lib\rts2800_fpu32.lib
       _printfi.obj                    3033    0         66     
       lowlev.obj                      539     0         185    
       trgdrv.obj                      636     0         8      
       memory.obj                      466     0         12     
       trgmsg.obj                      148     0         288    
       defs.obj                        0       0         394    
       ll_div.obj                      263     0         0      
       ctype.obj                       0       0         257    
       fopen.obj                       249     0         5      
       s_scalbn.obj                    188     0         28     
       fputs.obj                       176     0         2      
       fd_add.obj                      156     0         0      
       fd_div.obj                      139     0         0      
       setvbuf.obj                     137     0         0      
       fd_mpy.obj                      131     0         0      
       fflush.obj                      115     0         0      
       _io_perm.obj                    103     0         0      
       s_frexp.obj                     91      0         8      
       fclose.obj                      95      0         0      
       boot.obj                        86      0         0      
       fputc.obj                       83      0         0      
       cpy_tbl.obj                     70      0         0      
       exit.obj                        41      0         20     
       fseek.obj                       61      0         0      
       printf.obj                      52      0         0      
       atoi.obj                        49      0         0      
       ltoa.obj                        46      0         0      
       fd_cmp.obj                      42      0         0      
       l_div.obj                       42      0         0      
       i_div.obj                       34      0         0      
       s_copysign.obj                  34      0         0      
       fd_toi.obj                      33      0         0      
       fd_tol.obj                      31      0         0      
       ll_cmp.obj                      30      0         0      
       memcpy.obj                      30      0         0      
       strncpy.obj                     30      0         0      
       i_tofd.obj                      29      0         0      
       fs_tofd.obj                     28      0         0      
       l_tofd.obj                      28      0         0      
       cpy_utils.obj                   26      0         0      
       args_main.obj                   25      0         0      
       ll_aox.obj                      24      0         0      
       _lock.obj                       9       0         14     
       memchr.obj                      17      0         0      
       fd_sub.obj                      14      0         0      
       memccpy.obj                     13      0         0      
       memset.obj                      12      0         0      
       strchr.obj                      12      0         0      
       strcmp.obj                      10      0         0      
       fd_neg.obj                      9       0         0      
       strlen.obj                      8       0         0      
       errno.obj                       0       0         5      
       strcpy.obj                      5       0         0      
       remove.obj                      3       0         0      
       pre_init.obj                    2       0         0      
       startup.obj                     1       0         0      
    +--+-------------------------------+-------+---------+---------+
       Total:                          7734    0         1292   
                                                                
       Heap:                           0       0         1024   
       Stack:                          0       0         768    
    +--+-------------------------------+-------+---------+---------+
       Grand Total:                    12188   0         8204   


GLOBAL DATA SYMBOLS: SORTED BY DATA PAGE

address     data page           name
--------    ----------------    ----
00000400      10 (00000400)     __stack

00000880      22 (00000880)     _DevEmuRegs

00000985      26 (00000980)     _SysPwrCtrlRegs

00000a80      2a (00000a80)     _FlashRegs

00000ae0      2b (00000ac0)     _CsmRegs

00000b00      2c (00000b00)     _AdcResult

00000c00      30 (00000c00)     _CpuTimer0Regs
00000c08      30 (00000c00)     _CpuTimer1Regs
00000c10      30 (00000c00)     _CpuTimer2Regs

00000ce0      33 (00000cc0)     _PieCtrlRegs

00000d00      34 (00000d00)     _EmuKey
00000d00      34 (00000d00)     _PieVectTable
00000d01      34 (00000d00)     _EmuBMode
00000d02      34 (00000d00)     _Flash_CallbackPtr
00000d04      34 (00000d00)     _Flash_CPUScaleFactor

00001000      40 (00001000)     _DmaRegs

00001400      50 (00001400)     _Cla1Regs

00004000     100 (00004000)     _Usb0Regs

00005000     140 (00005000)     _McbspaRegs

00006000     180 (00006000)     _ECanaRegs

00006040     181 (00006040)     _ECanaLAMRegs

00006080     182 (00006080)     _ECanaMOTSRegs

000060c0     183 (000060c0)     _ECanaMOTORegs

00006100     184 (00006100)     _ECanaMboxes

00006400     190 (00006400)     _Comp1Regs
00006420     190 (00006400)     _Comp2Regs

00006440     191 (00006440)     _Comp3Regs

00006800     1a0 (00006800)     _EPwm1Regs

00006840     1a1 (00006840)     _EPwm2Regs

00006880     1a2 (00006880)     _EPwm3Regs

000068c0     1a3 (000068c0)     _EPwm4Regs

00006900     1a4 (00006900)     _EPwm5Regs

00006940     1a5 (00006940)     _EPwm6Regs

00006980     1a6 (00006980)     _EPwm7Regs

000069c0     1a7 (000069c0)     _EPwm8Regs

00006a00     1a8 (00006a00)     _ECap1Regs
00006a20     1a8 (00006a00)     _ECap2Regs

00006a40     1a9 (00006a40)     _ECap3Regs

00006ac0     1ab (00006ac0)     _HRCap1Regs
00006ae0     1ab (00006ac0)     _HRCap2Regs

00006b00     1ac (00006b00)     _EQep1Regs

00006b40     1ad (00006b40)     _EQep2Regs

00006c80     1b2 (00006c80)     _HRCap3Regs
00006ca0     1b2 (00006c80)     _HRCap4Regs

00006f80     1be (00006f80)     _GpioCtrlRegs

00006fc0     1bf (00006fc0)     _GpioDataRegs
00006fe0     1bf (00006fc0)     _GpioIntRegs

00007010     1c0 (00007000)     _SysCtrlRegs

00007040     1c1 (00007040)     _SpiaRegs
00007050     1c1 (00007040)     _SciaRegs
00007060     1c1 (00007040)     _NmiIntruptRegs
00007070     1c1 (00007040)     _XIntruptRegs

00007100     1c4 (00007100)     _AdcRegs

00007740     1dd (00007740)     _SpibRegs
00007750     1dd (00007740)     _ScibRegs

00007900     1e4 (00007900)     _I2caRegs

0000c000     300 (0000c000)     _done

0000c040     301 (0000c040)     _data

0000c428     310 (0000c400)     _CpuTimer1
0000c430     310 (0000c400)     _CpuTimer2
0000c438     310 (0000c400)     _CpuTimer0

0000c440     311 (0000c440)     ___TI_ft_end

0000c480     312 (0000c480)     __ftable

0000c500     314 (0000c500)     ___TI_tmpnams

0000c5a0     316 (0000c580)     _SRM_ANGLE
0000c5a1     316 (0000c580)     _SRM_SPEED
0000c5a2     316 (0000c580)     _NOW_state
0000c5a3     316 (0000c580)     _SRM_STATE
0000c5a4     316 (0000c580)     _IV_offset
0000c5a5     316 (0000c580)     _IU_offset
0000c5a6     316 (0000c580)     _Ref3V_offset
0000c5ab     316 (0000c580)     _LAST_state
0000c5ac     316 (0000c580)     _DBVD_offset
0000c5ae     316 (0000c580)     _Ref3V_ad
0000c5af     316 (0000c580)     _Ref0V_ad
0000c5b0     316 (0000c580)     _DBVD_ad
0000c5b1     316 (0000c580)     _IU_ad
0000c5b2     316 (0000c580)     _IV_ad
0000c5b3     316 (0000c580)     _PC_state
0000c5b4     316 (0000c580)     _DRV_state
0000c5b5     316 (0000c580)     _PB_state
0000c5b6     316 (0000c580)     _BRV_state
0000c5b7     316 (0000c580)     _PA_state
0000c5b8     316 (0000c580)     _HOT_state
0000c5b9     316 (0000c580)     _errno
0000c5ba     316 (0000c580)     ___TI_enable_exit_profile_output
0000c5bc     316 (0000c580)     ___TI_cleanup_ptr
0000c5be     316 (0000c580)     ___TI_dtors_ptr

0000c648     319 (0000c640)     _Expect_SPEED
0000c649     319 (0000c640)     _Expect_I
0000c64a     319 (0000c640)     _I_abs
0000c64b     319 (0000c640)     _FIRST_RUN
0000c64c     319 (0000c640)     _I_error
0000c64d     319 (0000c640)     _IGBT_L_switch
0000c64e     319 (0000c640)     _hysteresis
0000c650     319 (0000c640)     _Start_I
0000c651     319 (0000c640)     _MAX_U
0000c652     319 (0000c640)     _MAX_I
0000c653     319 (0000c640)     _IGBT_H_switch
0000c654     319 (0000c640)     _MAX_SPEED
0000c655     319 (0000c640)     _IGBT_L
0000c656     319 (0000c640)     _IGBT_H
0000c668     319 (0000c640)     __lock
0000c66a     319 (0000c640)     __unlock
0000c66c     319 (0000c640)     _ERROR
0000c66e     319 (0000c640)     __sys_memory

0000ca6e     329 (0000ca40)     __ctypes_

0000cb70     32d (0000cb40)     _PieVectTableInit

0000cd00     334 (0000cd00)     __CIOBUF_

003d7e80    f5fa (003d7e80)     _PartIdRegs

003f7ff8    fdff (003f7fc0)     _CsmPwl


GLOBAL SYMBOLS: SORTED ALPHABETICALLY BY Name 

page  address   name                            
----  -------   ----                            
0     00008000  .text                           
0     0000acf7  C$$EXIT                         
0     0000a5cd  C$$IO$$                         
0     0000a4dd  FD$$ADD                         
0     0000aca3  FD$$CMP                         
0     0000a69f  FD$$DIV                         
0     0000a7b3  FD$$MPY                         
0     0000af69  FD$$NEG                         
0     0000af23  FD$$SUB                         
0     0000adb2  FD$$TOI                         
0     0000add3  FD$$TOL                         
0     0000ae69  FS$$TOFD                        
0     0000ad6e  I$$DIV                          
0     0000ad7f  I$$MOD                          
0     0000ae4c  I$$TOFD                         
0     0000accd  L$$DIV                          
0     0000acdc  L$$MOD                          
0     0000ae85  L$$TOFD                         
0     0000aed4  LL$$AND                         
0     0000adf2  LL$$CMP                         
0     0000a171  LL$$DIV                         
0     0000a1ad  LL$$MOD                         
0     0000aedc  LL$$OR                          
0     0000aee4  LL$$XOR                         
0     0000acea  UL$$DIV                         
0     0000acf1  UL$$MOD                         
0     0000ae04  ULL$$CMP                        
0     0000a1e7  ULL$$DIV                        
0     0000a216  ULL$$MOD                        
0     00008c97  _ADCINT1_ISR                    
0     00008ca1  _ADCINT2_ISR                    
0     00008ea9  _ADCINT3_ISR                    
0     00008eb3  _ADCINT4_ISR                    
0     00008ebd  _ADCINT5_ISR                    
0     00008ec7  _ADCINT6_ISR                    
0     00008ed1  _ADCINT7_ISR                    
0     00008edb  _ADCINT8_ISR                    
0     00008cbf  _ADCINT9_ISR                    
0     000097a8  _AdcChanSelect                  
0     0000981d  _AdcConversion                  
0     00009781  _AdcOffsetSelfCal               
1     00007100  _AdcRegs                        
1     00000b00  _AdcResult                      
1     0000c5b6  _BRV_state                      
0     00008ee5  _CLA1_INT1_ISR                  
0     00008eef  _CLA1_INT2_ISR                  
0     00008ef9  _CLA1_INT3_ISR                  
0     00008f03  _CLA1_INT4_ISR                  
0     00008f0d  _CLA1_INT5_ISR                  
0     00008f17  _CLA1_INT6_ISR                  
0     00008f21  _CLA1_INT7_ISR                  
0     00008f2b  _CLA1_INT8_ISR                  
1     00001400  _Cla1Regs                       
1     00006400  _Comp1Regs                      
1     00006420  _Comp2Regs                      
1     00006440  _Comp3Regs                      
0     0000a871  _ConfigCpuTimer                 
1     0000c438  _CpuTimer0                      
1     00000c00  _CpuTimer0Regs                  
1     0000c428  _CpuTimer1                      
1     00000c08  _CpuTimer1Regs                  
1     0000c430  _CpuTimer2                      
1     00000c10  _CpuTimer2Regs                  
1     003f7ff8  _CsmPwl                         
1     00000ae0  _CsmRegs                        
0     00009e60  _CsmUnlock                      
0     00008bed  _DATALOG_ISR                    
1     0000c5b0  _DBVD_ad                        
1     0000c5ac  _DBVD_offset                    
0     00008e1d  _DINTCH1_ISR                    
0     00008e27  _DINTCH2_ISR                    
0     00008e31  _DINTCH3_ISR                    
0     00008e3b  _DINTCH4_ISR                    
0     00008e45  _DINTCH5_ISR                    
0     00008e4f  _DINTCH6_ISR                    
1     0000c5b4  _DRV_state                      
0     0000af82  _DSP28x_DisableInt              
0     0000af86  _DSP28x_RestoreInt              
0     0000017d  _DSP28x_usDelay                 
1     00000880  _DevEmuRegs                     
0     00009d7f  _DisableDog                     
1     00001000  _DmaRegs                        
0     00008e95  _ECAN0INTA_ISR                  
0     00008e9f  _ECAN1INTA_ISR                  
0     00008d7d  _ECAP1_INT_ISR                  
0     00008d87  _ECAP2_INT_ISR                  
0     00008d91  _ECAP3_INT_ISR                  
1     00006040  _ECanaLAMRegs                   
1     000060c0  _ECanaMOTORegs                  
1     00006080  _ECanaMOTSRegs                  
1     00006100  _ECanaMboxes                    
1     00006000  _ECanaRegs                      
1     00006a00  _ECap1Regs                      
1     00006a20  _ECap2Regs                      
1     00006a40  _ECap3Regs                      
0     00008f53  _EMPTY_ISR                      
0     00008c01  _EMUINT_ISR                     
0     00008d2d  _EPWM1_INT_ISR                  
0     00008cdd  _EPWM1_TZINT_ISR                
0     00008d37  _EPWM2_INT_ISR                  
0     00008ce7  _EPWM2_TZINT_ISR                
0     00008d41  _EPWM3_INT_ISR                  
0     00008cf1  _EPWM3_TZINT_ISR                
0     00008d4b  _EPWM4_INT_ISR                  
0     00008cfb  _EPWM4_TZINT_ISR                
0     00008d55  _EPWM5_INT_ISR                  
0     00008d05  _EPWM5_TZINT_ISR                
0     00008d5f  _EPWM6_INT_ISR                  
0     00008d0f  _EPWM6_TZINT_ISR                
0     00008d69  _EPWM7_INT_ISR                  
0     00008d19  _EPWM7_TZINT_ISR                
0     00008d73  _EPWM8_INT_ISR                  
0     00008d23  _EPWM8_TZINT_ISR                
1     00006800  _EPwm1Regs                      
1     00006840  _EPwm2Regs                      
1     00006880  _EPwm3Regs                      
1     000068c0  _EPwm4Regs                      
1     00006900  _EPwm5Regs                      
1     00006940  _EPwm6Regs                      
1     00006980  _EPwm7Regs                      
1     000069c0  _EPwm8Regs                      
0     00008daf  _EQEP1_INT_ISR                  
0     00008db9  _EQEP2_INT_ISR                  
1     00006b00  _EQep1Regs                      
1     00006b40  _EQep2Regs                      
1     0000c66c  _ERROR                          
1     00000d01  _EmuBMode                       
1     00000d00  _EmuKey                         
0     0000ad3f  _EnableInterrupts               
1     0000c649  _Expect_I                       
1     0000c648  _Expect_SPEED                   
0     00009ed1  _ExtOscSel                      
1     0000c64b  _FIRST_RUN                      
1     00000a80  _FlashRegs                      
1     00000d04  _Flash_CPUScaleFactor           
1     00000d02  _Flash_CallbackPtr              
1     00006f80  _GpioCtrlRegs                   
1     00006fc0  _GpioDataRegs                   
1     00006fe0  _GpioIntRegs                    
0     000094a7  _HOSTclock                      
0     0000947e  _HOSTclose                      
0     00009456  _HOSTgetenv                     
0     000093f5  _HOSTlseek                      
0     000093b5  _HOSTopen                       
0     00009376  _HOSTread                       
0     00009338  _HOSTrename                     
0     00009302  _HOSTtime                       
0     000092bd  _HOSTtime64                     
0     00009299  _HOSTunlink                     
0     00009261  _HOSTwrite                      
1     0000c5b8  _HOT_state                      
0     00008d9b  _HRCAP1_INT_ISR                 
0     00008da5  _HRCAP2_INT_ISR                 
0     00008dc3  _HRCAP3_INT_ISR                 
0     00008dcd  _HRCAP4_INT_ISR                 
1     00006ac0  _HRCap1Regs                     
1     00006ae0  _HRCap2Regs                     
1     00006c80  _HRCap3Regs                     
1     00006ca0  _HRCap4Regs                     
0     00008e59  _I2CINT1A_ISR                   
0     00008e63  _I2CINT2A_ISR                   
1     00007900  _I2caRegs                       
1     0000c656  _IGBT_H                         
1     0000c653  _IGBT_H_switch                  
1     0000c655  _IGBT_L                         
1     0000c64d  _IGBT_L_switch                  
0     00008c15  _ILLEGAL_ISR                    
0     00008bd9  _INT13_ISR                      
0     00008be3  _INT14_ISR                      
1     0000c5b1  _IU_ad                          
1     0000c5a5  _IU_offset                      
1     0000c5b2  _IV_ad                          
1     0000c5a4  _IV_offset                      
1     0000c64a  _I_abs                          
1     0000c64c  _I_error                        
0     00009734  _InitAdc                        
0     0000975f  _InitAdcAio                     
0     0000a836  _InitCpuTimers                  
0     0000aeec  _InitGpio                       
0     00009e0a  _InitPeripheralClocks           
0     0000ad20  _InitPieCtrl                    
0     0000ad48  _InitPieVectTable               
0     00009d87  _InitPll                        
0     00009ddc  _InitPll2                       
0     00009d5b  _InitSysCtrl                    
0     000094dd  _Init_SRD                       
0     00009e91  _IntOsc1Sel                     
0     00009ea1  _IntOsc2Sel                     
1     0000c5ab  _LAST_state                     
0     00008f49  _LUF_ISR                        
0     00008f3f  _LVF_ISR                        
1     0000c652  _MAX_I                          
1     0000c654  _MAX_SPEED                      
1     0000c651  _MAX_U                          
0     00008e09  _MRINTA_ISR                     
0     00008e13  _MXINTA_ISR                     
1     00005000  _McbspaRegs                     
0     00008c0b  _NMI_ISR                        
1     0000c5a2  _NOW_state                      
1     00007060  _NmiIntruptRegs                 
1     0000c5b7  _PA_state                       
1     0000c5b5  _PB_state                       
1     0000c5b3  _PC_state                       
0     00008f60  _PIE_RESERVED                   
1     003d7e80  _PartIdRegs                     
1     00000ce0  _PieCtrlRegs                    
1     00000d00  _PieVectTable                   
1     0000cb70  _PieVectTableInit               
0     00008bf7  _RTOSINT_ISR                    
1     0000c5af  _Ref0V_ad                       
1     0000c5ae  _Ref3V_ad                       
1     0000c5a6  _Ref3V_offset                   
0     00008e6d  _SCIRXINTA_ISR                  
0     00008e81  _SCIRXINTB_ISR                  
0     00008e77  _SCITXINTA_ISR                  
0     00008e8b  _SCITXINTB_ISR                  
0     00008de1  _SPIRXINTA_ISR                  
0     00008df5  _SPIRXINTB_ISR                  
0     00008deb  _SPITXINTA_ISR                  
0     00008dff  _SPITXINTB_ISR                  
1     0000c5a0  _SRM_ANGLE                      
1     0000c5a1  _SRM_SPEED                      
1     0000c5a3  _SRM_STATE                      
1     00007050  _SciaRegs                       
1     00007750  _ScibRegs                       
0     00009d75  _ServiceDog                     
0     0000af8e  _SetDBGIER                      
1     00007040  _SpiaRegs                       
1     00007740  _SpibRegs                       
1     0000c650  _Start_I                        
1     00007010  _SysCtrlRegs                    
1     00000985  _SysPwrCtrlRegs                 
0     00008cc9  _TINT0_ISR                      
0     00008dd7  _USB0_INT_ISR                   
0     00008c79  _USER10_ISR                     
0     00008c83  _USER11_ISR                     
0     00008c8d  _USER12_ISR                     
0     00008c1f  _USER1_ISR                      
0     00008c29  _USER2_ISR                      
0     00008c33  _USER3_ISR                      
0     00008c3d  _USER4_ISR                      
0     00008c47  _USER5_ISR                      
0     00008c51  _USER6_ISR                      
0     00008c5b  _USER7_ISR                      
0     00008c65  _USER8_ISR                      
0     00008c6f  _USER9_ISR                      
1     00004000  _Usb0Regs                       
0     00008cd3  _WAKEINT_ISR                    
0     00008cab  _XINT1_ISR                      
0     00008cb5  _XINT2_ISR                      
0     00008f35  _XINT3_ISR                      
1     00007070  _XIntruptRegs                   
0     00009eb5  _XtalOscSel                     
1     0000cd00  __CIOBUF_                       
1     00000700  __STACK_END                     
abs   00000300  __STACK_SIZE                    
abs   00000400  __SYSMEM_SIZE                   
0     0000a2f0  ___TI_cleanup                   
1     0000c5bc  ___TI_cleanup_ptr               
0     0000a9fa  ___TI_closefile                 
0     0000a920  ___TI_doflush                   
1     0000c5be  ___TI_dtors_ptr                 
1     0000c5ba  ___TI_enable_exit_profile_output
1     0000c440  ___TI_ft_end                    
abs   ffffffff  ___TI_pprof_out_hndl            
0     00008ab4  ___TI_printfi                   
abs   ffffffff  ___TI_prof_data_size            
abs   ffffffff  ___TI_prof_data_start           
0     0000a9ce  ___TI_rd_ok                     
0     0000a5d2  ___TI_readmsg                   
1     0000c500  ___TI_tmpnams                   
0     0000a57a  ___TI_writemsg                  
0     0000a993  ___TI_wrt_ok                    
abs   ffffffff  ___binit__                      
abs   ffffffff  ___c_args__                     
0     00000050  ___cinit__                      
0     0000af96  ___etext__                      
abs   ffffffff  ___pinit__                      
0     00008000  ___text__                       
0     0000aebb  __args_main                     
1     0000ca6e  __ctypes_                       
1     0000c480  __ftable                        
1     0000c668  __lock                          
0     0000af68  __nop                           
0     0000af64  __register_lock                 
0     0000af60  __register_unlock               
1     00000400  __stack                         
1     0000c66e  __sys_memory                    
0     0000a579  __system_post_cinit             
0     0000af94  __system_pre_init               
1     0000c66a  __unlock                        
0     0000acf7  _abort                          
0     00009b0b  _add_device                     
0     0000ac14  _atoi                           
0     0000aab4  _c_int00                        
0     00009d44  _calloc                         
0     00009d42  _chkheap                        
0     00009ad8  _close                          
0     0000ab5d  _copy_in                        
0     0000ad90  _copysignl                      
0     0000a60e  _cpu_timer0_isr                 
0     0000a655  _cpu_timer1_isr                 
1     0000c040  _data                           
0     0000aea1  _ddcopy                         
1     0000c000  _done                           
0     0000aea1  _dpcopy                         
1     0000c5b9  _errno                          
0     0000a060  _error_checking                 
0     0000acf9  _exit                           
0     0000aa3e  _fclose                         
0     0000a94f  _fflush                         
0     0000a32b  _fopen                          
0     0000ab0a  _fputc                          
0     0000a42d  _fputs                          
0     00009b89  _free                           
0     00009d24  _free_memory                    
0     0000a30d  _freopen                        
0     0000aa59  _frexpl                         
0     0000aba3  _fseek                          
0     0000906c  _get_AD_offset                  
0     00009f3e  _get_position                   
0     00009ee7  _get_state                      
1     0000c64e  _hysteresis                     
0     00009578  _hysteresis_control             
0     0000a371  _ldexpl                         
0     00009ac0  _lseek                          
0     0000ac75  _ltoa                           
0     0000af01  _main                           
0     00009bf2  _malloc                         
0     00009d02  _max_free                       
0     0000af31  _memccpy                        
0     0000af12  _memchr                         
0     0000ae10  _memcpy                         
0     0000af3e  _memset                         
0     00009bcd  _minit                          
0     0000909d  _my_AdcChanSelect               
0     00009112  _my_AdcConversion               
0     00008f74  _my_init_adc                    
0     0000ac45  _my_init_cputimer               
0     0000a8ac  _my_init_gpio                   
0     00009a4f  _open                           
0     00009629  _output_control                 
0     0000aea1  _pdcopy                         
0     0000950e  _phase_control                  
0     00009551  _pid_control                    
0     0000aea1  _ppcopy                         
0     0000abe6  _printf                         
0     0000ab0a  _putc                           
0     0000ab58  _putchar                        
0     0000a4ca  _puts                           
0     00009a36  _read                           
0     00009c50  _realloc                        
0     0000af91  _remove                         
0     00009a1c  _remove_device                  
0     000099ee  _rename                         
0     00008f6a  _rsvd_ISR                       
0     0000a371  _scalbnl                        
0     0000a72a  _setvbuf                        
0     0000af4a  _strchr                         
0     0000af56  _strcmp                         
0     0000af89  _strcpy                         
0     0000af7a  _strlen                         
0     0000ae2e  _strncpy                        
0     000099d5  _unlink                         
0     0000996e  _write                          
abs   ffffffff  binit                           
0     00000050  cinit                           
0     00000000  code_start                      
0     0000af96  etext                           
abs   ffffffff  pinit                           


GLOBAL SYMBOLS: SORTED BY Symbol Address 

page  address   name                            
----  -------   ----                            
0     00000000  code_start                      
0     00000050  ___cinit__                      
0     00000050  cinit                           
0     0000017d  _DSP28x_usDelay                 
0     00008000  .text                           
0     00008000  ___text__                       
0     00008ab4  ___TI_printfi                   
0     00008bd9  _INT13_ISR                      
0     00008be3  _INT14_ISR                      
0     00008bed  _DATALOG_ISR                    
0     00008bf7  _RTOSINT_ISR                    
0     00008c01  _EMUINT_ISR                     
0     00008c0b  _NMI_ISR                        
0     00008c15  _ILLEGAL_ISR                    
0     00008c1f  _USER1_ISR                      
0     00008c29  _USER2_ISR                      
0     00008c33  _USER3_ISR                      
0     00008c3d  _USER4_ISR                      
0     00008c47  _USER5_ISR                      
0     00008c51  _USER6_ISR                      
0     00008c5b  _USER7_ISR                      
0     00008c65  _USER8_ISR                      
0     00008c6f  _USER9_ISR                      
0     00008c79  _USER10_ISR                     
0     00008c83  _USER11_ISR                     
0     00008c8d  _USER12_ISR                     
0     00008c97  _ADCINT1_ISR                    
0     00008ca1  _ADCINT2_ISR                    
0     00008cab  _XINT1_ISR                      
0     00008cb5  _XINT2_ISR                      
0     00008cbf  _ADCINT9_ISR                    
0     00008cc9  _TINT0_ISR                      
0     00008cd3  _WAKEINT_ISR                    
0     00008cdd  _EPWM1_TZINT_ISR                
0     00008ce7  _EPWM2_TZINT_ISR                
0     00008cf1  _EPWM3_TZINT_ISR                
0     00008cfb  _EPWM4_TZINT_ISR                
0     00008d05  _EPWM5_TZINT_ISR                
0     00008d0f  _EPWM6_TZINT_ISR                
0     00008d19  _EPWM7_TZINT_ISR                
0     00008d23  _EPWM8_TZINT_ISR                
0     00008d2d  _EPWM1_INT_ISR                  
0     00008d37  _EPWM2_INT_ISR                  
0     00008d41  _EPWM3_INT_ISR                  
0     00008d4b  _EPWM4_INT_ISR                  
0     00008d55  _EPWM5_INT_ISR                  
0     00008d5f  _EPWM6_INT_ISR                  
0     00008d69  _EPWM7_INT_ISR                  
0     00008d73  _EPWM8_INT_ISR                  
0     00008d7d  _ECAP1_INT_ISR                  
0     00008d87  _ECAP2_INT_ISR                  
0     00008d91  _ECAP3_INT_ISR                  
0     00008d9b  _HRCAP1_INT_ISR                 
0     00008da5  _HRCAP2_INT_ISR                 
0     00008daf  _EQEP1_INT_ISR                  
0     00008db9  _EQEP2_INT_ISR                  
0     00008dc3  _HRCAP3_INT_ISR                 
0     00008dcd  _HRCAP4_INT_ISR                 
0     00008dd7  _USB0_INT_ISR                   
0     00008de1  _SPIRXINTA_ISR                  
0     00008deb  _SPITXINTA_ISR                  
0     00008df5  _SPIRXINTB_ISR                  
0     00008dff  _SPITXINTB_ISR                  
0     00008e09  _MRINTA_ISR                     
0     00008e13  _MXINTA_ISR                     
0     00008e1d  _DINTCH1_ISR                    
0     00008e27  _DINTCH2_ISR                    
0     00008e31  _DINTCH3_ISR                    
0     00008e3b  _DINTCH4_ISR                    
0     00008e45  _DINTCH5_ISR                    
0     00008e4f  _DINTCH6_ISR                    
0     00008e59  _I2CINT1A_ISR                   
0     00008e63  _I2CINT2A_ISR                   
0     00008e6d  _SCIRXINTA_ISR                  
0     00008e77  _SCITXINTA_ISR                  
0     00008e81  _SCIRXINTB_ISR                  
0     00008e8b  _SCITXINTB_ISR                  
0     00008e95  _ECAN0INTA_ISR                  
0     00008e9f  _ECAN1INTA_ISR                  
0     00008ea9  _ADCINT3_ISR                    
0     00008eb3  _ADCINT4_ISR                    
0     00008ebd  _ADCINT5_ISR                    
0     00008ec7  _ADCINT6_ISR                    
0     00008ed1  _ADCINT7_ISR                    
0     00008edb  _ADCINT8_ISR                    
0     00008ee5  _CLA1_INT1_ISR                  
0     00008eef  _CLA1_INT2_ISR                  
0     00008ef9  _CLA1_INT3_ISR                  
0     00008f03  _CLA1_INT4_ISR                  
0     00008f0d  _CLA1_INT5_ISR                  
0     00008f17  _CLA1_INT6_ISR                  
0     00008f21  _CLA1_INT7_ISR                  
0     00008f2b  _CLA1_INT8_ISR                  
0     00008f35  _XINT3_ISR                      
0     00008f3f  _LVF_ISR                        
0     00008f49  _LUF_ISR                        
0     00008f53  _EMPTY_ISR                      
0     00008f60  _PIE_RESERVED                   
0     00008f6a  _rsvd_ISR                       
0     00008f74  _my_init_adc                    
0     0000906c  _get_AD_offset                  
0     0000909d  _my_AdcChanSelect               
0     00009112  _my_AdcConversion               
0     00009261  _HOSTwrite                      
0     00009299  _HOSTunlink                     
0     000092bd  _HOSTtime64                     
0     00009302  _HOSTtime                       
0     00009338  _HOSTrename                     
0     00009376  _HOSTread                       
0     000093b5  _HOSTopen                       
0     000093f5  _HOSTlseek                      
0     00009456  _HOSTgetenv                     
0     0000947e  _HOSTclose                      
0     000094a7  _HOSTclock                      
0     000094dd  _Init_SRD                       
0     0000950e  _phase_control                  
0     00009551  _pid_control                    
0     00009578  _hysteresis_control             
0     00009629  _output_control                 
0     00009734  _InitAdc                        
0     0000975f  _InitAdcAio                     
0     00009781  _AdcOffsetSelfCal               
0     000097a8  _AdcChanSelect                  
0     0000981d  _AdcConversion                  
0     0000996e  _write                          
0     000099d5  _unlink                         
0     000099ee  _rename                         
0     00009a1c  _remove_device                  
0     00009a36  _read                           
0     00009a4f  _open                           
0     00009ac0  _lseek                          
0     00009ad8  _close                          
0     00009b0b  _add_device                     
0     00009b89  _free                           
0     00009bcd  _minit                          
0     00009bf2  _malloc                         
0     00009c50  _realloc                        
0     00009d02  _max_free                       
0     00009d24  _free_memory                    
0     00009d42  _chkheap                        
0     00009d44  _calloc                         
0     00009d5b  _InitSysCtrl                    
0     00009d75  _ServiceDog                     
0     00009d7f  _DisableDog                     
0     00009d87  _InitPll                        
0     00009ddc  _InitPll2                       
0     00009e0a  _InitPeripheralClocks           
0     00009e60  _CsmUnlock                      
0     00009e91  _IntOsc1Sel                     
0     00009ea1  _IntOsc2Sel                     
0     00009eb5  _XtalOscSel                     
0     00009ed1  _ExtOscSel                      
0     00009ee7  _get_state                      
0     00009f3e  _get_position                   
0     0000a060  _error_checking                 
0     0000a171  LL$$DIV                         
0     0000a1ad  LL$$MOD                         
0     0000a1e7  ULL$$DIV                        
0     0000a216  ULL$$MOD                        
0     0000a2f0  ___TI_cleanup                   
0     0000a30d  _freopen                        
0     0000a32b  _fopen                          
0     0000a371  _ldexpl                         
0     0000a371  _scalbnl                        
0     0000a42d  _fputs                          
0     0000a4ca  _puts                           
0     0000a4dd  FD$$ADD                         
0     0000a579  __system_post_cinit             
0     0000a57a  ___TI_writemsg                  
0     0000a5cd  C$$IO$$                         
0     0000a5d2  ___TI_readmsg                   
0     0000a60e  _cpu_timer0_isr                 
0     0000a655  _cpu_timer1_isr                 
0     0000a69f  FD$$DIV                         
0     0000a72a  _setvbuf                        
0     0000a7b3  FD$$MPY                         
0     0000a836  _InitCpuTimers                  
0     0000a871  _ConfigCpuTimer                 
0     0000a8ac  _my_init_gpio                   
0     0000a920  ___TI_doflush                   
0     0000a94f  _fflush                         
0     0000a993  ___TI_wrt_ok                    
0     0000a9ce  ___TI_rd_ok                     
0     0000a9fa  ___TI_closefile                 
0     0000aa3e  _fclose                         
0     0000aa59  _frexpl                         
0     0000aab4  _c_int00                        
0     0000ab0a  _fputc                          
0     0000ab0a  _putc                           
0     0000ab58  _putchar                        
0     0000ab5d  _copy_in                        
0     0000aba3  _fseek                          
0     0000abe6  _printf                         
0     0000ac14  _atoi                           
0     0000ac45  _my_init_cputimer               
0     0000ac75  _ltoa                           
0     0000aca3  FD$$CMP                         
0     0000accd  L$$DIV                          
0     0000acdc  L$$MOD                          
0     0000acea  UL$$DIV                         
0     0000acf1  UL$$MOD                         
0     0000acf7  C$$EXIT                         
0     0000acf7  _abort                          
0     0000acf9  _exit                           
0     0000ad20  _InitPieCtrl                    
0     0000ad3f  _EnableInterrupts               
0     0000ad48  _InitPieVectTable               
0     0000ad6e  I$$DIV                          
0     0000ad7f  I$$MOD                          
0     0000ad90  _copysignl                      
0     0000adb2  FD$$TOI                         
0     0000add3  FD$$TOL                         
0     0000adf2  LL$$CMP                         
0     0000ae04  ULL$$CMP                        
0     0000ae10  _memcpy                         
0     0000ae2e  _strncpy                        
0     0000ae4c  I$$TOFD                         
0     0000ae69  FS$$TOFD                        
0     0000ae85  L$$TOFD                         
0     0000aea1  _ddcopy                         
0     0000aea1  _dpcopy                         
0     0000aea1  _pdcopy                         
0     0000aea1  _ppcopy                         
0     0000aebb  __args_main                     
0     0000aed4  LL$$AND                         
0     0000aedc  LL$$OR                          
0     0000aee4  LL$$XOR                         
0     0000aeec  _InitGpio                       
0     0000af01  _main                           
0     0000af12  _memchr                         
0     0000af23  FD$$SUB                         
0     0000af31  _memccpy                        
0     0000af3e  _memset                         
0     0000af4a  _strchr                         
0     0000af56  _strcmp                         
0     0000af60  __register_unlock               
0     0000af64  __register_lock                 
0     0000af68  __nop                           
0     0000af69  FD$$NEG                         
0     0000af7a  _strlen                         
0     0000af82  _DSP28x_DisableInt              
0     0000af86  _DSP28x_RestoreInt              
0     0000af89  _strcpy                         
0     0000af8e  _SetDBGIER                      
0     0000af91  _remove                         
0     0000af94  __system_pre_init               
0     0000af96  ___etext__                      
0     0000af96  etext                           
1     00000400  __stack                         
1     00000700  __STACK_END                     
1     00000880  _DevEmuRegs                     
1     00000985  _SysPwrCtrlRegs                 
1     00000a80  _FlashRegs                      
1     00000ae0  _CsmRegs                        
1     00000b00  _AdcResult                      
1     00000c00  _CpuTimer0Regs                  
1     00000c08  _CpuTimer1Regs                  
1     00000c10  _CpuTimer2Regs                  
1     00000ce0  _PieCtrlRegs                    
1     00000d00  _EmuKey                         
1     00000d00  _PieVectTable                   
1     00000d01  _EmuBMode                       
1     00000d02  _Flash_CallbackPtr              
1     00000d04  _Flash_CPUScaleFactor           
1     00001000  _DmaRegs                        
1     00001400  _Cla1Regs                       
1     00004000  _Usb0Regs                       
1     00005000  _McbspaRegs                     
1     00006000  _ECanaRegs                      
1     00006040  _ECanaLAMRegs                   
1     00006080  _ECanaMOTSRegs                  
1     000060c0  _ECanaMOTORegs                  
1     00006100  _ECanaMboxes                    
1     00006400  _Comp1Regs                      
1     00006420  _Comp2Regs                      
1     00006440  _Comp3Regs                      
1     00006800  _EPwm1Regs                      
1     00006840  _EPwm2Regs                      
1     00006880  _EPwm3Regs                      
1     000068c0  _EPwm4Regs                      
1     00006900  _EPwm5Regs                      
1     00006940  _EPwm6Regs                      
1     00006980  _EPwm7Regs                      
1     000069c0  _EPwm8Regs                      
1     00006a00  _ECap1Regs                      
1     00006a20  _ECap2Regs                      
1     00006a40  _ECap3Regs                      
1     00006ac0  _HRCap1Regs                     
1     00006ae0  _HRCap2Regs                     
1     00006b00  _EQep1Regs                      
1     00006b40  _EQep2Regs                      
1     00006c80  _HRCap3Regs                     
1     00006ca0  _HRCap4Regs                     
1     00006f80  _GpioCtrlRegs                   
1     00006fc0  _GpioDataRegs                   
1     00006fe0  _GpioIntRegs                    
1     00007010  _SysCtrlRegs                    
1     00007040  _SpiaRegs                       
1     00007050  _SciaRegs                       
1     00007060  _NmiIntruptRegs                 
1     00007070  _XIntruptRegs                   
1     00007100  _AdcRegs                        
1     00007740  _SpibRegs                       
1     00007750  _ScibRegs                       
1     00007900  _I2caRegs                       
1     0000c000  _done                           
1     0000c040  _data                           
1     0000c428  _CpuTimer1                      
1     0000c430  _CpuTimer2                      
1     0000c438  _CpuTimer0                      
1     0000c440  ___TI_ft_end                    
1     0000c480  __ftable                        
1     0000c500  ___TI_tmpnams                   
1     0000c5a0  _SRM_ANGLE                      
1     0000c5a1  _SRM_SPEED                      
1     0000c5a2  _NOW_state                      
1     0000c5a3  _SRM_STATE                      
1     0000c5a4  _IV_offset                      
1     0000c5a5  _IU_offset                      
1     0000c5a6  _Ref3V_offset                   
1     0000c5ab  _LAST_state                     
1     0000c5ac  _DBVD_offset                    
1     0000c5ae  _Ref3V_ad                       
1     0000c5af  _Ref0V_ad                       
1     0000c5b0  _DBVD_ad                        
1     0000c5b1  _IU_ad                          
1     0000c5b2  _IV_ad                          
1     0000c5b3  _PC_state                       
1     0000c5b4  _DRV_state                      
1     0000c5b5  _PB_state                       
1     0000c5b6  _BRV_state                      
1     0000c5b7  _PA_state                       
1     0000c5b8  _HOT_state                      
1     0000c5b9  _errno                          
1     0000c5ba  ___TI_enable_exit_profile_output
1     0000c5bc  ___TI_cleanup_ptr               
1     0000c5be  ___TI_dtors_ptr                 
1     0000c648  _Expect_SPEED                   
1     0000c649  _Expect_I                       
1     0000c64a  _I_abs                          
1     0000c64b  _FIRST_RUN                      
1     0000c64c  _I_error                        
1     0000c64d  _IGBT_L_switch                  
1     0000c64e  _hysteresis                     
1     0000c650  _Start_I                        
1     0000c651  _MAX_U                          
1     0000c652  _MAX_I                          
1     0000c653  _IGBT_H_switch                  
1     0000c654  _MAX_SPEED                      
1     0000c655  _IGBT_L                         
1     0000c656  _IGBT_H                         
1     0000c668  __lock                          
1     0000c66a  __unlock                        
1     0000c66c  _ERROR                          
1     0000c66e  __sys_memory                    
1     0000ca6e  __ctypes_                       
1     0000cb70  _PieVectTableInit               
1     0000cd00  __CIOBUF_                       
1     003d7e80  _PartIdRegs                     
1     003f7ff8  _CsmPwl                         
abs   00000300  __STACK_SIZE                    
abs   00000400  __SYSMEM_SIZE                   
abs   ffffffff  ___TI_pprof_out_hndl            
abs   ffffffff  ___TI_prof_data_size            
abs   ffffffff  ___TI_prof_data_start           
abs   ffffffff  ___binit__                      
abs   ffffffff  ___c_args__                     
abs   ffffffff  ___pinit__                      
abs   ffffffff  binit                           
abs   ffffffff  pinit                           

[370 symbols]
