<?xml version="1.0"?>
<link_info>
   <banner>TMS320C2000 Linker PC v15.12.1.LTS</banner>
   <copyright>Copyright (c) 1996-2015 Texas Instruments Incorporated</copyright>
   <link_time>0x5b31cdc4</link_time>
   <link_errors>0x0</link_errors>
   <output_file>SRD_xs.out</output_file>
   <entry_point>
      <name>_c_int00</name>
      <address>0xb4da</address>
   </entry_point>
   <input_file_list>
      <input_file id="fl-2">
         <path>.\src\</path>
         <kind>object</kind>
         <file>F2806x_Adc.obj</file>
         <name>F2806x_Adc.obj</name>
      </input_file>
      <input_file id="fl-3">
         <path>.\src\</path>
         <kind>object</kind>
         <file>F2806x_CodeStartBranch.obj</file>
         <name>F2806x_CodeStartBranch.obj</name>
      </input_file>
      <input_file id="fl-4">
         <path>.\src\</path>
         <kind>object</kind>
         <file>F2806x_Comp.obj</file>
         <name>F2806x_Comp.obj</name>
      </input_file>
      <input_file id="fl-5">
         <path>.\src\</path>
         <kind>object</kind>
         <file>F2806x_CpuTimers.obj</file>
         <name>F2806x_CpuTimers.obj</name>
      </input_file>
      <input_file id="fl-6">
         <path>.\src\</path>
         <kind>object</kind>
         <file>F2806x_DBGIER.obj</file>
         <name>F2806x_DBGIER.obj</name>
      </input_file>
      <input_file id="fl-7">
         <path>.\src\</path>
         <kind>object</kind>
         <file>F2806x_DefaultIsr.obj</file>
         <name>F2806x_DefaultIsr.obj</name>
      </input_file>
      <input_file id="fl-8">
         <path>.\src\</path>
         <kind>object</kind>
         <file>F2806x_DisInt.obj</file>
         <name>F2806x_DisInt.obj</name>
      </input_file>
      <input_file id="fl-9">
         <path>.\src\</path>
         <kind>object</kind>
         <file>F2806x_Dma.obj</file>
         <name>F2806x_Dma.obj</name>
      </input_file>
      <input_file id="fl-a">
         <path>.\src\</path>
         <kind>object</kind>
         <file>F2806x_ECan.obj</file>
         <name>F2806x_ECan.obj</name>
      </input_file>
      <input_file id="fl-b">
         <path>.\src\</path>
         <kind>object</kind>
         <file>F2806x_ECap.obj</file>
         <name>F2806x_ECap.obj</name>
      </input_file>
      <input_file id="fl-c">
         <path>.\src\</path>
         <kind>object</kind>
         <file>F2806x_EPwm.obj</file>
         <name>F2806x_EPwm.obj</name>
      </input_file>
      <input_file id="fl-d">
         <path>.\src\</path>
         <kind>object</kind>
         <file>F2806x_EQep.obj</file>
         <name>F2806x_EQep.obj</name>
      </input_file>
      <input_file id="fl-e">
         <path>.\src\</path>
         <kind>object</kind>
         <file>F2806x_GlobalVariableDefs.obj</file>
         <name>F2806x_GlobalVariableDefs.obj</name>
      </input_file>
      <input_file id="fl-f">
         <path>.\src\</path>
         <kind>object</kind>
         <file>F2806x_Gpio.obj</file>
         <name>F2806x_Gpio.obj</name>
      </input_file>
      <input_file id="fl-10">
         <path>.\src\</path>
         <kind>object</kind>
         <file>F2806x_HRCap.obj</file>
         <name>F2806x_HRCap.obj</name>
      </input_file>
      <input_file id="fl-11">
         <path>.\src\</path>
         <kind>object</kind>
         <file>F2806x_I2C.obj</file>
         <name>F2806x_I2C.obj</name>
      </input_file>
      <input_file id="fl-12">
         <path>.\src\</path>
         <kind>object</kind>
         <file>F2806x_Mcbsp.obj</file>
         <name>F2806x_Mcbsp.obj</name>
      </input_file>
      <input_file id="fl-13">
         <path>.\src\</path>
         <kind>object</kind>
         <file>F2806x_OscComp.obj</file>
         <name>F2806x_OscComp.obj</name>
      </input_file>
      <input_file id="fl-14">
         <path>.\src\</path>
         <kind>object</kind>
         <file>F2806x_PieCtrl.obj</file>
         <name>F2806x_PieCtrl.obj</name>
      </input_file>
      <input_file id="fl-15">
         <path>.\src\</path>
         <kind>object</kind>
         <file>F2806x_PieVect.obj</file>
         <name>F2806x_PieVect.obj</name>
      </input_file>
      <input_file id="fl-16">
         <path>.\src\</path>
         <kind>object</kind>
         <file>F2806x_Sci.obj</file>
         <name>F2806x_Sci.obj</name>
      </input_file>
      <input_file id="fl-17">
         <path>.\src\</path>
         <kind>object</kind>
         <file>F2806x_Spi.obj</file>
         <name>F2806x_Spi.obj</name>
      </input_file>
      <input_file id="fl-18">
         <path>.\src\</path>
         <kind>object</kind>
         <file>F2806x_SysCtrl.obj</file>
         <name>F2806x_SysCtrl.obj</name>
      </input_file>
      <input_file id="fl-19">
         <path>.\src\</path>
         <kind>object</kind>
         <file>F2806x_TempSensorConv.obj</file>
         <name>F2806x_TempSensorConv.obj</name>
      </input_file>
      <input_file id="fl-1a">
         <path>.\src\</path>
         <kind>object</kind>
         <file>F2806x_usDelay.obj</file>
         <name>F2806x_usDelay.obj</name>
      </input_file>
      <input_file id="fl-1b">
         <path>.\user\</path>
         <kind>object</kind>
         <file>SRM_Sensor.obj</file>
         <name>SRM_Sensor.obj</name>
      </input_file>
      <input_file id="fl-1c">
         <path>.\user\</path>
         <kind>object</kind>
         <file>main.obj</file>
         <name>main.obj</name>
      </input_file>
      <input_file id="fl-1d">
         <path>.\user\</path>
         <kind>object</kind>
         <file>srd_adc.obj</file>
         <name>srd_adc.obj</name>
      </input_file>
      <input_file id="fl-1e">
         <path>.\user\</path>
         <kind>object</kind>
         <file>srd_control.obj</file>
         <name>srd_control.obj</name>
      </input_file>
      <input_file id="fl-1f">
         <path>.\user\</path>
         <kind>object</kind>
         <file>srd_error.obj</file>
         <name>srd_error.obj</name>
      </input_file>
      <input_file id="fl-20">
         <path>.\user\</path>
         <kind>object</kind>
         <file>srd_gpio.obj</file>
         <name>srd_gpio.obj</name>
      </input_file>
      <input_file id="fl-21">
         <path>.\user\</path>
         <kind>object</kind>
         <file>srd_pwm.obj</file>
         <name>srd_pwm.obj</name>
      </input_file>
      <input_file id="fl-22">
         <path>.\user\</path>
         <kind>object</kind>
         <file>srd_qep.obj</file>
         <name>srd_qep.obj</name>
      </input_file>
      <input_file id="fl-23">
         <path>.\user\</path>
         <kind>object</kind>
         <file>srd_timer.obj</file>
         <name>srd_timer.obj</name>
      </input_file>
      <input_file id="fl-32">
         <path>D:\ti\ccsv6\tools\compiler\ti-cgt-c2000_15.12.1.LTS\lib\</path>
         <kind>archive</kind>
         <file>rts2800_fpu32.lib</file>
         <name>boot.obj</name>
      </input_file>
      <input_file id="fl-33">
         <path>D:\ti\ccsv6\tools\compiler\ti-cgt-c2000_15.12.1.LTS\lib\</path>
         <kind>archive</kind>
         <file>rts2800_fpu32.lib</file>
         <name>cpy_tbl.obj</name>
      </input_file>
      <input_file id="fl-34">
         <path>D:\ti\ccsv6\tools\compiler\ti-cgt-c2000_15.12.1.LTS\lib\</path>
         <kind>archive</kind>
         <file>rts2800_fpu32.lib</file>
         <name>cpy_utils.obj</name>
      </input_file>
      <input_file id="fl-35">
         <path>D:\ti\ccsv6\tools\compiler\ti-cgt-c2000_15.12.1.LTS\lib\</path>
         <kind>archive</kind>
         <file>rts2800_fpu32.lib</file>
         <name>exit.obj</name>
      </input_file>
      <input_file id="fl-36">
         <path>D:\ti\ccsv6\tools\compiler\ti-cgt-c2000_15.12.1.LTS\lib\</path>
         <kind>archive</kind>
         <file>rts2800_fpu32.lib</file>
         <name>fgetc.obj</name>
      </input_file>
      <input_file id="fl-37">
         <path>D:\ti\ccsv6\tools\compiler\ti-cgt-c2000_15.12.1.LTS\lib\</path>
         <kind>archive</kind>
         <file>rts2800_fpu32.lib</file>
         <name>l_div.obj</name>
      </input_file>
      <input_file id="fl-38">
         <path>D:\ti\ccsv6\tools\compiler\ti-cgt-c2000_15.12.1.LTS\lib\</path>
         <kind>archive</kind>
         <file>rts2800_fpu32.lib</file>
         <name>lowlev.obj</name>
      </input_file>
      <input_file id="fl-39">
         <path>D:\ti\ccsv6\tools\compiler\ti-cgt-c2000_15.12.1.LTS\lib\</path>
         <kind>archive</kind>
         <file>rts2800_fpu32.lib</file>
         <name>pre_init.obj</name>
      </input_file>
      <input_file id="fl-3a">
         <path>D:\ti\ccsv6\tools\compiler\ti-cgt-c2000_15.12.1.LTS\lib\</path>
         <kind>archive</kind>
         <file>rts2800_fpu32.lib</file>
         <name>printf.obj</name>
      </input_file>
      <input_file id="fl-3b">
         <path>D:\ti\ccsv6\tools\compiler\ti-cgt-c2000_15.12.1.LTS\lib\</path>
         <kind>archive</kind>
         <file>rts2800_fpu32.lib</file>
         <name>startup.obj</name>
      </input_file>
      <input_file id="fl-3c">
         <path>D:\ti\ccsv6\tools\compiler\ti-cgt-c2000_15.12.1.LTS\lib\</path>
         <kind>archive</kind>
         <file>rts2800_fpu32.lib</file>
         <name>strchr.obj</name>
      </input_file>
      <input_file id="fl-3d">
         <path>D:\ti\ccsv6\tools\compiler\ti-cgt-c2000_15.12.1.LTS\lib\</path>
         <kind>archive</kind>
         <file>rts2800_fpu32.lib</file>
         <name>strcmp.obj</name>
      </input_file>
      <input_file id="fl-3e">
         <path>D:\ti\ccsv6\tools\compiler\ti-cgt-c2000_15.12.1.LTS\lib\</path>
         <kind>archive</kind>
         <file>rts2800_fpu32.lib</file>
         <name>strncpy.obj</name>
      </input_file>
      <input_file id="fl-3f">
         <path>D:\ti\ccsv6\tools\compiler\ti-cgt-c2000_15.12.1.LTS\lib\</path>
         <kind>archive</kind>
         <file>rts2800_fpu32.lib</file>
         <name>trgdrv.obj</name>
      </input_file>
      <input_file id="fl-40">
         <path>D:\ti\ccsv6\tools\compiler\ti-cgt-c2000_15.12.1.LTS\lib\</path>
         <kind>archive</kind>
         <file>rts2800_fpu32.lib</file>
         <name>trgmsg.obj</name>
      </input_file>
      <input_file id="fl-41">
         <path>D:\ti\ccsv6\tools\compiler\ti-cgt-c2000_15.12.1.LTS\lib\</path>
         <kind>archive</kind>
         <file>rts2800_fpu32.lib</file>
         <name>u_div.obj</name>
      </input_file>
      <input_file id="fl-42">
         <path>D:\ti\ccsv6\tools\compiler\ti-cgt-c2000_15.12.1.LTS\lib\</path>
         <kind>archive</kind>
         <file>rts2800_fpu32.lib</file>
         <name>_bufread.obj</name>
      </input_file>
      <input_file id="fl-43">
         <path>D:\ti\ccsv6\tools\compiler\ti-cgt-c2000_15.12.1.LTS\lib\</path>
         <kind>archive</kind>
         <file>rts2800_fpu32.lib</file>
         <name>_io_perm.obj</name>
      </input_file>
      <input_file id="fl-44">
         <path>D:\ti\ccsv6\tools\compiler\ti-cgt-c2000_15.12.1.LTS\lib\</path>
         <kind>archive</kind>
         <file>rts2800_fpu32.lib</file>
         <name>_lock.obj</name>
      </input_file>
      <input_file id="fl-45">
         <path>D:\ti\ccsv6\tools\compiler\ti-cgt-c2000_15.12.1.LTS\lib\</path>
         <kind>archive</kind>
         <file>rts2800_fpu32.lib</file>
         <name>_printfi.obj</name>
      </input_file>
      <input_file id="fl-46">
         <path>D:\ti\ccsv6\tools\compiler\ti-cgt-c2000_15.12.1.LTS\lib\</path>
         <kind>archive</kind>
         <file>rts2800_fpu32.lib</file>
         <name>args_main.obj</name>
      </input_file>
      <input_file id="fl-47">
         <path>D:\ti\ccsv6\tools\compiler\ti-cgt-c2000_15.12.1.LTS\lib\</path>
         <kind>archive</kind>
         <file>rts2800_fpu32.lib</file>
         <name>atoi.obj</name>
      </input_file>
      <input_file id="fl-48">
         <path>D:\ti\ccsv6\tools\compiler\ti-cgt-c2000_15.12.1.LTS\lib\</path>
         <kind>archive</kind>
         <file>rts2800_fpu32.lib</file>
         <name>ctype.obj</name>
      </input_file>
      <input_file id="fl-49">
         <path>D:\ti\ccsv6\tools\compiler\ti-cgt-c2000_15.12.1.LTS\lib\</path>
         <kind>archive</kind>
         <file>rts2800_fpu32.lib</file>
         <name>defs.obj</name>
      </input_file>
      <input_file id="fl-4a">
         <path>D:\ti\ccsv6\tools\compiler\ti-cgt-c2000_15.12.1.LTS\lib\</path>
         <kind>archive</kind>
         <file>rts2800_fpu32.lib</file>
         <name>fd_cmp.obj</name>
      </input_file>
      <input_file id="fl-4b">
         <path>D:\ti\ccsv6\tools\compiler\ti-cgt-c2000_15.12.1.LTS\lib\</path>
         <kind>archive</kind>
         <file>rts2800_fpu32.lib</file>
         <name>fd_div.obj</name>
      </input_file>
      <input_file id="fl-4c">
         <path>D:\ti\ccsv6\tools\compiler\ti-cgt-c2000_15.12.1.LTS\lib\</path>
         <kind>archive</kind>
         <file>rts2800_fpu32.lib</file>
         <name>fd_mpy.obj</name>
      </input_file>
      <input_file id="fl-4d">
         <path>D:\ti\ccsv6\tools\compiler\ti-cgt-c2000_15.12.1.LTS\lib\</path>
         <kind>archive</kind>
         <file>rts2800_fpu32.lib</file>
         <name>fd_neg.obj</name>
      </input_file>
      <input_file id="fl-4e">
         <path>D:\ti\ccsv6\tools\compiler\ti-cgt-c2000_15.12.1.LTS\lib\</path>
         <kind>archive</kind>
         <file>rts2800_fpu32.lib</file>
         <name>fd_sub.obj</name>
      </input_file>
      <input_file id="fl-4f">
         <path>D:\ti\ccsv6\tools\compiler\ti-cgt-c2000_15.12.1.LTS\lib\</path>
         <kind>archive</kind>
         <file>rts2800_fpu32.lib</file>
         <name>fd_toi.obj</name>
      </input_file>
      <input_file id="fl-50">
         <path>D:\ti\ccsv6\tools\compiler\ti-cgt-c2000_15.12.1.LTS\lib\</path>
         <kind>archive</kind>
         <file>rts2800_fpu32.lib</file>
         <name>fd_tol.obj</name>
      </input_file>
      <input_file id="fl-51">
         <path>D:\ti\ccsv6\tools\compiler\ti-cgt-c2000_15.12.1.LTS\lib\</path>
         <kind>archive</kind>
         <file>rts2800_fpu32.lib</file>
         <name>fflush.obj</name>
      </input_file>
      <input_file id="fl-52">
         <path>D:\ti\ccsv6\tools\compiler\ti-cgt-c2000_15.12.1.LTS\lib\</path>
         <kind>archive</kind>
         <file>rts2800_fpu32.lib</file>
         <name>fputc.obj</name>
      </input_file>
      <input_file id="fl-53">
         <path>D:\ti\ccsv6\tools\compiler\ti-cgt-c2000_15.12.1.LTS\lib\</path>
         <kind>archive</kind>
         <file>rts2800_fpu32.lib</file>
         <name>fputs.obj</name>
      </input_file>
      <input_file id="fl-54">
         <path>D:\ti\ccsv6\tools\compiler\ti-cgt-c2000_15.12.1.LTS\lib\</path>
         <kind>archive</kind>
         <file>rts2800_fpu32.lib</file>
         <name>fs_tofd.obj</name>
      </input_file>
      <input_file id="fl-55">
         <path>D:\ti\ccsv6\tools\compiler\ti-cgt-c2000_15.12.1.LTS\lib\</path>
         <kind>archive</kind>
         <file>rts2800_fpu32.lib</file>
         <name>fseek.obj</name>
      </input_file>
      <input_file id="fl-56">
         <path>D:\ti\ccsv6\tools\compiler\ti-cgt-c2000_15.12.1.LTS\lib\</path>
         <kind>archive</kind>
         <file>rts2800_fpu32.lib</file>
         <name>i_tofd.obj</name>
      </input_file>
      <input_file id="fl-57">
         <path>D:\ti\ccsv6\tools\compiler\ti-cgt-c2000_15.12.1.LTS\lib\</path>
         <kind>archive</kind>
         <file>rts2800_fpu32.lib</file>
         <name>l_tofd.obj</name>
      </input_file>
      <input_file id="fl-58">
         <path>D:\ti\ccsv6\tools\compiler\ti-cgt-c2000_15.12.1.LTS\lib\</path>
         <kind>archive</kind>
         <file>rts2800_fpu32.lib</file>
         <name>ll_aox.obj</name>
      </input_file>
      <input_file id="fl-59">
         <path>D:\ti\ccsv6\tools\compiler\ti-cgt-c2000_15.12.1.LTS\lib\</path>
         <kind>archive</kind>
         <file>rts2800_fpu32.lib</file>
         <name>ll_cmp.obj</name>
      </input_file>
      <input_file id="fl-5a">
         <path>D:\ti\ccsv6\tools\compiler\ti-cgt-c2000_15.12.1.LTS\lib\</path>
         <kind>archive</kind>
         <file>rts2800_fpu32.lib</file>
         <name>ll_div.obj</name>
      </input_file>
      <input_file id="fl-5b">
         <path>D:\ti\ccsv6\tools\compiler\ti-cgt-c2000_15.12.1.LTS\lib\</path>
         <kind>archive</kind>
         <file>rts2800_fpu32.lib</file>
         <name>ltoa.obj</name>
      </input_file>
      <input_file id="fl-5c">
         <path>D:\ti\ccsv6\tools\compiler\ti-cgt-c2000_15.12.1.LTS\lib\</path>
         <kind>archive</kind>
         <file>rts2800_fpu32.lib</file>
         <name>memccpy.obj</name>
      </input_file>
      <input_file id="fl-5d">
         <path>D:\ti\ccsv6\tools\compiler\ti-cgt-c2000_15.12.1.LTS\lib\</path>
         <kind>archive</kind>
         <file>rts2800_fpu32.lib</file>
         <name>memchr.obj</name>
      </input_file>
      <input_file id="fl-5e">
         <path>D:\ti\ccsv6\tools\compiler\ti-cgt-c2000_15.12.1.LTS\lib\</path>
         <kind>archive</kind>
         <file>rts2800_fpu32.lib</file>
         <name>memcpy.obj</name>
      </input_file>
      <input_file id="fl-5f">
         <path>D:\ti\ccsv6\tools\compiler\ti-cgt-c2000_15.12.1.LTS\lib\</path>
         <kind>archive</kind>
         <file>rts2800_fpu32.lib</file>
         <name>memset.obj</name>
      </input_file>
      <input_file id="fl-60">
         <path>D:\ti\ccsv6\tools\compiler\ti-cgt-c2000_15.12.1.LTS\lib\</path>
         <kind>archive</kind>
         <file>rts2800_fpu32.lib</file>
         <name>s_frexp.obj</name>
      </input_file>
      <input_file id="fl-61">
         <path>D:\ti\ccsv6\tools\compiler\ti-cgt-c2000_15.12.1.LTS\lib\</path>
         <kind>archive</kind>
         <file>rts2800_fpu32.lib</file>
         <name>s_scalbn.obj</name>
      </input_file>
      <input_file id="fl-62">
         <path>D:\ti\ccsv6\tools\compiler\ti-cgt-c2000_15.12.1.LTS\lib\</path>
         <kind>archive</kind>
         <file>rts2800_fpu32.lib</file>
         <name>setvbuf.obj</name>
      </input_file>
      <input_file id="fl-63">
         <path>D:\ti\ccsv6\tools\compiler\ti-cgt-c2000_15.12.1.LTS\lib\</path>
         <kind>archive</kind>
         <file>rts2800_fpu32.lib</file>
         <name>strcpy.obj</name>
      </input_file>
      <input_file id="fl-64">
         <path>D:\ti\ccsv6\tools\compiler\ti-cgt-c2000_15.12.1.LTS\lib\</path>
         <kind>archive</kind>
         <file>rts2800_fpu32.lib</file>
         <name>strlen.obj</name>
      </input_file>
      <input_file id="fl-65">
         <path>D:\ti\ccsv6\tools\compiler\ti-cgt-c2000_15.12.1.LTS\lib\</path>
         <kind>archive</kind>
         <file>rts2800_fpu32.lib</file>
         <name>errno.obj</name>
      </input_file>
      <input_file id="fl-66">
         <path>D:\ti\ccsv6\tools\compiler\ti-cgt-c2000_15.12.1.LTS\lib\</path>
         <kind>archive</kind>
         <file>rts2800_fpu32.lib</file>
         <name>fd_add.obj</name>
      </input_file>
      <input_file id="fl-67">
         <path>D:\ti\ccsv6\tools\compiler\ti-cgt-c2000_15.12.1.LTS\lib\</path>
         <kind>archive</kind>
         <file>rts2800_fpu32.lib</file>
         <name>fopen.obj</name>
      </input_file>
      <input_file id="fl-68">
         <path>D:\ti\ccsv6\tools\compiler\ti-cgt-c2000_15.12.1.LTS\lib\</path>
         <kind>archive</kind>
         <file>rts2800_fpu32.lib</file>
         <name>memory.obj</name>
      </input_file>
      <input_file id="fl-69">
         <path>D:\ti\ccsv6\tools\compiler\ti-cgt-c2000_15.12.1.LTS\lib\</path>
         <kind>archive</kind>
         <file>rts2800_fpu32.lib</file>
         <name>s_copysign.obj</name>
      </input_file>
      <input_file id="fl-6a">
         <path>D:\ti\ccsv6\tools\compiler\ti-cgt-c2000_15.12.1.LTS\lib\</path>
         <kind>archive</kind>
         <file>rts2800_fpu32.lib</file>
         <name>fclose.obj</name>
      </input_file>
      <input_file id="fl-6b">
         <path>D:\ti\ccsv6\tools\compiler\ti-cgt-c2000_15.12.1.LTS\lib\</path>
         <kind>archive</kind>
         <file>rts2800_fpu32.lib</file>
         <name>remove.obj</name>
      </input_file>
   </input_file_list>
   <object_component_list>
      <object_component id="oc-57">
         <name>codestart</name>
         <load_address>0x0</load_address>
         <run_address>0x0</run_address>
         <size>0x2</size>
         <input_file_ref idref="fl-3"/>
      </object_component>
      <object_component id="oc-102">
         <name>ramfuncs</name>
         <load_address>0x2d8</load_address>
         <run_address>0x2d8</run_address>
         <size>0x4</size>
         <input_file_ref idref="fl-1a"/>
      </object_component>
      <object_component id="oc-294">
         <name>.text</name>
         <load_address>0x8000</load_address>
         <run_address>0x8000</run_address>
         <size>0xbd9</size>
         <input_file_ref idref="fl-45"/>
      </object_component>
      <object_component id="oc-278">
         <name>.text</name>
         <load_address>0x8bd9</load_address>
         <run_address>0x8bd9</run_address>
         <size>0x8d2</size>
         <input_file_ref idref="fl-1e"/>
      </object_component>
      <object_component id="oc-6d">
         <name>.text:retain</name>
         <load_address>0x94ab</load_address>
         <run_address>0x94ab</run_address>
         <size>0x39b</size>
         <input_file_ref idref="fl-7"/>
      </object_component>
      <object_component id="oc-284">
         <name>.text</name>
         <load_address>0x9846</load_address>
         <run_address>0x9846</run_address>
         <size>0x2ed</size>
         <input_file_ref idref="fl-1d"/>
      </object_component>
      <object_component id="oc-280">
         <name>.text</name>
         <load_address>0x9b33</load_address>
         <run_address>0x9b33</run_address>
         <size>0x29f</size>
         <input_file_ref idref="fl-1b"/>
      </object_component>
      <object_component id="oc-27a">
         <name>.text</name>
         <load_address>0x9dd2</load_address>
         <run_address>0x9dd2</run_address>
         <size>0x27c</size>
         <input_file_ref idref="fl-3f"/>
      </object_component>
      <object_component id="oc-298">
         <name>.text</name>
         <load_address>0xa04e</load_address>
         <run_address>0xa04e</run_address>
         <size>0x23a</size>
         <input_file_ref idref="fl-2"/>
      </object_component>
      <object_component id="oc-281">
         <name>.text</name>
         <load_address>0xa288</load_address>
         <run_address>0xa288</run_address>
         <size>0x222</size>
         <input_file_ref idref="fl-1f"/>
      </object_component>
      <object_component id="oc-297">
         <name>.text</name>
         <load_address>0xa4aa</load_address>
         <run_address>0xa4aa</run_address>
         <size>0x21b</size>
         <input_file_ref idref="fl-38"/>
      </object_component>
      <object_component id="oc-2ab">
         <name>.text</name>
         <load_address>0xa6c5</load_address>
         <run_address>0xa6c5</run_address>
         <size>0x1d2</size>
         <input_file_ref idref="fl-68"/>
      </object_component>
      <object_component id="oc-28c">
         <name>.text</name>
         <load_address>0xa897</load_address>
         <run_address>0xa897</run_address>
         <size>0x18c</size>
         <input_file_ref idref="fl-18"/>
      </object_component>
      <object_component id="oc-213">
         <name>.text</name>
         <load_address>0xaa23</load_address>
         <run_address>0xaa23</run_address>
         <size>0x107</size>
         <input_file_ref idref="fl-5a"/>
      </object_component>
      <object_component id="oc-2ac">
         <name>.text</name>
         <load_address>0xab2a</load_address>
         <run_address>0xab2a</run_address>
         <size>0xf9</size>
         <input_file_ref idref="fl-67"/>
      </object_component>
      <object_component id="oc-291">
         <name>.text</name>
         <load_address>0xac23</load_address>
         <run_address>0xac23</run_address>
         <size>0xd8</size>
         <input_file_ref idref="fl-c"/>
      </object_component>
      <object_component id="oc-2a1">
         <name>.text</name>
         <load_address>0xacfb</load_address>
         <run_address>0xacfb</run_address>
         <size>0xbc</size>
         <input_file_ref idref="fl-61"/>
      </object_component>
      <object_component id="oc-27f">
         <name>.text</name>
         <load_address>0xadb7</load_address>
         <run_address>0xadb7</run_address>
         <size>0xb4</size>
         <input_file_ref idref="fl-21"/>
      </object_component>
      <object_component id="oc-293">
         <name>.text</name>
         <load_address>0xae6b</load_address>
         <run_address>0xae6b</run_address>
         <size>0xb0</size>
         <input_file_ref idref="fl-53"/>
      </object_component>
      <object_component id="oc-250">
         <name>.text</name>
         <load_address>0xaf1b</load_address>
         <run_address>0xaf1b</run_address>
         <size>0x9c</size>
         <input_file_ref idref="fl-66"/>
      </object_component>
      <object_component id="oc-275">
         <name>.text</name>
         <load_address>0xafb7</load_address>
         <run_address>0xafb7</run_address>
         <size>0x1</size>
         <input_file_ref idref="fl-3b"/>
      </object_component>
      <object_component id="oc-287">
         <name>.text</name>
         <load_address>0xafb8</load_address>
         <run_address>0xafb8</run_address>
         <size>0x94</size>
         <input_file_ref idref="fl-40"/>
      </object_component>
      <object_component id="oc-279">
         <name>.text</name>
         <load_address>0xb04c</load_address>
         <run_address>0xb04c</run_address>
         <size>0x8e</size>
         <input_file_ref idref="fl-23"/>
      </object_component>
      <object_component id="oc-1c7">
         <name>.text</name>
         <load_address>0xb0da</load_address>
         <run_address>0xb0da</run_address>
         <size>0x8b</size>
         <input_file_ref idref="fl-4b"/>
      </object_component>
      <object_component id="oc-2a6">
         <name>.text</name>
         <load_address>0xb165</load_address>
         <run_address>0xb165</run_address>
         <size>0x89</size>
         <input_file_ref idref="fl-62"/>
      </object_component>
      <object_component id="oc-1cc">
         <name>.text</name>
         <load_address>0xb1ee</load_address>
         <run_address>0xb1ee</run_address>
         <size>0x83</size>
         <input_file_ref idref="fl-4c"/>
      </object_component>
      <object_component id="oc-286">
         <name>.text</name>
         <load_address>0xb271</load_address>
         <run_address>0xb271</run_address>
         <size>0x7c</size>
         <input_file_ref idref="fl-5"/>
      </object_component>
      <object_component id="oc-29b">
         <name>.text</name>
         <load_address>0xb2ed</load_address>
         <run_address>0xb2ed</run_address>
         <size>0x73</size>
         <input_file_ref idref="fl-51"/>
      </object_component>
      <object_component id="oc-295">
         <name>.text</name>
         <load_address>0xb360</load_address>
         <run_address>0xb360</run_address>
         <size>0x67</size>
         <input_file_ref idref="fl-43"/>
      </object_component>
      <object_component id="oc-2ad">
         <name>.text</name>
         <load_address>0xb3c7</load_address>
         <run_address>0xb3c7</run_address>
         <size>0x5f</size>
         <input_file_ref idref="fl-6a"/>
      </object_component>
      <object_component id="oc-2a0">
         <name>.text</name>
         <load_address>0xb426</load_address>
         <run_address>0xb426</run_address>
         <size>0x5b</size>
         <input_file_ref idref="fl-60"/>
      </object_component>
      <object_component id="oc-140">
         <name>.text:retain</name>
         <load_address>0xb481</load_address>
         <run_address>0xb481</run_address>
         <size>0x59</size>
         <input_file_ref idref="fl-23"/>
      </object_component>
      <object_component id="oc-50">
         <name>.text</name>
         <load_address>0xb4da</load_address>
         <run_address>0xb4da</run_address>
         <size>0x56</size>
         <input_file_ref idref="fl-32"/>
      </object_component>
      <object_component id="oc-292">
         <name>.text</name>
         <load_address>0xb530</load_address>
         <run_address>0xb530</run_address>
         <size>0x53</size>
         <input_file_ref idref="fl-52"/>
      </object_component>
      <object_component id="oc-296">
         <name>.text</name>
         <load_address>0xb583</load_address>
         <run_address>0xb583</run_address>
         <size>0x52</size>
         <input_file_ref idref="fl-42"/>
      </object_component>
      <object_component id="oc-299">
         <name>.text</name>
         <load_address>0xb5d5</load_address>
         <run_address>0xb5d5</run_address>
         <size>0x50</size>
         <input_file_ref idref="fl-d"/>
      </object_component>
      <object_component id="oc-283">
         <name>.text</name>
         <load_address>0xb625</load_address>
         <run_address>0xb625</run_address>
         <size>0x50</size>
         <input_file_ref idref="fl-36"/>
      </object_component>
      <object_component id="oc-27e">
         <name>.text</name>
         <load_address>0xb675</load_address>
         <run_address>0xb675</run_address>
         <size>0x50</size>
         <input_file_ref idref="fl-20"/>
      </object_component>
      <object_component id="oc-274">
         <name>.text</name>
         <load_address>0xb6c5</load_address>
         <run_address>0xb6c5</run_address>
         <size>0x46</size>
         <input_file_ref idref="fl-33"/>
      </object_component>
      <object_component id="oc-2a5">
         <name>.text</name>
         <load_address>0xb70b</load_address>
         <run_address>0xb70b</run_address>
         <size>0x3d</size>
         <input_file_ref idref="fl-55"/>
      </object_component>
      <object_component id="oc-135">
         <name>.text:retain</name>
         <load_address>0xb748</load_address>
         <run_address>0xb748</run_address>
         <size>0x39</size>
         <input_file_ref idref="fl-22"/>
      </object_component>
      <object_component id="oc-282">
         <name>.text</name>
         <load_address>0xb781</load_address>
         <run_address>0xb781</run_address>
         <size>0x34</size>
         <input_file_ref idref="fl-3a"/>
      </object_component>
      <object_component id="oc-285">
         <name>.text</name>
         <load_address>0xb7b5</load_address>
         <run_address>0xb7b5</run_address>
         <size>0x32</size>
         <input_file_ref idref="fl-22"/>
      </object_component>
      <object_component id="oc-29e">
         <name>.text</name>
         <load_address>0xb7e7</load_address>
         <run_address>0xb7e7</run_address>
         <size>0x31</size>
         <input_file_ref idref="fl-47"/>
      </object_component>
      <object_component id="oc-29f">
         <name>.text</name>
         <load_address>0xb818</load_address>
         <run_address>0xb818</run_address>
         <size>0x2e</size>
         <input_file_ref idref="fl-5b"/>
      </object_component>
      <object_component id="oc-1c2">
         <name>.text</name>
         <load_address>0xb846</load_address>
         <run_address>0xb846</run_address>
         <size>0x2a</size>
         <input_file_ref idref="fl-4a"/>
      </object_component>
      <object_component id="oc-161">
         <name>.text</name>
         <load_address>0xb870</load_address>
         <run_address>0xb870</run_address>
         <size>0x2a</size>
         <input_file_ref idref="fl-37"/>
      </object_component>
      <object_component id="oc-277">
         <name>.text</name>
         <load_address>0xb89a</load_address>
         <run_address>0xb89a</run_address>
         <size>0x29</size>
         <input_file_ref idref="fl-35"/>
      </object_component>
      <object_component id="oc-28d">
         <name>.text</name>
         <load_address>0xb8c3</load_address>
         <run_address>0xb8c3</run_address>
         <size>0x28</size>
         <input_file_ref idref="fl-14"/>
      </object_component>
      <object_component id="oc-28e">
         <name>.text</name>
         <load_address>0xb8eb</load_address>
         <run_address>0xb8eb</run_address>
         <size>0x26</size>
         <input_file_ref idref="fl-15"/>
      </object_component>
      <object_component id="oc-2aa">
         <name>.text</name>
         <load_address>0xb911</load_address>
         <run_address>0xb911</run_address>
         <size>0x22</size>
         <input_file_ref idref="fl-69"/>
      </object_component>
      <object_component id="oc-1db">
         <name>.text</name>
         <load_address>0xb933</load_address>
         <run_address>0xb933</run_address>
         <size>0x21</size>
         <input_file_ref idref="fl-4f"/>
      </object_component>
      <object_component id="oc-1e0">
         <name>.text</name>
         <load_address>0xb954</load_address>
         <run_address>0xb954</run_address>
         <size>0x1f</size>
         <input_file_ref idref="fl-50"/>
      </object_component>
      <object_component id="oc-20e">
         <name>.text</name>
         <load_address>0xb973</load_address>
         <run_address>0xb973</run_address>
         <size>0x1e</size>
         <input_file_ref idref="fl-59"/>
      </object_component>
      <object_component id="oc-29d">
         <name>.text</name>
         <load_address>0xb991</load_address>
         <run_address>0xb991</run_address>
         <size>0x1e</size>
         <input_file_ref idref="fl-5e"/>
      </object_component>
      <object_component id="oc-2a8">
         <name>.text</name>
         <load_address>0xb9af</load_address>
         <run_address>0xb9af</run_address>
         <size>0x1e</size>
         <input_file_ref idref="fl-3e"/>
      </object_component>
      <object_component id="oc-1ff">
         <name>.text</name>
         <load_address>0xb9cd</load_address>
         <run_address>0xb9cd</run_address>
         <size>0x1d</size>
         <input_file_ref idref="fl-56"/>
      </object_component>
      <object_component id="oc-1f5">
         <name>.text</name>
         <load_address>0xb9ea</load_address>
         <run_address>0xb9ea</run_address>
         <size>0x1c</size>
         <input_file_ref idref="fl-54"/>
      </object_component>
      <object_component id="oc-204">
         <name>.text</name>
         <load_address>0xba06</load_address>
         <run_address>0xba06</run_address>
         <size>0x1c</size>
         <input_file_ref idref="fl-57"/>
      </object_component>
      <object_component id="oc-150">
         <name>.text</name>
         <load_address>0xba22</load_address>
         <run_address>0xba22</run_address>
         <size>0x1a</size>
         <input_file_ref idref="fl-34"/>
      </object_component>
      <object_component id="oc-276">
         <name>.text</name>
         <load_address>0xba3c</load_address>
         <run_address>0xba3c</run_address>
         <size>0x19</size>
         <input_file_ref idref="fl-46"/>
      </object_component>
      <object_component id="oc-209">
         <name>.text</name>
         <load_address>0xba55</load_address>
         <run_address>0xba55</run_address>
         <size>0x18</size>
         <input_file_ref idref="fl-58"/>
      </object_component>
      <object_component id="oc-290">
         <name>.text</name>
         <load_address>0xba6d</load_address>
         <run_address>0xba6d</run_address>
         <size>0x15</size>
         <input_file_ref idref="fl-f"/>
      </object_component>
      <object_component id="oc-27b">
         <name>.text</name>
         <load_address>0xba82</load_address>
         <run_address>0xba82</run_address>
         <size>0x11</size>
         <input_file_ref idref="fl-1c"/>
      </object_component>
      <object_component id="oc-29c">
         <name>.text</name>
         <load_address>0xba93</load_address>
         <run_address>0xba93</run_address>
         <size>0x11</size>
         <input_file_ref idref="fl-5d"/>
      </object_component>
      <object_component id="oc-1d6">
         <name>.text</name>
         <load_address>0xbaa4</load_address>
         <run_address>0xbaa4</run_address>
         <size>0xe</size>
         <input_file_ref idref="fl-4e"/>
      </object_component>
      <object_component id="oc-2a4">
         <name>.text</name>
         <load_address>0xbab2</load_address>
         <run_address>0xbab2</run_address>
         <size>0xd</size>
         <input_file_ref idref="fl-5c"/>
      </object_component>
      <object_component id="oc-2a3">
         <name>.text</name>
         <load_address>0xbabf</load_address>
         <run_address>0xbabf</run_address>
         <size>0xc</size>
         <input_file_ref idref="fl-5f"/>
      </object_component>
      <object_component id="oc-2a2">
         <name>.text</name>
         <load_address>0xbacb</load_address>
         <run_address>0xbacb</run_address>
         <size>0xc</size>
         <input_file_ref idref="fl-3c"/>
      </object_component>
      <object_component id="oc-197">
         <name>.text</name>
         <load_address>0xbad7</load_address>
         <run_address>0xbad7</run_address>
         <size>0xb</size>
         <input_file_ref idref="fl-41"/>
      </object_component>
      <object_component id="oc-2a7">
         <name>.text</name>
         <load_address>0xbae2</load_address>
         <run_address>0xbae2</run_address>
         <size>0xa</size>
         <input_file_ref idref="fl-3d"/>
      </object_component>
      <object_component id="oc-28f">
         <name>.text</name>
         <load_address>0xbaec</load_address>
         <run_address>0xbaec</run_address>
         <size>0x9</size>
         <input_file_ref idref="fl-44"/>
      </object_component>
      <object_component id="oc-1d1">
         <name>.text</name>
         <load_address>0xbaf5</load_address>
         <run_address>0xbaf5</run_address>
         <size>0x9</size>
         <input_file_ref idref="fl-4d"/>
      </object_component>
      <object_component id="oc-56">
         <name>.text</name>
         <load_address>0xbafe</load_address>
         <run_address>0xbafe</run_address>
         <size>0x8</size>
         <input_file_ref idref="fl-3"/>
      </object_component>
      <object_component id="oc-28a">
         <name>.text</name>
         <load_address>0xbb06</load_address>
         <run_address>0xbb06</run_address>
         <size>0x8</size>
         <input_file_ref idref="fl-64"/>
      </object_component>
      <object_component id="oc-72">
         <name>.text</name>
         <load_address>0xbb0e</load_address>
         <run_address>0xbb0e</run_address>
         <size>0x7</size>
         <input_file_ref idref="fl-8"/>
      </object_component>
      <object_component id="oc-28b">
         <name>.text</name>
         <load_address>0xbb15</load_address>
         <run_address>0xbb15</run_address>
         <size>0x5</size>
         <input_file_ref idref="fl-63"/>
      </object_component>
      <object_component id="oc-67">
         <name>.text</name>
         <load_address>0xbb1a</load_address>
         <run_address>0xbb1a</run_address>
         <size>0x3</size>
         <input_file_ref idref="fl-6"/>
      </object_component>
      <object_component id="oc-2ae">
         <name>.text</name>
         <load_address>0xbb1d</load_address>
         <run_address>0xbb1d</run_address>
         <size>0x3</size>
         <input_file_ref idref="fl-6b"/>
      </object_component>
      <object_component id="oc-273">
         <name>.text</name>
         <load_address>0xbb20</load_address>
         <run_address>0xbb20</run_address>
         <size>0x2</size>
         <input_file_ref idref="fl-39"/>
      </object_component>
      <object_component id="oc-119">
         <name>.cinit</name>
         <load_address>0x50</load_address>
         <run_address>0x50</run_address>
         <size>0x16b</size>
         <input_file_ref idref="fl-1e"/>
      </object_component>
      <object_component id="oc-108">
         <name>.cinit</name>
         <load_address>0x1bb</load_address>
         <run_address>0x1bb</run_address>
         <size>0x74</size>
         <input_file_ref idref="fl-1b"/>
      </object_component>
      <object_component id="oc-167">
         <name>.cinit</name>
         <load_address>0x22f</load_address>
         <run_address>0x22f</run_address>
         <size>0x31</size>
         <input_file_ref idref="fl-38"/>
      </object_component>
      <object_component id="oc-1bf">
         <name>.cinit</name>
         <load_address>0x260</load_address>
         <run_address>0x260</run_address>
         <size>0x2a</size>
         <input_file_ref idref="fl-49"/>
      </object_component>
      <object_component id="oc-13b">
         <name>.cinit</name>
         <load_address>0x28a</load_address>
         <run_address>0x28a</run_address>
         <size>0x18</size>
         <input_file_ref idref="fl-23"/>
      </object_component>
      <object_component id="oc-156">
         <name>.cinit</name>
         <load_address>0x2a2</load_address>
         <run_address>0x2a2</run_address>
         <size>0xe</size>
         <input_file_ref idref="fl-35"/>
      </object_component>
      <object_component id="oc-121">
         <name>.cinit</name>
         <load_address>0x2b0</load_address>
         <run_address>0x2b0</run_address>
         <size>0xc</size>
         <input_file_ref idref="fl-1f"/>
      </object_component>
      <object_component id="oc-27d">
         <name>.cinit:__lock</name>
         <load_address>0x2bc</load_address>
         <run_address>0x2bc</run_address>
         <size>0x5</size>
         <input_file_ref idref="fl-44"/>
      </object_component>
      <object_component id="oc-289">
         <name>.cinit:__unlock</name>
         <load_address>0x2c1</load_address>
         <run_address>0x2c1</run_address>
         <size>0x5</size>
         <input_file_ref idref="fl-44"/>
      </object_component>
      <object_component id="oc-24d">
         <name>.cinit</name>
         <load_address>0x2c6</load_address>
         <run_address>0x2c6</run_address>
         <size>0x4</size>
         <input_file_ref idref="fl-65"/>
      </object_component>
      <object_component id="oc-256">
         <name>.cinit</name>
         <load_address>0x2ca</load_address>
         <run_address>0x2ca</run_address>
         <size>0x4</size>
         <input_file_ref idref="fl-67"/>
      </object_component>
      <object_component id="oc-25d">
         <name>.cinit</name>
         <load_address>0x2ce</load_address>
         <run_address>0x2ce</run_address>
         <size>0x4</size>
         <input_file_ref idref="fl-68"/>
      </object_component>
      <object_component id="oc-133">
         <name>.cinit</name>
         <load_address>0x2d2</load_address>
         <run_address>0x2d2</run_address>
         <size>0x4</size>
         <input_file_ref idref="fl-22"/>
      </object_component>
      <object_component id="oc-146">
         <name>.reset</name>
         <load_address>0x3fffc0</load_address>
         <run_address>0x3fffc0</run_address>
         <size>0x2</size>
         <input_file_ref idref="fl-32"/>
      </object_component>
      <object_component id="oc-145">
         <name>.stack</name>
         <uninitialized>true</uninitialized>
         <run_address>0x400</run_address>
         <size>0x0</size>
         <input_file_ref idref="fl-32"/>
      </object_component>
      <object_component id="oc-307">
         <name>.stack</name>
         <uninitialized>true</uninitialized>
         <run_address>0x400</run_address>
         <size>0x0</size>
      </object_component>
      <object_component id="oc-62">
         <name>.ebss</name>
         <uninitialized>true</uninitialized>
         <run_address>0x12bda</run_address>
         <size>0x18</size>
         <input_file_ref idref="fl-5"/>
      </object_component>
      <object_component id="oc-109">
         <name>.ebss</name>
         <uninitialized>true</uninitialized>
         <run_address>0x13080</run_address>
         <size>0x5e</size>
         <input_file_ref idref="fl-1b"/>
      </object_component>
      <object_component id="oc-11a">
         <name>.ebss</name>
         <uninitialized>true</uninitialized>
         <run_address>0x12c00</run_address>
         <size>0x228</size>
         <input_file_ref idref="fl-1e"/>
      </object_component>
      <object_component id="oc-122">
         <name>.ebss</name>
         <uninitialized>true</uninitialized>
         <run_address>0x12e30</run_address>
         <size>0x6</size>
         <input_file_ref idref="fl-1f"/>
      </object_component>
      <object_component id="oc-134">
         <name>.ebss</name>
         <uninitialized>true</uninitialized>
         <run_address>0x12e3f</run_address>
         <size>0x1</size>
         <input_file_ref idref="fl-22"/>
      </object_component>
      <object_component id="oc-13c">
         <name>.ebss</name>
         <uninitialized>true</uninitialized>
         <run_address>0x12e36</run_address>
         <size>0x3</size>
         <input_file_ref idref="fl-23"/>
      </object_component>
      <object_component id="oc-157">
         <name>.ebss</name>
         <uninitialized>true</uninitialized>
         <run_address>0x12bfa</run_address>
         <size>0x6</size>
         <input_file_ref idref="fl-35"/>
      </object_component>
      <object_component id="oc-168">
         <name>.ebss</name>
         <uninitialized>true</uninitialized>
         <run_address>0x12fc0</run_address>
         <size>0x88</size>
         <input_file_ref idref="fl-38"/>
      </object_component>
      <object_component id="oc-18c">
         <name>.ebss</name>
         <uninitialized>true</uninitialized>
         <run_address>0x12e28</run_address>
         <size>0x8</size>
         <input_file_ref idref="fl-3f"/>
      </object_component>
      <object_component id="oc-288">
         <name>.ebss:__unlock</name>
         <uninitialized>true</uninitialized>
         <run_address>0x12e3c</run_address>
         <size>0x2</size>
         <input_file_ref idref="fl-44"/>
      </object_component>
      <object_component id="oc-27c">
         <name>.ebss:__lock</name>
         <uninitialized>true</uninitialized>
         <run_address>0x12e3a</run_address>
         <size>0x2</size>
         <input_file_ref idref="fl-44"/>
      </object_component>
      <object_component id="oc-1c0">
         <name>.ebss</name>
         <uninitialized>true</uninitialized>
         <run_address>0x12e40</run_address>
         <size>0x160</size>
         <input_file_ref idref="fl-49"/>
      </object_component>
      <object_component id="oc-24e">
         <name>.ebss</name>
         <uninitialized>true</uninitialized>
         <run_address>0x12e39</run_address>
         <size>0x1</size>
         <input_file_ref idref="fl-65"/>
      </object_component>
      <object_component id="oc-257">
         <name>.ebss</name>
         <uninitialized>true</uninitialized>
         <run_address>0x12e3e</run_address>
         <size>0x1</size>
         <input_file_ref idref="fl-67"/>
      </object_component>
      <object_component id="oc-25f">
         <name>.ebss</name>
         <uninitialized>true</uninitialized>
         <run_address>0x12bf2</run_address>
         <size>0x8</size>
         <input_file_ref idref="fl-68"/>
      </object_component>
      <object_component id="oc-123">
         <name>.econst:.string</name>
         <load_address>0x12670</load_address>
         <run_address>0x12670</run_address>
         <size>0x2bf</size>
         <input_file_ref idref="fl-1f"/>
      </object_component>
      <object_component id="oc-2a9">
         <name>.econst:.string:__ctypes_</name>
         <load_address>0x1292f</load_address>
         <run_address>0x1292f</run_address>
         <size>0x101</size>
         <input_file_ref idref="fl-48"/>
      </object_component>
      <object_component id="oc-29a">
         <name>.econst:_PieVectTableInit</name>
         <load_address>0x12a30</load_address>
         <run_address>0x12a30</run_address>
         <size>0x100</size>
         <input_file_ref idref="fl-15"/>
      </object_component>
      <object_component id="oc-11b">
         <name>.econst:.string</name>
         <load_address>0x12b30</load_address>
         <run_address>0x12b30</run_address>
         <size>0x42</size>
         <input_file_ref idref="fl-1e"/>
      </object_component>
      <object_component id="oc-1ad">
         <name>.econst:.string</name>
         <load_address>0x12b72</load_address>
         <run_address>0x12b72</run_address>
         <size>0x26</size>
         <input_file_ref idref="fl-45"/>
      </object_component>
      <object_component id="oc-1ac">
         <name>.econst</name>
         <load_address>0x12b98</load_address>
         <run_address>0x12b98</run_address>
         <size>0x1c</size>
         <input_file_ref idref="fl-45"/>
      </object_component>
      <object_component id="oc-238">
         <name>.econst</name>
         <load_address>0x12bb4</load_address>
         <run_address>0x12bb4</run_address>
         <size>0x1c</size>
         <input_file_ref idref="fl-61"/>
      </object_component>
      <object_component id="oc-232">
         <name>.econst</name>
         <load_address>0x12bd0</load_address>
         <run_address>0x12bd0</run_address>
         <size>0x8</size>
         <input_file_ref idref="fl-60"/>
      </object_component>
      <object_component id="oc-1f0">
         <name>.econst:.string</name>
         <load_address>0x12bd8</load_address>
         <run_address>0x12bd8</run_address>
         <size>0x2</size>
         <input_file_ref idref="fl-53"/>
      </object_component>
      <object_component id="oc-25e">
         <name>.esysmem</name>
         <uninitialized>true</uninitialized>
         <run_address>0x130de</run_address>
         <size>0x1</size>
         <input_file_ref idref="fl-68"/>
      </object_component>
      <object_component id="oc-308">
         <name>.esysmem</name>
         <uninitialized>true</uninitialized>
         <run_address>0x130de</run_address>
         <size>0x0</size>
      </object_component>
      <object_component id="oc-192">
         <name>.cio</name>
         <uninitialized>true</uninitialized>
         <run_address>0x13500</run_address>
         <size>0x120</size>
         <input_file_ref idref="fl-40"/>
      </object_component>
      <object_component id="oc-13f">
         <name>SampData1</name>
         <uninitialized>true</uninitialized>
         <run_address>0xe000</run_address>
         <size>0x1770</size>
         <input_file_ref idref="fl-23"/>
      </object_component>
      <object_component id="oc-13d">
         <name>SampData2</name>
         <uninitialized>true</uninitialized>
         <run_address>0xf780</run_address>
         <size>0x1770</size>
         <input_file_ref idref="fl-23"/>
      </object_component>
      <object_component id="oc-13e">
         <name>SampData3</name>
         <uninitialized>true</uninitialized>
         <run_address>0x10f00</run_address>
         <size>0x1770</size>
         <input_file_ref idref="fl-23"/>
      </object_component>
      <object_component id="oc-c7">
         <name>PieVectTableFile</name>
         <uninitialized>true</uninitialized>
         <run_address>0xd00</run_address>
         <size>0x100</size>
         <input_file_ref idref="fl-e"/>
      </object_component>
      <object_component id="oc-92">
         <name>EmuKeyVar</name>
         <uninitialized>true</uninitialized>
         <run_address>0xd00</run_address>
         <size>0x1</size>
         <input_file_ref idref="fl-e"/>
      </object_component>
      <object_component id="oc-93">
         <name>EmuBModeVar</name>
         <uninitialized>true</uninitialized>
         <run_address>0xd01</run_address>
         <size>0x1</size>
         <input_file_ref idref="fl-e"/>
      </object_component>
      <object_component id="oc-94">
         <name>FlashCallbackVar</name>
         <uninitialized>true</uninitialized>
         <run_address>0xd02</run_address>
         <size>0x2</size>
         <input_file_ref idref="fl-e"/>
      </object_component>
      <object_component id="oc-95">
         <name>FlashScalingVar</name>
         <uninitialized>true</uninitialized>
         <run_address>0xd04</run_address>
         <size>0x2</size>
         <input_file_ref idref="fl-e"/>
      </object_component>
      <object_component id="oc-97">
         <name>DevEmuRegsFile</name>
         <uninitialized>true</uninitialized>
         <run_address>0x880</run_address>
         <size>0x4</size>
         <input_file_ref idref="fl-e"/>
      </object_component>
      <object_component id="oc-96">
         <name>SysPwrCtrlRegsFile</name>
         <uninitialized>true</uninitialized>
         <run_address>0x985</run_address>
         <size>0x3</size>
         <input_file_ref idref="fl-e"/>
      </object_component>
      <object_component id="oc-98">
         <name>FlashRegsFile</name>
         <uninitialized>true</uninitialized>
         <run_address>0xa80</run_address>
         <size>0x8</size>
         <input_file_ref idref="fl-e"/>
      </object_component>
      <object_component id="oc-a2">
         <name>CsmRegsFile</name>
         <uninitialized>true</uninitialized>
         <run_address>0xae0</run_address>
         <size>0x10</size>
         <input_file_ref idref="fl-e"/>
      </object_component>
      <object_component id="oc-9f">
         <name>AdcResultFile</name>
         <uninitialized>true</uninitialized>
         <run_address>0xb00</run_address>
         <size>0x10</size>
         <input_file_ref idref="fl-e"/>
      </object_component>
      <object_component id="oc-99">
         <name>CpuTimer0RegsFile</name>
         <uninitialized>true</uninitialized>
         <run_address>0xc00</run_address>
         <size>0x8</size>
         <input_file_ref idref="fl-e"/>
      </object_component>
      <object_component id="oc-9c">
         <name>CpuTimer1RegsFile</name>
         <uninitialized>true</uninitialized>
         <run_address>0xc08</run_address>
         <size>0x8</size>
         <input_file_ref idref="fl-e"/>
      </object_component>
      <object_component id="oc-9a">
         <name>CpuTimer2RegsFile</name>
         <uninitialized>true</uninitialized>
         <run_address>0xc10</run_address>
         <size>0x8</size>
         <input_file_ref idref="fl-e"/>
      </object_component>
      <object_component id="oc-a8">
         <name>PieCtrlRegsFile</name>
         <uninitialized>true</uninitialized>
         <run_address>0xce0</run_address>
         <size>0x1a</size>
         <input_file_ref idref="fl-e"/>
      </object_component>
      <object_component id="oc-bd">
         <name>Cla1RegsFile</name>
         <uninitialized>true</uninitialized>
         <run_address>0x1400</run_address>
         <size>0x40</size>
         <input_file_ref idref="fl-e"/>
      </object_component>
      <object_component id="oc-c6">
         <name>DmaRegsFile</name>
         <uninitialized>true</uninitialized>
         <run_address>0x1000</run_address>
         <size>0xe0</size>
         <input_file_ref idref="fl-e"/>
      </object_component>
      <object_component id="oc-b7">
         <name>ECanaRegsFile</name>
         <uninitialized>true</uninitialized>
         <run_address>0x6000</run_address>
         <size>0x34</size>
         <input_file_ref idref="fl-e"/>
      </object_component>
      <object_component id="oc-bb">
         <name>ECanaLAMRegsFile</name>
         <uninitialized>true</uninitialized>
         <run_address>0x6040</run_address>
         <size>0x40</size>
         <input_file_ref idref="fl-e"/>
      </object_component>
      <object_component id="oc-c8">
         <name>ECanaMboxesFile</name>
         <uninitialized>true</uninitialized>
         <run_address>0x6100</run_address>
         <size>0x100</size>
         <input_file_ref idref="fl-e"/>
      </object_component>
      <object_component id="oc-bc">
         <name>ECanaMOTSRegsFile</name>
         <uninitialized>true</uninitialized>
         <run_address>0x6080</run_address>
         <size>0x40</size>
         <input_file_ref idref="fl-e"/>
      </object_component>
      <object_component id="oc-b8">
         <name>ECanaMOTORegsFile</name>
         <uninitialized>true</uninitialized>
         <run_address>0x60c0</run_address>
         <size>0x40</size>
         <input_file_ref idref="fl-e"/>
      </object_component>
      <object_component id="oc-b0">
         <name>ECap1RegsFile</name>
         <uninitialized>true</uninitialized>
         <run_address>0x6a00</run_address>
         <size>0x20</size>
         <input_file_ref idref="fl-e"/>
      </object_component>
      <object_component id="oc-af">
         <name>ECap2RegsFile</name>
         <uninitialized>true</uninitialized>
         <run_address>0x6a20</run_address>
         <size>0x20</size>
         <input_file_ref idref="fl-e"/>
      </object_component>
      <object_component id="oc-b1">
         <name>ECap3RegsFile</name>
         <uninitialized>true</uninitialized>
         <run_address>0x6a40</run_address>
         <size>0x20</size>
         <input_file_ref idref="fl-e"/>
      </object_component>
      <object_component id="oc-b4">
         <name>EQep1RegsFile</name>
         <uninitialized>true</uninitialized>
         <run_address>0x6b00</run_address>
         <size>0x22</size>
         <input_file_ref idref="fl-e"/>
      </object_component>
      <object_component id="oc-b2">
         <name>EQep2RegsFile</name>
         <uninitialized>true</uninitialized>
         <run_address>0x6b40</run_address>
         <size>0x22</size>
         <input_file_ref idref="fl-e"/>
      </object_component>
      <object_component id="oc-c0">
         <name>GpioCtrlRegsFile</name>
         <uninitialized>true</uninitialized>
         <run_address>0x6f80</run_address>
         <size>0x40</size>
         <input_file_ref idref="fl-e"/>
      </object_component>
      <object_component id="oc-aa">
         <name>GpioDataRegsFile</name>
         <uninitialized>true</uninitialized>
         <run_address>0x6fc0</run_address>
         <size>0x20</size>
         <input_file_ref idref="fl-e"/>
      </object_component>
      <object_component id="oc-a9">
         <name>GpioIntRegsFile</name>
         <uninitialized>true</uninitialized>
         <run_address>0x6fe0</run_address>
         <size>0x20</size>
         <input_file_ref idref="fl-e"/>
      </object_component>
      <object_component id="oc-ad">
         <name>HRCap1RegsFile</name>
         <uninitialized>true</uninitialized>
         <run_address>0x6ac0</run_address>
         <size>0x20</size>
         <input_file_ref idref="fl-e"/>
      </object_component>
      <object_component id="oc-ae">
         <name>HRCap2RegsFile</name>
         <uninitialized>true</uninitialized>
         <run_address>0x6ae0</run_address>
         <size>0x20</size>
         <input_file_ref idref="fl-e"/>
      </object_component>
      <object_component id="oc-ab">
         <name>HRCap3RegsFile</name>
         <uninitialized>true</uninitialized>
         <run_address>0x6c80</run_address>
         <size>0x20</size>
         <input_file_ref idref="fl-e"/>
      </object_component>
      <object_component id="oc-ac">
         <name>HRCap4RegsFile</name>
         <uninitialized>true</uninitialized>
         <run_address>0x6ca0</run_address>
         <size>0x20</size>
         <input_file_ref idref="fl-e"/>
      </object_component>
      <object_component id="oc-b6">
         <name>SysCtrlRegsFile</name>
         <uninitialized>true</uninitialized>
         <run_address>0x7010</run_address>
         <size>0x30</size>
         <input_file_ref idref="fl-e"/>
      </object_component>
      <object_component id="oc-9e">
         <name>SpiaRegsFile</name>
         <uninitialized>true</uninitialized>
         <run_address>0x7040</run_address>
         <size>0x10</size>
         <input_file_ref idref="fl-e"/>
      </object_component>
      <object_component id="oc-a3">
         <name>SpibRegsFile</name>
         <uninitialized>true</uninitialized>
         <run_address>0x7740</run_address>
         <size>0x10</size>
         <input_file_ref idref="fl-e"/>
      </object_component>
      <object_component id="oc-a0">
         <name>SciaRegsFile</name>
         <uninitialized>true</uninitialized>
         <run_address>0x7050</run_address>
         <size>0x10</size>
         <input_file_ref idref="fl-e"/>
      </object_component>
      <object_component id="oc-9d">
         <name>ScibRegsFile</name>
         <uninitialized>true</uninitialized>
         <run_address>0x7750</run_address>
         <size>0x10</size>
         <input_file_ref idref="fl-e"/>
      </object_component>
      <object_component id="oc-a1">
         <name>NmiIntruptRegsFile</name>
         <uninitialized>true</uninitialized>
         <run_address>0x7060</run_address>
         <size>0x10</size>
         <input_file_ref idref="fl-e"/>
      </object_component>
      <object_component id="oc-a4">
         <name>XIntruptRegsFile</name>
         <uninitialized>true</uninitialized>
         <run_address>0x7070</run_address>
         <size>0x10</size>
         <input_file_ref idref="fl-e"/>
      </object_component>
      <object_component id="oc-c5">
         <name>AdcRegsFile</name>
         <uninitialized>true</uninitialized>
         <run_address>0x7100</run_address>
         <size>0x50</size>
         <input_file_ref idref="fl-e"/>
      </object_component>
      <object_component id="oc-b3">
         <name>I2caRegsFile</name>
         <uninitialized>true</uninitialized>
         <run_address>0x7900</run_address>
         <size>0x22</size>
         <input_file_ref idref="fl-e"/>
      </object_component>
      <object_component id="oc-a6">
         <name>Comp1RegsFile</name>
         <uninitialized>true</uninitialized>
         <run_address>0x6400</run_address>
         <size>0x14</size>
         <input_file_ref idref="fl-e"/>
      </object_component>
      <object_component id="oc-a5">
         <name>Comp2RegsFile</name>
         <uninitialized>true</uninitialized>
         <run_address>0x6420</run_address>
         <size>0x14</size>
         <input_file_ref idref="fl-e"/>
      </object_component>
      <object_component id="oc-a7">
         <name>Comp3RegsFile</name>
         <uninitialized>true</uninitialized>
         <run_address>0x6440</run_address>
         <size>0x14</size>
         <input_file_ref idref="fl-e"/>
      </object_component>
      <object_component id="oc-ba">
         <name>EPwm1RegsFile</name>
         <uninitialized>true</uninitialized>
         <run_address>0x6800</run_address>
         <size>0x40</size>
         <input_file_ref idref="fl-e"/>
      </object_component>
      <object_component id="oc-b9">
         <name>EPwm2RegsFile</name>
         <uninitialized>true</uninitialized>
         <run_address>0x6840</run_address>
         <size>0x40</size>
         <input_file_ref idref="fl-e"/>
      </object_component>
      <object_component id="oc-c4">
         <name>EPwm3RegsFile</name>
         <uninitialized>true</uninitialized>
         <run_address>0x6880</run_address>
         <size>0x40</size>
         <input_file_ref idref="fl-e"/>
      </object_component>
      <object_component id="oc-c2">
         <name>EPwm4RegsFile</name>
         <uninitialized>true</uninitialized>
         <run_address>0x68c0</run_address>
         <size>0x40</size>
         <input_file_ref idref="fl-e"/>
      </object_component>
      <object_component id="oc-c3">
         <name>EPwm5RegsFile</name>
         <uninitialized>true</uninitialized>
         <run_address>0x6900</run_address>
         <size>0x40</size>
         <input_file_ref idref="fl-e"/>
      </object_component>
      <object_component id="oc-bf">
         <name>EPwm6RegsFile</name>
         <uninitialized>true</uninitialized>
         <run_address>0x6940</run_address>
         <size>0x40</size>
         <input_file_ref idref="fl-e"/>
      </object_component>
      <object_component id="oc-be">
         <name>EPwm7RegsFile</name>
         <uninitialized>true</uninitialized>
         <run_address>0x6980</run_address>
         <size>0x40</size>
         <input_file_ref idref="fl-e"/>
      </object_component>
      <object_component id="oc-c1">
         <name>EPwm8RegsFile</name>
         <uninitialized>true</uninitialized>
         <run_address>0x69c0</run_address>
         <size>0x40</size>
         <input_file_ref idref="fl-e"/>
      </object_component>
      <object_component id="oc-b5">
         <name>McbspaRegsFile</name>
         <uninitialized>true</uninitialized>
         <run_address>0x5000</run_address>
         <size>0x24</size>
         <input_file_ref idref="fl-e"/>
      </object_component>
      <object_component id="oc-c9">
         <name>Usb0RegsFile</name>
         <uninitialized>true</uninitialized>
         <run_address>0x4000</run_address>
         <size>0x454</size>
         <input_file_ref idref="fl-e"/>
      </object_component>
      <object_component id="oc-9b">
         <name>CsmPwlFile</name>
         <uninitialized>true</uninitialized>
         <run_address>0x3f7ff8</run_address>
         <size>0x8</size>
         <input_file_ref idref="fl-e"/>
      </object_component>
      <object_component id="oc-91">
         <name>PartIdRegsFile</name>
         <uninitialized>true</uninitialized>
         <run_address>0x3d7e80</run_address>
         <size>0x1</size>
         <input_file_ref idref="fl-e"/>
      </object_component>
      <object_component id="oc-51">
         <name>.debug_info</name>
         <load_address>0x0</load_address>
         <run_address>0x0</run_address>
         <size>0x4c63</size>
         <input_file_ref idref="fl-2"/>
      </object_component>
      <object_component id="oc-58">
         <name>.debug_info</name>
         <load_address>0x4c63</load_address>
         <run_address>0x4c63</run_address>
         <size>0x118</size>
         <input_file_ref idref="fl-3"/>
      </object_component>
      <object_component id="oc-5c">
         <name>.debug_info</name>
         <load_address>0x4d7b</load_address>
         <run_address>0x4d7b</run_address>
         <size>0x1890</size>
         <input_file_ref idref="fl-4"/>
      </object_component>
      <object_component id="oc-61">
         <name>.debug_info</name>
         <load_address>0x660b</load_address>
         <run_address>0x660b</run_address>
         <size>0x9ae</size>
         <input_file_ref idref="fl-5"/>
      </object_component>
      <object_component id="oc-68">
         <name>.debug_info</name>
         <load_address>0x6fb9</load_address>
         <run_address>0x6fb9</run_address>
         <size>0xdd</size>
         <input_file_ref idref="fl-6"/>
      </object_component>
      <object_component id="oc-6c">
         <name>.debug_info</name>
         <load_address>0x7096</load_address>
         <run_address>0x7096</run_address>
         <size>0x2681</size>
         <input_file_ref idref="fl-7"/>
      </object_component>
      <object_component id="oc-73">
         <name>.debug_info</name>
         <load_address>0x9717</load_address>
         <run_address>0x9717</run_address>
         <size>0xe3</size>
         <input_file_ref idref="fl-8"/>
      </object_component>
      <object_component id="oc-77">
         <name>.debug_info</name>
         <load_address>0x97fa</load_address>
         <run_address>0x97fa</run_address>
         <size>0x16eb</size>
         <input_file_ref idref="fl-9"/>
      </object_component>
      <object_component id="oc-7c">
         <name>.debug_info</name>
         <load_address>0xaee5</load_address>
         <run_address>0xaee5</run_address>
         <size>0x5a46</size>
         <input_file_ref idref="fl-a"/>
      </object_component>
      <object_component id="oc-81">
         <name>.debug_info</name>
         <load_address>0x1092b</load_address>
         <run_address>0x1092b</run_address>
         <size>0x1890</size>
         <input_file_ref idref="fl-b"/>
      </object_component>
      <object_component id="oc-86">
         <name>.debug_info</name>
         <load_address>0x121bb</load_address>
         <run_address>0x121bb</run_address>
         <size>0x1dbd</size>
         <input_file_ref idref="fl-c"/>
      </object_component>
      <object_component id="oc-8b">
         <name>.debug_info</name>
         <load_address>0x13f78</load_address>
         <run_address>0x13f78</run_address>
         <size>0x1a32</size>
         <input_file_ref idref="fl-d"/>
      </object_component>
      <object_component id="oc-90">
         <name>.debug_info</name>
         <load_address>0x159aa</load_address>
         <run_address>0x159aa</run_address>
         <size>0x1b01d</size>
         <input_file_ref idref="fl-e"/>
      </object_component>
      <object_component id="oc-cb">
         <name>.debug_info</name>
         <load_address>0x309c7</load_address>
         <run_address>0x309c7</run_address>
         <size>0x18e7</size>
         <input_file_ref idref="fl-f"/>
      </object_component>
      <object_component id="oc-d0">
         <name>.debug_info</name>
         <load_address>0x322ae</load_address>
         <run_address>0x322ae</run_address>
         <size>0x1891</size>
         <input_file_ref idref="fl-10"/>
      </object_component>
      <object_component id="oc-d5">
         <name>.debug_info</name>
         <load_address>0x33b3f</load_address>
         <run_address>0x33b3f</run_address>
         <size>0x188f</size>
         <input_file_ref idref="fl-11"/>
      </object_component>
      <object_component id="oc-da">
         <name>.debug_info</name>
         <load_address>0x353ce</load_address>
         <run_address>0x353ce</run_address>
         <size>0x463b</size>
         <input_file_ref idref="fl-12"/>
      </object_component>
      <object_component id="oc-df">
         <name>.debug_info</name>
         <load_address>0x39a09</load_address>
         <run_address>0x39a09</run_address>
         <size>0x1843</size>
         <input_file_ref idref="fl-13"/>
      </object_component>
      <object_component id="oc-e4">
         <name>.debug_info</name>
         <load_address>0x3b24c</load_address>
         <run_address>0x3b24c</run_address>
         <size>0xb48</size>
         <input_file_ref idref="fl-14"/>
      </object_component>
      <object_component id="oc-e9">
         <name>.debug_info</name>
         <load_address>0x3bd94</load_address>
         <run_address>0x3bd94</run_address>
         <size>0x2480</size>
         <input_file_ref idref="fl-15"/>
      </object_component>
      <object_component id="oc-ee">
         <name>.debug_info</name>
         <load_address>0x3e214</load_address>
         <run_address>0x3e214</run_address>
         <size>0x188f</size>
         <input_file_ref idref="fl-16"/>
      </object_component>
      <object_component id="oc-f3">
         <name>.debug_info</name>
         <load_address>0x3faa3</load_address>
         <run_address>0x3faa3</run_address>
         <size>0x188f</size>
         <input_file_ref idref="fl-17"/>
      </object_component>
      <object_component id="oc-f8">
         <name>.debug_info</name>
         <load_address>0x41332</load_address>
         <run_address>0x41332</run_address>
         <size>0x2907</size>
         <input_file_ref idref="fl-18"/>
      </object_component>
      <object_component id="oc-fd">
         <name>.debug_info</name>
         <load_address>0x43c39</load_address>
         <run_address>0x43c39</run_address>
         <size>0x36d</size>
         <input_file_ref idref="fl-19"/>
      </object_component>
      <object_component id="oc-103">
         <name>.debug_info</name>
         <load_address>0x43fa6</load_address>
         <run_address>0x43fa6</run_address>
         <size>0xdf</size>
         <input_file_ref idref="fl-1a"/>
      </object_component>
      <object_component id="oc-107">
         <name>.debug_info</name>
         <load_address>0x44085</load_address>
         <run_address>0x44085</run_address>
         <size>0x28e0</size>
         <input_file_ref idref="fl-1b"/>
      </object_component>
      <object_component id="oc-10e">
         <name>.debug_info</name>
         <load_address>0x46965</load_address>
         <run_address>0x46965</run_address>
         <size>0x448</size>
         <input_file_ref idref="fl-1c"/>
      </object_component>
      <object_component id="oc-113">
         <name>.debug_info</name>
         <load_address>0x46dad</load_address>
         <run_address>0x46dad</run_address>
         <size>0x23b2</size>
         <input_file_ref idref="fl-1d"/>
      </object_component>
      <object_component id="oc-118">
         <name>.debug_info</name>
         <load_address>0x4915f</load_address>
         <run_address>0x4915f</run_address>
         <size>0x3e26</size>
         <input_file_ref idref="fl-1e"/>
      </object_component>
      <object_component id="oc-120">
         <name>.debug_info</name>
         <load_address>0x4cf85</load_address>
         <run_address>0x4cf85</run_address>
         <size>0x35b0</size>
         <input_file_ref idref="fl-1f"/>
      </object_component>
      <object_component id="oc-128">
         <name>.debug_info</name>
         <load_address>0x50535</load_address>
         <run_address>0x50535</run_address>
         <size>0x190f</size>
         <input_file_ref idref="fl-20"/>
      </object_component>
      <object_component id="oc-12d">
         <name>.debug_info</name>
         <load_address>0x51e44</load_address>
         <run_address>0x51e44</run_address>
         <size>0x3a7a</size>
         <input_file_ref idref="fl-21"/>
      </object_component>
      <object_component id="oc-132">
         <name>.debug_info</name>
         <load_address>0x558be</load_address>
         <run_address>0x558be</run_address>
         <size>0x2627</size>
         <input_file_ref idref="fl-22"/>
      </object_component>
      <object_component id="oc-13a">
         <name>.debug_info</name>
         <load_address>0x57ee5</load_address>
         <run_address>0x57ee5</run_address>
         <size>0x4076</size>
         <input_file_ref idref="fl-23"/>
      </object_component>
      <object_component id="oc-147">
         <name>.debug_info</name>
         <load_address>0x5bf5b</load_address>
         <run_address>0x5bf5b</run_address>
         <size>0x187</size>
         <input_file_ref idref="fl-32"/>
      </object_component>
      <object_component id="oc-14b">
         <name>.debug_info</name>
         <load_address>0x5c0e2</load_address>
         <run_address>0x5c0e2</run_address>
         <size>0x643</size>
         <input_file_ref idref="fl-33"/>
      </object_component>
      <object_component id="oc-151">
         <name>.debug_info</name>
         <load_address>0x5c725</load_address>
         <run_address>0x5c725</run_address>
         <size>0x12e</size>
         <input_file_ref idref="fl-34"/>
      </object_component>
      <object_component id="oc-155">
         <name>.debug_info</name>
         <load_address>0x5c853</load_address>
         <run_address>0x5c853</run_address>
         <size>0x5c7</size>
         <input_file_ref idref="fl-35"/>
      </object_component>
      <object_component id="oc-15c">
         <name>.debug_info</name>
         <load_address>0x5ce1a</load_address>
         <run_address>0x5ce1a</run_address>
         <size>0x65d</size>
         <input_file_ref idref="fl-36"/>
      </object_component>
      <object_component id="oc-162">
         <name>.debug_info</name>
         <load_address>0x5d477</load_address>
         <run_address>0x5d477</run_address>
         <size>0x1b9</size>
         <input_file_ref idref="fl-37"/>
      </object_component>
      <object_component id="oc-166">
         <name>.debug_info</name>
         <load_address>0x5d630</load_address>
         <run_address>0x5d630</run_address>
         <size>0x12e2</size>
         <input_file_ref idref="fl-38"/>
      </object_component>
      <object_component id="oc-16d">
         <name>.debug_info</name>
         <load_address>0x5e912</load_address>
         <run_address>0x5e912</run_address>
         <size>0x3fe</size>
         <input_file_ref idref="fl-39"/>
      </object_component>
      <object_component id="oc-172">
         <name>.debug_info</name>
         <load_address>0x5ed10</load_address>
         <run_address>0x5ed10</run_address>
         <size>0x725</size>
         <input_file_ref idref="fl-3a"/>
      </object_component>
      <object_component id="oc-177">
         <name>.debug_info</name>
         <load_address>0x5f435</load_address>
         <run_address>0x5f435</run_address>
         <size>0x3fb</size>
         <input_file_ref idref="fl-3b"/>
      </object_component>
      <object_component id="oc-17c">
         <name>.debug_info</name>
         <load_address>0x5f830</load_address>
         <run_address>0x5f830</run_address>
         <size>0x568</size>
         <input_file_ref idref="fl-3c"/>
      </object_component>
      <object_component id="oc-181">
         <name>.debug_info</name>
         <load_address>0x5fd98</load_address>
         <run_address>0x5fd98</run_address>
         <size>0x558</size>
         <input_file_ref idref="fl-3d"/>
      </object_component>
      <object_component id="oc-186">
         <name>.debug_info</name>
         <load_address>0x602f0</load_address>
         <run_address>0x602f0</run_address>
         <size>0x56b</size>
         <input_file_ref idref="fl-3e"/>
      </object_component>
      <object_component id="oc-18b">
         <name>.debug_info</name>
         <load_address>0x6085b</load_address>
         <run_address>0x6085b</run_address>
         <size>0xf38</size>
         <input_file_ref idref="fl-3f"/>
      </object_component>
      <object_component id="oc-191">
         <name>.debug_info</name>
         <load_address>0x61793</load_address>
         <run_address>0x61793</run_address>
         <size>0x5e1</size>
         <input_file_ref idref="fl-40"/>
      </object_component>
      <object_component id="oc-198">
         <name>.debug_info</name>
         <load_address>0x61d74</load_address>
         <run_address>0x61d74</run_address>
         <size>0x155</size>
         <input_file_ref idref="fl-41"/>
      </object_component>
      <object_component id="oc-19c">
         <name>.debug_info</name>
         <load_address>0x61ec9</load_address>
         <run_address>0x61ec9</run_address>
         <size>0x60f</size>
         <input_file_ref idref="fl-42"/>
      </object_component>
      <object_component id="oc-1a1">
         <name>.debug_info</name>
         <load_address>0x624d8</load_address>
         <run_address>0x624d8</run_address>
         <size>0x5f5</size>
         <input_file_ref idref="fl-43"/>
      </object_component>
      <object_component id="oc-1a6">
         <name>.debug_info</name>
         <load_address>0x62acd</load_address>
         <run_address>0x62acd</run_address>
         <size>0x51d</size>
         <input_file_ref idref="fl-44"/>
      </object_component>
      <object_component id="oc-1ab">
         <name>.debug_info</name>
         <load_address>0x62fea</load_address>
         <run_address>0x62fea</run_address>
         <size>0x25e7</size>
         <input_file_ref idref="fl-45"/>
      </object_component>
      <object_component id="oc-1b2">
         <name>.debug_info</name>
         <load_address>0x655d1</load_address>
         <run_address>0x655d1</run_address>
         <size>0x4ea</size>
         <input_file_ref idref="fl-46"/>
      </object_component>
      <object_component id="oc-1b7">
         <name>.debug_info</name>
[...]
         <value>0xe000</value>
         <object_component_ref idref="oc-13f"/>
      </symbol>
      <symbol id="sm-549">
         <name>_SampData2</name>
         <value>0xf780</value>
         <object_component_ref idref="oc-13d"/>
      </symbol>
      <symbol id="sm-54a">
         <name>_SampData3</name>
         <value>0x10f00</value>
         <object_component_ref idref="oc-13e"/>
      </symbol>
      <symbol id="sm-54b">
         <name>_My_Init_Cputimer</name>
         <value>0xb04c</value>
         <object_component_ref idref="oc-279"/>
      </symbol>
      <symbol id="sm-54c">
         <name>_Sample1</name>
         <value>0xb07c</value>
         <object_component_ref idref="oc-279"/>
      </symbol>
      <symbol id="sm-54d">
         <name>_Sample3</name>
         <value>0xb0a2</value>
         <object_component_ref idref="oc-279"/>
      </symbol>
      <symbol id="sm-54e">
         <name>_Sample2</name>
         <value>0xb08f</value>
         <object_component_ref idref="oc-279"/>
      </symbol>
      <symbol id="sm-56b">
         <name>_c_int00</name>
         <value>0xb4da</value>
         <object_component_ref idref="oc-50"/>
      </symbol>
      <symbol id="sm-56c">
         <name>__stack</name>
         <value>0x400</value>
         <object_component_ref idref="oc-145"/>
      </symbol>
      <symbol id="sm-582">
         <name>_copy_in</name>
         <value>0xb6c5</value>
         <object_component_ref idref="oc-274"/>
      </symbol>
      <symbol id="sm-591">
         <name>_ppcopy</name>
         <value>0xba22</value>
         <object_component_ref idref="oc-150"/>
      </symbol>
      <symbol id="sm-592">
         <name>_dpcopy</name>
         <value>0xba22</value>
         <object_component_ref idref="oc-150"/>
      </symbol>
      <symbol id="sm-593">
         <name>_pdcopy</name>
         <value>0xba22</value>
         <object_component_ref idref="oc-150"/>
      </symbol>
      <symbol id="sm-594">
         <name>_ddcopy</name>
         <value>0xba22</value>
         <object_component_ref idref="oc-150"/>
      </symbol>
      <symbol id="sm-5a9">
         <name>C$$EXIT</name>
         <value>0xb89a</value>
         <object_component_ref idref="oc-277"/>
      </symbol>
      <symbol id="sm-5aa">
         <name>_exit</name>
         <value>0xb89c</value>
         <object_component_ref idref="oc-277"/>
      </symbol>
      <symbol id="sm-5ab">
         <name>___TI_cleanup_ptr</name>
         <value>0x12bfc</value>
         <object_component_ref idref="oc-157"/>
      </symbol>
      <symbol id="sm-5ac">
         <name>___TI_enable_exit_profile_output</name>
         <value>0x12bfa</value>
         <object_component_ref idref="oc-157"/>
      </symbol>
      <symbol id="sm-5ad">
         <name>_abort</name>
         <value>0xb89a</value>
         <object_component_ref idref="oc-277"/>
      </symbol>
      <symbol id="sm-5ae">
         <name>___TI_dtors_ptr</name>
         <value>0x12bfe</value>
         <object_component_ref idref="oc-157"/>
      </symbol>
      <symbol id="sm-5c2">
         <name>_getchar</name>
         <value>0xb670</value>
         <object_component_ref idref="oc-283"/>
      </symbol>
      <symbol id="sm-5c3">
         <name>_getc</name>
         <value>0xb625</value>
         <object_component_ref idref="oc-283"/>
      </symbol>
      <symbol id="sm-5c4">
         <name>_fgetc</name>
         <value>0xb625</value>
         <object_component_ref idref="oc-283"/>
      </symbol>
      <symbol id="sm-5d0">
         <name>UL$$MOD</name>
         <value>0xb894</value>
         <object_component_ref idref="oc-161"/>
      </symbol>
      <symbol id="sm-5d1">
         <name>L$$MOD</name>
         <value>0xb87f</value>
         <object_component_ref idref="oc-161"/>
      </symbol>
      <symbol id="sm-5d2">
         <name>L$$DIV</name>
         <value>0xb870</value>
         <object_component_ref idref="oc-161"/>
      </symbol>
      <symbol id="sm-5d3">
         <name>UL$$DIV</name>
         <value>0xb88d</value>
         <object_component_ref idref="oc-161"/>
      </symbol>
      <symbol id="sm-60e">
         <name>_add_device</name>
         <value>0xa647</value>
         <object_component_ref idref="oc-297"/>
      </symbol>
      <symbol id="sm-60f">
         <name>_rename</name>
         <value>0xa52a</value>
         <object_component_ref idref="oc-297"/>
      </symbol>
      <symbol id="sm-610">
         <name>_read</name>
         <value>0xa572</value>
         <object_component_ref idref="oc-297"/>
      </symbol>
      <symbol id="sm-611">
         <name>_unlink</name>
         <value>0xa511</value>
         <object_component_ref idref="oc-297"/>
      </symbol>
      <symbol id="sm-612">
         <name>_remove_device</name>
         <value>0xa558</value>
         <object_component_ref idref="oc-297"/>
      </symbol>
      <symbol id="sm-613">
         <name>_open</name>
         <value>0xa58b</value>
         <object_component_ref idref="oc-297"/>
      </symbol>
      <symbol id="sm-614">
         <name>_lseek</name>
         <value>0xa5fc</value>
         <object_component_ref idref="oc-297"/>
      </symbol>
      <symbol id="sm-615">
         <name>_close</name>
         <value>0xa614</value>
         <object_component_ref idref="oc-297"/>
      </symbol>
      <symbol id="sm-616">
         <name>_write</name>
         <value>0xa4aa</value>
         <object_component_ref idref="oc-297"/>
      </symbol>
      <symbol id="sm-623">
         <name>__system_pre_init</name>
         <value>0xbb20</value>
         <object_component_ref idref="oc-273"/>
      </symbol>
      <symbol id="sm-634">
         <name>_printf</name>
         <value>0xb787</value>
         <object_component_ref idref="oc-282"/>
      </symbol>
      <symbol id="sm-641">
         <name>__system_post_cinit</name>
         <value>0xafb7</value>
         <object_component_ref idref="oc-275"/>
      </symbol>
      <symbol id="sm-651">
         <name>_strchr</name>
         <value>0xbacb</value>
         <object_component_ref idref="oc-2a2"/>
      </symbol>
      <symbol id="sm-660">
         <name>_strcmp</name>
         <value>0xbae2</value>
         <object_component_ref idref="oc-2a7"/>
      </symbol>
      <symbol id="sm-671">
         <name>_strncpy</name>
         <value>0xb9af</value>
         <object_component_ref idref="oc-2a8"/>
      </symbol>
      <symbol id="sm-685">
         <name>_HOSTopen</name>
         <value>0x9f26</value>
         <object_component_ref idref="oc-27a"/>
      </symbol>
      <symbol id="sm-686">
         <name>_HOSTread</name>
         <value>0x9ee7</value>
         <object_component_ref idref="oc-27a"/>
      </symbol>
      <symbol id="sm-687">
         <name>_HOSTgetenv</name>
         <value>0x9fc7</value>
         <object_component_ref idref="oc-27a"/>
      </symbol>
      <symbol id="sm-688">
         <name>_HOSTtime</name>
         <value>0x9e73</value>
         <object_component_ref idref="oc-27a"/>
      </symbol>
      <symbol id="sm-689">
         <name>_HOSTtime64</name>
         <value>0x9e2e</value>
         <object_component_ref idref="oc-27a"/>
      </symbol>
      <symbol id="sm-68a">
         <name>_HOSTrename</name>
         <value>0x9ea9</value>
         <object_component_ref idref="oc-27a"/>
      </symbol>
      <symbol id="sm-68b">
         <name>_HOSTclock</name>
         <value>0xa018</value>
         <object_component_ref idref="oc-27a"/>
      </symbol>
      <symbol id="sm-68c">
         <name>_HOSTwrite</name>
         <value>0x9dd2</value>
         <object_component_ref idref="oc-27a"/>
      </symbol>
      <symbol id="sm-68d">
         <name>_HOSTlseek</name>
         <value>0x9f66</value>
         <object_component_ref idref="oc-27a"/>
      </symbol>
      <symbol id="sm-68e">
         <name>_HOSTunlink</name>
         <value>0x9e0a</value>
         <object_component_ref idref="oc-27a"/>
      </symbol>
      <symbol id="sm-68f">
         <name>_HOSTclose</name>
         <value>0x9fef</value>
         <object_component_ref idref="oc-27a"/>
      </symbol>
      <symbol id="sm-6a9">
         <name>___TI_readmsg</name>
         <value>0xb010</value>
         <object_component_ref idref="oc-287"/>
      </symbol>
      <symbol id="sm-6aa">
         <name>C$$IO$$</name>
         <value>0xb00b</value>
         <object_component_ref idref="oc-287"/>
      </symbol>
      <symbol id="sm-6ab">
         <name>__CIOBUF_</name>
         <value>0x13500</value>
         <object_component_ref idref="oc-192"/>
      </symbol>
      <symbol id="sm-6ac">
         <name>___TI_writemsg</name>
         <value>0xafb8</value>
         <object_component_ref idref="oc-287"/>
      </symbol>
      <symbol id="sm-6b8">
         <name>U$$MOD</name>
         <value>0xbadc</value>
         <object_component_ref idref="oc-197"/>
      </symbol>
      <symbol id="sm-6b9">
         <name>U$$DIV</name>
         <value>0xbad7</value>
         <object_component_ref idref="oc-197"/>
      </symbol>
      <symbol id="sm-6cc">
         <name>___TI_buff_read</name>
         <value>0xb583</value>
         <object_component_ref idref="oc-296"/>
      </symbol>
      <symbol id="sm-6e4">
         <name>___TI_rd_ok</name>
         <value>0xb39b</value>
         <object_component_ref idref="oc-295"/>
      </symbol>
      <symbol id="sm-6e5">
         <name>___TI_wrt_ok</name>
         <value>0xb360</value>
         <object_component_ref idref="oc-295"/>
      </symbol>
      <symbol id="sm-6fa">
         <name>__unlock</name>
         <value>0x12e3c</value>
         <object_component_ref idref="oc-288"/>
      </symbol>
      <symbol id="sm-6fb">
         <name>__lock</name>
         <value>0x12e3a</value>
         <object_component_ref idref="oc-27c"/>
      </symbol>
      <symbol id="sm-6fc">
         <name>__register_lock</name>
         <value>0xbaf0</value>
         <object_component_ref idref="oc-28f"/>
      </symbol>
      <symbol id="sm-6fd">
         <name>__nop</name>
         <value>0xbaf4</value>
         <object_component_ref idref="oc-28f"/>
      </symbol>
      <symbol id="sm-6fe">
         <name>__register_unlock</name>
         <value>0xbaec</value>
         <object_component_ref idref="oc-28f"/>
      </symbol>
      <symbol id="sm-82c">
         <name>___TI_printfi</name>
         <value>0x8ab4</value>
         <object_component_ref idref="oc-294"/>
      </symbol>
      <symbol id="sm-83c">
         <name>__args_main</name>
         <value>0xba3c</value>
         <object_component_ref idref="oc-276"/>
      </symbol>
      <symbol id="sm-851">
         <name>_atoi</name>
         <value>0xb7e7</value>
         <object_component_ref idref="oc-29e"/>
      </symbol>
      <symbol id="sm-85a">
         <name>__ctypes_</name>
         <value>0x1292f</value>
         <object_component_ref idref="oc-2a9"/>
      </symbol>
      <symbol id="sm-866">
         <name>___TI_ft_end</name>
         <value>0x12e40</value>
         <object_component_ref idref="oc-1c0"/>
      </symbol>
      <symbol id="sm-867">
         <name>___TI_tmpnams</name>
         <value>0x12f00</value>
         <object_component_ref idref="oc-1c0"/>
      </symbol>
      <symbol id="sm-868">
         <name>__ftable</name>
         <value>0x12e80</value>
         <object_component_ref idref="oc-1c0"/>
      </symbol>
      <symbol id="sm-878">
         <name>FD$$CMP</name>
         <value>0xb846</value>
         <object_component_ref idref="oc-1c2"/>
      </symbol>
      <symbol id="sm-88f">
         <name>FD$$DIV</name>
         <value>0xb0da</value>
         <object_component_ref idref="oc-1c7"/>
      </symbol>
      <symbol id="sm-8a1">
         <name>FD$$MPY</name>
         <value>0xb1ee</value>
         <object_component_ref idref="oc-1cc"/>
      </symbol>
      <symbol id="sm-8ae">
         <name>FD$$NEG</name>
         <value>0xbaf5</value>
         <object_component_ref idref="oc-1d1"/>
      </symbol>
      <symbol id="sm-8ba">
         <name>FD$$SUB</name>
         <value>0xbaa4</value>
         <object_component_ref idref="oc-1d6"/>
      </symbol>
      <symbol id="sm-8c9">
         <name>FD$$TOI</name>
         <value>0xb933</value>
         <object_component_ref idref="oc-1db"/>
      </symbol>
      <symbol id="sm-8d8">
         <name>FD$$TOL</name>
         <value>0xb954</value>
         <object_component_ref idref="oc-1e0"/>
      </symbol>
      <symbol id="sm-8ef">
         <name>___TI_doflush</name>
         <value>0xb2ed</value>
         <object_component_ref idref="oc-29b"/>
      </symbol>
      <symbol id="sm-8f0">
         <name>_fflush</name>
         <value>0xb31c</value>
         <object_component_ref idref="oc-29b"/>
      </symbol>
      <symbol id="sm-904">
         <name>_putchar</name>
         <value>0xb57e</value>
         <object_component_ref idref="oc-292"/>
      </symbol>
      <symbol id="sm-905">
         <name>_putc</name>
         <value>0xb530</value>
         <object_component_ref idref="oc-292"/>
      </symbol>
      <symbol id="sm-906">
         <name>_fputc</name>
         <value>0xb530</value>
         <object_component_ref idref="oc-292"/>
      </symbol>
      <symbol id="sm-924">
         <name>_puts</name>
         <value>0xaf08</value>
         <object_component_ref idref="oc-293"/>
      </symbol>
      <symbol id="sm-925">
         <name>_fputs</name>
         <value>0xae6b</value>
         <object_component_ref idref="oc-293"/>
      </symbol>
      <symbol id="sm-935">
         <name>FS$$TOFD</name>
         <value>0xb9ea</value>
         <object_component_ref idref="oc-1f5"/>
      </symbol>
      <symbol id="sm-946">
         <name>_fseek</name>
         <value>0xb70b</value>
         <object_component_ref idref="oc-2a5"/>
      </symbol>
      <symbol id="sm-956">
         <name>I$$TOFD</name>
         <value>0xb9cd</value>
         <object_component_ref idref="oc-1ff"/>
      </symbol>
      <symbol id="sm-966">
         <name>L$$TOFD</name>
         <value>0xba06</value>
         <object_component_ref idref="oc-204"/>
      </symbol>
      <symbol id="sm-972">
         <name>LL$$AND</name>
         <value>0xba55</value>
         <object_component_ref idref="oc-209"/>
      </symbol>
      <symbol id="sm-973">
         <name>LL$$OR</name>
         <value>0xba5d</value>
         <object_component_ref idref="oc-209"/>
      </symbol>
      <symbol id="sm-974">
         <name>LL$$XOR</name>
         <value>0xba65</value>
         <object_component_ref idref="oc-209"/>
      </symbol>
      <symbol id="sm-982">
         <name>ULL$$CMP</name>
         <value>0xb985</value>
         <object_component_ref idref="oc-20e"/>
      </symbol>
      <symbol id="sm-983">
         <name>LL$$CMP</name>
         <value>0xb973</value>
         <object_component_ref idref="oc-20e"/>
      </symbol>
      <symbol id="sm-9af">
         <name>ULL$$MOD</name>
         <value>0xaac8</value>
         <object_component_ref idref="oc-213"/>
      </symbol>
      <symbol id="sm-9b0">
         <name>ULL$$DIV</name>
         <value>0xaa99</value>
         <object_component_ref idref="oc-213"/>
      </symbol>
      <symbol id="sm-9b1">
         <name>LL$$MOD</name>
         <value>0xaa5f</value>
         <object_component_ref idref="oc-213"/>
      </symbol>
      <symbol id="sm-9b2">
         <name>LL$$DIV</name>
         <value>0xaa23</value>
         <object_component_ref idref="oc-213"/>
      </symbol>
      <symbol id="sm-9c1">
         <name>_ltoa</name>
         <value>0xb818</value>
         <object_component_ref idref="oc-29f"/>
      </symbol>
      <symbol id="sm-9d1">
         <name>_memccpy</name>
         <value>0xbab2</value>
         <object_component_ref idref="oc-2a4"/>
      </symbol>
      <symbol id="sm-9e1">
         <name>_memchr</name>
         <value>0xba93</value>
         <object_component_ref idref="oc-29c"/>
      </symbol>
      <symbol id="sm-9f3">
         <name>_memcpy</name>
         <value>0xb991</value>
         <object_component_ref idref="oc-29d"/>
      </symbol>
      <symbol id="sm-a02">
         <name>_memset</name>
         <value>0xbabf</value>
         <object_component_ref idref="oc-2a3"/>
      </symbol>
      <symbol id="sm-a16">
         <name>_frexpl</name>
         <value>0xb426</value>
         <object_component_ref idref="oc-2a0"/>
      </symbol>
      <symbol id="sm-a34">
         <name>_scalbnl</name>
         <value>0xacfb</value>
         <object_component_ref idref="oc-2a1"/>
      </symbol>
      <symbol id="sm-a35">
         <name>_ldexpl</name>
         <value>0xacfb</value>
         <object_component_ref idref="oc-2a1"/>
      </symbol>
      <symbol id="sm-a4c">
         <name>_setvbuf</name>
         <value>0xb165</value>
         <object_component_ref idref="oc-2a6"/>
      </symbol>
      <symbol id="sm-a5a">
         <name>_strcpy</name>
         <value>0xbb15</value>
         <object_component_ref idref="oc-28b"/>
      </symbol>
      <symbol id="sm-a68">
         <name>_strlen</name>
         <value>0xbb06</value>
         <object_component_ref idref="oc-28a"/>
      </symbol>
      <symbol id="sm-a73">
         <name>_errno</name>
         <value>0x12e39</value>
         <object_component_ref idref="oc-24e"/>
      </symbol>
      <symbol id="sm-a8e">
         <name>FD$$ADD</name>
         <value>0xaf1b</value>
         <object_component_ref idref="oc-250"/>
      </symbol>
      <symbol id="sm-ac4">
         <name>_fopen</name>
         <value>0xabdd</value>
         <object_component_ref idref="oc-2ac"/>
      </symbol>
      <symbol id="sm-ac5">
         <name>___TI_cleanup</name>
         <value>0xaba2</value>
         <object_component_ref idref="oc-2ac"/>
      </symbol>
      <symbol id="sm-ac6">
         <name>_freopen</name>
         <value>0xabbf</value>
         <object_component_ref idref="oc-2ac"/>
      </symbol>
      <symbol id="sm-b0e">
         <name>__sys_memory</name>
         <value>0x130de</value>
         <object_component_ref idref="oc-25e"/>
      </symbol>
      <symbol id="sm-b0f">
         <name>_chkheap</name>
         <value>0xa87e</value>
         <object_component_ref idref="oc-2ab"/>
      </symbol>
      <symbol id="sm-b10">
         <name>_realloc</name>
         <value>0xa78c</value>
         <object_component_ref idref="oc-2ab"/>
      </symbol>
      <symbol id="sm-b11">
         <name>_free_memory</name>
         <value>0xa860</value>
         <object_component_ref idref="oc-2ab"/>
      </symbol>
      <symbol id="sm-b12">
         <name>_max_free</name>
         <value>0xa83e</value>
         <object_component_ref idref="oc-2ab"/>
      </symbol>
      <symbol id="sm-b13">
         <name>_free</name>
         <value>0xa6c5</value>
         <object_component_ref idref="oc-2ab"/>
      </symbol>
      <symbol id="sm-b14">
         <name>_calloc</name>
         <value>0xa880</value>
         <object_component_ref idref="oc-2ab"/>
      </symbol>
      <symbol id="sm-b15">
         <name>_malloc</name>
         <value>0xa72e</value>
         <object_component_ref idref="oc-2ab"/>
      </symbol>
      <symbol id="sm-b16">
         <name>_minit</name>
         <value>0xa709</value>
         <object_component_ref idref="oc-2ab"/>
      </symbol>
      <symbol id="sm-b24">
         <name>_copysignl</name>
         <value>0xb911</value>
         <object_component_ref idref="oc-2aa"/>
      </symbol>
      <symbol id="sm-b36">
         <name>___TI_closefile</name>
         <value>0xb3c7</value>
         <object_component_ref idref="oc-2ad"/>
      </symbol>
      <symbol id="sm-b37">
         <name>_fclose</name>
         <value>0xb40b</value>
         <object_component_ref idref="oc-2ad"/>
      </symbol>
      <symbol id="sm-b44">
         <name>_remove</name>
         <value>0xbb1d</value>
         <object_component_ref idref="oc-2ae"/>
      </symbol>
   </symbol_table>
   <title>Link successful</title>
</link_info>
