******************************************************************************
             TMS320C2000 Linker PC v15.12.1                    
******************************************************************************
>> Linked Sun Jun 24 21:52:31 2018

OUTPUT FILE NAME:   <SRD_xs.out>
ENTRY POINT SYMBOL: "_c_int00"  address: 0000b234


MEMORY CONFIGURATION

         name            origin    length      used     unused   attr    fill
----------------------  --------  ---------  --------  --------  ----  --------
PAGE 0:
  BEGIN                 00000000   00000002  00000002  00000000  RWIX
  RAMM0                 00000050   000003b0  0000027c  00000134  RWIX
  RAML0_L5              00008000   00006000  00003892  0000276e  RWIX
  FPUTABLES             003fd860   000006a0  00000000  000006a0  RWIX
  IQTABLES              003fdf00   00000b50  00000000  00000b50  RWIX
  IQTABLES2             003fea50   0000008c  00000000  0000008c  RWIX
  IQTABLES3             003feadc   000000aa  00000000  000000aa  RWIX
  BOOTROM               003ff3b0   00000c10  00000000  00000c10  RWIX
  RESET                 003fffc0   00000002  00000000  00000002  RWIX

PAGE 1:
  BOOT_RSVD             00000002   0000004e  00000000  0000004e  RWIX
  RAMM1                 00000400   00000400  00000300  00000100  RWIX
  DEV_EMU               00000880   00000105  00000004  00000101  RWIX
  SYS_PWR_CTL           00000985   00000003  00000003  00000000  RWIX
  FLASH_REGS            00000a80   00000060  00000008  00000058  RWIX
  CSM                   00000ae0   00000020  00000010  00000010  RWIX
  ADC_RESULT            00000b00   00000020  00000010  00000010  RWIX
  CPU_TIMER0            00000c00   00000008  00000008  00000000  RWIX
  CPU_TIMER1            00000c08   00000008  00000008  00000000  RWIX
  CPU_TIMER2            00000c10   00000008  00000008  00000000  RWIX
  PIE_CTRL              00000ce0   00000020  0000001a  00000006  RWIX
  PIE_VECT              00000d00   00000100  00000100  00000000  RWIX
  DMA                   00001000   00000200  000000e0  00000120  RWIX
  CLA1                  00001400   00000080  00000040  00000040  RWIX
  USB0                  00004000   00001000  00000454  00000bac  RWIX
  McBSPA                00005000   00000040  00000024  0000001c  RWIX
  ECANA                 00006000   00000040  00000034  0000000c  RWIX
  ECANA_LAM             00006040   00000040  00000040  00000000  RWIX
  ECANA_MOTS            00006080   00000040  00000040  00000000  RWIX
  ECANA_MOTO            000060c0   00000040  00000040  00000000  RWIX
  ECANA_MBOX            00006100   00000100  00000100  00000000  RWIX
  COMP1                 00006400   00000020  00000014  0000000c  RWIX
  COMP2                 00006420   00000020  00000014  0000000c  RWIX
  COMP3                 00006440   00000020  00000014  0000000c  RWIX
  EPWM1                 00006800   00000040  00000040  00000000  RWIX
  EPWM2                 00006840   00000040  00000040  00000000  RWIX
  EPWM3                 00006880   00000040  00000040  00000000  RWIX
  EPWM4                 000068c0   00000040  00000040  00000000  RWIX
  EPWM5                 00006900   00000040  00000040  00000000  RWIX
  EPWM6                 00006940   00000040  00000040  00000000  RWIX
  EPWM7                 00006980   00000040  00000040  00000000  RWIX
  EPWM8                 000069c0   00000040  00000040  00000000  RWIX
  ECAP1                 00006a00   00000020  00000020  00000000  RWIX
  ECAP2                 00006a20   00000020  00000020  00000000  RWIX
  ECAP3                 00006a40   00000020  00000020  00000000  RWIX
  HRCAP1                00006ac0   00000020  00000020  00000000  RWIX
  HRCAP2                00006ae0   00000020  00000020  00000000  RWIX
  EQEP1                 00006b00   00000040  00000022  0000001e  RWIX
  EQEP2                 00006b40   00000040  00000022  0000001e  RWIX
  HRCAP3                00006c80   00000020  00000020  00000000  RWIX
  HRCAP4                00006ca0   00000020  00000020  00000000  RWIX
  GPIOCTRL              00006f80   00000040  00000040  00000000  RWIX
  GPIODAT               00006fc0   00000020  00000020  00000000  RWIX
  GPIOINT               00006fe0   00000020  00000020  00000000  RWIX
  SYSTEM                00007010   00000030  00000030  00000000  RWIX
  SPIA                  00007040   00000010  00000010  00000000  RWIX
  SCIA                  00007050   00000010  00000010  00000000  RWIX
  NMIINTRUPT            00007060   00000010  00000010  00000000  RWIX
  XINTRUPT              00007070   00000010  00000010  00000000  RWIX
  ADC                   00007100   00000080  00000050  00000030  RWIX
  SPIB                  00007740   00000010  00000010  00000000  RWIX
  SCIB                  00007750   00000010  00000010  00000000  RWIX
  I2CA                  00007900   00000040  00000022  0000001e  RWIX
  RAML6_8               0000e000   00006000  00002fbc  00003044  RWIX
  USB_RAM               00040000   00000800  00000000  00000800  RWIX
  PARTID                003d7e80   00000001  00000001  00000000  RWIX
  CSM_PWL               003f7ff8   00000008  00000008  00000000  RWIX


SECTION ALLOCATION MAP

 output                                  attributes/
section   page    origin      length       input sections
--------  ----  ----------  ----------   ----------------
codestart 
*          0    00000000    00000002     
                  00000000    00000002     F2806x_CodeStartBranch.obj (codestart)

.cinit     0    00000050    00000278     
                  00000050    0000016b     srd_control.obj (.cinit)
                  000001bb    00000068     SRM_Sensor.obj (.cinit)
                  00000223    00000031     rts2800_fpu32.lib : lowlev.obj (.cinit)
                  00000254    0000002a                       : defs.obj (.cinit)
                  0000027e    00000018     srd_timer.obj (.cinit)
                  00000296    0000000e     rts2800_fpu32.lib : exit.obj (.cinit)
                  000002a4    0000000c     srd_error.obj (.cinit)
                  000002b0    00000005     rts2800_fpu32.lib : _lock.obj (.cinit:__lock)
                  000002b5    00000005                       : _lock.obj (.cinit:__unlock)
                  000002ba    00000004                       : errno.obj (.cinit)
                  000002be    00000004                       : fopen.obj (.cinit)
                  000002c2    00000004                       : memory.obj (.cinit)
                  000002c6    00000002     --HOLE-- [fill = 0]

ramfuncs   0    000002c8    00000004     
                  000002c8    00000004     F2806x_usDelay.obj (ramfuncs)

.text      0    00008000    00003892     
                  00008000    00000bd9     rts2800_fpu32.lib : _printfi.obj (.text)
                  00008bd9    000008c1     srd_control.obj (.text)
                  0000949a    0000039b     F2806x_DefaultIsr.obj (.text:retain)
                  00009835    000002ed     srd_adc.obj (.text)
                  00009b22    0000027c     rts2800_fpu32.lib : trgdrv.obj (.text)
                  00009d9e    0000023a     F2806x_Adc.obj (.text)
                  00009fd8    00000231     SRM_Sensor.obj (.text)
                  0000a209    0000021b     rts2800_fpu32.lib : lowlev.obj (.text)
                  0000a424    000001d2                       : memory.obj (.text)
                  0000a5f6    0000018c     F2806x_SysCtrl.obj (.text)
                  0000a782    00000107     rts2800_fpu32.lib : ll_div.obj (.text)
                  0000a889    000000f9                       : fopen.obj (.text)
                  0000a982    000000d8     F2806x_EPwm.obj (.text)
                  0000aa5a    000000bc     rts2800_fpu32.lib : s_scalbn.obj (.text)
                  0000ab16    000000b4     srd_pwm.obj (.text)
                  0000abca    000000b0     rts2800_fpu32.lib : fputs.obj (.text)
                  0000ac7a    0000009c                       : fd_add.obj (.text)
                  0000ad16    00000094                       : trgmsg.obj (.text)
                  0000adaa    0000008b                       : fd_div.obj (.text)
                  0000ae35    0000008a     srd_timer.obj (.text)
                  0000aebf    00000089     rts2800_fpu32.lib : setvbuf.obj (.text)
                  0000af48    00000083                       : fd_mpy.obj (.text)
                  0000afcb    0000007c     F2806x_CpuTimers.obj (.text)
                  0000b047    00000073     rts2800_fpu32.lib : fflush.obj (.text)
                  0000b0ba    00000067                       : _io_perm.obj (.text)
                  0000b121    0000005f                       : fclose.obj (.text)
                  0000b180    0000005b                       : s_frexp.obj (.text)
                  0000b1db    00000059     srd_timer.obj (.text:retain)
                  0000b234    00000056     rts2800_fpu32.lib : boot.obj (.text)
                  0000b28a    00000053                       : fputc.obj (.text)
                  0000b2dd    00000052                       : _bufread.obj (.text)
                  0000b32f    00000050     F2806x_EQep.obj (.text)
                  0000b37f    00000050     rts2800_fpu32.lib : fgetc.obj (.text)
                  0000b3cf    00000050     srd_gpio.obj (.text)
                  0000b41f    00000046     rts2800_fpu32.lib : cpy_tbl.obj (.text)
                  0000b465    0000003d                       : fseek.obj (.text)
                  0000b4a2    00000034                       : printf.obj (.text)
                  0000b4d6    00000032     srd_qep.obj (.text)
                  0000b508    00000031     rts2800_fpu32.lib : atoi.obj (.text)
                  0000b539    00000030     srd_qep.obj (.text:retain)
                  0000b569    0000002e     rts2800_fpu32.lib : ltoa.obj (.text)
                  0000b597    0000002a                       : fd_cmp.obj (.text)
                  0000b5c1    0000002a                       : l_div.obj (.text)
                  0000b5eb    00000029                       : exit.obj (.text)
                  0000b614    00000028     F2806x_PieCtrl.obj (.text)
                  0000b63c    00000026     F2806x_PieVect.obj (.text)
                  0000b662    00000022     rts2800_fpu32.lib : i_div.obj (.text)
                  0000b684    00000022                       : s_copysign.obj (.text)
                  0000b6a6    00000021                       : fd_toi.obj (.text)
                  0000b6c7    0000001f                       : fd_tol.obj (.text)
                  0000b6e6    0000001e                       : ll_cmp.obj (.text)
                  0000b704    0000001e                       : memcpy.obj (.text)
                  0000b722    0000001e                       : strncpy.obj (.text)
                  0000b740    0000001d                       : i_tofd.obj (.text)
                  0000b75d    0000001c                       : fs_tofd.obj (.text)
                  0000b779    0000001c                       : l_tofd.obj (.text)
                  0000b795    0000001a                       : cpy_utils.obj (.text)
                  0000b7af    00000019                       : args_main.obj (.text)
                  0000b7c8    00000018                       : ll_aox.obj (.text)
                  0000b7e0    00000015     F2806x_Gpio.obj (.text)
                  0000b7f5    00000011     main.obj (.text)
                  0000b806    00000011     rts2800_fpu32.lib : memchr.obj (.text)
                  0000b817    0000000e                       : fd_sub.obj (.text)
                  0000b825    0000000d                       : memccpy.obj (.text)
                  0000b832    0000000c                       : memset.obj (.text)
                  0000b83e    0000000c                       : strchr.obj (.text)
                  0000b84a    0000000a                       : strcmp.obj (.text)
                  0000b854    00000009                       : _lock.obj (.text)
                  0000b85d    00000009                       : fd_neg.obj (.text)
                  0000b866    00000008     F2806x_CodeStartBranch.obj (.text)
                  0000b86e    00000008     rts2800_fpu32.lib : strlen.obj (.text)
                  0000b876    00000007     F2806x_DisInt.obj (.text)
                  0000b87d    00000007     srd_error.obj (.text)
                  0000b884    00000005     rts2800_fpu32.lib : strcpy.obj (.text)
                  0000b889    00000003     F2806x_DBGIER.obj (.text)
                  0000b88c    00000003     rts2800_fpu32.lib : remove.obj (.text)
                  0000b88f    00000002                       : pre_init.obj (.text)
                  0000b891    00000001                       : startup.obj (.text)

.pinit     0    00000050    00000000     UNINITIALIZED

.reset     0    003fffc0    00000002     DSECT
                  003fffc0    00000002     rts2800_fpu32.lib : boot.obj (.reset)

.stack     1    00000400    00000300     UNINITIALIZED
                  00000400    00000300     --HOLE--

DevEmuRegsFile 
*          1    00000880    00000004     UNINITIALIZED
                  00000880    00000004     F2806x_GlobalVariableDefs.obj (DevEmuRegsFile)

SysPwrCtrlRegsFile 
*          1    00000985    00000003     UNINITIALIZED
                  00000985    00000003     F2806x_GlobalVariableDefs.obj (SysPwrCtrlRegsFile)

FlashRegsFile 
*          1    00000a80    00000008     UNINITIALIZED
                  00000a80    00000008     F2806x_GlobalVariableDefs.obj (FlashRegsFile)

CsmRegsFile 
*          1    00000ae0    00000010     UNINITIALIZED
                  00000ae0    00000010     F2806x_GlobalVariableDefs.obj (CsmRegsFile)

AdcResultFile 
*          1    00000b00    00000010     UNINITIALIZED
                  00000b00    00000010     F2806x_GlobalVariableDefs.obj (AdcResultFile)

CpuTimer0RegsFile 
*          1    00000c00    00000008     UNINITIALIZED
                  00000c00    00000008     F2806x_GlobalVariableDefs.obj (CpuTimer0RegsFile)

CpuTimer1RegsFile 
*          1    00000c08    00000008     UNINITIALIZED
                  00000c08    00000008     F2806x_GlobalVariableDefs.obj (CpuTimer1RegsFile)

CpuTimer2RegsFile 
*          1    00000c10    00000008     UNINITIALIZED
                  00000c10    00000008     F2806x_GlobalVariableDefs.obj (CpuTimer2RegsFile)

PieCtrlRegsFile 
*          1    00000ce0    0000001a     UNINITIALIZED
                  00000ce0    0000001a     F2806x_GlobalVariableDefs.obj (PieCtrlRegsFile)

PieVectTableFile 
*          1    00000d00    00000100     UNINITIALIZED
                  00000d00    00000100     F2806x_GlobalVariableDefs.obj (PieVectTableFile)

EmuKeyVar 
*          1    00000d00    00000001     UNINITIALIZED
                  00000d00    00000001     F2806x_GlobalVariableDefs.obj (EmuKeyVar)

EmuBModeVar 
*          1    00000d01    00000001     UNINITIALIZED
                  00000d01    00000001     F2806x_GlobalVariableDefs.obj (EmuBModeVar)

FlashCallbackVar 
*          1    00000d02    00000002     UNINITIALIZED
                  00000d02    00000002     F2806x_GlobalVariableDefs.obj (FlashCallbackVar)

FlashScalingVar 
*          1    00000d04    00000002     UNINITIALIZED
                  00000d04    00000002     F2806x_GlobalVariableDefs.obj (FlashScalingVar)

DmaRegsFile 
*          1    00001000    000000e0     UNINITIALIZED
                  00001000    000000e0     F2806x_GlobalVariableDefs.obj (DmaRegsFile)

Cla1RegsFile 
*          1    00001400    00000040     UNINITIALIZED
                  00001400    00000040     F2806x_GlobalVariableDefs.obj (Cla1RegsFile)

Usb0RegsFile 
*          1    00004000    00000454     UNINITIALIZED
                  00004000    00000454     F2806x_GlobalVariableDefs.obj (Usb0RegsFile)

McbspaRegsFile 
*          1    00005000    00000024     UNINITIALIZED
                  00005000    00000024     F2806x_GlobalVariableDefs.obj (McbspaRegsFile)

ECanaRegsFile 
*          1    00006000    00000034     UNINITIALIZED
                  00006000    00000034     F2806x_GlobalVariableDefs.obj (ECanaRegsFile)

ECanaLAMRegsFile 
*          1    00006040    00000040     UNINITIALIZED
                  00006040    00000040     F2806x_GlobalVariableDefs.obj (ECanaLAMRegsFile)

ECanaMOTSRegsFile 
*          1    00006080    00000040     UNINITIALIZED
                  00006080    00000040     F2806x_GlobalVariableDefs.obj (ECanaMOTSRegsFile)

ECanaMOTORegsFile 
*          1    000060c0    00000040     UNINITIALIZED
                  000060c0    00000040     F2806x_GlobalVariableDefs.obj (ECanaMOTORegsFile)

ECanaMboxesFile 
*          1    00006100    00000100     UNINITIALIZED
                  00006100    00000100     F2806x_GlobalVariableDefs.obj (ECanaMboxesFile)

Comp1RegsFile 
*          1    00006400    00000014     UNINITIALIZED
                  00006400    00000014     F2806x_GlobalVariableDefs.obj (Comp1RegsFile)

Comp2RegsFile 
*          1    00006420    00000014     UNINITIALIZED
                  00006420    00000014     F2806x_GlobalVariableDefs.obj (Comp2RegsFile)

Comp3RegsFile 
*          1    00006440    00000014     UNINITIALIZED
                  00006440    00000014     F2806x_GlobalVariableDefs.obj (Comp3RegsFile)

EPwm1RegsFile 
*          1    00006800    00000040     UNINITIALIZED
                  00006800    00000040     F2806x_GlobalVariableDefs.obj (EPwm1RegsFile)

EPwm2RegsFile 
*          1    00006840    00000040     UNINITIALIZED
                  00006840    00000040     F2806x_GlobalVariableDefs.obj (EPwm2RegsFile)

EPwm3RegsFile 
*          1    00006880    00000040     UNINITIALIZED
                  00006880    00000040     F2806x_GlobalVariableDefs.obj (EPwm3RegsFile)

EPwm4RegsFile 
*          1    000068c0    00000040     UNINITIALIZED
                  000068c0    00000040     F2806x_GlobalVariableDefs.obj (EPwm4RegsFile)

EPwm5RegsFile 
*          1    00006900    00000040     UNINITIALIZED
                  00006900    00000040     F2806x_GlobalVariableDefs.obj (EPwm5RegsFile)

EPwm6RegsFile 
*          1    00006940    00000040     UNINITIALIZED
                  00006940    00000040     F2806x_GlobalVariableDefs.obj (EPwm6RegsFile)

EPwm7RegsFile 
*          1    00006980    00000040     UNINITIALIZED
                  00006980    00000040     F2806x_GlobalVariableDefs.obj (EPwm7RegsFile)

EPwm8RegsFile 
*          1    000069c0    00000040     UNINITIALIZED
                  000069c0    00000040     F2806x_GlobalVariableDefs.obj (EPwm8RegsFile)

ECap1RegsFile 
*          1    00006a00    00000020     UNINITIALIZED
                  00006a00    00000020     F2806x_GlobalVariableDefs.obj (ECap1RegsFile)

ECap2RegsFile 
*          1    00006a20    00000020     UNINITIALIZED
                  00006a20    00000020     F2806x_GlobalVariableDefs.obj (ECap2RegsFile)

ECap3RegsFile 
*          1    00006a40    00000020     UNINITIALIZED
                  00006a40    00000020     F2806x_GlobalVariableDefs.obj (ECap3RegsFile)

HRCap1RegsFile 
*          1    00006ac0    00000020     UNINITIALIZED
                  00006ac0    00000020     F2806x_GlobalVariableDefs.obj (HRCap1RegsFile)

HRCap2RegsFile 
*          1    00006ae0    00000020     UNINITIALIZED
                  00006ae0    00000020     F2806x_GlobalVariableDefs.obj (HRCap2RegsFile)

EQep1RegsFile 
*          1    00006b00    00000022     UNINITIALIZED
                  00006b00    00000022     F2806x_GlobalVariableDefs.obj (EQep1RegsFile)

EQep2RegsFile 
*          1    00006b40    00000022     UNINITIALIZED
                  00006b40    00000022     F2806x_GlobalVariableDefs.obj (EQep2RegsFile)

HRCap3RegsFile 
*          1    00006c80    00000020     UNINITIALIZED
                  00006c80    00000020     F2806x_GlobalVariableDefs.obj (HRCap3RegsFile)

HRCap4RegsFile 
*          1    00006ca0    00000020     UNINITIALIZED
                  00006ca0    00000020     F2806x_GlobalVariableDefs.obj (HRCap4RegsFile)

GpioCtrlRegsFile 
*          1    00006f80    00000040     UNINITIALIZED
                  00006f80    00000040     F2806x_GlobalVariableDefs.obj (GpioCtrlRegsFile)

GpioDataRegsFile 
*          1    00006fc0    00000020     UNINITIALIZED
                  00006fc0    00000020     F2806x_GlobalVariableDefs.obj (GpioDataRegsFile)

GpioIntRegsFile 
*          1    00006fe0    00000020     UNINITIALIZED
                  00006fe0    00000020     F2806x_GlobalVariableDefs.obj (GpioIntRegsFile)

SysCtrlRegsFile 
*          1    00007010    00000030     UNINITIALIZED
                  00007010    00000030     F2806x_GlobalVariableDefs.obj (SysCtrlRegsFile)

SpiaRegsFile 
*          1    00007040    00000010     UNINITIALIZED
                  00007040    00000010     F2806x_GlobalVariableDefs.obj (SpiaRegsFile)

SciaRegsFile 
*          1    00007050    00000010     UNINITIALIZED
                  00007050    00000010     F2806x_GlobalVariableDefs.obj (SciaRegsFile)

NmiIntruptRegsFile 
*          1    00007060    00000010     UNINITIALIZED
                  00007060    00000010     F2806x_GlobalVariableDefs.obj (NmiIntruptRegsFile)

XIntruptRegsFile 
*          1    00007070    00000010     UNINITIALIZED
                  00007070    00000010     F2806x_GlobalVariableDefs.obj (XIntruptRegsFile)

AdcRegsFile 
*          1    00007100    00000050     UNINITIALIZED
                  00007100    00000050     F2806x_GlobalVariableDefs.obj (AdcRegsFile)

SpibRegsFile 
*          1    00007740    00000010     UNINITIALIZED
                  00007740    00000010     F2806x_GlobalVariableDefs.obj (SpibRegsFile)

ScibRegsFile 
*          1    00007750    00000010     UNINITIALIZED
                  00007750    00000010     F2806x_GlobalVariableDefs.obj (ScibRegsFile)

I2caRegsFile 
*          1    00007900    00000022     UNINITIALIZED
                  00007900    00000022     F2806x_GlobalVariableDefs.obj (I2caRegsFile)

SampData1 
*          1    0000e000    00000bb8     UNINITIALIZED
                  0000e000    00000bb8     srd_timer.obj (SampData1)

SampData2 
*          1    0000ebc0    00000bb8     UNINITIALIZED
                  0000ebc0    00000bb8     srd_timer.obj (SampData2)

SampData3 
*          1    0000f780    00000bb8     UNINITIALIZED
                  0000f780    00000bb8     srd_timer.obj (SampData3)

.ebss      1    00010338    000004c4     UNINITIALIZED
                  00010338    00000008     rts2800_fpu32.lib : memory.obj (.ebss)
                  00010340    00000228     srd_control.obj (.ebss)
                  00010568    00000018     F2806x_CpuTimers.obj (.ebss)
                  00010580    00000160     rts2800_fpu32.lib : defs.obj (.ebss)
                  000106e0    00000008                       : trgdrv.obj (.ebss)
                  000106e8    00000006                       : exit.obj (.ebss)
                  000106ee    00000006     srd_error.obj (.ebss)
                  000106f4    00000003     srd_timer.obj (.ebss)
                  000106f7    00000001     rts2800_fpu32.lib : errno.obj (.ebss)
                  000106f8    00000002                       : _lock.obj (.ebss:__lock)
                  000106fa    00000002                       : _lock.obj (.ebss:__unlock)
                  000106fc    00000001                       : fopen.obj (.ebss)
                  000106fd    00000003     --HOLE--
                  00010700    00000088                       : lowlev.obj (.ebss)
                  00010788    00000038     --HOLE--
                  000107c0    0000003c     SRM_Sensor.obj (.ebss)

.esysmem   1    000107fc    00000400     UNINITIALIZED
                  000107fc    00000001     rts2800_fpu32.lib : memory.obj (.esysmem)
                  000107fd    000003ff     --HOLE--

.econst    1    00010bfc    000002b0     
                  00010bfc    00000101     rts2800_fpu32.lib : ctype.obj (.econst:.string:__ctypes_)
                  00010cfd    00000001     --HOLE-- [fill = 0]
                  00010cfe    00000100     F2806x_PieVect.obj (.econst:_PieVectTableInit)
                  00010dfe    00000046     srd_control.obj (.econst:.string)
                  00010e44    00000026     rts2800_fpu32.lib : _printfi.obj (.econst:.string)
                  00010e6a    0000001c                       : _printfi.obj (.econst)
                  00010e86    0000001c                       : s_scalbn.obj (.econst)
                  00010ea2    00000008                       : s_frexp.obj (.econst)
                  00010eaa    00000002                       : fputs.obj (.econst:.string)

.cio       1    00010ec0    00000120     UNINITIALIZED
                  00010ec0    00000120     rts2800_fpu32.lib : trgmsg.obj (.cio)

PartIdRegsFile 
*          1    003d7e80    00000001     UNINITIALIZED
                  003d7e80    00000001     F2806x_GlobalVariableDefs.obj (PartIdRegsFile)

CsmPwlFile 
*          1    003f7ff8    00000008     UNINITIALIZED
                  003f7ff8    00000008     F2806x_GlobalVariableDefs.obj (CsmPwlFile)

MODULE SUMMARY

       Module                          code    ro data   rw data
       ------                          ----    -------   -------
    .\src\
       F2806x_GlobalVariableDefs.obj   0       0         3550   
       F2806x_DefaultIsr.obj           923     0         0      
       F2806x_Adc.obj                  570     0         0      
       F2806x_SysCtrl.obj              396     0         0      
       F2806x_PieVect.obj              38      0         256    
       F2806x_EPwm.obj                 216     0         0      
       F2806x_CpuTimers.obj            124     0         24     
       F2806x_EQep.obj                 80      0         0      
       F2806x_PieCtrl.obj              40      0         0      
       F2806x_Gpio.obj                 21      0         0      
       F2806x_CodeStartBranch.obj      10      0         0      
       F2806x_DisInt.obj               7       0         0      
       F2806x_usDelay.obj              4       0         0      
       F2806x_DBGIER.obj               3       0         0      
    +--+-------------------------------+-------+---------+---------+
       Total:                          2432    0         3830   
                                                                
    .\user\
       srd_timer.obj                   227     0         9027   
       srd_control.obj                 2241    0         985    
       srd_adc.obj                     749     0         0      
       SRM_Sensor.obj                  561     0         164    
       srd_pwm.obj                     180     0         0      
       srd_qep.obj                     98      0         0      
       srd_gpio.obj                    80      0         0      
       srd_error.obj                   7       0         18     
       main.obj                        17      0         0      
    +--+-------------------------------+-------+---------+---------+
       Total:                          4160    0         10194  
                                                                
    D:\ti\ccsv6\tools\compiler\ti-cgt-c2000_15.12.1.LTS\lib\rts2800_fpu32.lib
       _printfi.obj                    3033    0         66     
       lowlev.obj                      539     0         185    
       trgdrv.obj                      636     0         8      
       memory.obj                      466     0         12     
       trgmsg.obj                      148     0         288    
       defs.obj                        0       0         394    
       ll_div.obj                      263     0         0      
       ctype.obj                       0       0         257    
       fopen.obj                       249     0         5      
       s_scalbn.obj                    188     0         28     
       fputs.obj                       176     0         2      
       fd_add.obj                      156     0         0      
       fd_div.obj                      139     0         0      
       setvbuf.obj                     137     0         0      
       fd_mpy.obj                      131     0         0      
       fflush.obj                      115     0         0      
       _io_perm.obj                    103     0         0      
       s_frexp.obj                     91      0         8      
       fclose.obj                      95      0         0      
       boot.obj                        86      0         0      
       fputc.obj                       83      0         0      
       _bufread.obj                    82      0         0      
       fgetc.obj                       80      0         0      
       cpy_tbl.obj                     70      0         0      
       exit.obj                        41      0         20     
       fseek.obj                       61      0         0      
       printf.obj                      52      0         0      
       atoi.obj                        49      0         0      
       ltoa.obj                        46      0         0      
       fd_cmp.obj                      42      0         0      
       l_div.obj                       42      0         0      
       i_div.obj                       34      0         0      
       s_copysign.obj                  34      0         0      
       fd_toi.obj                      33      0         0      
       fd_tol.obj                      31      0         0      
       ll_cmp.obj                      30      0         0      
       memcpy.obj                      30      0         0      
       strncpy.obj                     30      0         0      
       i_tofd.obj                      29      0         0      
       fs_tofd.obj                     28      0         0      
       l_tofd.obj                      28      0         0      
       cpy_utils.obj                   26      0         0      
       args_main.obj                   25      0         0      
       ll_aox.obj                      24      0         0      
       _lock.obj                       9       0         14     
       memchr.obj                      17      0         0      
       fd_sub.obj                      14      0         0      
       memccpy.obj                     13      0         0      
       memset.obj                      12      0         0      
       strchr.obj                      12      0         0      
       strcmp.obj                      10      0         0      
       fd_neg.obj                      9       0         0      
       strlen.obj                      8       0         0      
       errno.obj                       0       0         5      
       strcpy.obj                      5       0         0      
       remove.obj                      3       0         0      
       pre_init.obj                    2       0         0      
       startup.obj                     1       0         0      
    +--+-------------------------------+-------+---------+---------+
       Total:                          7896    0         1292   
                                                                
       Heap:                           0       0         1024   
       Stack:                          0       0         768    
    +--+-------------------------------+-------+---------+---------+
       Grand Total:                    14488   0         17108  


GLOBAL DATA SYMBOLS: SORTED BY DATA PAGE

address     data page           name
--------    ----------------    ----
00000400      10 (00000400)     __stack

00000880      22 (00000880)     _DevEmuRegs

00000985      26 (00000980)     _SysPwrCtrlRegs

00000a80      2a (00000a80)     _FlashRegs

00000ae0      2b (00000ac0)     _CsmRegs

00000b00      2c (00000b00)     _AdcResult

00000c00      30 (00000c00)     _CpuTimer0Regs
00000c08      30 (00000c00)     _CpuTimer1Regs
00000c10      30 (00000c00)     _CpuTimer2Regs

00000ce0      33 (00000cc0)     _PieCtrlRegs

00000d00      34 (00000d00)     _EmuKey
00000d00      34 (00000d00)     _PieVectTable
00000d01      34 (00000d00)     _EmuBMode
00000d02      34 (00000d00)     _Flash_CallbackPtr
00000d04      34 (00000d00)     _Flash_CPUScaleFactor

00001000      40 (00001000)     _DmaRegs

00001400      50 (00001400)     _Cla1Regs

00004000     100 (00004000)     _Usb0Regs

00005000     140 (00005000)     _McbspaRegs

00006000     180 (00006000)     _ECanaRegs

00006040     181 (00006040)     _ECanaLAMRegs

00006080     182 (00006080)     _ECanaMOTSRegs

000060c0     183 (000060c0)     _ECanaMOTORegs

00006100     184 (00006100)     _ECanaMboxes

00006400     190 (00006400)     _Comp1Regs
00006420     190 (00006400)     _Comp2Regs

00006440     191 (00006440)     _Comp3Regs

00006800     1a0 (00006800)     _EPwm1Regs

00006840     1a1 (00006840)     _EPwm2Regs

00006880     1a2 (00006880)     _EPwm3Regs

000068c0     1a3 (000068c0)     _EPwm4Regs

00006900     1a4 (00006900)     _EPwm5Regs

00006940     1a5 (00006940)     _EPwm6Regs

00006980     1a6 (00006980)     _EPwm7Regs

000069c0     1a7 (000069c0)     _EPwm8Regs

00006a00     1a8 (00006a00)     _ECap1Regs
00006a20     1a8 (00006a00)     _ECap2Regs

00006a40     1a9 (00006a40)     _ECap3Regs

00006ac0     1ab (00006ac0)     _HRCap1Regs
00006ae0     1ab (00006ac0)     _HRCap2Regs

00006b00     1ac (00006b00)     _EQep1Regs

00006b40     1ad (00006b40)     _EQep2Regs

00006c80     1b2 (00006c80)     _HRCap3Regs
00006ca0     1b2 (00006c80)     _HRCap4Regs

00006f80     1be (00006f80)     _GpioCtrlRegs

00006fc0     1bf (00006fc0)     _GpioDataRegs
00006fe0     1bf (00006fc0)     _GpioIntRegs

00007010     1c0 (00007000)     _SysCtrlRegs

00007040     1c1 (00007040)     _SpiaRegs
00007050     1c1 (00007040)     _SciaRegs
00007060     1c1 (00007040)     _NmiIntruptRegs
00007070     1c1 (00007040)     _XIntruptRegs

00007100     1c4 (00007100)     _AdcRegs

00007740     1dd (00007740)     _SpibRegs
00007750     1dd (00007740)     _ScibRegs

00007900     1e4 (00007900)     _I2caRegs

0000e000     380 (0000e000)     _SampData1

0000ebc0     3af (0000ebc0)     _SampData2

0000f780     3de (0000f780)     _SampData3

00010340     40d (00010340)     _LOGIC
00010344     40d (00010340)     _alpha
0001034a     40d (00010340)     _PWM
00010354     40d (00010340)     _SPEED
00010364     40d (00010340)     _TORQUE

00010380     40e (00010380)     _TORQUE_AB
00010396     40e (00010380)     _TORQUE_CA

000103c0     40f (000103c0)     _TORQUE_BC

00010400     410 (00010400)     _TORQUE_Model

00010568     415 (00010540)     _CpuTimer1
00010570     415 (00010540)     _CpuTimer2
00010578     415 (00010540)     _CpuTimer0

00010580     416 (00010580)     ___TI_ft_end

000105c0     417 (000105c0)     __ftable

00010640     419 (00010640)     ___TI_tmpnams

000106e8     41b (000106c0)     ___TI_enable_exit_profile_output
000106ea     41b (000106c0)     ___TI_cleanup_ptr
000106ec     41b (000106c0)     ___TI_dtors_ptr
000106ee     41b (000106c0)     _MAX_U
000106ef     41b (000106c0)     _MAX_SPEED
000106f0     41b (000106c0)     _MAX_I
000106f1     41b (000106c0)     _ERROR
000106f7     41b (000106c0)     _errno
000106f8     41b (000106c0)     __lock
000106fa     41b (000106c0)     __unlock

000107c0     41f (000107c0)     _SRM_SPEED
000107c1     41f (000107c0)     _SRM_Direction
000107c2     41f (000107c0)     _SRM_PHASE
000107c3     41f (000107c0)     _SRM_SPEED_1
000107c4     41f (000107c0)     _PA_state
000107c5     41f (000107c0)     _BRV_state
000107c6     41f (000107c0)     _PC_state
000107c7     41f (000107c0)     _PB_state
000107c9     41f (000107c0)     _SRM_FIRST_RUN
000107cc     41f (000107c0)     _NOW_state
000107cd     41f (000107c0)     _SRM_ANGLE
000107ce     41f (000107c0)     _DRV_state
000107cf     41f (000107c0)     _LAST_state
000107d0     41f (000107c0)     _IV_offset
000107d1     41f (000107c0)     _DBVD_offset
000107d2     41f (000107c0)     _IV_ad
000107d3     41f (000107c0)     _IU_offset
000107d4     41f (000107c0)     _IU_ad
000107d5     41f (000107c0)     _Ref0V_ad
000107d6     41f (000107c0)     _HOT_state
000107d7     41f (000107c0)     _DBVD_ad
000107d8     41f (000107c0)     _Ref3V_ad
000107d9     41f (000107c0)     _Ref3V_offset
000107da     41f (000107c0)     _SRM
000107de     41f (000107c0)     _CURRENT
000107fc     41f (000107c0)     __sys_memory

00010bfc     42f (00010bc0)     __ctypes_

00010cfe     433 (00010cc0)     _PieVectTableInit

00010ec0     43b (00010ec0)     __CIOBUF_

003d7e80    f5fa (003d7e80)     _PartIdRegs

003f7ff8    fdff (003f7fc0)     _CsmPwl


GLOBAL SYMBOLS: SORTED ALPHABETICALLY BY Name 

page  address   name                            
----  -------   ----                            
0     00008000  .text                           
0     0000b5eb  C$$EXIT                         
0     0000ad69  C$$IO$$                         
0     0000ac7a  FD$$ADD                         
0     0000b597  FD$$CMP                         
0     0000adaa  FD$$DIV                         
0     0000af48  FD$$MPY                         
0     0000b85d  FD$$NEG                         
0     0000b817  FD$$SUB                         
0     0000b6a6  FD$$TOI                         
0     0000b6c7  FD$$TOL                         
0     0000b75d  FS$$TOFD                        
0     0000b662  I$$DIV                          
0     0000b673  I$$MOD                          
0     0000b740  I$$TOFD                         
0     0000b5c1  L$$DIV                          
0     0000b5d0  L$$MOD                          
0     0000b779  L$$TOFD                         
0     0000b7c8  LL$$AND                         
0     0000b6e6  LL$$CMP                         
0     0000a782  LL$$DIV                         
0     0000a7be  LL$$MOD                         
0     0000b7d0  LL$$OR                          
0     0000b7d8  LL$$XOR                         
0     0000b5de  UL$$DIV                         
0     0000b5e5  UL$$MOD                         
0     0000b6f8  ULL$$CMP                        
0     0000a7f8  ULL$$DIV                        
0     0000a827  ULL$$MOD                        
0     00009558  _ADCINT1_ISR                    
0     00009562  _ADCINT2_ISR                    
0     0000976a  _ADCINT3_ISR                    
0     00009774  _ADCINT4_ISR                    
0     0000977e  _ADCINT5_ISR                    
0     00009788  _ADCINT6_ISR                    
0     00009792  _ADCINT7_ISR                    
0     0000979c  _ADCINT8_ISR                    
0     00009580  _ADCINT9_ISR                    
0     00009e12  _AdcChanSelect                  
0     00009e87  _AdcConversion                  
0     00009deb  _AdcOffsetSelfCal               
1     00007100  _AdcRegs                        
1     00000b00  _AdcResult                      
1     000107c5  _BRV_state                      
0     000097a6  _CLA1_INT1_ISR                  
0     000097b0  _CLA1_INT2_ISR                  
0     000097ba  _CLA1_INT3_ISR                  
0     000097c4  _CLA1_INT4_ISR                  
0     000097ce  _CLA1_INT5_ISR                  
0     000097d8  _CLA1_INT6_ISR                  
0     000097e2  _CLA1_INT7_ISR                  
0     000097ec  _CLA1_INT8_ISR                  
1     000107de  _CURRENT                        
1     00001400  _Cla1Regs                       
1     00006400  _Comp1Regs                      
1     00006420  _Comp2Regs                      
1     00006440  _Comp3Regs                      
0     0000b00c  _ConfigCpuTimer                 
0     00008c6e  _Control_SRD_external_loop      
0     00008c5a  _Control_SRD_internal_loop      
1     00010578  _CpuTimer0                      
1     00000c00  _CpuTimer0Regs                  
1     00010568  _CpuTimer1                      
1     00000c08  _CpuTimer1Regs                  
1     00010570  _CpuTimer2                      
1     00000c10  _CpuTimer2Regs                  
1     003f7ff8  _CsmPwl                         
1     00000ae0  _CsmRegs                        
0     0000a6fb  _CsmUnlock                      
0     000094ae  _DATALOG_ISR                    
1     000107d7  _DBVD_ad                        
1     000107d1  _DBVD_offset                    
0     000096de  _DINTCH1_ISR                    
0     000096e8  _DINTCH2_ISR                    
0     000096f2  _DINTCH3_ISR                    
0     000096fc  _DINTCH4_ISR                    
0     00009706  _DINTCH5_ISR                    
0     00009710  _DINTCH6_ISR                    
1     000107ce  _DRV_state                      
0     0000b876  _DSP28x_DisableInt              
0     0000b87a  _DSP28x_RestoreInt              
0     000002c8  _DSP28x_usDelay                 
1     00000880  _DevEmuRegs                     
0     0000a61a  _DisableDog                     
1     00001000  _DmaRegs                        
0     00009756  _ECAN0INTA_ISR                  
0     00009760  _ECAN1INTA_ISR                  
0     0000963e  _ECAP1_INT_ISR                  
0     00009648  _ECAP2_INT_ISR                  
0     00009652  _ECAP3_INT_ISR                  
1     00006040  _ECanaLAMRegs                   
1     000060c0  _ECanaMOTORegs                  
1     00006080  _ECanaMOTSRegs                  
1     00006100  _ECanaMboxes                    
1     00006000  _ECanaRegs                      
1     00006a00  _ECap1Regs                      
1     00006a20  _ECap2Regs                      
1     00006a40  _ECap3Regs                      
0     00009814  _EMPTY_ISR                      
0     000094c2  _EMUINT_ISR                     
0     000095ee  _EPWM1_INT_ISR                  
0     0000959e  _EPWM1_TZINT_ISR                
0     000095f8  _EPWM2_INT_ISR                  
0     000095a8  _EPWM2_TZINT_ISR                
0     00009602  _EPWM3_INT_ISR                  
0     000095b2  _EPWM3_TZINT_ISR                
0     0000960c  _EPWM4_INT_ISR                  
0     000095bc  _EPWM4_TZINT_ISR                
0     00009616  _EPWM5_INT_ISR                  
0     000095c6  _EPWM5_TZINT_ISR                
0     00009620  _EPWM6_INT_ISR                  
0     000095d0  _EPWM6_TZINT_ISR                
0     0000962a  _EPWM7_INT_ISR                  
0     000095da  _EPWM7_TZINT_ISR                
0     00009634  _EPWM8_INT_ISR                  
0     000095e4  _EPWM8_TZINT_ISR                
1     00006800  _EPwm1Regs                      
1     00006840  _EPwm2Regs                      
1     00006880  _EPwm3Regs                      
1     000068c0  _EPwm4Regs                      
1     00006900  _EPwm5Regs                      
1     00006940  _EPwm6Regs                      
1     00006980  _EPwm7Regs                      
1     000069c0  _EPwm8Regs                      
0     00009670  _EQEP1_INT_ISR                  
0     0000967a  _EQEP2_INT_ISR                  
1     00006b00  _EQep1Regs                      
1     00006b40  _EQep2Regs                      
1     000106f1  _ERROR                          
1     00000d01  _EmuBMode                       
1     00000d00  _EmuKey                         
0     0000b633  _EnableInterrupts               
0     0000b883  _Error_Checking                 
0     0000a76c  _ExtOscSel                      
1     00000a80  _FlashRegs                      
1     00000d04  _Flash_CPUScaleFactor           
1     00000d02  _Flash_CallbackPtr              
0     0000992d  _Get_AD_Offset                  
0     0000a04c  _Get_Current                    
0     0000a0ef  _Get_Hall                       
0     0000a1fd  _Get_Position                   
0     00009fec  _Get_Sensor                     
0     0000a204  _Get_Speed                      
0     00009ff5  _Get_State                      
1     00006f80  _GpioCtrlRegs                   
1     00006fc0  _GpioDataRegs                   
1     00006fe0  _GpioIntRegs                    
0     00009d68  _HOSTclock                      
0     00009d3f  _HOSTclose                      
0     00009d17  _HOSTgetenv                     
0     00009cb6  _HOSTlseek                      
0     00009c76  _HOSTopen                       
0     00009c37  _HOSTread                       
0     00009bf9  _HOSTrename                     
0     00009bc3  _HOSTtime                       
0     00009b7e  _HOSTtime64                     
0     00009b5a  _HOSTunlink                     
0     00009b22  _HOSTwrite                      
1     000107d6  _HOT_state                      
0     0000965c  _HRCAP1_INT_ISR                 
0     00009666  _HRCAP2_INT_ISR                 
0     00009684  _HRCAP3_INT_ISR                 
0     0000968e  _HRCAP4_INT_ISR                 
1     00006ac0  _HRCap1Regs                     
1     00006ae0  _HRCap2Regs                     
1     00006c80  _HRCap3Regs                     
1     00006ca0  _HRCap4Regs                     
0     0000971a  _I2CINT1A_ISR                   
0     00009724  _I2CINT2A_ISR                   
1     00007900  _I2caRegs                       
0     0000937c  _IGBT_Control                   
0     000094d6  _ILLEGAL_ISR                    
0     0000949a  _INT13_ISR                      
0     000094a4  _INT14_ISR                      
1     000107d4  _IU_ad                          
1     000107d3  _IU_offset                      
1     000107d2  _IV_ad                          
1     000107d0  _IV_offset                      
0     00009d9e  _InitAdc                        
0     00009dc9  _InitAdcAio                     
0     0000afcb  _InitCpuTimers                  
0     0000a982  _InitEPwm                       
0     0000a994  _InitEPwm1Gpio                  
0     0000ab3d  _InitEPwm1Regs                  
0     0000a9a6  _InitEPwm2Gpio                  
0     0000ab6c  _InitEPwm2Regs                  
0     0000a9b8  _InitEPwm3Gpio                  
0     0000ab9b  _InitEPwm3Regs                  
0     0000a9cc  _InitEPwm4Gpio                  
0     0000a9e0  _InitEPwm5Gpio                  
0     0000a9f2  _InitEPwm6Gpio                  
0     0000aa04  _InitEPwm7Gpio                  
0     0000aa16  _InitEPwm8Gpio                  
0     0000a983  _InitEPwmGpio                   
0     0000aa28  _InitEPwmSyncGpio               
0     0000b32f  _InitEQep                       
0     0000b335  _InitEQep1Gpio                  
0     0000b35f  _InitEQep2Gpio                  
0     0000b330  _InitEQepGpio                   
0     0000b7e0  _InitGpio                       
0     0000a6a5  _InitPeripheralClocks           
0     0000b614  _InitPieCtrl                    
0     0000b63c  _InitPieVectTable               
0     0000a622  _InitPll                        
0     0000a677  _InitPll2                       
0     0000a5f6  _InitSysCtrl                    
0     0000aa39  _InitTzGpio                     
0     00008bd9  _Init_SRD                       
0     0000a72c  _IntOsc1Sel                     
0     0000a73c  _IntOsc2Sel                     
1     000107cf  _LAST_state                     
1     00010340  _LOGIC                          
0     00008c73  _LOGIC_Control                  
0     0000980a  _LUF_ISR                        
0     00009800  _LVF_ISR                        
1     000106f0  _MAX_I                          
1     000106ef  _MAX_SPEED                      
1     000106ee  _MAX_U                          
0     000096ca  _MRINTA_ISR                     
0     000096d4  _MXINTA_ISR                     
1     00005000  _McbspaRegs                     
0     0000995e  _My_AdcChanSelect               
0     000099d3  _My_AdcConversion               
0     00009835  _My_Init_ADC                    
0     00008c14  _My_Init_Control                
0     0000ae35  _My_Init_Cputimer               
0     0000b4d6  _My_Init_EQEP                   
0     0000b87d  _My_Init_Error                  
0     0000b3cf  _My_Init_GPIO                   
0     0000ab16  _My_Init_PWM                    
0     00009fd8  _My_Init_Sensor                 
0     000094cc  _NMI_ISR                        
1     000107cc  _NOW_state                      
1     00007060  _NmiIntruptRegs                 
1     000107c4  _PA_state                       
1     000107c7  _PB_state                       
1     000107c6  _PC_state                       
0     00009821  _PIE_RESERVED                   
1     0001034a  _PWM                            
1     003d7e80  _PartIdRegs                     
1     00000ce0  _PieCtrlRegs                    
1     00000d00  _PieVectTable                   
1     00010cfe  _PieVectTableInit               
0     000094b8  _RTOSINT_ISR                    
1     000107d5  _Ref0V_ad                       
1     000107d8  _Ref3V_ad                       
1     000107d9  _Ref3V_offset                   
0     0000972e  _SCIRXINTA_ISR                  
0     00009742  _SCIRXINTB_ISR                  
0     00009738  _SCITXINTA_ISR                  
0     0000974c  _SCITXINTB_ISR                  
1     00010354  _SPEED                          
0     00008d22  _SPEED_Control                  
0     000096a2  _SPIRXINTA_ISR                  
0     000096b6  _SPIRXINTB_ISR                  
0     000096ac  _SPITXINTA_ISR                  
0     000096c0  _SPITXINTB_ISR                  
1     000107da  _SRM                            
1     000107cd  _SRM_ANGLE                      
1     000107c1  _SRM_Direction                  
1     000107c9  _SRM_FIRST_RUN                  
1     000107c2  _SRM_PHASE                      
1     000107c0  _SRM_SPEED                      
1     000107c3  _SRM_SPEED_1                    
1     0000e000  _SampData1                      
1     0000ebc0  _SampData2                      
1     0000f780  _SampData3                      
0     0000ae65  _Sample1                        
0     0000ae7d  _Sample2                        
0     0000ae90  _Sample3                        
1     00007050  _SciaRegs                       
1     00007750  _ScibRegs                       
0     0000a610  _ServiceDog                     
0     0000b889  _SetDBGIER                      
1     00007040  _SpiaRegs                       
1     00007740  _SpibRegs                       
1     00007010  _SysCtrlRegs                    
1     00000985  _SysPwrCtrlRegs                 
0     0000958a  _TINT0_ISR                      
1     00010364  _TORQUE                         
1     00010380  _TORQUE_AB                      
1     000103c0  _TORQUE_BC                      
1     00010396  _TORQUE_CA                      
0     00008d47  _TORQUE_Calculate               
0     00009134  _TORQUE_Control                 
0     0000908c  _TORQUE_Distribution            
1     00010400  _TORQUE_Model                   
0     0000aea3  _Test_SRD                       
0     00009698  _USB0_INT_ISR                   
0     0000953a  _USER10_ISR                     
0     00009544  _USER11_ISR                     
0     0000954e  _USER12_ISR                     
0     000094e0  _USER1_ISR                      
0     000094ea  _USER2_ISR                      
0     000094f4  _USER3_ISR                      
0     000094fe  _USER4_ISR                      
0     00009508  _USER5_ISR                      
0     00009512  _USER6_ISR                      
0     0000951c  _USER7_ISR                      
0     00009526  _USER8_ISR                      
0     00009530  _USER9_ISR                      
1     00004000  _Usb0Regs                       
0     00009594  _WAKEINT_ISR                    
0     0000956c  _XINT1_ISR                      
0     00009576  _XINT2_ISR                      
0     000097f6  _XINT3_ISR                      
1     00007070  _XIntruptRegs                   
0     0000a750  _XtalOscSel                     
1     00010ec0  __CIOBUF_                       
1     00000700  __STACK_END                     
abs   00000300  __STACK_SIZE                    
abs   00000400  __SYSMEM_SIZE                   
0     0000b2dd  ___TI_buff_read                 
0     0000a901  ___TI_cleanup                   
1     000106ea  ___TI_cleanup_ptr               
0     0000b121  ___TI_closefile                 
0     0000b047  ___TI_doflush                   
1     000106ec  ___TI_dtors_ptr                 
1     000106e8  ___TI_enable_exit_profile_output
1     00010580  ___TI_ft_end                    
abs   ffffffff  ___TI_pprof_out_hndl            
0     00008ab4  ___TI_printfi                   
abs   ffffffff  ___TI_prof_data_size            
abs   ffffffff  ___TI_prof_data_start           
0     0000b0f5  ___TI_rd_ok                     
0     0000ad6e  ___TI_readmsg                   
1     00010640  ___TI_tmpnams                   
0     0000ad16  ___TI_writemsg                  
0     0000b0ba  ___TI_wrt_ok                    
abs   ffffffff  ___binit__                      
abs   ffffffff  ___c_args__                     
0     00000050  ___cinit__                      
0     0000b892  ___etext__                      
abs   ffffffff  ___pinit__                      
0     00008000  ___text__                       
0     0000b7af  __args_main                     
1     00010bfc  __ctypes_                       
1     000105c0  __ftable                        
1     000106f8  __lock                          
0     0000b85c  __nop                           
0     0000b858  __register_lock                 
0     0000b854  __register_unlock               
1     00000400  __stack                         
1     000107fc  __sys_memory                    
0     0000b891  __system_post_cinit             
0     0000b88f  __system_pre_init               
1     000106fa  __unlock                        
0     0000b5eb  _abort                          
0     0000a3a6  _add_device                     
1     00010344  _alpha                          
0     0000b508  _atoi                           
0     0000b234  _c_int00                        
0     0000a5df  _calloc                         
0     0000a5dd  _chkheap                        
0     0000a373  _close                          
0     0000b41f  _copy_in                        
0     0000b684  _copysignl                      
0     0000b1db  _cpu_timer0_isr                 
0     0000b222  _cpu_timer1_isr                 
0     0000b795  _ddcopy                         
0     0000b795  _dpcopy                         
0     0000b539  _eqep2_isr                      
1     000106f7  _errno                          
0     0000b5ed  _exit                           
0     0000b165  _fclose                         
0     0000b076  _fflush                         
0     0000b37f  _fgetc                          
0     0000a93c  _fopen                          
0     0000b28a  _fputc                          
0     0000abca  _fputs                          
0     0000a424  _free                           
0     0000a5bf  _free_memory                    
0     0000a91e  _freopen                        
0     0000b180  _frexpl                         
0     0000b465  _fseek                          
0     0000b37f  _getc                           
0     0000b3ca  _getchar                        
0     0000aa5a  _ldexpl                         
0     0000a35b  _lseek                          
0     0000b569  _ltoa                           
0     0000b7f5  _main                           
0     0000a48d  _malloc                         
0     0000a59d  _max_free                       
0     0000b825  _memccpy                        
0     0000b806  _memchr                         
0     0000b704  _memcpy                         
0     0000b832  _memset                         
0     0000a468  _minit                          
0     0000a2ea  _open                           
0     0000b795  _pdcopy                         
0     0000b795  _ppcopy                         
0     0000b4a8  _printf                         
0     0000b28a  _putc                           
0     0000b2d8  _putchar                        
0     0000ac67  _puts                           
0     0000a2d1  _read                           
0     0000a4eb  _realloc                        
0     0000b88c  _remove                         
0     0000a2b7  _remove_device                  
0     0000a289  _rename                         
0     0000982b  _rsvd_ISR                       
0     0000aa5a  _scalbnl                        
0     0000aebf  _setvbuf                        
0     0000b83e  _strchr                         
0     0000b84a  _strcmp                         
0     0000b884  _strcpy                         
0     0000b86e  _strlen                         
0     0000b722  _strncpy                        
0     0000a270  _unlink                         
0     0000a209  _write                          
abs   ffffffff  binit                           
0     00000050  cinit                           
0     00000000  code_start                      
0     0000b892  etext                           
abs   ffffffff  pinit                           


GLOBAL SYMBOLS: SORTED BY Symbol Address 

page  address   name                            
----  -------   ----                            
0     00000000  code_start                      
0     00000050  ___cinit__                      
0     00000050  cinit                           
0     000002c8  _DSP28x_usDelay                 
0     00008000  .text                           
0     00008000  ___text__                       
0     00008ab4  ___TI_printfi                   
0     00008bd9  _Init_SRD                       
0     00008c14  _My_Init_Control                
0     00008c5a  _Control_SRD_internal_loop      
0     00008c6e  _Control_SRD_external_loop      
0     00008c73  _LOGIC_Control                  
0     00008d22  _SPEED_Control                  
0     00008d47  _TORQUE_Calculate               
0     0000908c  _TORQUE_Distribution            
0     00009134  _TORQUE_Control                 
0     0000937c  _IGBT_Control                   
0     0000949a  _INT13_ISR                      
0     000094a4  _INT14_ISR                      
0     000094ae  _DATALOG_ISR                    
0     000094b8  _RTOSINT_ISR                    
0     000094c2  _EMUINT_ISR                     
0     000094cc  _NMI_ISR                        
0     000094d6  _ILLEGAL_ISR                    
0     000094e0  _USER1_ISR                      
0     000094ea  _USER2_ISR                      
0     000094f4  _USER3_ISR                      
0     000094fe  _USER4_ISR                      
0     00009508  _USER5_ISR                      
0     00009512  _USER6_ISR                      
0     0000951c  _USER7_ISR                      
0     00009526  _USER8_ISR                      
0     00009530  _USER9_ISR                      
0     0000953a  _USER10_ISR                     
0     00009544  _USER11_ISR                     
0     0000954e  _USER12_ISR                     
0     00009558  _ADCINT1_ISR                    
0     00009562  _ADCINT2_ISR                    
0     0000956c  _XINT1_ISR                      
0     00009576  _XINT2_ISR                      
0     00009580  _ADCINT9_ISR                    
0     0000958a  _TINT0_ISR                      
0     00009594  _WAKEINT_ISR                    
0     0000959e  _EPWM1_TZINT_ISR                
0     000095a8  _EPWM2_TZINT_ISR                
0     000095b2  _EPWM3_TZINT_ISR                
0     000095bc  _EPWM4_TZINT_ISR                
0     000095c6  _EPWM5_TZINT_ISR                
0     000095d0  _EPWM6_TZINT_ISR                
0     000095da  _EPWM7_TZINT_ISR                
0     000095e4  _EPWM8_TZINT_ISR                
0     000095ee  _EPWM1_INT_ISR                  
0     000095f8  _EPWM2_INT_ISR                  
0     00009602  _EPWM3_INT_ISR                  
0     0000960c  _EPWM4_INT_ISR                  
0     00009616  _EPWM5_INT_ISR                  
0     00009620  _EPWM6_INT_ISR                  
0     0000962a  _EPWM7_INT_ISR                  
0     00009634  _EPWM8_INT_ISR                  
0     0000963e  _ECAP1_INT_ISR                  
0     00009648  _ECAP2_INT_ISR                  
0     00009652  _ECAP3_INT_ISR                  
0     0000965c  _HRCAP1_INT_ISR                 
0     00009666  _HRCAP2_INT_ISR                 
0     00009670  _EQEP1_INT_ISR                  
0     0000967a  _EQEP2_INT_ISR                  
0     00009684  _HRCAP3_INT_ISR                 
0     0000968e  _HRCAP4_INT_ISR                 
0     00009698  _USB0_INT_ISR                   
0     000096a2  _SPIRXINTA_ISR                  
0     000096ac  _SPITXINTA_ISR                  
0     000096b6  _SPIRXINTB_ISR                  
0     000096c0  _SPITXINTB_ISR                  
0     000096ca  _MRINTA_ISR                     
0     000096d4  _MXINTA_ISR                     
0     000096de  _DINTCH1_ISR                    
0     000096e8  _DINTCH2_ISR                    
0     000096f2  _DINTCH3_ISR                    
0     000096fc  _DINTCH4_ISR                    
0     00009706  _DINTCH5_ISR                    
0     00009710  _DINTCH6_ISR                    
0     0000971a  _I2CINT1A_ISR                   
0     00009724  _I2CINT2A_ISR                   
0     0000972e  _SCIRXINTA_ISR                  
0     00009738  _SCITXINTA_ISR                  
0     00009742  _SCIRXINTB_ISR                  
0     0000974c  _SCITXINTB_ISR                  
0     00009756  _ECAN0INTA_ISR                  
0     00009760  _ECAN1INTA_ISR                  
0     0000976a  _ADCINT3_ISR                    
0     00009774  _ADCINT4_ISR                    
0     0000977e  _ADCINT5_ISR                    
0     00009788  _ADCINT6_ISR                    
0     00009792  _ADCINT7_ISR                    
0     0000979c  _ADCINT8_ISR                    
0     000097a6  _CLA1_INT1_ISR                  
0     000097b0  _CLA1_INT2_ISR                  
0     000097ba  _CLA1_INT3_ISR                  
0     000097c4  _CLA1_INT4_ISR                  
0     000097ce  _CLA1_INT5_ISR                  
0     000097d8  _CLA1_INT6_ISR                  
0     000097e2  _CLA1_INT7_ISR                  
0     000097ec  _CLA1_INT8_ISR                  
0     000097f6  _XINT3_ISR                      
0     00009800  _LVF_ISR                        
0     0000980a  _LUF_ISR                        
0     00009814  _EMPTY_ISR                      
0     00009821  _PIE_RESERVED                   
0     0000982b  _rsvd_ISR                       
0     00009835  _My_Init_ADC                    
0     0000992d  _Get_AD_Offset                  
0     0000995e  _My_AdcChanSelect               
0     000099d3  _My_AdcConversion               
0     00009b22  _HOSTwrite                      
0     00009b5a  _HOSTunlink                     
0     00009b7e  _HOSTtime64                     
0     00009bc3  _HOSTtime                       
0     00009bf9  _HOSTrename                     
0     00009c37  _HOSTread                       
0     00009c76  _HOSTopen                       
0     00009cb6  _HOSTlseek                      
0     00009d17  _HOSTgetenv                     
0     00009d3f  _HOSTclose                      
0     00009d68  _HOSTclock                      
0     00009d9e  _InitAdc                        
0     00009dc9  _InitAdcAio                     
0     00009deb  _AdcOffsetSelfCal               
0     00009e12  _AdcChanSelect                  
0     00009e87  _AdcConversion                  
0     00009fd8  _My_Init_Sensor                 
0     00009fec  _Get_Sensor                     
0     00009ff5  _Get_State                      
0     0000a04c  _Get_Current                    
0     0000a0ef  _Get_Hall                       
0     0000a1fd  _Get_Position                   
0     0000a204  _Get_Speed                      
0     0000a209  _write                          
0     0000a270  _unlink                         
0     0000a289  _rename                         
0     0000a2b7  _remove_device                  
0     0000a2d1  _read                           
0     0000a2ea  _open                           
0     0000a35b  _lseek                          
0     0000a373  _close                          
0     0000a3a6  _add_device                     
0     0000a424  _free                           
0     0000a468  _minit                          
0     0000a48d  _malloc                         
0     0000a4eb  _realloc                        
0     0000a59d  _max_free                       
0     0000a5bf  _free_memory                    
0     0000a5dd  _chkheap                        
0     0000a5df  _calloc                         
0     0000a5f6  _InitSysCtrl                    
0     0000a610  _ServiceDog                     
0     0000a61a  _DisableDog                     
0     0000a622  _InitPll                        
0     0000a677  _InitPll2                       
0     0000a6a5  _InitPeripheralClocks           
0     0000a6fb  _CsmUnlock                      
0     0000a72c  _IntOsc1Sel                     
0     0000a73c  _IntOsc2Sel                     
0     0000a750  _XtalOscSel                     
0     0000a76c  _ExtOscSel                      
0     0000a782  LL$$DIV                         
0     0000a7be  LL$$MOD                         
0     0000a7f8  ULL$$DIV                        
0     0000a827  ULL$$MOD                        
0     0000a901  ___TI_cleanup                   
0     0000a91e  _freopen                        
0     0000a93c  _fopen                          
0     0000a982  _InitEPwm                       
0     0000a983  _InitEPwmGpio                   
0     0000a994  _InitEPwm1Gpio                  
0     0000a9a6  _InitEPwm2Gpio                  
0     0000a9b8  _InitEPwm3Gpio                  
0     0000a9cc  _InitEPwm4Gpio                  
0     0000a9e0  _InitEPwm5Gpio                  
0     0000a9f2  _InitEPwm6Gpio                  
0     0000aa04  _InitEPwm7Gpio                  
0     0000aa16  _InitEPwm8Gpio                  
0     0000aa28  _InitEPwmSyncGpio               
0     0000aa39  _InitTzGpio                     
0     0000aa5a  _ldexpl                         
0     0000aa5a  _scalbnl                        
0     0000ab16  _My_Init_PWM                    
0     0000ab3d  _InitEPwm1Regs                  
0     0000ab6c  _InitEPwm2Regs                  
0     0000ab9b  _InitEPwm3Regs                  
0     0000abca  _fputs                          
0     0000ac67  _puts                           
0     0000ac7a  FD$$ADD                         
0     0000ad16  ___TI_writemsg                  
0     0000ad69  C$$IO$$                         
0     0000ad6e  ___TI_readmsg                   
0     0000adaa  FD$$DIV                         
0     0000ae35  _My_Init_Cputimer               
0     0000ae65  _Sample1                        
0     0000ae7d  _Sample2                        
0     0000ae90  _Sample3                        
0     0000aea3  _Test_SRD                       
0     0000aebf  _setvbuf                        
0     0000af48  FD$$MPY                         
0     0000afcb  _InitCpuTimers                  
0     0000b00c  _ConfigCpuTimer                 
0     0000b047  ___TI_doflush                   
0     0000b076  _fflush                         
0     0000b0ba  ___TI_wrt_ok                    
0     0000b0f5  ___TI_rd_ok                     
0     0000b121  ___TI_closefile                 
0     0000b165  _fclose                         
0     0000b180  _frexpl                         
0     0000b1db  _cpu_timer0_isr                 
0     0000b222  _cpu_timer1_isr                 
0     0000b234  _c_int00                        
0     0000b28a  _fputc                          
0     0000b28a  _putc                           
0     0000b2d8  _putchar                        
0     0000b2dd  ___TI_buff_read                 
0     0000b32f  _InitEQep                       
0     0000b330  _InitEQepGpio                   
0     0000b335  _InitEQep1Gpio                  
0     0000b35f  _InitEQep2Gpio                  
0     0000b37f  _fgetc                          
0     0000b37f  _getc                           
0     0000b3ca  _getchar                        
0     0000b3cf  _My_Init_GPIO                   
0     0000b41f  _copy_in                        
0     0000b465  _fseek                          
0     0000b4a8  _printf                         
0     0000b4d6  _My_Init_EQEP                   
0     0000b508  _atoi                           
0     0000b539  _eqep2_isr                      
0     0000b569  _ltoa                           
0     0000b597  FD$$CMP                         
0     0000b5c1  L$$DIV                          
0     0000b5d0  L$$MOD                          
0     0000b5de  UL$$DIV                         
0     0000b5e5  UL$$MOD                         
0     0000b5eb  C$$EXIT                         
0     0000b5eb  _abort                          
0     0000b5ed  _exit                           
0     0000b614  _InitPieCtrl                    
0     0000b633  _EnableInterrupts               
0     0000b63c  _InitPieVectTable               
0     0000b662  I$$DIV                          
0     0000b673  I$$MOD                          
0     0000b684  _copysignl                      
0     0000b6a6  FD$$TOI                         
0     0000b6c7  FD$$TOL                         
0     0000b6e6  LL$$CMP                         
0     0000b6f8  ULL$$CMP                        
0     0000b704  _memcpy                         
0     0000b722  _strncpy                        
0     0000b740  I$$TOFD                         
0     0000b75d  FS$$TOFD                        
0     0000b779  L$$TOFD                         
0     0000b795  _ddcopy                         
0     0000b795  _dpcopy                         
0     0000b795  _pdcopy                         
0     0000b795  _ppcopy                         
0     0000b7af  __args_main                     
0     0000b7c8  LL$$AND                         
0     0000b7d0  LL$$OR                          
0     0000b7d8  LL$$XOR                         
0     0000b7e0  _InitGpio                       
0     0000b7f5  _main                           
0     0000b806  _memchr                         
0     0000b817  FD$$SUB                         
0     0000b825  _memccpy                        
0     0000b832  _memset                         
0     0000b83e  _strchr                         
0     0000b84a  _strcmp                         
0     0000b854  __register_unlock               
0     0000b858  __register_lock                 
0     0000b85c  __nop                           
0     0000b85d  FD$$NEG                         
0     0000b86e  _strlen                         
0     0000b876  _DSP28x_DisableInt              
0     0000b87a  _DSP28x_RestoreInt              
0     0000b87d  _My_Init_Error                  
0     0000b883  _Error_Checking                 
0     0000b884  _strcpy                         
0     0000b889  _SetDBGIER                      
0     0000b88c  _remove                         
0     0000b88f  __system_pre_init               
0     0000b891  __system_post_cinit             
0     0000b892  ___etext__                      
0     0000b892  etext                           
1     00000400  __stack                         
1     00000700  __STACK_END                     
1     00000880  _DevEmuRegs                     
1     00000985  _SysPwrCtrlRegs                 
1     00000a80  _FlashRegs                      
1     00000ae0  _CsmRegs                        
1     00000b00  _AdcResult                      
1     00000c00  _CpuTimer0Regs                  
1     00000c08  _CpuTimer1Regs                  
1     00000c10  _CpuTimer2Regs                  
1     00000ce0  _PieCtrlRegs                    
1     00000d00  _EmuKey                         
1     00000d00  _PieVectTable                   
1     00000d01  _EmuBMode                       
1     00000d02  _Flash_CallbackPtr              
1     00000d04  _Flash_CPUScaleFactor           
1     00001000  _DmaRegs                        
1     00001400  _Cla1Regs                       
1     00004000  _Usb0Regs                       
1     00005000  _McbspaRegs                     
1     00006000  _ECanaRegs                      
1     00006040  _ECanaLAMRegs                   
1     00006080  _ECanaMOTSRegs                  
1     000060c0  _ECanaMOTORegs                  
1     00006100  _ECanaMboxes                    
1     00006400  _Comp1Regs                      
1     00006420  _Comp2Regs                      
1     00006440  _Comp3Regs                      
1     00006800  _EPwm1Regs                      
1     00006840  _EPwm2Regs                      
1     00006880  _EPwm3Regs                      
1     000068c0  _EPwm4Regs                      
1     00006900  _EPwm5Regs                      
1     00006940  _EPwm6Regs                      
1     00006980  _EPwm7Regs                      
1     000069c0  _EPwm8Regs                      
1     00006a00  _ECap1Regs                      
1     00006a20  _ECap2Regs                      
1     00006a40  _ECap3Regs                      
1     00006ac0  _HRCap1Regs                     
1     00006ae0  _HRCap2Regs                     
1     00006b00  _EQep1Regs                      
1     00006b40  _EQep2Regs                      
1     00006c80  _HRCap3Regs                     
1     00006ca0  _HRCap4Regs                     
1     00006f80  _GpioCtrlRegs                   
1     00006fc0  _GpioDataRegs                   
1     00006fe0  _GpioIntRegs                    
1     00007010  _SysCtrlRegs                    
1     00007040  _SpiaRegs                       
1     00007050  _SciaRegs                       
1     00007060  _NmiIntruptRegs                 
1     00007070  _XIntruptRegs                   
1     00007100  _AdcRegs                        
1     00007740  _SpibRegs                       
1     00007750  _ScibRegs                       
1     00007900  _I2caRegs                       
1     0000e000  _SampData1                      
1     0000ebc0  _SampData2                      
1     0000f780  _SampData3                      
1     00010340  _LOGIC                          
1     00010344  _alpha                          
1     0001034a  _PWM                            
1     00010354  _SPEED                          
1     00010364  _TORQUE                         
1     00010380  _TORQUE_AB                      
1     00010396  _TORQUE_CA                      
1     000103c0  _TORQUE_BC                      
1     00010400  _TORQUE_Model                   
1     00010568  _CpuTimer1                      
1     00010570  _CpuTimer2                      
1     00010578  _CpuTimer0                      
1     00010580  ___TI_ft_end                    
1     000105c0  __ftable                        
1     00010640  ___TI_tmpnams                   
1     000106e8  ___TI_enable_exit_profile_output
1     000106ea  ___TI_cleanup_ptr               
1     000106ec  ___TI_dtors_ptr                 
1     000106ee  _MAX_U                          
1     000106ef  _MAX_SPEED                      
1     000106f0  _MAX_I                          
1     000106f1  _ERROR                          
1     000106f7  _errno                          
1     000106f8  __lock                          
1     000106fa  __unlock                        
1     000107c0  _SRM_SPEED                      
1     000107c1  _SRM_Direction                  
1     000107c2  _SRM_PHASE                      
1     000107c3  _SRM_SPEED_1                    
1     000107c4  _PA_state                       
1     000107c5  _BRV_state                      
1     000107c6  _PC_state                       
1     000107c7  _PB_state                       
1     000107c9  _SRM_FIRST_RUN                  
1     000107cc  _NOW_state                      
1     000107cd  _SRM_ANGLE                      
1     000107ce  _DRV_state                      
1     000107cf  _LAST_state                     
1     000107d0  _IV_offset                      
1     000107d1  _DBVD_offset                    
1     000107d2  _IV_ad                          
1     000107d3  _IU_offset                      
1     000107d4  _IU_ad                          
1     000107d5  _Ref0V_ad                       
1     000107d6  _HOT_state                      
1     000107d7  _DBVD_ad                        
1     000107d8  _Ref3V_ad                       
1     000107d9  _Ref3V_offset                   
1     000107da  _SRM                            
1     000107de  _CURRENT                        
1     000107fc  __sys_memory                    
1     00010bfc  __ctypes_                       
1     00010cfe  _PieVectTableInit               
1     00010ec0  __CIOBUF_                       
1     003d7e80  _PartIdRegs                     
1     003f7ff8  _CsmPwl                         
abs   00000300  __STACK_SIZE                    
abs   00000400  __SYSMEM_SIZE                   
abs   ffffffff  ___TI_pprof_out_hndl            
abs   ffffffff  ___TI_prof_data_size            
abs   ffffffff  ___TI_prof_data_start           
abs   ffffffff  ___binit__                      
abs   ffffffff  ___c_args__                     
abs   ffffffff  ___pinit__                      
abs   ffffffff  binit                           
abs   ffffffff  pinit                           

[415 symbols]
