<?xml version="1.0" encoding="ISO-8859-1" ?>
<link_info>
   <banner>TMS320C2000 Linker PC v18.1.1.LTS</banner>
   <copyright>Copyright (c) 1996-2017 Texas Instruments Incorporated</copyright>
   <link_time>0x5bacb221</link_time>
   <link_errors>0x0</link_errors>
   <output_file>SRD_xs.out</output_file>
   <entry_point>
      <name>_c_int00</name>
      <address>0x3f1309</address>
   </entry_point>
   <input_file_list>
      <input_file id="fl-2">
         <path>.\src\</path>
         <kind>object</kind>
         <file>F2806x_Adc.obj</file>
         <name>F2806x_Adc.obj</name>
      </input_file>
      <input_file id="fl-3">
         <path>.\src\</path>
         <kind>object</kind>
         <file>F2806x_CodeStartBranch.obj</file>
         <name>F2806x_CodeStartBranch.obj</name>
      </input_file>
      <input_file id="fl-4">
         <path>.\src\</path>
         <kind>object</kind>
         <file>F2806x_Comp.obj</file>
         <name>F2806x_Comp.obj</name>
      </input_file>
      <input_file id="fl-5">
         <path>.\src\</path>
         <kind>object</kind>
         <file>F2806x_CpuTimers.obj</file>
         <name>F2806x_CpuTimers.obj</name>
      </input_file>
      <input_file id="fl-6">
         <path>.\src\</path>
         <kind>object</kind>
         <file>F2806x_DBGIER.obj</file>
         <name>F2806x_DBGIER.obj</name>
      </input_file>
      <input_file id="fl-7">
         <path>.\src\</path>
         <kind>object</kind>
         <file>F2806x_DefaultIsr.obj</file>
         <name>F2806x_DefaultIsr.obj</name>
      </input_file>
      <input_file id="fl-8">
         <path>.\src\</path>
         <kind>object</kind>
         <file>F2806x_DisInt.obj</file>
         <name>F2806x_DisInt.obj</name>
      </input_file>
      <input_file id="fl-9">
         <path>.\src\</path>
         <kind>object</kind>
         <file>F2806x_Dma.obj</file>
         <name>F2806x_Dma.obj</name>
      </input_file>
      <input_file id="fl-a">
         <path>.\src\</path>
         <kind>object</kind>
         <file>F2806x_ECan.obj</file>
         <name>F2806x_ECan.obj</name>
      </input_file>
      <input_file id="fl-b">
         <path>.\src\</path>
         <kind>object</kind>
         <file>F2806x_ECap.obj</file>
         <name>F2806x_ECap.obj</name>
      </input_file>
      <input_file id="fl-c">
         <path>.\src\</path>
         <kind>object</kind>
         <file>F2806x_EPwm.obj</file>
         <name>F2806x_EPwm.obj</name>
      </input_file>
      <input_file id="fl-d">
         <path>.\src\</path>
         <kind>object</kind>
         <file>F2806x_EQep.obj</file>
         <name>F2806x_EQep.obj</name>
      </input_file>
      <input_file id="fl-e">
         <path>.\src\</path>
         <kind>object</kind>
         <file>F2806x_GlobalVariableDefs.obj</file>
         <name>F2806x_GlobalVariableDefs.obj</name>
      </input_file>
      <input_file id="fl-f">
         <path>.\src\</path>
         <kind>object</kind>
         <file>F2806x_Gpio.obj</file>
         <name>F2806x_Gpio.obj</name>
      </input_file>
      <input_file id="fl-10">
         <path>.\src\</path>
         <kind>object</kind>
         <file>F2806x_HRCap.obj</file>
         <name>F2806x_HRCap.obj</name>
      </input_file>
      <input_file id="fl-11">
         <path>.\src\</path>
         <kind>object</kind>
         <file>F2806x_I2C.obj</file>
         <name>F2806x_I2C.obj</name>
      </input_file>
      <input_file id="fl-12">
         <path>.\src\</path>
         <kind>object</kind>
         <file>F2806x_Mcbsp.obj</file>
         <name>F2806x_Mcbsp.obj</name>
      </input_file>
      <input_file id="fl-13">
         <path>.\src\</path>
         <kind>object</kind>
         <file>F2806x_OscComp.obj</file>
         <name>F2806x_OscComp.obj</name>
      </input_file>
      <input_file id="fl-14">
         <path>.\src\</path>
         <kind>object</kind>
         <file>F2806x_PieCtrl.obj</file>
         <name>F2806x_PieCtrl.obj</name>
      </input_file>
      <input_file id="fl-15">
         <path>.\src\</path>
         <kind>object</kind>
         <file>F2806x_PieVect.obj</file>
         <name>F2806x_PieVect.obj</name>
      </input_file>
      <input_file id="fl-16">
         <path>.\src\</path>
         <kind>object</kind>
         <file>F2806x_Sci.obj</file>
         <name>F2806x_Sci.obj</name>
      </input_file>
      <input_file id="fl-17">
         <path>.\src\</path>
         <kind>object</kind>
         <file>F2806x_Spi.obj</file>
         <name>F2806x_Spi.obj</name>
      </input_file>
      <input_file id="fl-18">
         <path>.\src\</path>
         <kind>object</kind>
         <file>F2806x_SysCtrl.obj</file>
         <name>F2806x_SysCtrl.obj</name>
      </input_file>
      <input_file id="fl-19">
         <path>.\src\</path>
         <kind>object</kind>
         <file>F2806x_TempSensorConv.obj</file>
         <name>F2806x_TempSensorConv.obj</name>
      </input_file>
      <input_file id="fl-1a">
         <path>.\src\</path>
         <kind>object</kind>
         <file>F2806x_usDelay.obj</file>
         <name>F2806x_usDelay.obj</name>
      </input_file>
      <input_file id="fl-1b">
         <path>.\user\</path>
         <kind>object</kind>
         <file>light_matrix.obj</file>
         <name>light_matrix.obj</name>
      </input_file>
      <input_file id="fl-1c">
         <path>.\user\</path>
         <kind>object</kind>
         <file>main.obj</file>
         <name>main.obj</name>
      </input_file>
      <input_file id="fl-1d">
         <path>.\user\</path>
         <kind>object</kind>
         <file>srd_adapt.obj</file>
         <name>srd_adapt.obj</name>
      </input_file>
      <input_file id="fl-1e">
         <path>.\user\</path>
         <kind>object</kind>
         <file>srd_adc.obj</file>
         <name>srd_adc.obj</name>
      </input_file>
      <input_file id="fl-1f">
         <path>.\user\</path>
         <kind>object</kind>
         <file>srd_control.obj</file>
         <name>srd_control.obj</name>
      </input_file>
      <input_file id="fl-20">
         <path>.\user\</path>
         <kind>object</kind>
         <file>srd_error.obj</file>
         <name>srd_error.obj</name>
      </input_file>
      <input_file id="fl-21">
         <path>.\user\</path>
         <kind>object</kind>
         <file>srd_gpio.obj</file>
         <name>srd_gpio.obj</name>
      </input_file>
      <input_file id="fl-22">
         <path>.\user\</path>
         <kind>object</kind>
         <file>srd_pwm.obj</file>
         <name>srd_pwm.obj</name>
      </input_file>
      <input_file id="fl-23">
         <path>.\user\</path>
         <kind>object</kind>
         <file>srd_qep.obj</file>
         <name>srd_qep.obj</name>
      </input_file>
      <input_file id="fl-24">
         <path>.\user\</path>
         <kind>object</kind>
         <file>srd_sensor.obj</file>
         <name>srd_sensor.obj</name>
      </input_file>
      <input_file id="fl-25">
         <path>.\user\</path>
         <kind>object</kind>
         <file>srd_timer.obj</file>
         <name>srd_timer.obj</name>
      </input_file>
      <input_file id="fl-2e">
         <kind>object</kind>
         <file>&lt;internal&gt;</file>
         <name>&lt;internal&gt;</name>
      </input_file>
      <input_file id="fl-3a">
         <path>D:\ti\ccsv8\tools\compiler\ti-cgt-c2000_18.1.1.LTS\lib\</path>
         <kind>archive</kind>
         <file>rts2800_fpu32.lib</file>
         <name>boot28.asm.obj</name>
      </input_file>
      <input_file id="fl-3b">
         <path>D:\ti\ccsv8\tools\compiler\ti-cgt-c2000_18.1.1.LTS\lib\</path>
         <kind>archive</kind>
         <file>rts2800_fpu32.lib</file>
         <name>fs_div28.asm.obj</name>
      </input_file>
      <input_file id="fl-3c">
         <path>D:\ti\ccsv8\tools\compiler\ti-cgt-c2000_18.1.1.LTS\lib\</path>
         <kind>archive</kind>
         <file>rts2800_fpu32.lib</file>
         <name>u_div28.asm.obj</name>
      </input_file>
      <input_file id="fl-3d">
         <path>D:\ti\ccsv8\tools\compiler\ti-cgt-c2000_18.1.1.LTS\lib\</path>
         <kind>archive</kind>
         <file>rts2800_fpu32.lib</file>
         <name>l_div28.asm.obj</name>
      </input_file>
      <input_file id="fl-3e">
         <path>D:\ti\ccsv8\tools\compiler\ti-cgt-c2000_18.1.1.LTS\lib\</path>
         <kind>archive</kind>
         <file>rts2800_fpu32.lib</file>
         <name>cpy_tbl.c.obj</name>
      </input_file>
      <input_file id="fl-3f">
         <path>D:\ti\ccsv8\tools\compiler\ti-cgt-c2000_18.1.1.LTS\lib\</path>
         <kind>archive</kind>
         <file>rts2800_fpu32.lib</file>
         <name>memcpy.c.obj</name>
      </input_file>
      <input_file id="fl-40">
         <path>D:\ti\ccsv8\tools\compiler\ti-cgt-c2000_18.1.1.LTS\lib\</path>
         <kind>archive</kind>
         <file>rts2800_fpu32.lib</file>
         <name>pre_init.c.obj</name>
      </input_file>
      <input_file id="fl-41">
         <path>D:\ti\ccsv8\tools\compiler\ti-cgt-c2000_18.1.1.LTS\lib\</path>
         <kind>archive</kind>
         <file>rts2800_fpu32.lib</file>
         <name>startup.c.obj</name>
      </input_file>
      <input_file id="fl-42">
         <path>D:\ti\ccsv8\tools\compiler\ti-cgt-c2000_18.1.1.LTS\lib\</path>
         <kind>archive</kind>
         <file>rts2800_fpu32.lib</file>
         <name>exit.c.obj</name>
      </input_file>
      <input_file id="fl-43">
         <path>D:\ti\ccsv8\tools\compiler\ti-cgt-c2000_18.1.1.LTS\lib\</path>
         <kind>archive</kind>
         <file>rts2800_fpu32.lib</file>
         <name>memory.c.obj</name>
      </input_file>
      <input_file id="fl-44">
         <path>D:\ti\ccsv8\tools\compiler\ti-cgt-c2000_18.1.1.LTS\lib\</path>
         <kind>archive</kind>
         <file>rts2800_fpu32.lib</file>
         <name>_lock.c.obj</name>
      </input_file>
      <input_file id="fl-45">
         <path>D:\ti\ccsv8\tools\compiler\ti-cgt-c2000_18.1.1.LTS\lib\</path>
         <kind>archive</kind>
         <file>rts2800_fpu32.lib</file>
         <name>args_main.c.obj</name>
      </input_file>
      <input_file id="fl-46">
         <path>D:\ti\ccsv8\tools\compiler\ti-cgt-c2000_18.1.1.LTS\lib\</path>
         <kind>archive</kind>
         <file>rts2800_fpu32.lib</file>
         <name>printf.c.obj</name>
      </input_file>
      <input_file id="fl-47">
         <path>D:\ti\ccsv8\tools\compiler\ti-cgt-c2000_18.1.1.LTS\lib\</path>
         <kind>archive</kind>
         <file>rts2800_fpu32.lib</file>
         <name>_printfi.c.obj</name>
      </input_file>
      <input_file id="fl-48">
         <path>D:\ti\ccsv8\tools\compiler\ti-cgt-c2000_18.1.1.LTS\lib\</path>
         <kind>archive</kind>
         <file>rts2800_fpu32.lib</file>
         <name>atoi.c.obj</name>
      </input_file>
      <input_file id="fl-49">
         <path>D:\ti\ccsv8\tools\compiler\ti-cgt-c2000_18.1.1.LTS\lib\</path>
         <kind>archive</kind>
         <file>rts2800_fpu32.lib</file>
         <name>ctype.c.obj</name>
      </input_file>
      <input_file id="fl-4a">
         <path>D:\ti\ccsv8\tools\compiler\ti-cgt-c2000_18.1.1.LTS\lib\</path>
         <kind>archive</kind>
         <file>rts2800_fpu32.lib</file>
         <name>defs.c.obj</name>
      </input_file>
      <input_file id="fl-4b">
         <path>D:\ti\ccsv8\tools\compiler\ti-cgt-c2000_18.1.1.LTS\lib\</path>
         <kind>archive</kind>
         <file>rts2800_fpu32.lib</file>
         <name>fputc.c.obj</name>
      </input_file>
      <input_file id="fl-4c">
         <path>D:\ti\ccsv8\tools\compiler\ti-cgt-c2000_18.1.1.LTS\lib\</path>
         <kind>archive</kind>
         <file>rts2800_fpu32.lib</file>
         <name>fputs.c.obj</name>
      </input_file>
      <input_file id="fl-4d">
         <path>D:\ti\ccsv8\tools\compiler\ti-cgt-c2000_18.1.1.LTS\lib\</path>
         <kind>archive</kind>
         <file>rts2800_fpu32.lib</file>
         <name>ltoa.c.obj</name>
      </input_file>
      <input_file id="fl-4e">
         <path>D:\ti\ccsv8\tools\compiler\ti-cgt-c2000_18.1.1.LTS\lib\</path>
         <kind>archive</kind>
         <file>rts2800_fpu32.lib</file>
         <name>memccpy.c.obj</name>
      </input_file>
      <input_file id="fl-4f">
         <path>D:\ti\ccsv8\tools\compiler\ti-cgt-c2000_18.1.1.LTS\lib\</path>
         <kind>archive</kind>
         <file>rts2800_fpu32.lib</file>
         <name>memchr.c.obj</name>
      </input_file>
      <input_file id="fl-50">
         <path>D:\ti\ccsv8\tools\compiler\ti-cgt-c2000_18.1.1.LTS\lib\</path>
         <kind>archive</kind>
         <file>rts2800_fpu32.lib</file>
         <name>memset.c.obj</name>
      </input_file>
      <input_file id="fl-51">
         <path>D:\ti\ccsv8\tools\compiler\ti-cgt-c2000_18.1.1.LTS\lib\</path>
         <kind>archive</kind>
         <file>rts2800_fpu32.lib</file>
         <name>strchr.c.obj</name>
      </input_file>
      <input_file id="fl-52">
         <path>D:\ti\ccsv8\tools\compiler\ti-cgt-c2000_18.1.1.LTS\lib\</path>
         <kind>archive</kind>
         <file>rts2800_fpu32.lib</file>
         <name>strcpy.c.obj</name>
      </input_file>
      <input_file id="fl-53">
         <path>D:\ti\ccsv8\tools\compiler\ti-cgt-c2000_18.1.1.LTS\lib\</path>
         <kind>archive</kind>
         <file>rts2800_fpu32.lib</file>
         <name>strlen.c.obj</name>
      </input_file>
      <input_file id="fl-54">
         <path>D:\ti\ccsv8\tools\compiler\ti-cgt-c2000_18.1.1.LTS\lib\</path>
         <kind>archive</kind>
         <file>rts2800_fpu32.lib</file>
         <name>write.c.obj</name>
      </input_file>
      <input_file id="fl-55">
         <path>D:\ti\ccsv8\tools\compiler\ti-cgt-c2000_18.1.1.LTS\lib\</path>
         <kind>archive</kind>
         <file>rts2800_fpu32.lib</file>
         <name>s_frexp.c.obj</name>
      </input_file>
      <input_file id="fl-56">
         <path>D:\ti\ccsv8\tools\compiler\ti-cgt-c2000_18.1.1.LTS\lib\</path>
         <kind>archive</kind>
         <file>rts2800_fpu32.lib</file>
         <name>s_scalbn.c.obj</name>
      </input_file>
      <input_file id="fl-57">
         <path>D:\ti\ccsv8\tools\compiler\ti-cgt-c2000_18.1.1.LTS\lib\</path>
         <kind>archive</kind>
         <file>rts2800_fpu32.lib</file>
         <name>s_copysign.c.obj</name>
      </input_file>
      <input_file id="fl-58">
         <path>D:\ti\ccsv8\tools\compiler\ti-cgt-c2000_18.1.1.LTS\lib\</path>
         <kind>archive</kind>
         <file>rts2800_fpu32.lib</file>
         <name>fd_add28.asm.obj</name>
      </input_file>
      <input_file id="fl-59">
         <path>D:\ti\ccsv8\tools\compiler\ti-cgt-c2000_18.1.1.LTS\lib\</path>
         <kind>archive</kind>
         <file>rts2800_fpu32.lib</file>
         <name>fd_cmp28.asm.obj</name>
      </input_file>
      <input_file id="fl-5a">
         <path>D:\ti\ccsv8\tools\compiler\ti-cgt-c2000_18.1.1.LTS\lib\</path>
         <kind>archive</kind>
         <file>rts2800_fpu32.lib</file>
         <name>fd_div28.asm.obj</name>
      </input_file>
      <input_file id="fl-5b">
         <path>D:\ti\ccsv8\tools\compiler\ti-cgt-c2000_18.1.1.LTS\lib\</path>
         <kind>archive</kind>
         <file>rts2800_fpu32.lib</file>
         <name>fd_mpy28.asm.obj</name>
      </input_file>
      <input_file id="fl-5c">
         <path>D:\ti\ccsv8\tools\compiler\ti-cgt-c2000_18.1.1.LTS\lib\</path>
         <kind>archive</kind>
         <file>rts2800_fpu32.lib</file>
         <name>fd_neg28.asm.obj</name>
      </input_file>
      <input_file id="fl-5d">
         <path>D:\ti\ccsv8\tools\compiler\ti-cgt-c2000_18.1.1.LTS\lib\</path>
         <kind>archive</kind>
         <file>rts2800_fpu32.lib</file>
         <name>fd_sub28.asm.obj</name>
      </input_file>
      <input_file id="fl-5e">
         <path>D:\ti\ccsv8\tools\compiler\ti-cgt-c2000_18.1.1.LTS\lib\</path>
         <kind>archive</kind>
         <file>rts2800_fpu32.lib</file>
         <name>fd_toi28.asm.obj</name>
      </input_file>
      <input_file id="fl-5f">
         <path>D:\ti\ccsv8\tools\compiler\ti-cgt-c2000_18.1.1.LTS\lib\</path>
         <kind>archive</kind>
         <file>rts2800_fpu32.lib</file>
         <name>fd_tol28.asm.obj</name>
      </input_file>
      <input_file id="fl-60">
         <path>D:\ti\ccsv8\tools\compiler\ti-cgt-c2000_18.1.1.LTS\lib\</path>
         <kind>archive</kind>
         <file>rts2800_fpu32.lib</file>
         <name>ll_aox28.asm.obj</name>
      </input_file>
      <input_file id="fl-61">
         <path>D:\ti\ccsv8\tools\compiler\ti-cgt-c2000_18.1.1.LTS\lib\</path>
         <kind>archive</kind>
         <file>rts2800_fpu32.lib</file>
         <name>ll_cmp28.asm.obj</name>
      </input_file>
      <input_file id="fl-62">
         <path>D:\ti\ccsv8\tools\compiler\ti-cgt-c2000_18.1.1.LTS\lib\</path>
         <kind>archive</kind>
         <file>rts2800_fpu32.lib</file>
         <name>ll_div28.asm.obj</name>
      </input_file>
      <input_file id="fl-63">
         <path>D:\ti\ccsv8\tools\compiler\ti-cgt-c2000_18.1.1.LTS\lib\</path>
         <kind>archive</kind>
         <file>rts2800_fpu32.lib</file>
         <name>i_tofd28.asm.obj</name>
      </input_file>
      <input_file id="fl-64">
         <path>D:\ti\ccsv8\tools\compiler\ti-cgt-c2000_18.1.1.LTS\lib\</path>
         <kind>archive</kind>
         <file>rts2800_fpu32.lib</file>
         <name>l_tofd28.asm.obj</name>
      </input_file>
      <input_file id="fl-65">
         <path>D:\ti\ccsv8\tools\compiler\ti-cgt-c2000_18.1.1.LTS\lib\</path>
         <kind>archive</kind>
         <file>rts2800_fpu32.lib</file>
         <name>fs_tofdfpu32.asm.obj</name>
      </input_file>
      <input_file id="fl-66">
         <path>D:\ti\ccsv8\tools\compiler\ti-cgt-c2000_18.1.1.LTS\lib\</path>
         <kind>archive</kind>
         <file>rts2800_fpu32.lib</file>
         <name>errno.c.obj</name>
      </input_file>
      <input_file id="fl-67">
         <path>D:\ti\ccsv8\tools\compiler\ti-cgt-c2000_18.1.1.LTS\lib\</path>
         <kind>archive</kind>
         <file>rts2800_fpu32.lib</file>
         <name>wcslen.c.obj</name>
      </input_file>
      <input_file id="fl-68">
         <path>D:\ti\ccsv8\tools\compiler\ti-cgt-c2000_18.1.1.LTS\lib\</path>
         <kind>archive</kind>
         <file>rts2800_fpu32.lib</file>
         <name>_io_perm.c.obj</name>
      </input_file>
      <input_file id="fl-69">
         <path>D:\ti\ccsv8\tools\compiler\ti-cgt-c2000_18.1.1.LTS\lib\</path>
         <kind>archive</kind>
         <file>rts2800_fpu32.lib</file>
         <name>fflush.c.obj</name>
      </input_file>
      <input_file id="fl-6a">
         <path>D:\ti\ccsv8\tools\compiler\ti-cgt-c2000_18.1.1.LTS\lib\</path>
         <kind>archive</kind>
         <file>rts2800_fpu32.lib</file>
         <name>fseek.c.obj</name>
      </input_file>
      <input_file id="fl-6b">
         <path>D:\ti\ccsv8\tools\compiler\ti-cgt-c2000_18.1.1.LTS\lib\</path>
         <kind>archive</kind>
         <file>rts2800_fpu32.lib</file>
         <name>lseek.c.obj</name>
      </input_file>
      <input_file id="fl-6c">
         <path>D:\ti\ccsv8\tools\compiler\ti-cgt-c2000_18.1.1.LTS\lib\</path>
         <kind>archive</kind>
         <file>rts2800_fpu32.lib</file>
         <name>setvbuf.c.obj</name>
      </input_file>
      <input_file id="fl-6d">
         <path>D:\ti\ccsv8\tools\compiler\ti-cgt-c2000_18.1.1.LTS\lib\</path>
         <kind>archive</kind>
         <file>rts2800_fpu32.lib</file>
         <name>hostclose.c.obj</name>
      </input_file>
      <input_file id="fl-6e">
         <path>D:\ti\ccsv8\tools\compiler\ti-cgt-c2000_18.1.1.LTS\lib\</path>
         <kind>archive</kind>
         <file>rts2800_fpu32.lib</file>
         <name>hostlseek.c.obj</name>
      </input_file>
      <input_file id="fl-6f">
         <path>D:\ti\ccsv8\tools\compiler\ti-cgt-c2000_18.1.1.LTS\lib\</path>
         <kind>archive</kind>
         <file>rts2800_fpu32.lib</file>
         <name>hostopen.c.obj</name>
      </input_file>
      <input_file id="fl-70">
         <path>D:\ti\ccsv8\tools\compiler\ti-cgt-c2000_18.1.1.LTS\lib\</path>
         <kind>archive</kind>
         <file>rts2800_fpu32.lib</file>
         <name>hostread.c.obj</name>
      </input_file>
      <input_file id="fl-71">
         <path>D:\ti\ccsv8\tools\compiler\ti-cgt-c2000_18.1.1.LTS\lib\</path>
         <kind>archive</kind>
         <file>rts2800_fpu32.lib</file>
         <name>hostrename.c.obj</name>
      </input_file>
      <input_file id="fl-72">
         <path>D:\ti\ccsv8\tools\compiler\ti-cgt-c2000_18.1.1.LTS\lib\</path>
         <kind>archive</kind>
         <file>rts2800_fpu32.lib</file>
         <name>hostunlink.c.obj</name>
      </input_file>
      <input_file id="fl-73">
         <path>D:\ti\ccsv8\tools\compiler\ti-cgt-c2000_18.1.1.LTS\lib\</path>
         <kind>archive</kind>
         <file>rts2800_fpu32.lib</file>
         <name>hostwrite.c.obj</name>
      </input_file>
      <input_file id="fl-74">
         <path>D:\ti\ccsv8\tools\compiler\ti-cgt-c2000_18.1.1.LTS\lib\</path>
         <kind>archive</kind>
         <file>rts2800_fpu32.lib</file>
         <name>trgmsg.c.obj</name>
      </input_file>
      <input_file id="fl-75">
         <path>D:\ti\ccsv8\tools\compiler\ti-cgt-c2000_18.1.1.LTS\lib\</path>
         <kind>archive</kind>
         <file>rts2800_fpu32.lib</file>
         <name>fopen.c.obj</name>
      </input_file>
      <input_file id="fl-76">
         <path>D:\ti\ccsv8\tools\compiler\ti-cgt-c2000_18.1.1.LTS\lib\</path>
         <kind>archive</kind>
         <file>rts2800_fpu32.lib</file>
         <name>open.c.obj</name>
      </input_file>
      <input_file id="fl-77">
         <path>D:\ti\ccsv8\tools\compiler\ti-cgt-c2000_18.1.1.LTS\lib\</path>
         <kind>archive</kind>
         <file>rts2800_fpu32.lib</file>
         <name>fclose.c.obj</name>
      </input_file>
      <input_file id="fl-78">
         <path>D:\ti\ccsv8\tools\compiler\ti-cgt-c2000_18.1.1.LTS\lib\</path>
         <kind>archive</kind>
         <file>rts2800_fpu32.lib</file>
         <name>getdevice.c.obj</name>
      </input_file>
      <input_file id="fl-79">
         <path>D:\ti\ccsv8\tools\compiler\ti-cgt-c2000_18.1.1.LTS\lib\</path>
         <kind>archive</kind>
         <file>rts2800_fpu32.lib</file>
         <name>remove.c.obj</name>
      </input_file>
      <input_file id="fl-7a">
         <path>D:\ti\ccsv8\tools\compiler\ti-cgt-c2000_18.1.1.LTS\lib\</path>
         <kind>archive</kind>
         <file>rts2800_fpu32.lib</file>
         <name>strcmp.c.obj</name>
      </input_file>
      <input_file id="fl-7b">
         <path>D:\ti\ccsv8\tools\compiler\ti-cgt-c2000_18.1.1.LTS\lib\</path>
         <kind>archive</kind>
         <file>rts2800_fpu32.lib</file>
         <name>strncpy.c.obj</name>
      </input_file>
      <input_file id="fl-7c">
         <path>D:\ti\ccsv8\tools\compiler\ti-cgt-c2000_18.1.1.LTS\lib\</path>
         <kind>archive</kind>
         <file>rts2800_fpu32.lib</file>
         <name>unlink.c.obj</name>
      </input_file>
      <input_file id="fl-7d">
         <path>D:\ti\ccsv8\tools\compiler\ti-cgt-c2000_18.1.1.LTS\lib\</path>
         <kind>archive</kind>
         <file>rts2800_fpu32.lib</file>
         <name>close.c.obj</name>
      </input_file>
   </input_file_list>
   <object_component_list>
      <object_component id="oc-141">
         <name>.cinit</name>
         <load_address>0x3f1a4c</load_address>
         <run_address>0x3f1a4c</run_address>
         <size>0x9c</size>
         <input_file_ref idref="fl-24"/>
      </object_component>
      <object_component id="oc-117">
         <name>.cinit</name>
         <load_address>0x3f1ae8</load_address>
         <run_address>0x3f1ae8</run_address>
         <size>0x7d</size>
         <input_file_ref idref="fl-1d"/>
      </object_component>
      <object_component id="oc-1a8">
         <name>.cinit</name>
         <load_address>0x3f1b65</load_address>
         <run_address>0x3f1b65</run_address>
         <size>0x2a</size>
         <input_file_ref idref="fl-4a"/>
      </object_component>
      <object_component id="oc-1da">
         <name>.cinit</name>
         <load_address>0x3f1b8f</load_address>
         <run_address>0x3f1b8f</run_address>
         <size>0x29</size>
         <input_file_ref idref="fl-54"/>
      </object_component>
      <object_component id="oc-148">
         <name>.cinit</name>
         <load_address>0x3f1bb8</load_address>
         <run_address>0x3f1bb8</run_address>
         <size>0x1d</size>
         <input_file_ref idref="fl-25"/>
      </object_component>
      <object_component id="oc-17c">
         <name>.cinit</name>
         <load_address>0x3f1bd5</load_address>
         <run_address>0x3f1bd5</run_address>
         <size>0xe</size>
         <input_file_ref idref="fl-42"/>
      </object_component>
      <object_component id="oc-12b">
         <name>.cinit</name>
         <load_address>0x3f1be3</load_address>
         <run_address>0x3f1be3</run_address>
         <size>0xc</size>
         <input_file_ref idref="fl-20"/>
      </object_component>
      <object_component id="oc-124">
         <name>.cinit</name>
         <load_address>0x3f1bef</load_address>
         <run_address>0x3f1bef</run_address>
         <size>0x8</size>
         <input_file_ref idref="fl-1f"/>
      </object_component>
      <object_component id="oc-2c5">
         <name>.cinit:__lock</name>
         <load_address>0x3f1bf7</load_address>
         <run_address>0x3f1bf7</run_address>
         <size>0x5</size>
         <input_file_ref idref="fl-44"/>
      </object_component>
      <object_component id="oc-2d2">
         <name>.cinit:__unlock</name>
         <load_address>0x3f1bfc</load_address>
         <run_address>0x3f1bfc</run_address>
         <size>0x5</size>
         <input_file_ref idref="fl-44"/>
      </object_component>
      <object_component id="oc-238">
         <name>.cinit</name>
         <load_address>0x3f1c01</load_address>
         <run_address>0x3f1c01</run_address>
         <size>0x4</size>
         <input_file_ref idref="fl-66"/>
      </object_component>
      <object_component id="oc-284">
         <name>.cinit</name>
         <load_address>0x3f1c05</load_address>
         <run_address>0x3f1c05</run_address>
         <size>0x4</size>
         <input_file_ref idref="fl-75"/>
      </object_component>
      <object_component id="oc-183">
         <name>.cinit</name>
         <load_address>0x3f1c09</load_address>
         <run_address>0x3f1c09</run_address>
         <size>0x4</size>
         <input_file_ref idref="fl-43"/>
      </object_component>
      <object_component id="oc-28b">
         <name>.cinit</name>
         <load_address>0x3f1c0d</load_address>
         <run_address>0x3f1c0d</run_address>
         <size>0x4</size>
         <input_file_ref idref="fl-76"/>
      </object_component>
      <object_component id="oc-71">
         <name>.text:retain</name>
         <load_address>0x3f0000</load_address>
         <run_address>0x3f0000</run_address>
         <size>0x39b</size>
         <input_file_ref idref="fl-7"/>
      </object_component>
      <object_component id="oc-2dc">
         <name>.text</name>
         <load_address>0x3f039b</load_address>
         <run_address>0x3f039b</run_address>
         <size>0x1e2</size>
         <input_file_ref idref="fl-2"/>
      </object_component>
      <object_component id="oc-2ca">
         <name>.text</name>
         <load_address>0x3f057d</load_address>
         <run_address>0x3f057d</run_address>
         <size>0x197</size>
         <input_file_ref idref="fl-1e"/>
      </object_component>
      <object_component id="oc-2d4">
         <name>.text</name>
         <load_address>0x3f0714</load_address>
         <run_address>0x3f0714</run_address>
         <size>0x18e</size>
         <input_file_ref idref="fl-18"/>
      </object_component>
      <object_component id="oc-2b9">
         <name>.text</name>
         <load_address>0x3f08a2</load_address>
         <run_address>0x3f08a2</run_address>
         <size>0x139</size>
         <input_file_ref idref="fl-1f"/>
      </object_component>
      <object_component id="oc-2c9">
         <name>.text</name>
         <load_address>0x3f09db</load_address>
         <run_address>0x3f09db</run_address>
         <size>0x124</size>
         <input_file_ref idref="fl-20"/>
      </object_component>
      <object_component id="oc-223">
         <name>.text</name>
         <load_address>0x3f0aff</load_address>
         <run_address>0x3f0aff</run_address>
         <size>0x107</size>
         <input_file_ref idref="fl-62"/>
      </object_component>
      <object_component id="oc-2da">
         <name>.text</name>
         <load_address>0x3f0c06</load_address>
         <run_address>0x3f0c06</run_address>
         <size>0x105</size>
         <input_file_ref idref="fl-c"/>
      </object_component>
      <object_component id="oc-2c7">
         <name>.text</name>
         <load_address>0x3f0d0b</load_address>
         <run_address>0x3f0d0b</run_address>
         <size>0xc0</size>
         <input_file_ref idref="fl-22"/>
      </object_component>
      <object_component id="oc-1f1">
         <name>.text</name>
         <load_address>0x3f0dcb</load_address>
         <run_address>0x3f0dcb</run_address>
         <size>0x9c</size>
         <input_file_ref idref="fl-58"/>
      </object_component>
      <object_component id="oc-2b6">
         <name>.text</name>
         <load_address>0x3f0e67</load_address>
         <run_address>0x3f0e67</run_address>
         <size>0x1</size>
         <input_file_ref idref="fl-41"/>
      </object_component>
      <object_component id="oc-2d0">
         <name>.text</name>
         <load_address>0x3f0e68</load_address>
         <run_address>0x3f0e68</run_address>
         <size>0x94</size>
         <input_file_ref idref="fl-74"/>
      </object_component>
      <object_component id="oc-1fb">
         <name>.text</name>
         <load_address>0x3f0efc</load_address>
         <run_address>0x3f0efc</run_address>
         <size>0x8b</size>
         <input_file_ref idref="fl-5a"/>
      </object_component>
      <object_component id="oc-158">
         <name>.text</name>
         <load_address>0x3f0f87</load_address>
         <run_address>0x3f0f87</run_address>
         <size>0x88</size>
         <input_file_ref idref="fl-3b"/>
      </object_component>
      <object_component id="oc-200">
         <name>.text</name>
         <load_address>0x3f100f</load_address>
         <run_address>0x3f100f</run_address>
         <size>0x83</size>
         <input_file_ref idref="fl-5b"/>
      </object_component>
      <object_component id="oc-2c8">
         <name>.text</name>
         <load_address>0x3f1092</load_address>
         <run_address>0x3f1092</run_address>
         <size>0x81</size>
         <input_file_ref idref="fl-24"/>
      </object_component>
      <object_component id="oc-2ba">
         <name>.text</name>
         <load_address>0x3f1113</load_address>
         <run_address>0x3f1113</run_address>
         <size>0x74</size>
         <input_file_ref idref="fl-25"/>
      </object_component>
      <object_component id="oc-2c6">
         <name>.text</name>
         <load_address>0x3f1187</load_address>
         <run_address>0x3f1187</run_address>
         <size>0x64</size>
         <input_file_ref idref="fl-21"/>
      </object_component>
      <object_component id="oc-2bf">
         <name>.text</name>
         <load_address>0x3f11eb</load_address>
         <run_address>0x3f11eb</run_address>
         <size>0x61</size>
         <input_file_ref idref="fl-6e"/>
      </object_component>
      <object_component id="oc-2dd">
         <name>.text</name>
         <load_address>0x3f124c</load_address>
         <run_address>0x3f124c</run_address>
         <size>0x5f</size>
         <input_file_ref idref="fl-d"/>
      </object_component>
      <object_component id="oc-2ce">
         <name>.text</name>
         <load_address>0x3f12ab</load_address>
         <run_address>0x3f12ab</run_address>
         <size>0x5e</size>
         <input_file_ref idref="fl-5"/>
      </object_component>
      <object_component id="oc-54">
         <name>.text</name>
         <load_address>0x3f1309</load_address>
         <run_address>0x3f1309</run_address>
         <size>0x56</size>
         <input_file_ref idref="fl-3a"/>
      </object_component>
      <object_component id="oc-2bb">
         <name>.text</name>
         <load_address>0x3f135f</load_address>
         <run_address>0x3f135f</run_address>
         <size>0x40</size>
         <input_file_ref idref="fl-6f"/>
      </object_component>
      <object_component id="oc-2bd">
         <name>.text</name>
         <load_address>0x3f139f</load_address>
         <run_address>0x3f139f</run_address>
         <size>0x3f</size>
         <input_file_ref idref="fl-70"/>
      </object_component>
      <object_component id="oc-2c1">
         <name>.text</name>
         <load_address>0x3f13de</load_address>
         <run_address>0x3f13de</run_address>
         <size>0x3e</size>
         <input_file_ref idref="fl-71"/>
      </object_component>
      <object_component id="oc-2be">
         <name>.text</name>
         <load_address>0x3f141c</load_address>
         <run_address>0x3f141c</run_address>
         <size>0x38</size>
         <input_file_ref idref="fl-73"/>
      </object_component>
      <object_component id="oc-2cb">
         <name>.text</name>
         <load_address>0x3f1454</load_address>
         <run_address>0x3f1454</run_address>
         <size>0x38</size>
         <input_file_ref idref="fl-23"/>
      </object_component>
      <object_component id="oc-1f6">
         <name>.text</name>
         <load_address>0x3f148c</load_address>
         <run_address>0x3f148c</run_address>
         <size>0x2a</size>
         <input_file_ref idref="fl-59"/>
      </object_component>
      <object_component id="oc-162">
         <name>.text</name>
         <load_address>0x3f14b6</load_address>
         <run_address>0x3f14b6</run_address>
         <size>0x2a</size>
         <input_file_ref idref="fl-3d"/>
      </object_component>
      <object_component id="oc-2b8">
         <name>.text</name>
         <load_address>0x3f14e0</load_address>
         <run_address>0x3f14e0</run_address>
         <size>0x29</size>
         <input_file_ref idref="fl-42"/>
      </object_component>
      <object_component id="oc-2bc">
         <name>.text</name>
         <load_address>0x3f1509</load_address>
         <run_address>0x3f1509</run_address>
         <size>0x29</size>
         <input_file_ref idref="fl-6d"/>
      </object_component>
      <object_component id="oc-2d5">
         <name>.text</name>
         <load_address>0x3f1532</load_address>
         <run_address>0x3f1532</run_address>
         <size>0x28</size>
         <input_file_ref idref="fl-14"/>
      </object_component>
      <object_component id="oc-2b5">
         <name>.text</name>
         <load_address>0x3f155a</load_address>
         <run_address>0x3f155a</run_address>
         <size>0x24</size>
         <input_file_ref idref="fl-3e"/>
      </object_component>
      <object_component id="oc-2c0">
         <name>.text</name>
         <load_address>0x3f157e</load_address>
         <run_address>0x3f157e</run_address>
         <size>0x24</size>
         <input_file_ref idref="fl-72"/>
      </object_component>
      <object_component id="oc-20f">
         <name>.text</name>
         <load_address>0x3f15a2</load_address>
         <run_address>0x3f15a2</run_address>
         <size>0x21</size>
         <input_file_ref idref="fl-5e"/>
      </object_component>
      <object_component id="oc-214">
         <name>.text</name>
         <load_address>0x3f15c3</load_address>
         <run_address>0x3f15c3</run_address>
         <size>0x1f</size>
         <input_file_ref idref="fl-5f"/>
      </object_component>
      <object_component id="oc-21e">
         <name>.text</name>
         <load_address>0x3f15e2</load_address>
         <run_address>0x3f15e2</run_address>
         <size>0x1e</size>
         <input_file_ref idref="fl-61"/>
      </object_component>
      <object_component id="oc-2c2">
         <name>.text</name>
         <load_address>0x3f1600</load_address>
         <run_address>0x3f1600</run_address>
         <size>0x1e</size>
         <input_file_ref idref="fl-3f"/>
      </object_component>
      <object_component id="oc-2c3">
         <name>.text</name>
         <load_address>0x3f161e</load_address>
         <run_address>0x3f161e</run_address>
         <size>0x1d</size>
         <input_file_ref idref="fl-1c"/>
      </object_component>
      <object_component id="oc-228">
         <name>.text</name>
         <load_address>0x3f163b</load_address>
         <run_address>0x3f163b</run_address>
         <size>0x1d</size>
         <input_file_ref idref="fl-63"/>
      </object_component>
      <object_component id="oc-232">
         <name>.text</name>
         <load_address>0x3f1658</load_address>
         <run_address>0x3f1658</run_address>
         <size>0x1c</size>
         <input_file_ref idref="fl-65"/>
      </object_component>
      <object_component id="oc-22d">
         <name>.text</name>
         <load_address>0x3f1674</load_address>
         <run_address>0x3f1674</run_address>
         <size>0x1c</size>
         <input_file_ref idref="fl-64"/>
      </object_component>
      <object_component id="oc-2d9">
         <name>.text</name>
         <load_address>0x3f1690</load_address>
         <run_address>0x3f1690</run_address>
         <size>0x1a</size>
         <input_file_ref idref="fl-f"/>
      </object_component>
      <object_component id="oc-2b7">
         <name>.text</name>
         <load_address>0x3f16aa</load_address>
         <run_address>0x3f16aa</run_address>
         <size>0x19</size>
         <input_file_ref idref="fl-45"/>
      </object_component>
      <object_component id="oc-219">
         <name>.text</name>
         <load_address>0x3f16c3</load_address>
         <run_address>0x3f16c3</run_address>
         <size>0x18</size>
         <input_file_ref idref="fl-60"/>
      </object_component>
      <object_component id="oc-2d6">
         <name>.text</name>
         <load_address>0x3f16db</load_address>
         <run_address>0x3f16db</run_address>
         <size>0x11</size>
         <input_file_ref idref="fl-15"/>
      </object_component>
      <object_component id="oc-20a">
         <name>.text</name>
         <load_address>0x3f16ec</load_address>
         <run_address>0x3f16ec</run_address>
         <size>0xe</size>
         <input_file_ref idref="fl-5d"/>
      </object_component>
      <object_component id="oc-15d">
         <name>.text</name>
         <load_address>0x3f16fa</load_address>
         <run_address>0x3f16fa</run_address>
         <size>0xb</size>
         <input_file_ref idref="fl-3c"/>
      </object_component>
      <object_component id="oc-2d8">
         <name>.text</name>
         <load_address>0x3f1705</load_address>
         <run_address>0x3f1705</run_address>
         <size>0x9</size>
         <input_file_ref idref="fl-44"/>
      </object_component>
      <object_component id="oc-205">
         <name>.text</name>
         <load_address>0x3f170e</load_address>
         <run_address>0x3f170e</run_address>
         <size>0x9</size>
         <input_file_ref idref="fl-5c"/>
      </object_component>
      <object_component id="oc-5a">
         <name>.text</name>
         <load_address>0x3f1717</load_address>
         <run_address>0x3f1717</run_address>
         <size>0x8</size>
         <input_file_ref idref="fl-3"/>
      </object_component>
      <object_component id="oc-2cf">
         <name>.text</name>
         <load_address>0x3f171f</load_address>
         <run_address>0x3f171f</run_address>
         <size>0x8</size>
         <input_file_ref idref="fl-53"/>
      </object_component>
      <object_component id="oc-76">
         <name>.text</name>
         <load_address>0x3f1727</load_address>
         <run_address>0x3f1727</run_address>
         <size>0x7</size>
         <input_file_ref idref="fl-8"/>
      </object_component>
      <object_component id="oc-2d3">
         <name>.text</name>
         <load_address>0x3f172e</load_address>
         <run_address>0x3f172e</run_address>
         <size>0x5</size>
         <input_file_ref idref="fl-52"/>
      </object_component>
      <object_component id="oc-6b">
         <name>.text</name>
         <load_address>0x3f1733</load_address>
         <run_address>0x3f1733</run_address>
         <size>0x3</size>
         <input_file_ref idref="fl-6"/>
      </object_component>
      <object_component id="oc-2b4">
         <name>.text</name>
         <load_address>0x3f1736</load_address>
         <run_address>0x3f1736</run_address>
         <size>0x2</size>
         <input_file_ref idref="fl-40"/>
      </object_component>
      <object_component id="oc-5b">
         <name>codestart</name>
         <load_address>0x3f7ff6</load_address>
         <run_address>0x3f7ff6</run_address>
         <size>0x2</size>
         <input_file_ref idref="fl-3"/>
      </object_component>
      <object_component id="oc-2cc">
         <name>ramfuncs</name>
         <load_address>0x3e8000</load_address>
         <run_address>0x8000</run_address>
         <size>0x56e</size>
         <input_file_ref idref="fl-1f"/>
      </object_component>
      <object_component id="oc-2cd">
         <name>ramfuncs</name>
         <load_address>0x3e856e</load_address>
         <run_address>0x856e</run_address>
         <size>0x1ea</size>
         <input_file_ref idref="fl-24"/>
      </object_component>
      <object_component id="oc-2db">
         <name>ramfuncs</name>
         <load_address>0x3e8758</load_address>
         <run_address>0x8758</run_address>
         <size>0x114</size>
         <input_file_ref idref="fl-1e"/>
      </object_component>
      <object_component id="oc-14d">
         <name>ramfuncs:retain</name>
         <load_address>0x3e886c</load_address>
         <run_address>0x886c</run_address>
         <size>0xd7</size>
         <input_file_ref idref="fl-25"/>
      </object_component>
      <object_component id="oc-2d7">
         <name>ramfuncs</name>
         <load_address>0x3e8943</load_address>
         <run_address>0x8943</run_address>
         <size>0x1d</size>
         <input_file_ref idref="fl-18"/>
      </object_component>
      <object_component id="oc-106">
         <name>ramfuncs</name>
         <load_address>0x3e8960</load_address>
         <run_address>0x8960</run_address>
         <size>0x4</size>
         <input_file_ref idref="fl-1a"/>
      </object_component>
      <object_component id="oc-152">
         <name>.stack</name>
         <uninitialized>true</uninitialized>
         <run_address>0x50</run_address>
         <size>0x0</size>
         <input_file_ref idref="fl-3a"/>
      </object_component>
      <object_component id="oc-33a">
         <name>.stack</name>
         <uninitialized>true</uninitialized>
         <run_address>0x50</run_address>
         <size>0x0</size>
      </object_component>
      <object_component id="oc-66">
         <name>.ebss</name>
         <uninitialized>true</uninitialized>
         <run_address>0x9160</run_address>
         <size>0x18</size>
         <input_file_ref idref="fl-5"/>
      </object_component>
      <object_component id="oc-119">
         <name>.ebss</name>
         <uninitialized>true</uninitialized>
         <run_address>0x9300</run_address>
         <size>0x78</size>
         <input_file_ref idref="fl-1d"/>
      </object_component>
      <object_component id="oc-125">
         <name>.ebss</name>
         <uninitialized>true</uninitialized>
         <run_address>0x9180</run_address>
         <size>0x96</size>
         <input_file_ref idref="fl-1f"/>
      </object_component>
      <object_component id="oc-12c">
         <name>.ebss</name>
         <uninitialized>true</uninitialized>
         <run_address>0x9224</run_address>
         <size>0x6</size>
         <input_file_ref idref="fl-20"/>
      </object_component>
      <object_component id="oc-142">
         <name>.ebss</name>
         <uninitialized>true</uninitialized>
         <run_address>0x9380</run_address>
         <size>0x5e</size>
         <input_file_ref idref="fl-24"/>
      </object_component>
      <object_component id="oc-149">
         <name>.ebss</name>
         <uninitialized>true</uninitialized>
         <run_address>0x922a</run_address>
         <size>0x6</size>
         <input_file_ref idref="fl-25"/>
      </object_component>
      <object_component id="oc-17d">
         <name>.ebss</name>
         <uninitialized>true</uninitialized>
         <run_address>0x921e</run_address>
         <size>0x6</size>
         <input_file_ref idref="fl-42"/>
      </object_component>
      <object_component id="oc-184">
         <name>.ebss</name>
         <uninitialized>true</uninitialized>
         <run_address>0x9216</run_address>
         <size>0x8</size>
         <input_file_ref idref="fl-43"/>
      </object_component>
      <object_component id="oc-2d1">
         <name>.ebss:__unlock</name>
         <uninitialized>true</uninitialized>
         <run_address>0x9232</run_address>
         <size>0x2</size>
         <input_file_ref idref="fl-44"/>
      </object_component>
      <object_component id="oc-2c4">
         <name>.ebss:__lock</name>
         <uninitialized>true</uninitialized>
         <run_address>0x9230</run_address>
         <size>0x2</size>
         <input_file_ref idref="fl-44"/>
      </object_component>
      <object_component id="oc-1a9">
         <name>.ebss</name>
         <uninitialized>true</uninitialized>
         <run_address>0x9000</run_address>
         <size>0x160</size>
         <input_file_ref idref="fl-4a"/>
      </object_component>
      <object_component id="oc-1db">
         <name>.ebss</name>
         <uninitialized>true</uninitialized>
         <run_address>0x9240</run_address>
         <size>0x88</size>
         <input_file_ref idref="fl-54"/>
      </object_component>
      <object_component id="oc-239">
         <name>.ebss</name>
         <uninitialized>true</uninitialized>
         <run_address>0x9234</run_address>
         <size>0x1</size>
         <input_file_ref idref="fl-66"/>
      </object_component>
      <object_component id="oc-264">
         <name>.ebss</name>
         <uninitialized>true</uninitialized>
         <run_address>0x9178</run_address>
         <size>0x8</size>
         <input_file_ref idref="fl-6f"/>
      </object_component>
      <object_component id="oc-285">
         <name>.ebss</name>
         <uninitialized>true</uninitialized>
         <run_address>0x9235</run_address>
         <size>0x1</size>
         <input_file_ref idref="fl-75"/>
      </object_component>
      <object_component id="oc-28c">
         <name>.ebss</name>
         <uninitialized>true</uninitialized>
         <run_address>0x9236</run_address>
         <size>0x1</size>
         <input_file_ref idref="fl-76"/>
      </object_component>
      <object_component id="oc-185">
         <name>.esysmem</name>
         <uninitialized>true</uninitialized>
         <run_address>0x8c00</run_address>
         <size>0x1</size>
         <input_file_ref idref="fl-43"/>
      </object_component>
      <object_component id="oc-33b">
         <name>.esysmem</name>
         <uninitialized>true</uninitialized>
         <run_address>0x8c00</run_address>
         <size>0x0</size>
      </object_component>
      <object_component id="oc-27e">
         <name>.cio</name>
         <uninitialized>true</uninitialized>
         <run_address>0x9400</run_address>
         <size>0x120</size>
         <input_file_ref idref="fl-74"/>
      </object_component>
      <object_component id="oc-10c">
         <name>.econst:.string</name>
         <load_address>0x3f1738</load_address>
         <run_address>0x3f1738</run_address>
         <size>0x1aa</size>
         <input_file_ref idref="fl-1b"/>
      </object_component>
      <object_component id="oc-2de">
         <name>.econst:_PieVectTableInit</name>
         <load_address>0x3f18e2</load_address>
         <run_address>0x3f18e2</run_address>
         <size>0x100</size>
         <input_file_ref idref="fl-15"/>
      </object_component>
      <object_component id="oc-19b">
         <name>.econst:.string</name>
         <load_address>0x3f19e2</load_address>
         <run_address>0x3f19e2</run_address>
         <size>0x26</size>
         <input_file_ref idref="fl-47"/>
      </object_component>
      <object_component id="oc-19a">
         <name>.econst</name>
         <load_address>0x3f1a08</load_address>
         <run_address>0x3f1a08</run_address>
         <size>0x1c</size>
         <input_file_ref idref="fl-47"/>
      </object_component>
      <object_component id="oc-1e7">
         <name>.econst</name>
         <load_address>0x3f1a24</load_address>
         <run_address>0x3f1a24</run_address>
         <size>0x1c</size>
         <input_file_ref idref="fl-56"/>
      </object_component>
      <object_component id="oc-1e1">
         <name>.econst</name>
         <load_address>0x3f1a40</load_address>
         <run_address>0x3f1a40</run_address>
         <size>0x8</size>
         <input_file_ref idref="fl-55"/>
      </object_component>
      <object_component id="oc-1b1">
         <name>.econst:.string</name>
         <load_address>0x3f1a48</load_address>
         <run_address>0x3f1a48</run_address>
         <size>0x2</size>
         <input_file_ref idref="fl-4c"/>
      </object_component>
      <object_component id="oc-118">
         <name>.econst</name>
         <load_address>0x3f1a4a</load_address>
         <run_address>0x3f1a4a</run_address>
         <size>0x2</size>
         <input_file_ref idref="fl-1d"/>
      </object_component>
      <object_component id="oc-14c">
         <name>SampData1</name>
         <uninitialized>true</uninitialized>
         <run_address>0xc000</run_address>
         <size>0x1b58</size>
         <input_file_ref idref="fl-25"/>
      </object_component>
      <object_component id="oc-14b">
         <name>SampData2</name>
         <uninitialized>true</uninitialized>
         <run_address>0xe000</run_address>
         <size>0x3e8</size>
         <input_file_ref idref="fl-25"/>
      </object_component>
      <object_component id="oc-14a">
         <name>SampData3</name>
         <uninitialized>true</uninitialized>
         <run_address>0x10000</run_address>
         <size>0x3e8</size>
         <input_file_ref idref="fl-25"/>
      </object_component>
      <object_component id="oc-153">
         <name>.reset</name>
         <load_address>0x3fffc0</load_address>
         <run_address>0x3fffc0</run_address>
         <size>0x2</size>
         <input_file_ref idref="fl-3a"/>
      </object_component>
      <object_component id="oc-cb">
         <name>PieVectTableFile</name>
         <uninitialized>true</uninitialized>
         <run_address>0xd00</run_address>
         <size>0x100</size>
         <input_file_ref idref="fl-e"/>
      </object_component>
      <object_component id="oc-96">
         <name>EmuKeyVar</name>
         <uninitialized>true</uninitialized>
         <run_address>0xd00</run_address>
         <size>0x1</size>
         <input_file_ref idref="fl-e"/>
      </object_component>
      <object_component id="oc-97">
         <name>EmuBModeVar</name>
         <uninitialized>true</uninitialized>
         <run_address>0xd01</run_address>
         <size>0x1</size>
         <input_file_ref idref="fl-e"/>
      </object_component>
      <object_component id="oc-98">
         <name>FlashCallbackVar</name>
         <uninitialized>true</uninitialized>
         <run_address>0xd02</run_address>
         <size>0x2</size>
         <input_file_ref idref="fl-e"/>
      </object_component>
      <object_component id="oc-99">
         <name>FlashScalingVar</name>
         <uninitialized>true</uninitialized>
         <run_address>0xd04</run_address>
         <size>0x2</size>
         <input_file_ref idref="fl-e"/>
      </object_component>
      <object_component id="oc-9b">
         <name>DevEmuRegsFile</name>
         <uninitialized>true</uninitialized>
         <run_address>0x880</run_address>
         <size>0x4</size>
         <input_file_ref idref="fl-e"/>
      </object_component>
      <object_component id="oc-9a">
         <name>SysPwrCtrlRegsFile</name>
         <uninitialized>true</uninitialized>
         <run_address>0x985</run_address>
         <size>0x3</size>
         <input_file_ref idref="fl-e"/>
      </object_component>
      <object_component id="oc-9c">
         <name>FlashRegsFile</name>
         <uninitialized>true</uninitialized>
         <run_address>0xa80</run_address>
         <size>0x8</size>
         <input_file_ref idref="fl-e"/>
      </object_component>
      <object_component id="oc-a6">
         <name>CsmRegsFile</name>
         <uninitialized>true</uninitialized>
         <run_address>0xae0</run_address>
         <size>0x10</size>
         <input_file_ref idref="fl-e"/>
      </object_component>
      <object_component id="oc-a3">
         <name>AdcResultFile</name>
         <uninitialized>true</uninitialized>
         <run_address>0xb00</run_address>
         <size>0x10</size>
         <input_file_ref idref="fl-e"/>
      </object_component>
      <object_component id="oc-9d">
         <name>CpuTimer0RegsFile</name>
         <uninitialized>true</uninitialized>
         <run_address>0xc00</run_address>
         <size>0x8</size>
         <input_file_ref idref="fl-e"/>
      </object_component>
      <object_component id="oc-a0">
         <name>CpuTimer1RegsFile</name>
         <uninitialized>true</uninitialized>
         <run_address>0xc08</run_address>
         <size>0x8</size>
         <input_file_ref idref="fl-e"/>
      </object_component>
      <object_component id="oc-9e">
         <name>CpuTimer2RegsFile</name>
         <uninitialized>true</uninitialized>
         <run_address>0xc10</run_address>
         <size>0x8</size>
         <input_file_ref idref="fl-e"/>
      </object_component>
      <object_component id="oc-ac">
         <name>PieCtrlRegsFile</name>
         <uninitialized>true</uninitialized>
         <run_address>0xce0</run_address>
         <size>0x1a</size>
         <input_file_ref idref="fl-e"/>
      </object_component>
      <object_component id="oc-c1">
         <name>Cla1RegsFile</name>
         <uninitialized>true</uninitialized>
         <run_address>0x1400</run_address>
         <size>0x40</size>
         <input_file_ref idref="fl-e"/>
      </object_component>
      <object_component id="oc-ca">
         <name>DmaRegsFile</name>
         <uninitialized>true</uninitialized>
         <run_address>0x1000</run_address>
         <size>0xe0</size>
         <input_file_ref idref="fl-e"/>
      </object_component>
      <object_component id="oc-bb">
         <name>ECanaRegsFile</name>
         <uninitialized>true</uninitialized>
         <run_address>0x6000</run_address>
         <size>0x34</size>
         <input_file_ref idref="fl-e"/>
      </object_component>
      <object_component id="oc-bf">
         <name>ECanaLAMRegsFile</name>
         <uninitialized>true</uninitialized>
         <run_address>0x6040</run_address>
         <size>0x40</size>
         <input_file_ref idref="fl-e"/>
      </object_component>
      <object_component id="oc-cc">
         <name>ECanaMboxesFile</name>
         <uninitialized>true</uninitialized>
         <run_address>0x6100</run_address>
         <size>0x100</size>
         <input_file_ref idref="fl-e"/>
      </object_component>
      <object_component id="oc-c0">
         <name>ECanaMOTSRegsFile</name>
         <uninitialized>true</uninitialized>
         <run_address>0x6080</run_address>
         <size>0x40</size>
         <input_file_ref idref="fl-e"/>
      </object_component>
      <object_component id="oc-bc">
         <name>ECanaMOTORegsFile</name>
         <uninitialized>true</uninitialized>
         <run_address>0x60c0</run_address>
         <size>0x40</size>
         <input_file_ref idref="fl-e"/>
      </object_component>
      <object_component id="oc-b4">
         <name>ECap1RegsFile</name>
         <uninitialized>true</uninitialized>
         <run_address>0x6a00</run_address>
         <size>0x20</size>
         <input_file_ref idref="fl-e"/>
      </object_component>
      <object_component id="oc-b3">
         <name>ECap2RegsFile</name>
         <uninitialized>true</uninitialized>
         <run_address>0x6a20</run_address>
         <size>0x20</size>
         <input_file_ref idref="fl-e"/>
      </object_component>
      <object_component id="oc-b5">
         <name>ECap3RegsFile</name>
         <uninitialized>true</uninitialized>
         <run_address>0x6a40</run_address>
         <size>0x20</size>
         <input_file_ref idref="fl-e"/>
      </object_component>
      <object_component id="oc-b8">
         <name>EQep1RegsFile</name>
         <uninitialized>true</uninitialized>
         <run_address>0x6b00</run_address>
         <size>0x22</size>
         <input_file_ref idref="fl-e"/>
      </object_component>
      <object_component id="oc-b6">
         <name>EQep2RegsFile</name>
         <uninitialized>true</uninitialized>
         <run_address>0x6b40</run_address>
         <size>0x22</size>
         <input_file_ref idref="fl-e"/>
      </object_component>
      <object_component id="oc-c4">
         <name>GpioCtrlRegsFile</name>
         <uninitialized>true</uninitialized>
         <run_address>0x6f80</run_address>
         <size>0x40</size>
         <input_file_ref idref="fl-e"/>
      </object_component>
      <object_component id="oc-ae">
         <name>GpioDataRegsFile</name>
         <uninitialized>true</uninitialized>
         <run_address>0x6fc0</run_address>
         <size>0x20</size>
         <input_file_ref idref="fl-e"/>
      </object_component>
      <object_component id="oc-ad">
         <name>GpioIntRegsFile</name>
         <uninitialized>true</uninitialized>
         <run_address>0x6fe0</run_address>
         <size>0x20</size>
         <input_file_ref idref="fl-e"/>
      </object_component>
      <object_component id="oc-b1">
         <name>HRCap1RegsFile</name>
         <uninitialized>true</uninitialized>
         <run_address>0x6ac0</run_address>
         <size>0x20</size>
         <input_file_ref idref="fl-e"/>
      </object_component>
      <object_component id="oc-b2">
         <name>HRCap2RegsFile</name>
         <uninitialized>true</uninitialized>
         <run_address>0x6ae0</run_address>
         <size>0x20</size>
         <input_file_ref idref="fl-e"/>
      </object_component>
      <object_component id="oc-af">
         <name>HRCap3RegsFile</name>
         <uninitialized>true</uninitialized>
         <run_address>0x6c80</run_address>
         <size>0x20</size>
         <input_file_ref idref="fl-e"/>
      </object_component>
      <object_component id="oc-b0">
         <name>HRCap4RegsFile</name>
         <uninitialized>true</uninitialized>
         <run_address>0x6ca0</run_address>
         <size>0x20</size>
         <input_file_ref idref="fl-e"/>
      </object_component>
      <object_component id="oc-ba">
         <name>SysCtrlRegsFile</name>
         <uninitialized>true</uninitialized>
         <run_address>0x7010</run_address>
         <size>0x30</size>
         <input_file_ref idref="fl-e"/>
      </object_component>
      <object_component id="oc-a2">
         <name>SpiaRegsFile</name>
         <uninitialized>true</uninitialized>
         <run_address>0x7040</run_address>
         <size>0x10</size>
         <input_file_ref idref="fl-e"/>
      </object_component>
      <object_component id="oc-a7">
         <name>SpibRegsFile</name>
         <uninitialized>true</uninitialized>
         <run_address>0x7740</run_address>
         <size>0x10</size>
         <input_file_ref idref="fl-e"/>
      </object_component>
      <object_component id="oc-a4">
         <name>SciaRegsFile</name>
         <uninitialized>true</uninitialized>
         <run_address>0x7050</run_address>
         <size>0x10</size>
         <input_file_ref idref="fl-e"/>
      </object_component>
      <object_component id="oc-a1">
         <name>ScibRegsFile</name>
         <uninitialized>true</uninitialized>
         <run_address>0x7750</run_address>
         <size>0x10</size>
         <input_file_ref idref="fl-e"/>
      </object_component>
      <object_component id="oc-a5">
         <name>NmiIntruptRegsFile</name>
         <uninitialized>true</uninitialized>
         <run_address>0x7060</run_address>
         <size>0x10</size>
         <input_file_ref idref="fl-e"/>
      </object_component>
      <object_component id="oc-a8">
         <name>XIntruptRegsFile</name>
         <uninitialized>true</uninitialized>
         <run_address>0x7070</run_address>
         <size>0x10</size>
         <input_file_ref idref="fl-e"/>
      </object_component>
      <object_component id="oc-c9">
         <name>AdcRegsFile</name>
         <uninitialized>true</uninitialized>
         <run_address>0x7100</run_address>
         <size>0x50</size>
         <input_file_ref idref="fl-e"/>
      </object_component>
      <object_component id="oc-b7">
         <name>I2caRegsFile</name>
         <uninitialized>true</uninitialized>
         <run_address>0x7900</run_address>
         <size>0x22</size>
         <input_file_ref idref="fl-e"/>
      </object_component>
      <object_component id="oc-aa">
         <name>Comp1RegsFile</name>
         <uninitialized>true</uninitialized>
         <run_address>0x6400</run_address>
         <size>0x14</size>
         <input_file_ref idref="fl-e"/>
      </object_component>
      <object_component id="oc-a9">
         <name>Comp2RegsFile</name>
         <uninitialized>true</uninitialized>
         <run_address>0x6420</run_address>
         <size>0x14</size>
         <input_file_ref idref="fl-e"/>
      </object_component>
      <object_component id="oc-ab">
         <name>Comp3RegsFile</name>
         <uninitialized>true</uninitialized>
         <run_address>0x6440</run_address>
         <size>0x14</size>
         <input_file_ref idref="fl-e"/>
      </object_component>
      <object_component id="oc-be">
         <name>EPwm1RegsFile</name>
         <uninitialized>true</uninitialized>
         <run_address>0x6800</run_address>
         <size>0x40</size>
         <input_file_ref idref="fl-e"/>
      </object_component>
      <object_component id="oc-bd">
         <name>EPwm2RegsFile</name>
         <uninitialized>true</uninitialized>
         <run_address>0x6840</run_address>
         <size>0x40</size>
         <input_file_ref idref="fl-e"/>
      </object_component>
      <object_component id="oc-c8">
         <name>EPwm3RegsFile</name>
         <uninitialized>true</uninitialized>
         <run_address>0x6880</run_address>
         <size>0x40</size>
         <input_file_ref idref="fl-e"/>
      </object_component>
      <object_component id="oc-c6">
         <name>EPwm4RegsFile</name>
         <uninitialized>true</uninitialized>
         <run_address>0x68c0</run_address>
         <size>0x40</size>
         <input_file_ref idref="fl-e"/>
      </object_component>
      <object_component id="oc-c7">
         <name>EPwm5RegsFile</name>
         <uninitialized>true</uninitialized>
         <run_address>0x6900</run_address>
         <size>0x40</size>
         <input_file_ref idref="fl-e"/>
      </object_component>
      <object_component id="oc-c3">
         <name>EPwm6RegsFile</name>
         <uninitialized>true</uninitialized>
         <run_address>0x6940</run_address>
         <size>0x40</size>
         <input_file_ref idref="fl-e"/>
      </object_component>
      <object_component id="oc-c2">
         <name>EPwm7RegsFile</name>
         <uninitialized>true</uninitialized>
         <run_address>0x6980</run_address>
         <size>0x40</size>
         <input_file_ref idref="fl-e"/>
      </object_component>
      <object_component id="oc-c5">
         <name>EPwm8RegsFile</name>
         <uninitialized>true</uninitialized>
         <run_address>0x69c0</run_address>
         <size>0x40</size>
         <input_file_ref idref="fl-e"/>
      </object_component>
      <object_component id="oc-b9">
         <name>McbspaRegsFile</name>
         <uninitialized>true</uninitialized>
         <run_address>0x5000</run_address>
         <size>0x24</size>
         <input_file_ref idref="fl-e"/>
      </object_component>
      <object_component id="oc-cd">
         <name>Usb0RegsFile</name>
         <uninitialized>true</uninitialized>
         <run_address>0x4000</run_address>
         <size>0x454</size>
         <input_file_ref idref="fl-e"/>
      </object_component>
      <object_component id="oc-9f">
         <name>CsmPwlFile</name>
         <uninitialized>true</uninitialized>
         <run_address>0x3f7ff8</run_address>
         <size>0x8</size>
         <input_file_ref idref="fl-e"/>
      </object_component>
      <object_component id="oc-95">
         <name>PartIdRegsFile</name>
         <uninitialized>true</uninitialized>
         <run_address>0x3d7e80</run_address>
         <size>0x1</size>
         <input_file_ref idref="fl-e"/>
      </object_component>
      <object_component id="oc-55">
         <name>.debug_info</name>
         <load_address>0x0</load_address>
         <run_address>0x0</run_address>
         <size>0x4bf8</size>
         <input_file_ref idref="fl-2"/>
      </object_component>
      <object_component id="oc-5c">
         <name>.debug_info</name>
         <load_address>0x4bf8</load_address>
         <run_address>0x4bf8</run_address>
         <size>0x12c</size>
         <input_file_ref idref="fl-3"/>
      </object_component>
      <object_component id="oc-60">
         <name>.debug_info</name>
         <load_address>0x4d24</load_address>
         <run_address>0x4d24</run_address>
         <size>0x18a4</size>
         <input_file_ref idref="fl-4"/>
      </object_component>
      <object_component id="oc-65">
         <name>.debug_info</name>
         <load_address>0x65c8</load_address>
         <run_address>0x65c8</run_address>
         <size>0x9ae</size>
         <input_file_ref idref="fl-5"/>
      </object_component>
      <object_component id="oc-6c">
         <name>.debug_info</name>
         <load_address>0x6f76</load_address>
         <run_address>0x6f76</run_address>
         <size>0xf1</size>
         <input_file_ref idref="fl-6"/>
      </object_component>
      <object_component id="oc-70">
         <name>.debug_info</name>
         <load_address>0x7067</load_address>
         <run_address>0x7067</run_address>
         <size>0x2695</size>
         <input_file_ref idref="fl-7"/>
      </object_component>
      <object_component id="oc-77">
         <name>.debug_info</name>
         <load_address>0x96fc</load_address>
         <run_address>0x96fc</run_address>
         <size>0xf7</size>
         <input_file_ref idref="fl-8"/>
      </object_component>
      <object_component id="oc-7b">
         <name>.debug_info</name>
         <load_address>0x97f3</load_address>
         <run_address>0x97f3</run_address>
         <size>0x171d</size>
         <input_file_ref idref="fl-9"/>
      </object_component>
      <object_component id="oc-80">
         <name>.debug_info</name>
         <load_address>0xaf10</load_address>
         <run_address>0xaf10</run_address>
         <size>0x5a5a</size>
         <input_file_ref idref="fl-a"/>
      </object_component>
      <object_component id="oc-85">
         <name>.debug_info</name>
         <load_address>0x1096a</load_address>
         <run_address>0x1096a</run_address>
         <size>0x18a4</size>
         <input_file_ref idref="fl-b"/>
      </object_component>
      <object_component id="oc-8a">
         <name>.debug_info</name>
         <load_address>0x1220e</load_address>
         <run_address>0x1220e</run_address>
         <size>0x1dd1</size>
         <input_file_ref idref="fl-c"/>
      </object_component>
      <object_component id="oc-8f">
         <name>.debug_info</name>
         <load_address>0x13fdf</load_address>
         <run_address>0x13fdf</run_address>
         <size>0x1a46</size>
         <input_file_ref idref="fl-d"/>
      </object_component>
      <object_component id="oc-94">
         <name>.debug_info</name>
         <load_address>0x15a25</load_address>
         <run_address>0x15a25</run_address>
         <size>0x1b031</size>
         <input_file_ref idref="fl-e"/>
      </object_component>
      <object_component id="oc-cf">
         <name>.debug_info</name>
         <load_address>0x30a56</load_address>
         <run_address>0x30a56</run_address>
         <size>0x18fb</size>
         <input_file_ref idref="fl-f"/>
      </object_component>
      <object_component id="oc-d4">
         <name>.debug_info</name>
         <load_address>0x32351</load_address>
         <run_address>0x32351</run_address>
         <size>0x18a5</size>
         <input_file_ref idref="fl-10"/>
      </object_component>
      <object_component id="oc-d9">
         <name>.debug_info</name>
         <load_address>0x33bf6</load_address>
         <run_address>0x33bf6</run_address>
         <size>0x18a3</size>
         <input_file_ref idref="fl-11"/>
      </object_component>
      <object_component id="oc-de">
         <name>.debug_info</name>
         <load_address>0x35499</load_address>
         <run_address>0x35499</run_address>
         <size>0x464f</size>
         <input_file_ref idref="fl-12"/>
      </object_component>
      <object_component id="oc-e3">
         <name>.debug_info</name>
         <load_address>0x39ae8</load_address>
         <run_address>0x39ae8</run_address>
         <size>0x186b</size>
         <input_file_ref idref="fl-13"/>
      </object_component>
      <object_component id="oc-e8">
         <name>.debug_info</name>
         <load_address>0x3b353</load_address>
         <run_address>0x3b353</run_address>
         <size>0xb5c</size>
         <input_file_ref idref="fl-14"/>
      </object_component>
      <object_component id="oc-ed">
         <name>.debug_info</name>
         <load_address>0x3beaf</load_address>
         <run_address>0x3beaf</run_address>
         <size>0x2485</size>
         <input_file_ref idref="fl-15"/>
      </object_component>
      <object_component id="oc-f2">
         <name>.debug_info</name>
         <load_address>0x3e334</load_address>
         <run_address>0x3e334</run_address>
         <size>0x18a3</size>
         <input_file_ref idref="fl-16"/>
      </object_component>
      <object_component id="oc-f7">
         <name>.debug_info</name>
         <load_address>0x3fbd7</load_address>
         <run_address>0x3fbd7</run_address>
         <size>0x18a3</size>
         <input_file_ref idref="fl-17"/>
      </object_component>
      <object_component id="oc-fc">
         <name>.debug_info</name>
         <load_address>0x4147a</load_address>
         <run_address>0x4147a</run_address>
         <size>0x2969</size>
         <input_file_ref idref="fl-18"/>
      </object_component>
      <object_component id="oc-101">
         <name>.debug_info</name>
         <load_address>0x43de3</load_address>
         <run_address>0x43de3</run_address>
         <size>0x38b</size>
         <input_file_ref idref="fl-19"/>
      </object_component>
      <object_component id="oc-107">
         <name>.debug_info</name>
         <load_address>0x4416e</load_address>
         <run_address>0x4416e</run_address>
         <size>0xf3</size>
         <input_file_ref idref="fl-1a"/>
      </object_component>
      <object_component id="oc-10b">
         <name>.debug_info</name>
         <load_address>0x44261</load_address>
         <run_address>0x44261</run_address>
         <size>0x49a</size>
         <input_file_ref idref="fl-1b"/>
      </object_component>
      <object_component id="oc-111">
         <name>.debug_info</name>
         <load_address>0x446fb</load_address>
         <run_address>0x446fb</run_address>
         <size>0x520</size>
         <input_file_ref idref="fl-1c"/>
      </object_component>
      <object_component id="oc-116">
         <name>.debug_info</name>
         <load_address>0x44c1b</load_address>
         <run_address>0x44c1b</run_address>
         <size>0x9d1</size>
         <input_file_ref idref="fl-1d"/>
      </object_component>
      <object_component id="oc-11e">
         <name>.debug_info</name>
         <load_address>0x455ec</load_address>
         <run_address>0x455ec</run_address>
         <size>0x2348</size>
         <input_file_ref idref="fl-1e"/>
      </object_component>
      <object_component id="oc-123">
         <name>.debug_info</name>
         <load_address>0x47934</load_address>
         <run_address>0x47934</run_address>
         <size>0x3c62</size>
         <input_file_ref idref="fl-1f"/>
      </object_component>
      <object_component id="oc-12a">
         <name>.debug_info</name>
         <load_address>0x4b596</load_address>
         <run_address>0x4b596</run_address>
         <size>0x348f</size>
         <input_file_ref idref="fl-20"/>
      </object_component>
      <object_component id="oc-131">
         <name>.debug_info</name>
         <load_address>0x4ea25</load_address>
         <run_address>0x4ea25</run_address>
         <size>0x1923</size>
         <input_file_ref idref="fl-21"/>
      </object_component>
      <object_component id="oc-136">
         <name>.debug_info</name>
         <load_address>0x50348</load_address>
         <run_address>0x50348</run_address>
         <size>0x3a8e</size>
         <input_file_ref idref="fl-22"/>
      </object_component>
      <object_component id="oc-13b">
         <name>.debug_info</name>
         <load_address>0x53dd6</load_address>
         <run_address>0x53dd6</run_address>
         <size>0x256e</size>
         <input_file_ref idref="fl-23"/>
      </object_component>
      <object_component id="oc-140">
         <name>.debug_info</name>
         <load_address>0x56344</load_address>
         <run_address>0x56344</run_address>
         <size>0x25e3</size>
         <input_file_ref idref="fl-24"/>
      </object_component>
      <object_component id="oc-147">
         <name>.debug_info</name>
         <load_address>0x58927</load_address>
         <run_address>0x58927</run_address>
         <size>0x4cc8</size>
         <input_file_ref idref="fl-25"/>
      </object_component>
      <object_component id="oc-154">
         <name>.debug_info</name>
         <load_address>0x5d5ef</load_address>
         <run_address>0x5d5ef</run_address>
         <size>0x16b</size>
         <input_file_ref idref="fl-3a"/>
      </object_component>
      <object_component id="oc-159">
         <name>.debug_info</name>
         <load_address>0x5d75a</load_address>
         <run_address>0x5d75a</run_address>
         <size>0x10c</size>
         <input_file_ref idref="fl-3b"/>
      </object_component>
      <object_component id="oc-15e">
         <name>.debug_info</name>
         <load_address>0x5d866</load_address>
         <run_address>0x5d866</run_address>
         <size>0x139</size>
         <input_file_ref idref="fl-3c"/>
      </object_component>
      <object_component id="oc-163">
         <name>.debug_info</name>
         <load_address>0x5d99f</load_address>
         <run_address>0x5d99f</run_address>
         <size>0x19d</size>
         <input_file_ref idref="fl-3d"/>
      </object_component>
      <object_component id="oc-167">
         <name>.debug_info</name>
         <load_address>0x5db3c</load_address>
         <run_address>0x5db3c</run_address>
         <size>0x574</size>
         <input_file_ref idref="fl-3e"/>
      </object_component>
      <object_component id="oc-16c">
         <name>.debug_info</name>
         <load_address>0x5e0b0</load_address>
         <run_address>0x5e0b0</run_address>
         <size>0x46f</size>
         <input_file_ref idref="fl-3f"/>
      </object_component>
      <object_component id="oc-171">
         <name>.debug_info</name>
         <load_address>0x5e51f</load_address>
         <run_address>0x5e51f</run_address>
         <size>0x3e2</size>
         <input_file_ref idref="fl-40"/>
      </object_component>
      <object_component id="oc-176">
         <name>.debug_info</name>
         <load_address>0x5e901</load_address>
         <run_address>0x5e901</run_address>
         <size>0x3df</size>
         <input_file_ref idref="fl-41"/>
      </object_component>
      <object_component id="oc-17b">
         <name>.debug_info</name>
         <load_address>0x5ece0</load_address>
         <run_address>0x5ece0</run_address>
         <size>0x579</size>
         <input_file_ref idref="fl-42"/>
      </object_component>
      <object_component id="oc-182">
         <name>.debug_info</name>
         <load_address>0x5f259</load_address>
         <run_address>0x5f259</run_address>
         <size>0x556</size>
         <input_file_ref idref="fl-43"/>
      </object_component>
      <object_component id="oc-18a">
         <name>.debug_info</name>
         <load_address>0x5f7af</load_address>
         <run_address>0x5f7af</run_address>
         <size>0x501</size>
         <input_file_ref idref="fl-44"/>
      </object_component>
      <object_component id="oc-18f">
         <name>.debug_info</name>
         <load_address>0x5fcb0</load_address>
         <run_address>0x5fcb0</run_address>
         <size>0x49c</size>
         <input_file_ref idref="fl-45"/>
      </object_component>
      <object_component id="oc-194">
         <name>.debug_info</name>
         <load_address>0x6014c</load_address>
         <run_address>0x6014c</run_address>
         <size>0x597</size>
         <input_file_ref idref="fl-46"/>
      </object_component>
      <object_component id="oc-199">
         <name>.debug_info</name>
         <load_address>0x606e3</load_address>
         <run_address>0x606e3</run_address>
         <size>0x889</size>
         <input_file_ref idref="fl-47"/>
      </object_component>
      <object_component id="oc-1a0">
         <name>.debug_info</name>
         <load_address>0x60f6c</load_address>
         <run_address>0x60f6c</run_address>
         <size>0x3c0</size>
         <input_file_ref idref="fl-48"/>
      </object_component>
      <object_component id="oc-1a5">
         <name>.debug_info</name>
         <load_address>0x6132c</load_address>
         <run_address>0x6132c</run_address>
         <size>0x1bd</size>
         <input_file_ref idref="fl-49"/>
      </object_component>
      <object_component id="oc-1a7">
         <name>.debug_info</name>
         <load_address>0x614e9</load_address>
         <run_address>0x614e9</run_address>
         <size>0x2d7</size>
         <input_file_ref idref="fl-4a"/>
      </object_component>
      <object_component id="oc-1ab">
         <name>.debug_info</name>
         <load_address>0x617c0</load_address>
         <run_address>0x617c0</run_address>
         <size>0x51f</size>
         <input_file_ref idref="fl-4b"/>
      </object_component>
      <object_component id="oc-1b0">
         <name>.debug_info</name>
         <load_address>0x61cdf</load_address>
         <run_address>0x61cdf</run_address>
         <size>0x5a1</size>
         <input_file_ref idref="fl-4c"/>
      </object_component>
      <object_component id="oc-1b6">
         <name>.debug_info</name>
         <load_address>0x62280</load_address>
         <run_address>0x62280</run_address>
         <size>0x3a7</size>
         <input_file_ref idref="fl-4d"/>
      </object_component>
      <object_component id="oc-1bb">
         <name>.debug_info</name>
         <load_address>0x62627</load_address>
         <run_address>0x62627</run_address>
         <size>0x39f</size>
         <input_file_ref idref="fl-4e"/>
      </object_component>
      <object_component id="oc-1c0">
         <name>.debug_info</name>
         <load_address>0x629c6</load_address>
         <run_address>0x629c6</run_address>
         <size>0x3b1</size>
[...]
         <value>0x9186</value>
         <object_component_ref idref="oc-125"/>
      </symbol>
      <symbol id="sm-48a">
         <name>_Enable_Identification</name>
         <value>0x9180</value>
         <object_component_ref idref="oc-125"/>
      </symbol>
      <symbol id="sm-48b">
         <name>_SPEED</name>
         <value>0x9196</value>
         <object_component_ref idref="oc-125"/>
      </symbol>
      <symbol id="sm-48c">
         <name>_TORQUE_Calculate</name>
         <value>0x8335</value>
         <object_component_ref idref="oc-2cc"/>
      </symbol>
      <symbol id="sm-48d">
         <name>_My_Init_Control</name>
         <value>0x3f08f9</value>
         <object_component_ref idref="oc-2b9"/>
      </symbol>
      <symbol id="sm-48e">
         <name>_LOGIC</name>
         <value>0x9182</value>
         <object_component_ref idref="oc-125"/>
      </symbol>
      <symbol id="sm-4b9">
         <name>_MAX_SPEED</name>
         <value>0x9226</value>
         <object_component_ref idref="oc-12c"/>
      </symbol>
      <symbol id="sm-4ba">
         <name>_My_Init_Error</name>
         <value>0x3f09db</value>
         <object_component_ref idref="oc-2c9"/>
      </symbol>
      <symbol id="sm-4bb">
         <name>_MAX_I</name>
         <value>0x9225</value>
         <object_component_ref idref="oc-12c"/>
      </symbol>
      <symbol id="sm-4bc">
         <name>_MAX_U</name>
         <value>0x9224</value>
         <object_component_ref idref="oc-12c"/>
      </symbol>
      <symbol id="sm-4bd">
         <name>_ERROR</name>
         <value>0x9227</value>
         <object_component_ref idref="oc-12c"/>
      </symbol>
      <symbol id="sm-4be">
         <name>_Error_Checking</name>
         <value>0x3f09e2</value>
         <object_component_ref idref="oc-2c9"/>
      </symbol>
      <symbol id="sm-4ca">
         <name>_My_Init_GPIO</name>
         <value>0x3f1187</value>
         <object_component_ref idref="oc-2c6"/>
      </symbol>
      <symbol id="sm-4d6">
         <name>_My_Init_PWM</name>
         <value>0x3f0da4</value>
         <object_component_ref idref="oc-2c7"/>
      </symbol>
      <symbol id="sm-4d7">
         <name>_InitEPwm3Regs</name>
         <value>0x3f0d71</value>
         <object_component_ref idref="oc-2c7"/>
      </symbol>
      <symbol id="sm-4d8">
         <name>_InitEPwm2Regs</name>
         <value>0x3f0d3e</value>
         <object_component_ref idref="oc-2c7"/>
      </symbol>
      <symbol id="sm-4d9">
         <name>_InitEPwm1Regs</name>
         <value>0x3f0d0b</value>
         <object_component_ref idref="oc-2c7"/>
      </symbol>
      <symbol id="sm-4e5">
         <name>_My_Init_EQEP</name>
         <value>0x3f1454</value>
         <object_component_ref idref="oc-2cb"/>
      </symbol>
      <symbol id="sm-526">
         <name>_SRM_ANGLE</name>
         <value>0x9380</value>
         <object_component_ref idref="oc-142"/>
      </symbol>
      <symbol id="sm-527">
         <name>_Ref0V_ad</name>
         <value>0x939c</value>
         <object_component_ref idref="oc-142"/>
      </symbol>
      <symbol id="sm-528">
         <name>_LAST_state</name>
         <value>0x9382</value>
         <object_component_ref idref="oc-142"/>
      </symbol>
      <symbol id="sm-529">
         <name>_PB_state</name>
         <value>0x9386</value>
         <object_component_ref idref="oc-142"/>
      </symbol>
      <symbol id="sm-52a">
         <name>_Get_State</name>
         <value>0x3f10c0</value>
         <object_component_ref idref="oc-2c8"/>
      </symbol>
      <symbol id="sm-52b">
         <name>_SRM_SPEED_1</name>
         <value>0x938d</value>
         <object_component_ref idref="oc-142"/>
      </symbol>
      <symbol id="sm-52c">
         <name>_IU_offset</name>
         <value>0x939a</value>
         <object_component_ref idref="oc-142"/>
      </symbol>
      <symbol id="sm-52d">
         <name>_Ref3V_ad</name>
         <value>0x9399</value>
         <object_component_ref idref="oc-142"/>
      </symbol>
      <symbol id="sm-52e">
         <name>_CURRENT</name>
         <value>0x93c0</value>
         <object_component_ref idref="oc-142"/>
      </symbol>
      <symbol id="sm-52f">
         <name>_IV_ad</name>
         <value>0x9393</value>
         <object_component_ref idref="oc-142"/>
      </symbol>
      <symbol id="sm-530">
         <name>_Get_Hall</name>
         <value>0x8694</value>
         <object_component_ref idref="oc-2cd"/>
      </symbol>
      <symbol id="sm-531">
         <name>_NOW_state</name>
         <value>0x9383</value>
         <object_component_ref idref="oc-142"/>
      </symbol>
      <symbol id="sm-532">
         <name>_IU_ad</name>
         <value>0x9394</value>
         <object_component_ref idref="oc-142"/>
      </symbol>
      <symbol id="sm-533">
         <name>_SRM</name>
         <value>0x93ae</value>
         <object_component_ref idref="oc-142"/>
      </symbol>
      <symbol id="sm-534">
         <name>_PA_state</name>
         <value>0x939b</value>
         <object_component_ref idref="oc-142"/>
      </symbol>
      <symbol id="sm-535">
         <name>_HOT_state</name>
         <value>0x9397</value>
         <object_component_ref idref="oc-142"/>
      </symbol>
      <symbol id="sm-536">
         <name>_SRM_PHASE</name>
         <value>0x9381</value>
         <object_component_ref idref="oc-142"/>
      </symbol>
      <symbol id="sm-537">
         <name>_My_Init_Sensor</name>
         <value>0x3f1092</value>
         <object_component_ref idref="oc-2c8"/>
      </symbol>
      <symbol id="sm-538">
         <name>_DBVD_offset</name>
         <value>0x9390</value>
         <object_component_ref idref="oc-142"/>
      </symbol>
      <symbol id="sm-539">
         <name>_Get_Sensor</name>
         <value>0x3f110a</value>
         <object_component_ref idref="oc-2c8"/>
      </symbol>
      <symbol id="sm-53a">
         <name>_SRM_Direction</name>
         <value>0x9388</value>
         <object_component_ref idref="oc-142"/>
      </symbol>
      <symbol id="sm-53b">
         <name>_SRM_FIRST_RUN</name>
         <value>0x938c</value>
         <object_component_ref idref="oc-142"/>
      </symbol>
      <symbol id="sm-53c">
         <name>_SRM_SPEED</name>
         <value>0x9387</value>
         <object_component_ref idref="oc-142"/>
      </symbol>
      <symbol id="sm-53d">
         <name>_IV_offset</name>
         <value>0x9391</value>
         <object_component_ref idref="oc-142"/>
      </symbol>
      <symbol id="sm-53e">
         <name>_Get_Current</name>
         <value>0x8609</value>
         <object_component_ref idref="oc-2cd"/>
      </symbol>
      <symbol id="sm-53f">
         <name>_DRV_state</name>
         <value>0x9384</value>
         <object_component_ref idref="oc-142"/>
      </symbol>
      <symbol id="sm-540">
         <name>_Ref3V_offset</name>
         <value>0x9395</value>
         <object_component_ref idref="oc-142"/>
      </symbol>
      <symbol id="sm-541">
         <name>_PC_state</name>
         <value>0x9385</value>
         <object_component_ref idref="oc-142"/>
      </symbol>
      <symbol id="sm-542">
         <name>_DBVD_ad</name>
         <value>0x9392</value>
         <object_component_ref idref="oc-142"/>
      </symbol>
      <symbol id="sm-543">
         <name>_Get_Speed</name>
         <value>0x856e</value>
         <object_component_ref idref="oc-2cd"/>
      </symbol>
      <symbol id="sm-544">
         <name>_Get_Position</name>
         <value>0x8715</value>
         <object_component_ref idref="oc-2cd"/>
      </symbol>
      <symbol id="sm-545">
         <name>_BRV_state</name>
         <value>0x9396</value>
         <object_component_ref idref="oc-142"/>
      </symbol>
      <symbol id="sm-568">
         <name>_cpu_timer1_isr</name>
         <value>0x88ae</value>
         <object_component_ref idref="oc-14d"/>
      </symbol>
      <symbol id="sm-569">
         <name>_EQEP2_InterruptCount</name>
         <value>0x922e</value>
         <object_component_ref idref="oc-149"/>
      </symbol>
      <symbol id="sm-56a">
         <name>_cpu_timer0_isr</name>
         <value>0x88ff</value>
         <object_component_ref idref="oc-14d"/>
      </symbol>
      <symbol id="sm-56b">
         <name>_SampData1</name>
         <value>0xc000</value>
         <object_component_ref idref="oc-14c"/>
      </symbol>
      <symbol id="sm-56c">
         <name>_SampData2</name>
         <value>0xe000</value>
         <object_component_ref idref="oc-14b"/>
      </symbol>
      <symbol id="sm-56d">
         <name>_SampData3</name>
         <value>0x10000</value>
         <object_component_ref idref="oc-14a"/>
      </symbol>
      <symbol id="sm-56e">
         <name>_eqep2_isr</name>
         <value>0x886c</value>
         <object_component_ref idref="oc-14d"/>
      </symbol>
      <symbol id="sm-56f">
         <name>_My_Init_Cputimer</name>
         <value>0x3f1157</value>
         <object_component_ref idref="oc-2ba"/>
      </symbol>
      <symbol id="sm-570">
         <name>_Sample1</name>
         <value>0x3f113e</value>
         <object_component_ref idref="oc-2ba"/>
      </symbol>
      <symbol id="sm-571">
         <name>_Sample3</name>
         <value>0x3f112b</value>
         <object_component_ref idref="oc-2ba"/>
      </symbol>
      <symbol id="sm-572">
         <name>_Sample2</name>
         <value>0x3f1113</value>
         <object_component_ref idref="oc-2ba"/>
      </symbol>
      <symbol id="sm-573">
         <name>_Sample4</name>
         <value>0x3f1156</value>
         <object_component_ref idref="oc-2ba"/>
      </symbol>
      <symbol id="sm-58e">
         <name>_c_int00</name>
         <value>0x3f1309</value>
         <object_component_ref idref="oc-54"/>
      </symbol>
      <symbol id="sm-58f">
         <name>__stack</name>
         <value>0x50</value>
         <object_component_ref idref="oc-152"/>
      </symbol>
      <symbol id="sm-5a0">
         <name>FS$$DIV</name>
         <value>0x3f0f87</value>
         <object_component_ref idref="oc-158"/>
      </symbol>
      <symbol id="sm-5ac">
         <name>U$$MOD</name>
         <value>0x3f16ff</value>
         <object_component_ref idref="oc-15d"/>
      </symbol>
      <symbol id="sm-5ad">
         <name>U$$DIV</name>
         <value>0x3f16fa</value>
         <object_component_ref idref="oc-15d"/>
      </symbol>
      <symbol id="sm-5b9">
         <name>UL$$MOD</name>
         <value>0x3f14da</value>
         <object_component_ref idref="oc-162"/>
      </symbol>
      <symbol id="sm-5ba">
         <name>L$$MOD</name>
         <value>0x3f14c5</value>
         <object_component_ref idref="oc-162"/>
      </symbol>
      <symbol id="sm-5bb">
         <name>L$$DIV</name>
         <value>0x3f14b6</value>
         <object_component_ref idref="oc-162"/>
      </symbol>
      <symbol id="sm-5bc">
         <name>UL$$DIV</name>
         <value>0x3f14d3</value>
         <object_component_ref idref="oc-162"/>
      </symbol>
      <symbol id="sm-5cb">
         <name>_copy_in</name>
         <value>0x3f155a</value>
         <object_component_ref idref="oc-2b5"/>
      </symbol>
      <symbol id="sm-5dc">
         <name>_memcpy</name>
         <value>0x3f1600</value>
         <object_component_ref idref="oc-2c2"/>
      </symbol>
      <symbol id="sm-5e8">
         <name>__system_pre_init</name>
         <value>0x3f1736</value>
         <object_component_ref idref="oc-2b4"/>
      </symbol>
      <symbol id="sm-5f5">
         <name>__system_post_cinit</name>
         <value>0x3f0e67</value>
         <object_component_ref idref="oc-2b6"/>
      </symbol>
      <symbol id="sm-609">
         <name>C$$EXIT</name>
         <value>0x3f14e0</value>
         <object_component_ref idref="oc-2b8"/>
      </symbol>
      <symbol id="sm-60a">
         <name>_exit</name>
         <value>0x3f14e2</value>
         <object_component_ref idref="oc-2b8"/>
      </symbol>
      <symbol id="sm-60b">
         <name>___TI_cleanup_ptr</name>
         <value>0x9220</value>
         <object_component_ref idref="oc-17d"/>
      </symbol>
      <symbol id="sm-60c">
         <name>___TI_enable_exit_profile_output</name>
         <value>0x921e</value>
         <object_component_ref idref="oc-17d"/>
      </symbol>
      <symbol id="sm-60d">
         <name>_abort</name>
         <value>0x3f14e0</value>
         <object_component_ref idref="oc-2b8"/>
      </symbol>
      <symbol id="sm-60e">
         <name>___TI_dtors_ptr</name>
         <value>0x9222</value>
         <object_component_ref idref="oc-17d"/>
      </symbol>
      <symbol id="sm-622">
         <name>__sys_memory</name>
         <value>0x8c00</value>
         <object_component_ref idref="oc-185"/>
      </symbol>
      <symbol id="sm-636">
         <name>__unlock</name>
         <value>0x9232</value>
         <object_component_ref idref="oc-2d1"/>
      </symbol>
      <symbol id="sm-637">
         <name>__lock</name>
         <value>0x9230</value>
         <object_component_ref idref="oc-2c4"/>
      </symbol>
      <symbol id="sm-638">
         <name>__register_lock</name>
         <value>0x3f1709</value>
         <object_component_ref idref="oc-2d8"/>
      </symbol>
      <symbol id="sm-639">
         <name>__nop</name>
         <value>0x3f170d</value>
         <object_component_ref idref="oc-2d8"/>
      </symbol>
      <symbol id="sm-63a">
         <name>__register_unlock</name>
         <value>0x3f1705</value>
         <object_component_ref idref="oc-2d8"/>
      </symbol>
      <symbol id="sm-649">
         <name>__args_main</name>
         <value>0x3f16aa</value>
         <object_component_ref idref="oc-2b7"/>
      </symbol>
      <symbol id="sm-682">
         <name>___TI_ft_end</name>
         <value>0x9000</value>
         <object_component_ref idref="oc-1a9"/>
      </symbol>
      <symbol id="sm-683">
         <name>___TI_tmpnams</name>
         <value>0x90c0</value>
         <object_component_ref idref="oc-1a9"/>
      </symbol>
      <symbol id="sm-684">
         <name>__ftable</name>
         <value>0x9040</value>
         <object_component_ref idref="oc-1a9"/>
      </symbol>
      <symbol id="sm-6d3">
         <name>_strcpy</name>
         <value>0x3f172e</value>
         <object_component_ref idref="oc-2d3"/>
      </symbol>
      <symbol id="sm-6e0">
         <name>_strlen</name>
         <value>0x3f171f</value>
         <object_component_ref idref="oc-2cf"/>
      </symbol>
      <symbol id="sm-6f0">
         <name>__device</name>
         <value>0x9280</value>
         <object_component_ref idref="oc-1db"/>
      </symbol>
      <symbol id="sm-6f1">
         <name>__stream</name>
         <value>0x9240</value>
         <object_component_ref idref="oc-1db"/>
      </symbol>
      <symbol id="sm-734">
         <name>FD$$ADD</name>
         <value>0x3f0dcb</value>
         <object_component_ref idref="oc-1f1"/>
      </symbol>
      <symbol id="sm-744">
         <name>FD$$CMP</name>
         <value>0x3f148c</value>
         <object_component_ref idref="oc-1f6"/>
      </symbol>
      <symbol id="sm-75b">
         <name>FD$$DIV</name>
         <value>0x3f0efc</value>
         <object_component_ref idref="oc-1fb"/>
      </symbol>
      <symbol id="sm-76d">
         <name>FD$$MPY</name>
         <value>0x3f100f</value>
         <object_component_ref idref="oc-200"/>
      </symbol>
      <symbol id="sm-77a">
         <name>FD$$NEG</name>
         <value>0x3f170e</value>
         <object_component_ref idref="oc-205"/>
      </symbol>
      <symbol id="sm-786">
         <name>FD$$SUB</name>
         <value>0x3f16ec</value>
         <object_component_ref idref="oc-20a"/>
      </symbol>
      <symbol id="sm-795">
         <name>FD$$TOI</name>
         <value>0x3f15a2</value>
         <object_component_ref idref="oc-20f"/>
      </symbol>
      <symbol id="sm-7a4">
         <name>FD$$TOL</name>
         <value>0x3f15c3</value>
         <object_component_ref idref="oc-214"/>
      </symbol>
      <symbol id="sm-7b0">
         <name>LL$$AND</name>
         <value>0x3f16c3</value>
         <object_component_ref idref="oc-219"/>
      </symbol>
      <symbol id="sm-7b1">
         <name>LL$$OR</name>
         <value>0x3f16cb</value>
         <object_component_ref idref="oc-219"/>
      </symbol>
      <symbol id="sm-7b2">
         <name>LL$$XOR</name>
         <value>0x3f16d3</value>
         <object_component_ref idref="oc-219"/>
      </symbol>
      <symbol id="sm-7c0">
         <name>ULL$$CMP</name>
         <value>0x3f15f4</value>
         <object_component_ref idref="oc-21e"/>
      </symbol>
      <symbol id="sm-7c1">
         <name>LL$$CMP</name>
         <value>0x3f15e2</value>
         <object_component_ref idref="oc-21e"/>
      </symbol>
      <symbol id="sm-7ed">
         <name>ULL$$MOD</name>
         <value>0x3f0ba4</value>
         <object_component_ref idref="oc-223"/>
      </symbol>
      <symbol id="sm-7ee">
         <name>ULL$$DIV</name>
         <value>0x3f0b75</value>
         <object_component_ref idref="oc-223"/>
      </symbol>
      <symbol id="sm-7ef">
         <name>LL$$MOD</name>
         <value>0x3f0b3b</value>
         <object_component_ref idref="oc-223"/>
      </symbol>
      <symbol id="sm-7f0">
         <name>LL$$DIV</name>
         <value>0x3f0aff</value>
         <object_component_ref idref="oc-223"/>
      </symbol>
      <symbol id="sm-800">
         <name>I$$TOFD</name>
         <value>0x3f163b</value>
         <object_component_ref idref="oc-228"/>
      </symbol>
      <symbol id="sm-810">
         <name>L$$TOFD</name>
         <value>0x3f1674</value>
         <object_component_ref idref="oc-22d"/>
      </symbol>
      <symbol id="sm-820">
         <name>FS$$TOFD</name>
         <value>0x3f1658</value>
         <object_component_ref idref="oc-232"/>
      </symbol>
      <symbol id="sm-82a">
         <name>_errno</name>
         <value>0x9234</value>
         <object_component_ref idref="oc-239"/>
      </symbol>
      <symbol id="sm-86c">
         <name>_HOSTclose</name>
         <value>0x3f1509</value>
         <object_component_ref idref="oc-2bc"/>
      </symbol>
      <symbol id="sm-878">
         <name>_HOSTlseek</name>
         <value>0x3f11eb</value>
         <object_component_ref idref="oc-2bf"/>
      </symbol>
      <symbol id="sm-887">
         <name>_parmbuf</name>
         <value>0x9178</value>
         <object_component_ref idref="oc-264"/>
      </symbol>
      <symbol id="sm-888">
         <name>_HOSTopen</name>
         <value>0x3f135f</value>
         <object_component_ref idref="oc-2bb"/>
      </symbol>
      <symbol id="sm-895">
         <name>_HOSTread</name>
         <value>0x3f139f</value>
         <object_component_ref idref="oc-2bd"/>
      </symbol>
      <symbol id="sm-8a1">
         <name>_HOSTrename</name>
         <value>0x3f13de</value>
         <object_component_ref idref="oc-2c1"/>
      </symbol>
      <symbol id="sm-8ad">
         <name>_HOSTunlink</name>
         <value>0x3f157e</value>
         <object_component_ref idref="oc-2c0"/>
      </symbol>
      <symbol id="sm-8ba">
         <name>_HOSTwrite</name>
         <value>0x3f141c</value>
         <object_component_ref idref="oc-2be"/>
      </symbol>
      <symbol id="sm-8d3">
         <name>___TI_readmsg</name>
         <value>0x3f0ec0</value>
         <object_component_ref idref="oc-2d0"/>
      </symbol>
      <symbol id="sm-8d4">
         <name>C$$IO$$</name>
         <value>0x3f0ebb</value>
         <object_component_ref idref="oc-2d0"/>
      </symbol>
      <symbol id="sm-8d5">
         <name>__CIOBUF_</name>
         <value>0x9400</value>
         <object_component_ref idref="oc-27e"/>
      </symbol>
      <symbol id="sm-8d6">
         <name>___TI_writemsg</name>
         <value>0x3f0e68</value>
         <object_component_ref idref="oc-2d0"/>
      </symbol>
   </symbol_table>
   <title>Link successful</title>
</link_info>
